******************************************************************************
               TMS320C6x Linker PC v8.0.4                      
******************************************************************************
>> Linked Thu Dec 24 00:29:41 2015

OUTPUT FILE NAME:   <dsp_deeplearn_sweep.out>
ENTRY POINT SYMBOL: "_c_int00"  address: 00807840


MEMORY CONFIGURATION

         name            origin    length      used     unused   attr    fill
----------------------  --------  ---------  --------  --------  ----  --------
  LOCAL_L2_SRAM         00800000   00080000  0000b428  00074bd8  RWIX
  SHRAM                 0c000000   00400000  00000000  00400000  RWIX
  DDR3                  80000000   80000000  00000044  7fffffbc  RWIX


SEGMENT ALLOCATION MAP

run origin  load origin   length   init length attrs members
----------  ----------- ---------- ----------- ----- -------
00800000    00800000    00007c40   00007c40    r-x
  00800000    00800000    00007c40   00007c40    r-x .text
00807c40    00807c40    00002060   00000000    rw-
  00807c40    00807c40    00001024   00000000    rw- .stack
  00808c68    00808c68    00001024   00000000    rw- .sysmem
  00809c90    00809c90    00000010   00000000    rw- .fardata.1
00809ca0    00809ca0    00000860   00000860    r-x
  00809ca0    00809ca0    00000860   00000860    r-x .kernel
0080a500    0080a500    00000800   00000000    rw-
  0080a500    0080a500    000003a8   00000000    rw- .local_ram
  0080a8a8    0080a8a8    00000310   00000000    rw- .fardata.2
  0080abb8    0080abb8    00000148   00000000    rw- .far
0080ad00    0080ad00    00000154   00000154    r--
  0080ad00    0080ad00    00000154   00000154    r-- .const
0080ae58    0080ae58    00000120   00000000    rw-
  0080ae58    0080ae58    00000120   00000000    rw- .cio
0080af78    0080af78    00000038   00000038    r--
  0080af78    0080af78    00000038   00000038    r-- .switch
0080afb0    0080afb0    0000001c   00000000    rw-
  0080afb0    0080afb0    0000001c   00000000    rw- .bss
0080afd0    0080afd0    00000468   00000468    r--
  0080afd0    0080afd0    00000468   00000468    r-- .cinit
80000000    80000000    00000044   00000000    rw-
  80000000    80000000    00000044   00000000    rw- .sharedram


SECTION ALLOCATION MAP

 output                                  attributes/
section   page    origin      length       input sections
--------  ----  ----------  ----------   ----------------
.kernel    0    00809ca0    00000860     
                  00809ca0    00000300     IMG_conv_7x7_i16s_c16s.obj (.text:optimized)
                  00809fa0    00000260     IMG_conv_5x5_i16s_c16s.obj (.text:optimized)
                  0080a200    000001a0     IMG_conv_11x11_i16s_c16s.obj (.text:optimized)
                  0080a3a0    000000e0     IMG_conv_3x3_i16s_c16s.obj (.text:optimized)
                  0080a480    00000080     DSP_maxval.obj (.text:optimized)

.text      0    00800000    00007c40     
                  00800000    00000ac0     deep_learning.obj (.text)
                  00800ac0    000006a0     main.obj (.text)
                  00801160    00000600     rts6600_elf.lib : divd.obj (.text:__c6xabi_divd)
                  00801760    000005a0                     : _printfi.obj (.text:_setfield)
                  00801d00    00000580                     : _printfi.obj (.text:_getarg_diouxp)
                  00802280    00000460                     : _printfi.obj (.text:__TI_printfi)
                  008026e0    00000380                     : fputs.obj (.text:fputs)
                  00802a60    00000300                     : _printfi.obj (.text:_pproc_fgea)
                  00802d60    000002c0                     : _printfi.obj (.text:_pproc_fwp)
                  00803020    000002a0                     : _printfi.obj (.text:ecvt)
                  008032c0    000002a0                     : memory.obj (.text:free)
                  00803560    00000280                     : _printfi.obj (.text:fcvt)
                  008037e0    00000260                     : _printfi.obj (.text:_pconv_e)
                  00803a40    00000240                     : imath64.obj (.text:__c6xabi_divull)
                  00803c80    00000240                     : _printfi.obj (.text:_pproc_diouxp)
                  00803ec0    00000240                     : _printfi.obj (.text:_pproc_str)
                  00804100    00000240                     : _printfi.obj (.text:acvt)
                  00804340    00000240                     : setvbuf.obj (.text:setvbuf)
                  00804580    00000220                     : fputc.obj (.text:fputc)
                  008047a0    00000200                     : _printfi.obj (.text:_pconv_g)
                  008049a0    000001e0                     : imath40.obj (.text:__c6xabi_divul)
                  00804b80    000001a0                     : trgdrv.obj (.text:HOSTrename)
                  00804d20    000001a0                     : _printfi.obj (.text:_pconv_a)
                  00804ec0    000001a0                     : frexp.obj (.text:frexp)
                  00805060    00000180                     : memory.obj (.text:malloc)
                  008051e0    00000160                     : copy_decompress_rle.obj (.text:__TI_decompress_rle_core)
                  00805340    00000160                     : _printfi.obj (.text:_mcpy)
                  008054a0    00000140                     : fclose.obj (.text:__TI_closefile)
                  008055e0    00000140                     : autoinit.obj (.text:_auto_init_elf)
                  00805720    00000140                     : lowlev.obj (.text:getdevice)
                  00805860    00000140                     : ldexp.obj (.text:ldexp)
                  008059a0    00000120                     : fseek.obj (.text:fseek)
                  00805ac0    00000100                     : trgdrv.obj (.text:HOSTlseek)
                  00805bc0    00000100                     : _io_perm.obj (.text:__TI_wrt_ok)
                  00805cc0    00000100                     : _printfi.obj (.text:_ltostr)
                  00805dc0    00000100                     : _printfi.obj (.text:_pproc_fflags)
                  00805ec0    00000100                     : atoi.obj (.text:atoi)
                  00805fc0    00000100                     : cpy_tbl.obj (.text:copy_in)
                  008060c0    000000e0                     : trgdrv.obj (.text:HOSTopen)
                  008061a0    000000e0                     : trgdrv.obj (.text:HOSTwrite)
                  00806280    000000e0                     : divi.obj (.text:__divi)
                  00806360    000000e0                     : _printfi.obj (.text:_div)
                  00806440    000000e0                     : lowlev.obj (.text:close)
                  00806520    000000e0                     : copy_zero_init.obj (.text:decompress:ZI:__TI_zero_init)
                  00806600    000000e0                     : ltoa.obj (.text:ltoa)
                  008066e0    000000e0                     : memset.obj (.text:memset)
                  008067c0    000000e0                     : printf.obj (.text:printf)
                  008068a0    000000c0                     : trgdrv.obj (.text:HOSTread)
                  00806960    000000c0                     : trgdrv.obj (.text:HOSTunlink)
                  00806a20    000000c0                     : fflush.obj (.text:__TI_doflush)
                  00806ae0    000000c0                     : divu.obj (.text:__divu)
                  00806ba0    000000c0                     : remi.obj (.text:__remi)
                  00806c60    000000c0                     : _printfi.obj (.text:_ecpy)
                  00806d20    000000c0                     : exit.obj (.text:exit)
                  00806de0    000000c0                     : memory.obj (.text:minsert)
                  00806ea0    000000c0                     : memory.obj (.text:mremove)
                  00806f60    000000c0                     : tls.obj (.text:tls:init:__TI_tls_init)
                  00807020    000000a0                     : trgdrv.obj (.text:HOSTclose)
                  008070c0    000000a0                     : fopen.obj (.text:__TI_cleanup)
                  00807160    000000a0                     : fltulld.obj (.text:__c6xabi_fltulld)
                  00807200    000000a0                     : _printfi.obj (.text:_fcpy)
                  008072a0    000000a0                     : memory.obj (.text:_minit)
                  00807340    000000a0                     : _printfi.obj (.text:_pconv_f)
                  008073e0    000000a0                     : memcpy64.obj (.text:memcpy)
                  00807480    00000080                     : trgmsg.obj (.text:__TI_readmsg)
                  00807500    00000080                     : trgmsg.obj (.text:__TI_writemsg)
                  00807580    00000080                     : llshift.obj (.text:__c6xabi_llshl)
                  00807600    00000080                     : lowlev.obj (.text:finddevice)
                  00807680    00000080                     : _printfi.obj (.text:incr_hex)
                  00807700    00000080                     : lowlev.obj (.text:unlink)
                  00807780    00000060                     : frcmpyd_div.obj (.text:__TI_frcmpyd_div)
                  008077e0    00000060                     : llshift.obj (.text:__c6xabi_llshru)
                  00807840    00000060                     : boot.obj (.text:_c_int00)
                  008078a0    00000060                     : imath64.obj (.text:_subcull)
                  00807900    00000060                     : lowlev.obj (.text:lseek)
                  00807960    00000060                     : memccpy.obj (.text:memccpy)
                  008079c0    00000060                     : _printfi.obj (.text:val_hex)
                  00807a20    00000060                     : lowlev.obj (.text:write)
                  00807a80    00000040                     : isinf.obj (.text:__c6xabi_isinf)
                  00807ac0    00000040                     : _printfi.obj (.text:__c6xabi_isnan)
                  00807b00    00000040                     : args_main.obj (.text:_args_main)
                  00807b40    00000020                     : errno.obj (.text:__c6xabi_errno_addr)
                  00807b60    00000020                     : _lock.obj (.text:_nop)
                  00807b80    00000020                     : printf.obj (.text:_outc)
                  00807ba0    00000020                     : printf.obj (.text:_outs)
                  00807bc0    00000020                     : exit.obj (.text:abort)
                  00807be0    00000020     ti.csl.ae66 : csl_tsc.oe66 (.text:cslsys_section:tsc)
                  00807c00    00000020     rts6600_elf.lib : copy_decompress_none.obj (.text:decompress:none:__TI_decompress_none)
                  00807c20    00000020                     : copy_decompress_rle.obj (.text:decompress:rle24:__TI_decompress_rle24)

.stack     0    00807c40    00001024     UNINITIALIZED
                  00807c40    00000008     rts6600_elf.lib : boot.obj (.stack)
                  00807c48    0000101c     --HOLE--

.sysmem    0    00808c68    00001024     UNINITIALIZED
                  00808c68    00000008     rts6600_elf.lib : memory.obj (.sysmem)
                  00808c70    0000101c     --HOLE--

.fardata.1 
*          0    00809c90    00000010     UNINITIALIZED
                  00809c90    0000000c     rts6600_elf.lib : exit.obj (.fardata)
                  00809c9c    00000004                     : _lock.obj (.fardata:_lock)

.local_ram 
*          0    0080a500    000003a8     UNINITIALIZED
                  0080a500    00000398     deep_learning.obj (.local_ram:init)
                  0080a898    0000000c     deep_learning.obj (.local_ram:uninit)
                  0080a8a4    00000004     main.obj (.local_ram)

.fardata.2 
*          0    0080a8a8    00000310     UNINITIALIZED
                  0080a8a8    000001e0     rts6600_elf.lib : defs.obj (.fardata:_ftable)
                  0080aa88    000000a0                     : lowlev.obj (.fardata:_stream)
                  0080ab28    00000078                     : lowlev.obj (.fardata:_device)
                  0080aba0    0000000c                     : memory.obj (.fardata)
                  0080abac    00000004                     : _lock.obj (.fardata:_unlock)
                  0080abb0    00000004                     : defs.obj (.fardata)
                  0080abb4    00000004                     : errno.obj (.fardata)

.far       0    0080abb8    00000148     UNINITIALIZED
                  0080abb8    00000140     (.common:__TI_tmpnams)
                  0080acf8    00000008     (.common:parmbuf)

.const     0    0080ad00    00000154     
                  0080ad00    00000101     rts6600_elf.lib : ctype.obj (.const:.string:_ctypes_)
                  0080ae01    00000003     --HOLE-- [fill = 0]
                  0080ae04    00000024                     : _printfi.obj (.const:.string)
                  0080ae28    0000001c     deep_learning.obj (.const:.string)
                  0080ae44    00000010     main.obj (.const:.string)

.cio       0    0080ae58    00000120     UNINITIALIZED
                  0080ae58    00000120     rts6600_elf.lib : trgmsg.obj (.cio)

.switch    0    0080af78    00000038     
                  0080af78    00000038     rts6600_elf.lib : _printfi.obj (.switch:_pproc_fgea)

.neardata 
*          0    0080afb0    00000000     UNINITIALIZED

.rodata    0    0080afb0    00000000     UNINITIALIZED

.bss       0    0080afb0    0000001c     UNINITIALIZED
                  0080afb0    00000008     (.common:cumulative)
                  0080afb8    00000008     (.common:endVal)
                  0080afc0    00000008     (.common:startVal)
                  0080afc8    00000004     (.common:temp_img_ptr)

.cinit     0    0080afd0    00000468     
                  0080afd0    0000038d     (.cinit..local_ram.load) [load image, compression = rle]
                  0080b35d    00000003     --HOLE-- [fill = 0]
                  0080b360    00000069     (.cinit..fardata.2.load) [load image, compression = rle]
                  0080b3c9    00000003     --HOLE-- [fill = 0]
                  0080b3cc    00000011     (.cinit..fardata.1.load) [load image, compression = rle]
                  0080b3dd    00000003     --HOLE-- [fill = 0]
                  0080b3e0    0000000c     (__TI_handler_table)
                  0080b3ec    00000008     (.cinit..bss.load) [load image, compression = zero_init]
                  0080b3f4    00000008     (.cinit..far.load) [load image, compression = zero_init]
                  0080b3fc    00000008     (.cinit..sharedram.load) [load image, compression = zero_init]
                  0080b404    00000004     --HOLE-- [fill = 0]
                  0080b408    00000030     (__TI_cinit_table)

.init_array 
*          0    00800000    00000000     UNINITIALIZED

.sharedram 
*          0    80000000    00000044     UNINITIALIZED
                  80000000    00000044     deep_learning.obj (.sharedram)


LINKER GENERATED COPY TABLES

__TI_cinit_table @ 0080b408 records: 6, size/record: 8, table size: 48
	.local_ram: load addr=0080afd0, load size=0000038d bytes, run addr=0080a500, run size=000003a8 bytes, compression=rle
	.fardata.2: load addr=0080b360, load size=00000069 bytes, run addr=0080a8a8, run size=00000310 bytes, compression=rle
	.fardata.1: load addr=0080b3cc, load size=00000011 bytes, run addr=00809c90, run size=00000010 bytes, compression=rle
	.bss: load addr=0080b3ec, load size=00000008 bytes, run addr=0080afb0, run size=0000001c bytes, compression=zero_init
	.far: load addr=0080b3f4, load size=00000008 bytes, run addr=0080abb8, run size=00000148 bytes, compression=zero_init
	.sharedram: load addr=0080b3fc, load size=00000008 bytes, run addr=80000000, run size=00000044 bytes, compression=zero_init


LINKER GENERATED HANDLER TABLE

__TI_handler_table @ 0080b3e0 records: 3, size/record: 4, table size: 12
	index: 0, handler: __TI_zero_init
	index: 1, handler: __TI_decompress_rle24
	index: 2, handler: __TI_decompress_none


GLOBAL SYMBOLS: SORTED ALPHABETICALLY BY Name 

address   name                           
-------   ----                           
00807bc0  C$$EXIT                        
00807560  C$$IO$$                        
00807be0  CSL_tscEnable                  
00807be8  CSL_tscRead                    
00800000  Conv3x3                        
00800a20  Conv5x5                        
00800990  Conv7x7                        
00800908  Conv9x9                        
0080a480  DSP_maxval                     
00807020  HOSTclose                      
00805ac0  HOSTlseek                      
008060c0  HOSTopen                       
008068a0  HOSTread                       
00804b80  HOSTrename                     
00806960  HOSTunlink                     
008061a0  HOSTwrite                      
0080a200  IMG_conv_11x11_i16s_c16s       
0080a3a0  IMG_conv_3x3_i16s_c16s         
00809fa0  IMG_conv_5x5_i16s_c16s         
00809ca0  IMG_conv_7x7_i16s_c16s         
00800520  MemMgr_HeapInit                
0080ae58  __CIOBUF_                      
0080b408  __TI_CINIT_Base                
0080b438  __TI_CINIT_Limit               
0080b3e0  __TI_Handler_Table_Base        
0080b3ec  __TI_Handler_Table_Limit       
UNDEFED   __TI_INITARRAY_Base            
UNDEFED   __TI_INITARRAY_Limit           
00808c64  __TI_STACK_END                 
00001024  __TI_STACK_SIZE                
0080a500  __TI_STATIC_BASE               
00001024  __TI_SYSMEM_SIZE               
UNDEFED   __TI_TLS_INIT_Base             
UNDEFED   __TI_TLS_INIT_Limit            
008070c0  __TI_cleanup                   
00809c90  __TI_cleanup_ptr               
008054a0  __TI_closefile                 
00807c00  __TI_decompress_none           
00807c20  __TI_decompress_rle24          
00806a20  __TI_doflush                   
00809c94  __TI_dtors_ptr                 
00809c98  __TI_enable_exit_profile_output
00807780  __TI_frcmpyd_div               
0080abb0  __TI_ft_end                    
ffffffff  __TI_pprof_out_hndl            
00802280  __TI_printfi                   
ffffffff  __TI_prof_data_size            
ffffffff  __TI_prof_data_start           
00807480  __TI_readmsg                   
00806f60  __TI_tls_init                  
0080abb8  __TI_tmpnams                   
00807500  __TI_writemsg                  
00805bc0  __TI_wrt_ok                    
00806520  __TI_zero_init                 
ffffffff  __binit__                      
00801160  __c6xabi_divd                  
00806280  __c6xabi_divi                  
00806ae0  __c6xabi_divu                  
008049a0  __c6xabi_divul                 
00803a40  __c6xabi_divull                
00807b40  __c6xabi_errno_addr            
00807160  __c6xabi_fltulld               
00807a80  __c6xabi_isinf                 
00807580  __c6xabi_llshl                 
008077e0  __c6xabi_llshru                
00806ba0  __c6xabi_remi                  
ffffffff  __c_args__                     
00806280  __divi                         
00806ae0  __divu                         
0080abb4  __errno                        
00806ba0  __remi                         
00807b00  _args_main                     
00000200  _argsize                       
008055e0  _auto_init_elf                 
00807840  _c_int00                       
0080ad00  _ctypes_                       
0080a8a8  _ftable                        
00000860  _kernel_size                   
00809c9c  _lock                          
008072a0  _minit                         
00807b60  _nop                           
00807c40  _stack                         
008078a0  _subcull                       
00808c68  _sys_memory                    
0080abac  _unlock                        
00807bc0  abort                          
00805ec0  atoi                           
ffffffff  binit                          
00806440  close                          
00000154  const_size                     
0080ad00  const_start                    
00805fc0  copy_in                        
0080a8a4  core_id                        
0080afb0  cumulative                     
008007f8  deeplearn                      
0080a888  dilate                         
00800ac0  do_power_gating                
0080afb8  endVal                         
0080abb4  errno                          
00806d20  exit                           
00804580  fputc                          
008026e0  fputs                          
008032c0  free                           
00804ec0  frexp                          
008059a0  fseek                          
0080a500  kernel3x3                      
80000000  l1_maps                        
80000020  l1_maps_ptr                    
00805860  ldexp                          
00807900  lseek                          
00806600  ltoa                           
00800e78  main                           
00805060  malloc                         
008004b0  mem_alloc                      
00807960  memccpy                        
008073e0  memcpy                         
008066e0  memset                         
008001d0  operateLayer1                  
008067c0  printf                         
00807700  remove                         
00804340  setvbuf                        
0080afc0  startVal                       
80000040  total_l1_maps                  
00807700  unlink                         
00807a20  write                          


GLOBAL SYMBOLS: SORTED BY Symbol Address 

address   name                           
-------   ----                           
00000154  const_size                     
00000200  _argsize                       
00000860  _kernel_size                   
00001024  __TI_STACK_SIZE                
00001024  __TI_SYSMEM_SIZE               
00800000  Conv3x3                        
008001d0  operateLayer1                  
008004b0  mem_alloc                      
00800520  MemMgr_HeapInit                
008007f8  deeplearn                      
00800908  Conv9x9                        
00800990  Conv7x7                        
00800a20  Conv5x5                        
00800ac0  do_power_gating                
00800e78  main                           
00801160  __c6xabi_divd                  
00802280  __TI_printfi                   
008026e0  fputs                          
008032c0  free                           
00803a40  __c6xabi_divull                
00804340  setvbuf                        
00804580  fputc                          
008049a0  __c6xabi_divul                 
00804b80  HOSTrename                     
00804ec0  frexp                          
00805060  malloc                         
008054a0  __TI_closefile                 
008055e0  _auto_init_elf                 
00805860  ldexp                          
008059a0  fseek                          
00805ac0  HOSTlseek                      
00805bc0  __TI_wrt_ok                    
00805ec0  atoi                           
00805fc0  copy_in                        
008060c0  HOSTopen                       
008061a0  HOSTwrite                      
00806280  __c6xabi_divi                  
00806280  __divi                         
00806440  close                          
00806520  __TI_zero_init                 
00806600  ltoa                           
008066e0  memset                         
008067c0  printf                         
008068a0  HOSTread                       
00806960  HOSTunlink                     
00806a20  __TI_doflush                   
00806ae0  __c6xabi_divu                  
00806ae0  __divu                         
00806ba0  __c6xabi_remi                  
00806ba0  __remi                         
00806d20  exit                           
00806f60  __TI_tls_init                  
00807020  HOSTclose                      
008070c0  __TI_cleanup                   
00807160  __c6xabi_fltulld               
008072a0  _minit                         
008073e0  memcpy                         
00807480  __TI_readmsg                   
00807500  __TI_writemsg                  
00807560  C$$IO$$                        
00807580  __c6xabi_llshl                 
00807700  remove                         
00807700  unlink                         
00807780  __TI_frcmpyd_div               
008077e0  __c6xabi_llshru                
00807840  _c_int00                       
008078a0  _subcull                       
00807900  lseek                          
00807960  memccpy                        
00807a20  write                          
00807a80  __c6xabi_isinf                 
00807b00  _args_main                     
00807b40  __c6xabi_errno_addr            
00807b60  _nop                           
00807bc0  C$$EXIT                        
00807bc0  abort                          
00807be0  CSL_tscEnable                  
00807be8  CSL_tscRead                    
00807c00  __TI_decompress_none           
00807c20  __TI_decompress_rle24          
00807c40  _stack                         
00808c64  __TI_STACK_END                 
00808c68  _sys_memory                    
00809c90  __TI_cleanup_ptr               
00809c94  __TI_dtors_ptr                 
00809c98  __TI_enable_exit_profile_output
00809c9c  _lock                          
00809ca0  IMG_conv_7x7_i16s_c16s         
00809fa0  IMG_conv_5x5_i16s_c16s         
0080a200  IMG_conv_11x11_i16s_c16s       
0080a3a0  IMG_conv_3x3_i16s_c16s         
0080a480  DSP_maxval                     
0080a500  __TI_STATIC_BASE               
0080a500  kernel3x3                      
0080a888  dilate                         
0080a8a4  core_id                        
0080a8a8  _ftable                        
0080abac  _unlock                        
0080abb0  __TI_ft_end                    
0080abb4  __errno                        
0080abb4  errno                          
0080abb8  __TI_tmpnams                   
0080ad00  _ctypes_                       
0080ad00  const_start                    
0080ae58  __CIOBUF_                      
0080afb0  cumulative                     
0080afb8  endVal                         
0080afc0  startVal                       
0080b3e0  __TI_Handler_Table_Base        
0080b3ec  __TI_Handler_Table_Limit       
0080b408  __TI_CINIT_Base                
0080b438  __TI_CINIT_Limit               
80000000  l1_maps                        
80000020  l1_maps_ptr                    
80000040  total_l1_maps                  
ffffffff  __TI_pprof_out_hndl            
ffffffff  __TI_prof_data_size            
ffffffff  __TI_prof_data_start           
ffffffff  __binit__                      
ffffffff  __c_args__                     
ffffffff  binit                          
UNDEFED   __TI_INITARRAY_Base            
UNDEFED   __TI_INITARRAY_Limit           
UNDEFED   __TI_TLS_INIT_Base             
UNDEFED   __TI_TLS_INIT_Limit            

[125 symbols]
