<?xml version="1.0"?>
<link_info>
   <banner>TMS320C6x Linker PC v8.0.4</banner>
   <copyright>Copyright (c) 1996-2015 Texas Instruments Incorporated</copyright>
   <link_time>0x567acbf5</link_time>
   <link_errors>0x0</link_errors>
   <output_file>dsp_deeplearn_sweep.out</output_file>
   <entry_point>
      <name>_c_int00</name>
      <address>0x807840</address>
   </entry_point>
   <input_file_list>
      <input_file id="fl-2">
         <path>.\</path>
         <kind>object</kind>
         <file>DSP_add16.obj</file>
         <name>DSP_add16.obj</name>
      </input_file>
      <input_file id="fl-3">
         <path>.\</path>
         <kind>object</kind>
         <file>DSP_maxval.obj</file>
         <name>DSP_maxval.obj</name>
      </input_file>
      <input_file id="fl-4">
         <path>.\</path>
         <kind>object</kind>
         <file>IMG_conv_11x11_i16s_c16s.obj</file>
         <name>IMG_conv_11x11_i16s_c16s.obj</name>
      </input_file>
      <input_file id="fl-5">
         <path>.\</path>
         <kind>object</kind>
         <file>IMG_conv_3x3_i16s_c16s.obj</file>
         <name>IMG_conv_3x3_i16s_c16s.obj</name>
      </input_file>
      <input_file id="fl-6">
         <path>.\</path>
         <kind>object</kind>
         <file>IMG_conv_5x5_i16s_c16s.obj</file>
         <name>IMG_conv_5x5_i16s_c16s.obj</name>
      </input_file>
      <input_file id="fl-7">
         <path>.\</path>
         <kind>object</kind>
         <file>IMG_conv_7x7_i16s_c16s.obj</file>
         <name>IMG_conv_7x7_i16s_c16s.obj</name>
      </input_file>
      <input_file id="fl-8">
         <path>.\</path>
         <kind>object</kind>
         <file>deep_learning.obj</file>
         <name>deep_learning.obj</name>
      </input_file>
      <input_file id="fl-9">
         <path>.\</path>
         <kind>object</kind>
         <file>main.obj</file>
         <name>main.obj</name>
      </input_file>
      <input_file id="fl-28">
         <path>F:\ti\ccsv6\tools\compiler\ti-cgt-c6000_8.0.4\lib\</path>
         <kind>archive</kind>
         <file>rts6600_elf.lib</file>
         <name>boot.obj</name>
      </input_file>
      <input_file id="fl-29">
         <path>F:\ti\ccsv6\tools\compiler\ti-cgt-c6000_8.0.4\lib\</path>
         <kind>archive</kind>
         <file>rts6600_elf.lib</file>
         <name>copy_decompress_none.obj</name>
      </input_file>
      <input_file id="fl-2a">
         <path>F:\ti\ccsv6\tools\compiler\ti-cgt-c6000_8.0.4\lib\</path>
         <kind>archive</kind>
         <file>rts6600_elf.lib</file>
         <name>copy_decompress_rle.obj</name>
      </input_file>
      <input_file id="fl-2b">
         <path>F:\ti\ccsv6\tools\compiler\ti-cgt-c6000_8.0.4\lib\</path>
         <kind>archive</kind>
         <file>rts6600_elf.lib</file>
         <name>copy_zero_init.obj</name>
      </input_file>
      <input_file id="fl-2c">
         <path>F:\ti\ccsv6\tools\compiler\ti-cgt-c6000_8.0.4\lib\</path>
         <kind>archive</kind>
         <file>rts6600_elf.lib</file>
         <name>divd.obj</name>
      </input_file>
      <input_file id="fl-2d">
         <path>F:\ti\ccsv6\tools\compiler\ti-cgt-c6000_8.0.4\lib\</path>
         <kind>archive</kind>
         <file>rts6600_elf.lib</file>
         <name>divi.obj</name>
      </input_file>
      <input_file id="fl-2e">
         <path>F:\ti\ccsv6\tools\compiler\ti-cgt-c6000_8.0.4\lib\</path>
         <kind>archive</kind>
         <file>rts6600_elf.lib</file>
         <name>exit.obj</name>
      </input_file>
      <input_file id="fl-2f">
         <path>F:\ti\ccsv6\tools\compiler\ti-cgt-c6000_8.0.4\lib\</path>
         <kind>archive</kind>
         <file>rts6600_elf.lib</file>
         <name>fltulld.obj</name>
      </input_file>
      <input_file id="fl-30">
         <path>F:\ti\ccsv6\tools\compiler\ti-cgt-c6000_8.0.4\lib\</path>
         <kind>archive</kind>
         <file>rts6600_elf.lib</file>
         <name>frcmpyd_div.obj</name>
      </input_file>
      <input_file id="fl-31">
         <path>F:\ti\ccsv6\tools\compiler\ti-cgt-c6000_8.0.4\lib\</path>
         <kind>archive</kind>
         <file>rts6600_elf.lib</file>
         <name>imath64.obj</name>
      </input_file>
      <input_file id="fl-32">
         <path>F:\ti\ccsv6\tools\compiler\ti-cgt-c6000_8.0.4\lib\</path>
         <kind>archive</kind>
         <file>rts6600_elf.lib</file>
         <name>llshift.obj</name>
      </input_file>
      <input_file id="fl-33">
         <path>F:\ti\ccsv6\tools\compiler\ti-cgt-c6000_8.0.4\lib\</path>
         <kind>archive</kind>
         <file>rts6600_elf.lib</file>
         <name>memcpy64.obj</name>
      </input_file>
      <input_file id="fl-34">
         <path>F:\ti\ccsv6\tools\compiler\ti-cgt-c6000_8.0.4\lib\</path>
         <kind>archive</kind>
         <file>rts6600_elf.lib</file>
         <name>memset.obj</name>
      </input_file>
      <input_file id="fl-35">
         <path>F:\ti\ccsv6\tools\compiler\ti-cgt-c6000_8.0.4\lib\</path>
         <kind>archive</kind>
         <file>rts6600_elf.lib</file>
         <name>printf.obj</name>
      </input_file>
      <input_file id="fl-36">
         <path>F:\ti\ccsv6\tools\compiler\ti-cgt-c6000_8.0.4\lib\</path>
         <kind>archive</kind>
         <file>rts6600_elf.lib</file>
         <name>remi.obj</name>
      </input_file>
      <input_file id="fl-37">
         <path>F:\ti\ccsv6\tools\compiler\ti-cgt-c6000_8.0.4\lib\</path>
         <kind>archive</kind>
         <file>rts6600_elf.lib</file>
         <name>_lock.obj</name>
      </input_file>
      <input_file id="fl-38">
         <path>F:\ti\ccsv6\tools\compiler\ti-cgt-c6000_8.0.4\lib\</path>
         <kind>archive</kind>
         <file>rts6600_elf.lib</file>
         <name>_printfi.obj</name>
      </input_file>
      <input_file id="fl-39">
         <path>F:\ti\ccsv6\tools\compiler\ti-cgt-c6000_8.0.4\lib\</path>
         <kind>archive</kind>
         <file>rts6600_elf.lib</file>
         <name>abs.obj</name>
      </input_file>
      <input_file id="fl-3a">
         <path>F:\ti\ccsv6\tools\compiler\ti-cgt-c6000_8.0.4\lib\</path>
         <kind>archive</kind>
         <file>rts6600_elf.lib</file>
         <name>args_main.obj</name>
      </input_file>
      <input_file id="fl-3b">
         <path>F:\ti\ccsv6\tools\compiler\ti-cgt-c6000_8.0.4\lib\</path>
         <kind>archive</kind>
         <file>rts6600_elf.lib</file>
         <name>atoi.obj</name>
      </input_file>
      <input_file id="fl-3c">
         <path>F:\ti\ccsv6\tools\compiler\ti-cgt-c6000_8.0.4\lib\</path>
         <kind>archive</kind>
         <file>rts6600_elf.lib</file>
         <name>autoinit.obj</name>
      </input_file>
      <input_file id="fl-3d">
         <path>F:\ti\ccsv6\tools\compiler\ti-cgt-c6000_8.0.4\lib\</path>
         <kind>archive</kind>
         <file>rts6600_elf.lib</file>
         <name>cpy_tbl.obj</name>
      </input_file>
      <input_file id="fl-3e">
         <path>F:\ti\ccsv6\tools\compiler\ti-cgt-c6000_8.0.4\lib\</path>
         <kind>archive</kind>
         <file>rts6600_elf.lib</file>
         <name>ctype.obj</name>
      </input_file>
      <input_file id="fl-3f">
         <path>F:\ti\ccsv6\tools\compiler\ti-cgt-c6000_8.0.4\lib\</path>
         <kind>archive</kind>
         <file>rts6600_elf.lib</file>
         <name>defs.obj</name>
      </input_file>
      <input_file id="fl-40">
         <path>F:\ti\ccsv6\tools\compiler\ti-cgt-c6000_8.0.4\lib\</path>
         <kind>archive</kind>
         <file>rts6600_elf.lib</file>
         <name>divu.obj</name>
      </input_file>
      <input_file id="fl-41">
         <path>F:\ti\ccsv6\tools\compiler\ti-cgt-c6000_8.0.4\lib\</path>
         <kind>archive</kind>
         <file>rts6600_elf.lib</file>
         <name>fputc.obj</name>
      </input_file>
      <input_file id="fl-42">
         <path>F:\ti\ccsv6\tools\compiler\ti-cgt-c6000_8.0.4\lib\</path>
         <kind>archive</kind>
         <file>rts6600_elf.lib</file>
         <name>fputs.obj</name>
      </input_file>
      <input_file id="fl-43">
         <path>F:\ti\ccsv6\tools\compiler\ti-cgt-c6000_8.0.4\lib\</path>
         <kind>archive</kind>
         <file>rts6600_elf.lib</file>
         <name>frexp.obj</name>
      </input_file>
      <input_file id="fl-44">
         <path>F:\ti\ccsv6\tools\compiler\ti-cgt-c6000_8.0.4\lib\</path>
         <kind>archive</kind>
         <file>rts6600_elf.lib</file>
         <name>imath40.obj</name>
      </input_file>
      <input_file id="fl-45">
         <path>F:\ti\ccsv6\tools\compiler\ti-cgt-c6000_8.0.4\lib\</path>
         <kind>archive</kind>
         <file>rts6600_elf.lib</file>
         <name>isinf.obj</name>
      </input_file>
      <input_file id="fl-46">
         <path>F:\ti\ccsv6\tools\compiler\ti-cgt-c6000_8.0.4\lib\</path>
         <kind>archive</kind>
         <file>rts6600_elf.lib</file>
         <name>ldexp.obj</name>
      </input_file>
      <input_file id="fl-47">
         <path>F:\ti\ccsv6\tools\compiler\ti-cgt-c6000_8.0.4\lib\</path>
         <kind>archive</kind>
         <file>rts6600_elf.lib</file>
         <name>lowlev.obj</name>
      </input_file>
      <input_file id="fl-48">
         <path>F:\ti\ccsv6\tools\compiler\ti-cgt-c6000_8.0.4\lib\</path>
         <kind>archive</kind>
         <file>rts6600_elf.lib</file>
         <name>ltoa.obj</name>
      </input_file>
      <input_file id="fl-49">
         <path>F:\ti\ccsv6\tools\compiler\ti-cgt-c6000_8.0.4\lib\</path>
         <kind>archive</kind>
         <file>rts6600_elf.lib</file>
         <name>memccpy.obj</name>
      </input_file>
      <input_file id="fl-4a">
         <path>F:\ti\ccsv6\tools\compiler\ti-cgt-c6000_8.0.4\lib\</path>
         <kind>archive</kind>
         <file>rts6600_elf.lib</file>
         <name>tls.obj</name>
      </input_file>
      <input_file id="fl-4b">
         <path>F:\ti\ccsv6\tools\compiler\ti-cgt-c6000_8.0.4\lib\</path>
         <kind>archive</kind>
         <file>rts6600_elf.lib</file>
         <name>tls_get_tp.obj</name>
      </input_file>
      <input_file id="fl-4c">
         <path>F:\ti\ccsv6\tools\compiler\ti-cgt-c6000_8.0.4\lib\</path>
         <kind>archive</kind>
         <file>rts6600_elf.lib</file>
         <name>trgdrv.obj</name>
      </input_file>
      <input_file id="fl-4d">
         <path>F:\ti\ccsv6\tools\compiler\ti-cgt-c6000_8.0.4\lib\</path>
         <kind>archive</kind>
         <file>rts6600_elf.lib</file>
         <name>trgmsg.obj</name>
      </input_file>
      <input_file id="fl-4e">
         <path>F:\ti\ccsv6\tools\compiler\ti-cgt-c6000_8.0.4\lib\</path>
         <kind>archive</kind>
         <file>rts6600_elf.lib</file>
         <name>_io_perm.obj</name>
      </input_file>
      <input_file id="fl-4f">
         <path>F:\ti\ccsv6\tools\compiler\ti-cgt-c6000_8.0.4\lib\</path>
         <kind>archive</kind>
         <file>rts6600_elf.lib</file>
         <name>errno.obj</name>
      </input_file>
      <input_file id="fl-50">
         <path>F:\ti\ccsv6\tools\compiler\ti-cgt-c6000_8.0.4\lib\</path>
         <kind>archive</kind>
         <file>rts6600_elf.lib</file>
         <name>fflush.obj</name>
      </input_file>
      <input_file id="fl-51">
         <path>F:\ti\ccsv6\tools\compiler\ti-cgt-c6000_8.0.4\lib\</path>
         <kind>archive</kind>
         <file>rts6600_elf.lib</file>
         <name>fseek.obj</name>
      </input_file>
      <input_file id="fl-52">
         <path>F:\ti\ccsv6\tools\compiler\ti-cgt-c6000_8.0.4\lib\</path>
         <kind>archive</kind>
         <file>rts6600_elf.lib</file>
         <name>setvbuf.obj</name>
      </input_file>
      <input_file id="fl-53">
         <path>F:\ti\ccsv6\tools\compiler\ti-cgt-c6000_8.0.4\lib\</path>
         <kind>archive</kind>
         <file>rts6600_elf.lib</file>
         <name>fopen.obj</name>
      </input_file>
      <input_file id="fl-54">
         <path>F:\ti\ccsv6\tools\compiler\ti-cgt-c6000_8.0.4\lib\</path>
         <kind>archive</kind>
         <file>rts6600_elf.lib</file>
         <name>memory.obj</name>
      </input_file>
      <input_file id="fl-55">
         <path>F:\ti\ccsv6\tools\compiler\ti-cgt-c6000_8.0.4\lib\</path>
         <kind>archive</kind>
         <file>rts6600_elf.lib</file>
         <name>fclose.obj</name>
      </input_file>
      <input_file id="fl-56">
         <path>F:\ti\ccsv6\tools\compiler\ti-cgt-c6000_8.0.4\lib\</path>
         <kind>archive</kind>
         <file>rts6600_elf.lib</file>
         <name>remove.obj</name>
      </input_file>
      <input_file id="fl-57">
         <path>F:\ti\pdk_C6678_1_1_2_6\packages\ti\csl\lib\</path>
         <kind>archive</kind>
         <file>ti.csl.ae66</file>
         <name>csl_tsc.oe66</name>
      </input_file>
   </input_file_list>
   <object_component_list>
      <object_component id="oc-14d">
         <name>.text:optimized</name>
         <load_address>0x809ca0</load_address>
         <run_address>0x809ca0</run_address>
         <size>0x300</size>
         <input_file_ref idref="fl-7"/>
      </object_component>
      <object_component id="oc-153">
         <name>.text:optimized</name>
         <load_address>0x809fa0</load_address>
         <run_address>0x809fa0</run_address>
         <size>0x260</size>
         <input_file_ref idref="fl-6"/>
      </object_component>
      <object_component id="oc-147">
         <name>.text:optimized</name>
         <load_address>0x80a200</load_address>
         <run_address>0x80a200</run_address>
         <size>0x1a0</size>
         <input_file_ref idref="fl-4"/>
      </object_component>
      <object_component id="oc-130">
         <name>.text:optimized</name>
         <load_address>0x80a3a0</load_address>
         <run_address>0x80a3a0</run_address>
         <size>0xe0</size>
         <input_file_ref idref="fl-5"/>
      </object_component>
      <object_component id="oc-136">
         <name>.text:optimized</name>
         <load_address>0x80a480</load_address>
         <run_address>0x80a480</run_address>
         <size>0x80</size>
         <input_file_ref idref="fl-3"/>
      </object_component>
      <object_component id="oc-d2">
         <name>.text</name>
         <load_address>0x800000</load_address>
         <run_address>0x800000</run_address>
         <size>0xac0</size>
         <input_file_ref idref="fl-8"/>
      </object_component>
      <object_component id="oc-8d">
         <name>.text</name>
         <load_address>0x800ac0</load_address>
         <run_address>0x800ac0</run_address>
         <size>0x6a0</size>
         <input_file_ref idref="fl-9"/>
      </object_component>
      <object_component id="oc-e4">
         <name>.text:__c6xabi_divd</name>
         <load_address>0x801160</load_address>
         <run_address>0x801160</run_address>
         <size>0x600</size>
         <input_file_ref idref="fl-2c"/>
      </object_component>
      <object_component id="oc-214">
         <name>.text:_setfield</name>
         <load_address>0x801760</load_address>
         <run_address>0x801760</run_address>
         <size>0x5a0</size>
         <input_file_ref idref="fl-38"/>
      </object_component>
      <object_component id="oc-2c9">
         <name>.text:_getarg_diouxp</name>
         <load_address>0x801d00</load_address>
         <run_address>0x801d00</run_address>
         <size>0x580</size>
         <input_file_ref idref="fl-38"/>
      </object_component>
      <object_component id="oc-19d">
         <name>.text:__TI_printfi</name>
         <load_address>0x802280</load_address>
         <run_address>0x802280</run_address>
         <size>0x460</size>
         <input_file_ref idref="fl-38"/>
      </object_component>
      <object_component id="oc-201">
         <name>.text:fputs</name>
         <load_address>0x8026e0</load_address>
         <run_address>0x8026e0</run_address>
         <size>0x380</size>
         <input_file_ref idref="fl-42"/>
      </object_component>
      <object_component id="oc-269">
         <name>.text:_pproc_fgea</name>
         <load_address>0x802a60</load_address>
         <run_address>0x802a60</run_address>
         <size>0x300</size>
         <input_file_ref idref="fl-38"/>
      </object_component>
      <object_component id="oc-20e">
         <name>.text:_pproc_fwp</name>
         <load_address>0x802d60</load_address>
         <run_address>0x802d60</run_address>
         <size>0x2c0</size>
         <input_file_ref idref="fl-38"/>
      </object_component>
      <object_component id="oc-31a">
         <name>.text:ecvt</name>
         <load_address>0x803020</load_address>
         <run_address>0x803020</run_address>
         <size>0x2a0</size>
         <input_file_ref idref="fl-38"/>
      </object_component>
      <object_component id="oc-2eb">
         <name>.text:free</name>
         <load_address>0x8032c0</load_address>
         <run_address>0x8032c0</run_address>
         <size>0x2a0</size>
         <input_file_ref idref="fl-54"/>
      </object_component>
      <object_component id="oc-32d">
         <name>.text:fcvt</name>
         <load_address>0x803560</load_address>
         <run_address>0x803560</run_address>
         <size>0x280</size>
         <input_file_ref idref="fl-38"/>
      </object_component>
      <object_component id="oc-2bb">
         <name>.text:_pconv_e</name>
         <load_address>0x8037e0</load_address>
         <run_address>0x8037e0</run_address>
         <size>0x260</size>
         <input_file_ref idref="fl-38"/>
      </object_component>
      <object_component id="oc-d8">
         <name>.text:__c6xabi_divull</name>
         <load_address>0x803a40</load_address>
         <run_address>0x803a40</run_address>
         <size>0x240</size>
         <input_file_ref idref="fl-31"/>
      </object_component>
      <object_component id="oc-26f">
         <name>.text:_pproc_diouxp</name>
         <load_address>0x803c80</load_address>
         <run_address>0x803c80</run_address>
         <size>0x240</size>
         <input_file_ref idref="fl-38"/>
      </object_component>
      <object_component id="oc-21a">
         <name>.text:_pproc_str</name>
         <load_address>0x803ec0</load_address>
         <run_address>0x803ec0</run_address>
         <size>0x240</size>
         <input_file_ref idref="fl-38"/>
      </object_component>
      <object_component id="oc-341">
         <name>.text:acvt</name>
         <load_address>0x804100</load_address>
         <run_address>0x804100</run_address>
         <size>0x240</size>
         <input_file_ref idref="fl-38"/>
      </object_component>
      <object_component id="oc-28b">
         <name>.text:setvbuf</name>
         <load_address>0x804340</load_address>
         <run_address>0x804340</run_address>
         <size>0x240</size>
         <input_file_ref idref="fl-52"/>
      </object_component>
      <object_component id="oc-1fa">
         <name>.text:fputc</name>
         <load_address>0x804580</load_address>
         <run_address>0x804580</run_address>
         <size>0x220</size>
         <input_file_ref idref="fl-41"/>
      </object_component>
      <object_component id="oc-2af">
         <name>.text:_pconv_g</name>
         <load_address>0x8047a0</load_address>
         <run_address>0x8047a0</run_address>
         <size>0x200</size>
         <input_file_ref idref="fl-38"/>
      </object_component>
      <object_component id="oc-3d1">
         <name>.text:__c6xabi_divul</name>
         <load_address>0x8049a0</load_address>
         <run_address>0x8049a0</run_address>
         <size>0x1e0</size>
         <input_file_ref idref="fl-44"/>
      </object_component>
      <object_component id="oc-39c">
         <name>.text:HOSTrename</name>
         <load_address>0x804b80</load_address>
         <run_address>0x804b80</run_address>
         <size>0x1a0</size>
         <input_file_ref idref="fl-4c"/>
      </object_component>
      <object_component id="oc-2c1">
         <name>.text:_pconv_a</name>
         <load_address>0x804d20</load_address>
         <run_address>0x804d20</run_address>
         <size>0x1a0</size>
         <input_file_ref idref="fl-38"/>
      </object_component>
      <object_component id="oc-33b">
         <name>.text:frexp</name>
         <load_address>0x804ec0</load_address>
         <run_address>0x804ec0</run_address>
         <size>0x1a0</size>
         <input_file_ref idref="fl-43"/>
      </object_component>
      <object_component id="oc-2f1">
         <name>.text:malloc</name>
         <load_address>0x805060</load_address>
         <run_address>0x805060</run_address>
         <size>0x180</size>
         <input_file_ref idref="fl-54"/>
      </object_component>
      <object_component id="oc-49">
         <name>.text:__TI_decompress_rle_core</name>
         <load_address>0x8051e0</load_address>
         <run_address>0x8051e0</run_address>
         <size>0x160</size>
         <input_file_ref idref="fl-2a"/>
      </object_component>
      <object_component id="oc-326">
         <name>.text:_mcpy</name>
         <load_address>0x805340</load_address>
         <run_address>0x805340</run_address>
         <size>0x160</size>
         <input_file_ref idref="fl-38"/>
      </object_component>
      <object_component id="oc-358">
         <name>.text:__TI_closefile</name>
         <load_address>0x8054a0</load_address>
         <run_address>0x8054a0</run_address>
         <size>0x140</size>
         <input_file_ref idref="fl-55"/>
      </object_component>
      <object_component id="oc-6e">
         <name>.text:_auto_init_elf</name>
         <load_address>0x8055e0</load_address>
         <run_address>0x8055e0</run_address>
         <size>0x140</size>
         <input_file_ref idref="fl-3c"/>
      </object_component>
      <object_component id="oc-415">
         <name>.text:getdevice</name>
         <load_address>0x805720</load_address>
         <run_address>0x805720</run_address>
         <size>0x140</size>
         <input_file_ref idref="fl-47"/>
      </object_component>
      <object_component id="oc-3b9">
         <name>.text:ldexp</name>
         <load_address>0x805860</load_address>
         <run_address>0x805860</run_address>
         <size>0x140</size>
         <input_file_ref idref="fl-46"/>
      </object_component>
      <object_component id="oc-285">
         <name>.text:fseek</name>
         <load_address>0x8059a0</load_address>
         <run_address>0x8059a0</run_address>
         <size>0x120</size>
         <input_file_ref idref="fl-51"/>
      </object_component>
      <object_component id="oc-390">
         <name>.text:HOSTlseek</name>
         <load_address>0x805ac0</load_address>
         <run_address>0x805ac0</run_address>
         <size>0x100</size>
         <input_file_ref idref="fl-4c"/>
      </object_component>
      <object_component id="oc-24b">
         <name>.text:__TI_wrt_ok</name>
         <load_address>0x805bc0</load_address>
         <run_address>0x805bc0</run_address>
         <size>0x100</size>
         <input_file_ref idref="fl-4e"/>
      </object_component>
      <object_component id="oc-2cf">
         <name>.text:_ltostr</name>
         <load_address>0x805cc0</load_address>
         <run_address>0x805cc0</run_address>
         <size>0x100</size>
         <input_file_ref idref="fl-38"/>
      </object_component>
      <object_component id="oc-208">
         <name>.text:_pproc_fflags</name>
         <load_address>0x805dc0</load_address>
         <run_address>0x805dc0</run_address>
         <size>0x100</size>
         <input_file_ref idref="fl-38"/>
      </object_component>
      <object_component id="oc-262">
         <name>.text:atoi</name>
         <load_address>0x805ec0</load_address>
         <run_address>0x805ec0</run_address>
         <size>0x100</size>
         <input_file_ref idref="fl-3b"/>
      </object_component>
      <object_component id="oc-a0">
         <name>.text:copy_in</name>
         <load_address>0x805fc0</load_address>
         <run_address>0x805fc0</run_address>
         <size>0x100</size>
         <input_file_ref idref="fl-3d"/>
      </object_component>
      <object_component id="oc-378">
         <name>.text:HOSTopen</name>
         <load_address>0x8060c0</load_address>
         <run_address>0x8060c0</run_address>
         <size>0xe0</size>
         <input_file_ref idref="fl-4c"/>
      </object_component>
      <object_component id="oc-38a">
         <name>.text:HOSTwrite</name>
         <load_address>0x8061a0</load_address>
         <run_address>0x8061a0</run_address>
         <size>0xe0</size>
         <input_file_ref idref="fl-4c"/>
      </object_component>
      <object_component id="oc-cd">
         <name>.text:__divi</name>
         <load_address>0x806280</load_address>
         <run_address>0x806280</run_address>
         <size>0xe0</size>
         <input_file_ref idref="fl-2d"/>
      </object_component>
      <object_component id="oc-349">
         <name>.text:_div</name>
         <load_address>0x806360</load_address>
         <run_address>0x806360</run_address>
         <size>0xe0</size>
         <input_file_ref idref="fl-38"/>
      </object_component>
      <object_component id="oc-3da">
         <name>.text:close</name>
         <load_address>0x806440</load_address>
         <run_address>0x806440</run_address>
         <size>0xe0</size>
         <input_file_ref idref="fl-47"/>
      </object_component>
      <object_component id="oc-2b">
         <name>.text:decompress:ZI:__TI_zero_init</name>
         <load_address>0x806520</load_address>
         <run_address>0x806520</run_address>
         <size>0xe0</size>
         <input_file_ref idref="fl-2b"/>
      </object_component>
      <object_component id="oc-3a6">
         <name>.text:ltoa</name>
         <load_address>0x806600</load_address>
         <run_address>0x806600</run_address>
         <size>0xe0</size>
         <input_file_ref idref="fl-48"/>
      </object_component>
      <object_component id="oc-141">
         <name>.text:memset</name>
         <load_address>0x8066e0</load_address>
         <run_address>0x8066e0</run_address>
         <size>0xe0</size>
         <input_file_ref idref="fl-34"/>
      </object_component>
      <object_component id="oc-ea">
         <name>.text:printf</name>
         <load_address>0x8067c0</load_address>
         <run_address>0x8067c0</run_address>
         <size>0xe0</size>
         <input_file_ref idref="fl-35"/>
      </object_component>
      <object_component id="oc-384">
         <name>.text:HOSTread</name>
         <load_address>0x8068a0</load_address>
         <run_address>0x8068a0</run_address>
         <size>0xc0</size>
         <input_file_ref idref="fl-4c"/>
      </object_component>
      <object_component id="oc-396">
         <name>.text:HOSTunlink</name>
         <load_address>0x806960</load_address>
         <run_address>0x806960</run_address>
         <size>0xc0</size>
         <input_file_ref idref="fl-4c"/>
      </object_component>
      <object_component id="oc-257">
         <name>.text:__TI_doflush</name>
         <load_address>0x806a20</load_address>
         <run_address>0x806a20</run_address>
         <size>0xc0</size>
         <input_file_ref idref="fl-50"/>
      </object_component>
      <object_component id="oc-3cc">
         <name>.text:__divu</name>
         <load_address>0x806ae0</load_address>
         <run_address>0x806ae0</run_address>
         <size>0xc0</size>
         <input_file_ref idref="fl-40"/>
      </object_component>
      <object_component id="oc-13c">
         <name>.text:__remi</name>
         <load_address>0x806ba0</load_address>
         <run_address>0x806ba0</run_address>
         <size>0xc0</size>
         <input_file_ref idref="fl-36"/>
      </object_component>
      <object_component id="oc-320">
         <name>.text:_ecpy</name>
         <load_address>0x806c60</load_address>
         <run_address>0x806c60</run_address>
         <size>0xc0</size>
         <input_file_ref idref="fl-38"/>
      </object_component>
      <object_component id="oc-68">
         <name>.text:exit</name>
         <load_address>0x806d20</load_address>
         <run_address>0x806d20</run_address>
         <size>0xc0</size>
         <input_file_ref idref="fl-2e"/>
      </object_component>
      <object_component id="oc-368">
         <name>.text:minsert</name>
         <load_address>0x806de0</load_address>
         <run_address>0x806de0</run_address>
         <size>0xc0</size>
         <input_file_ref idref="fl-54"/>
      </object_component>
      <object_component id="oc-362">
         <name>.text:mremove</name>
         <load_address>0x806ea0</load_address>
         <run_address>0x806ea0</run_address>
         <size>0xc0</size>
         <input_file_ref idref="fl-54"/>
      </object_component>
      <object_component id="oc-a6">
         <name>.text:tls:init:__TI_tls_init</name>
         <load_address>0x806f60</load_address>
         <run_address>0x806f60</run_address>
         <size>0xc0</size>
         <input_file_ref idref="fl-4a"/>
      </object_component>
      <object_component id="oc-37e">
         <name>.text:HOSTclose</name>
         <load_address>0x807020</load_address>
         <run_address>0x807020</run_address>
         <size>0xa0</size>
         <input_file_ref idref="fl-4c"/>
      </object_component>
      <object_component id="oc-2e5">
         <name>.text:__TI_cleanup</name>
         <load_address>0x8070c0</load_address>
         <run_address>0x8070c0</run_address>
         <size>0xa0</size>
         <input_file_ref idref="fl-53"/>
      </object_component>
      <object_component id="oc-de">
         <name>.text:__c6xabi_fltulld</name>
         <load_address>0x807160</load_address>
         <run_address>0x807160</run_address>
         <size>0xa0</size>
         <input_file_ref idref="fl-2f"/>
      </object_component>
      <object_component id="oc-333">
         <name>.text:_fcpy</name>
         <load_address>0x807200</load_address>
         <run_address>0x807200</run_address>
         <size>0xa0</size>
         <input_file_ref idref="fl-38"/>
      </object_component>
      <object_component id="oc-36f">
         <name>.text:_minit</name>
         <load_address>0x8072a0</load_address>
         <run_address>0x8072a0</run_address>
         <size>0xa0</size>
         <input_file_ref idref="fl-54"/>
      </object_component>
      <object_component id="oc-2b5">
         <name>.text:_pconv_f</name>
         <load_address>0x807340</load_address>
         <run_address>0x807340</run_address>
         <size>0xa0</size>
         <input_file_ref idref="fl-38"/>
      </object_component>
      <object_component id="oc-3d">
         <name>.text:memcpy</name>
         <load_address>0x8073e0</load_address>
         <run_address>0x8073e0</run_address>
         <size>0xa0</size>
         <input_file_ref idref="fl-33"/>
      </object_component>
      <object_component id="oc-3f7">
         <name>.text:__TI_readmsg</name>
         <load_address>0x807480</load_address>
         <run_address>0x807480</run_address>
         <size>0x80</size>
         <input_file_ref idref="fl-4d"/>
      </object_component>
      <object_component id="oc-3f1">
         <name>.text:__TI_writemsg</name>
         <load_address>0x807500</load_address>
         <run_address>0x807500</run_address>
         <size>0x80</size>
         <input_file_ref idref="fl-4d"/>
      </object_component>
      <object_component id="oc-162">
         <name>.text:__c6xabi_llshl</name>
         <load_address>0x807580</load_address>
         <run_address>0x807580</run_address>
         <size>0x80</size>
         <input_file_ref idref="fl-32"/>
      </object_component>
      <object_component id="oc-430">
         <name>.text:finddevice</name>
         <load_address>0x807600</load_address>
         <run_address>0x807600</run_address>
         <size>0x80</size>
         <input_file_ref idref="fl-47"/>
      </object_component>
      <object_component id="oc-3c5">
         <name>.text:incr_hex</name>
         <load_address>0x807680</load_address>
         <run_address>0x807680</run_address>
         <size>0x80</size>
         <input_file_ref idref="fl-38"/>
      </object_component>
      <object_component id="oc-3e0">
         <name>.text:unlink</name>
         <load_address>0x807700</load_address>
         <run_address>0x807700</run_address>
         <size>0x80</size>
         <input_file_ref idref="fl-47"/>
      </object_component>
      <object_component id="oc-177">
         <name>.text:__TI_frcmpyd_div</name>
         <load_address>0x807780</load_address>
         <run_address>0x807780</run_address>
         <size>0x60</size>
         <input_file_ref idref="fl-30"/>
      </object_component>
      <object_component id="oc-16e">
         <name>.text:__c6xabi_llshru</name>
         <load_address>0x8077e0</load_address>
         <run_address>0x8077e0</run_address>
         <size>0x60</size>
         <input_file_ref idref="fl-32"/>
      </object_component>
      <object_component id="oc-31">
         <name>.text:_c_int00</name>
         <load_address>0x807840</load_address>
         <run_address>0x807840</run_address>
         <size>0x60</size>
         <input_file_ref idref="fl-28"/>
      </object_component>
      <object_component id="oc-168">
         <name>.text:_subcull</name>
         <load_address>0x8078a0</load_address>
         <run_address>0x8078a0</run_address>
         <size>0x60</size>
         <input_file_ref idref="fl-31"/>
      </object_component>
      <object_component id="oc-2dd">
         <name>.text:lseek</name>
         <load_address>0x807900</load_address>
         <run_address>0x807900</run_address>
         <size>0x60</size>
         <input_file_ref idref="fl-47"/>
      </object_component>
      <object_component id="oc-275">
         <name>.text:memccpy</name>
         <load_address>0x807960</load_address>
         <run_address>0x807960</run_address>
         <size>0x60</size>
         <input_file_ref idref="fl-49"/>
      </object_component>
      <object_component id="oc-3bf">
         <name>.text:val_hex</name>
         <load_address>0x8079c0</load_address>
         <run_address>0x8079c0</run_address>
         <size>0x60</size>
         <input_file_ref idref="fl-38"/>
      </object_component>
      <object_component id="oc-251">
         <name>.text:write</name>
         <load_address>0x807a20</load_address>
         <run_address>0x807a20</run_address>
         <size>0x60</size>
         <input_file_ref idref="fl-47"/>
      </object_component>
      <object_component id="oc-2a9">
         <name>.text:__c6xabi_isinf</name>
         <load_address>0x807a80</load_address>
         <run_address>0x807a80</run_address>
         <size>0x40</size>
         <input_file_ref idref="fl-45"/>
      </object_component>
      <object_component id="oc-2a3">
         <name>.text:__c6xabi_isnan</name>
         <load_address>0x807ac0</load_address>
         <run_address>0x807ac0</run_address>
         <size>0x40</size>
         <input_file_ref idref="fl-38"/>
      </object_component>
      <object_component id="oc-62">
         <name>.text:_args_main</name>
         <load_address>0x807b00</load_address>
         <run_address>0x807b00</run_address>
         <size>0x40</size>
         <input_file_ref idref="fl-3a"/>
      </object_component>
      <object_component id="oc-3b1">
         <name>.text:__c6xabi_errno_addr</name>
         <load_address>0x807b40</load_address>
         <run_address>0x807b40</run_address>
         <size>0x20</size>
         <input_file_ref idref="fl-4f"/>
      </object_component>
      <object_component id="oc-1eb">
         <name>.text:_nop</name>
         <load_address>0x807b60</load_address>
         <run_address>0x807b60</run_address>
         <size>0x20</size>
         <input_file_ref idref="fl-37"/>
      </object_component>
      <object_component id="oc-191">
         <name>.text:_outc</name>
         <load_address>0x807b80</load_address>
         <run_address>0x807b80</run_address>
         <size>0x20</size>
         <input_file_ref idref="fl-35"/>
      </object_component>
      <object_component id="oc-197">
         <name>.text:_outs</name>
         <load_address>0x807ba0</load_address>
         <run_address>0x807ba0</run_address>
         <size>0x20</size>
         <input_file_ref idref="fl-35"/>
      </object_component>
      <object_component id="oc-98">
         <name>.text:abort</name>
         <load_address>0x807bc0</load_address>
         <run_address>0x807bc0</run_address>
         <size>0x20</size>
         <input_file_ref idref="fl-2e"/>
      </object_component>
      <object_component id="oc-c8">
         <name>.text:cslsys_section:tsc</name>
         <load_address>0x807be0</load_address>
         <run_address>0x807be0</run_address>
         <size>0x20</size>
         <input_file_ref idref="fl-57"/>
      </object_component>
      <object_component id="oc-1f">
         <name>.text:decompress:none:__TI_decompress_none</name>
         <load_address>0x807c00</load_address>
         <run_address>0x807c00</run_address>
         <size>0x20</size>
         <input_file_ref idref="fl-29"/>
      </object_component>
      <object_component id="oc-25">
         <name>.text:decompress:rle24:__TI_decompress_rle24</name>
         <load_address>0x807c20</load_address>
         <run_address>0x807c20</run_address>
         <size>0x20</size>
         <input_file_ref idref="fl-2a"/>
      </object_component>
      <object_component id="oc-15f">
         <name>.common:temp_img_ptr</name>
         <uninitialized>true</uninitialized>
         <run_address>0x80afc8</run_address>
         <size>0x4</size>
      </object_component>
      <object_component id="oc-c2">
         <name>.common:startVal</name>
         <uninitialized>true</uninitialized>
         <run_address>0x80afc0</run_address>
         <size>0x8</size>
      </object_component>
      <object_component id="oc-c5">
         <name>.common:endVal</name>
         <uninitialized>true</uninitialized>
         <run_address>0x80afb8</run_address>
         <size>0x8</size>
      </object_component>
      <object_component id="oc-c6">
         <name>.common:cumulative</name>
         <uninitialized>true</uninitialized>
         <run_address>0x80afb0</run_address>
         <size>0x8</size>
      </object_component>
      <object_component id="oc-3e6">
         <name>.common:__TI_tmpnams</name>
         <uninitialized>true</uninitialized>
         <run_address>0x80abb8</run_address>
         <size>0x140</size>
      </object_component>
      <object_component id="oc-3ee">
         <name>.common:parmbuf</name>
         <uninitialized>true</uninitialized>
         <run_address>0x80acf8</run_address>
         <size>0x8</size>
      </object_component>
      <object_component id="oc-95">
         <name>.fardata</name>
         <load_address>0x809c90</load_address>
         <run_address>0x809c90</run_address>
         <size>0xc</size>
         <input_file_ref idref="fl-2e"/>
      </object_component>
      <object_component id="oc-188">
         <name>.fardata:_lock</name>
         <load_address>0x809c9c</load_address>
         <run_address>0x809c9c</run_address>
         <size>0x4</size>
         <input_file_ref idref="fl-37"/>
      </object_component>
      <object_component id="oc-18b">
         <name>.fardata:_ftable</name>
         <load_address>0x80a8a8</load_address>
         <run_address>0x80a8a8</run_address>
         <size>0x1e0</size>
         <input_file_ref idref="fl-3f"/>
      </object_component>
      <object_component id="oc-293">
         <name>.fardata:_stream</name>
         <load_address>0x80aa88</load_address>
         <run_address>0x80aa88</run_address>
         <size>0xa0</size>
         <input_file_ref idref="fl-47"/>
      </object_component>
      <object_component id="oc-300">
         <name>.fardata:_device</name>
         <load_address>0x80ab28</load_address>
         <run_address>0x80ab28</run_address>
         <size>0x78</size>
         <input_file_ref idref="fl-47"/>
      </object_component>
      <object_component id="oc-35f">
         <name>.fardata</name>
         <load_address>0x80aba0</load_address>
         <run_address>0x80aba0</run_address>
         <size>0xc</size>
         <input_file_ref idref="fl-54"/>
      </object_component>
      <object_component id="oc-18e">
         <name>.fardata:_unlock</name>
         <load_address>0x80abac</load_address>
         <run_address>0x80abac</run_address>
         <size>0x4</size>
         <input_file_ref idref="fl-37"/>
      </object_component>
      <object_component id="oc-355">
         <name>.fardata</name>
         <load_address>0x80abb0</load_address>
         <run_address>0x80abb0</run_address>
         <size>0x4</size>
         <input_file_ref idref="fl-3f"/>
      </object_component>
      <object_component id="oc-406">
         <name>.fardata</name>
         <load_address>0x80abb4</load_address>
         <run_address>0x80abb4</run_address>
         <size>0x4</size>
         <input_file_ref idref="fl-4f"/>
      </object_component>
      <object_component id="oc-2c7">
         <name>.switch:_pproc_fgea</name>
         <load_address>0x80af78</load_address>
         <run_address>0x80af78</run_address>
         <size>0x38</size>
         <input_file_ref idref="fl-38"/>
      </object_component>
      <object_component id="oc-37">
         <name>.stack</name>
         <uninitialized>true</uninitialized>
         <run_address>0x807c40</run_address>
         <size>0x8</size>
         <input_file_ref idref="fl-28"/>
      </object_component>
      <object_component id="oc-46d">
         <name>.stack</name>
         <uninitialized>true</uninitialized>
         <run_address>0x807c40</run_address>
         <size>0x0</size>
      </object_component>
      <object_component id="oc-3a">
         <name>.sysmem</name>
         <uninitialized>true</uninitialized>
         <run_address>0x808c68</run_address>
         <size>0x8</size>
         <input_file_ref idref="fl-54"/>
      </object_component>
      <object_component id="oc-46e">
         <name>.sysmem</name>
         <uninitialized>true</uninitialized>
         <run_address>0x808c68</run_address>
         <size>0x0</size>
      </object_component>
      <object_component id="oc-46b">
         <name>.cinit..local_ram.load</name>
         <load_address>0x80afd0</load_address>
         <run_address>0x80afd0</run_address>
         <size>0x38d</size>
      </object_component>
      <object_component id="oc-478">
         <name>.cinit..fardata.2.load</name>
         <load_address>0x80b360</load_address>
         <run_address>0x80b360</run_address>
         <size>0x69</size>
      </object_component>
      <object_component id="oc-477">
         <name>.cinit..fardata.1.load</name>
         <load_address>0x80b3cc</load_address>
         <run_address>0x80b3cc</run_address>
         <size>0x11</size>
      </object_component>
      <object_component id="oc-466">
         <name>__TI_handler_table</name>
         <load_address>0x80b3e0</load_address>
         <run_address>0x80b3e0</run_address>
         <size>0xc</size>
      </object_component>
      <object_component id="oc-468">
         <name>.cinit..bss.load</name>
         <load_address>0x80b3ec</load_address>
         <run_address>0x80b3ec</run_address>
         <size>0x8</size>
      </object_component>
      <object_component id="oc-475">
         <name>.cinit..far.load</name>
         <load_address>0x80b3f4</load_address>
         <run_address>0x80b3f4</run_address>
         <size>0x8</size>
      </object_component>
      <object_component id="oc-46c">
         <name>.cinit..sharedram.load</name>
         <load_address>0x80b3fc</load_address>
         <run_address>0x80b3fc</run_address>
         <size>0x8</size>
      </object_component>
      <object_component id="oc-467">
         <name>__TI_cinit_table</name>
         <load_address>0x80b408</load_address>
         <run_address>0x80b408</run_address>
         <size>0x30</size>
      </object_component>
      <object_component id="oc-29e">
         <name>.const:.string:_ctypes_</name>
         <load_address>0x80ad00</load_address>
         <run_address>0x80ad00</run_address>
         <size>0x101</size>
         <input_file_ref idref="fl-3e"/>
      </object_component>
      <object_component id="oc-27b">
         <name>.const:.string</name>
         <load_address>0x80ae04</load_address>
         <run_address>0x80ae04</run_address>
         <size>0x24</size>
         <input_file_ref idref="fl-38"/>
      </object_component>
      <object_component id="oc-160">
         <name>.const:.string</name>
         <load_address>0x80ae28</load_address>
         <run_address>0x80ae28</run_address>
         <size>0x1c</size>
         <input_file_ref idref="fl-8"/>
      </object_component>
      <object_component id="oc-c7">
         <name>.const:.string</name>
         <load_address>0x80ae44</load_address>
         <run_address>0x80ae44</run_address>
         <size>0x10</size>
         <input_file_ref idref="fl-9"/>
      </object_component>
      <object_component id="oc-420">
         <name>.cio</name>
         <uninitialized>true</uninitialized>
         <run_address>0x80ae58</run_address>
         <size>0x120</size>
         <input_file_ref idref="fl-4d"/>
      </object_component>
      <object_component id="oc-159">
         <name>.local_ram:init</name>
         <load_address>0x80a500</load_address>
         <run_address>0x80a500</run_address>
         <size>0x398</size>
         <input_file_ref idref="fl-8"/>
      </object_component>
      <object_component id="oc-15c">
         <name>.local_ram:uninit</name>
         <load_address>0x80a898</load_address>
         <run_address>0x80a898</run_address>
         <size>0xc</size>
         <input_file_ref idref="fl-8"/>
      </object_component>
      <object_component id="oc-bc">
         <name>.local_ram</name>
         <load_address>0x80a8a4</load_address>
         <run_address>0x80a8a4</run_address>
         <size>0x4</size>
         <input_file_ref idref="fl-9"/>
      </object_component>
      <object_component id="oc-bf">
         <name>.sharedram</name>
         <uninitialized>true</uninitialized>
         <run_address>0x80000000</run_address>
         <size>0x44</size>
         <input_file_ref idref="fl-8"/>
      </object_component>
      <object_component id="oc-5c">
         <name>.debug_info</name>
         <load_address>0x0</load_address>
         <run_address>0x0</run_address>
         <size>0x88</size>
         <input_file_ref idref="fl-2"/>
      </object_component>
      <object_component id="oc-1c7">
         <name>.debug_info</name>
         <load_address>0x88</load_address>
         <run_address>0x88</run_address>
         <size>0x17e</size>
         <input_file_ref idref="fl-3"/>
      </object_component>
      <object_component id="oc-13a">
         <name>.debug_info</name>
         <load_address>0x206</load_address>
         <run_address>0x206</run_address>
         <size>0x172</size>
         <input_file_ref idref="fl-3"/>
      </object_component>
      <object_component id="oc-1cc">
         <name>.debug_info</name>
         <load_address>0x378</load_address>
         <run_address>0x378</run_address>
         <size>0x2fc</size>
         <input_file_ref idref="fl-4"/>
      </object_component>
      <object_component id="oc-148">
         <name>.debug_info</name>
         <load_address>0x674</load_address>
         <run_address>0x674</run_address>
         <size>0x251</size>
         <input_file_ref idref="fl-4"/>
      </object_component>
      <object_component id="oc-1c5">
         <name>.debug_info</name>
         <load_address>0x8c5</load_address>
         <run_address>0x8c5</run_address>
         <size>0x348</size>
         <input_file_ref idref="fl-5"/>
      </object_component>
      <object_component id="oc-131">
         <name>.debug_info</name>
         <load_address>0xc0d</load_address>
         <run_address>0xc0d</run_address>
         <size>0x25b</size>
         <input_file_ref idref="fl-5"/>
      </object_component>
      <object_component id="oc-1d0">
         <name>.debug_info</name>
         <load_address>0xe68</load_address>
         <run_address>0xe68</run_address>
         <size>0x2d6</size>
         <input_file_ref idref="fl-6"/>
      </object_component>
      <object_component id="oc-156">
         <name>.debug_info</name>
         <load_address>0x113e</load_address>
         <run_address>0x113e</run_address>
         <size>0x25f</size>
         <input_file_ref idref="fl-6"/>
      </object_component>
      <object_component id="oc-1ce">
         <name>.debug_info</name>
         <load_address>0x139d</load_address>
         <run_address>0x139d</run_address>
         <size>0x2f0</size>
         <input_file_ref idref="fl-7"/>
      </object_component>
      <object_component id="oc-151">
         <name>.debug_info</name>
         <load_address>0x168d</load_address>
         <run_address>0x168d</run_address>
         <size>0x201</size>
         <input_file_ref idref="fl-7"/>
      </object_component>
      <object_component id="oc-116">
         <name>.debug_info</name>
         <load_address>0x188e</load_address>
         <run_address>0x188e</run_address>
         <size>0x5da</size>
         <input_file_ref idref="fl-8"/>
      </object_component>
      <object_component id="oc-15a">
         <name>.debug_info</name>
         <load_address>0x1e68</load_address>
         <run_address>0x1e68</run_address>
         <size>0xe3</size>
         <input_file_ref idref="fl-8"/>
      </object_component>
      <object_component id="oc-c0">
         <name>.debug_info</name>
         <load_address>0x1f4b</load_address>
         <run_address>0x1f4b</run_address>
         <size>0x114</size>
         <input_file_ref idref="fl-8"/>
      </object_component>
      <object_component id="oc-15d">
         <name>.debug_info</name>
         <load_address>0x205f</load_address>
         <run_address>0x205f</run_address>
         <size>0x111</size>
         <input_file_ref idref="fl-8"/>
      </object_component>
      <object_component id="oc-d4">
         <name>.debug_info</name>
         <load_address>0x2170</load_address>
         <run_address>0x2170</run_address>
         <size>0xa6e</size>
         <input_file_ref idref="fl-8"/>
      </object_component>
      <object_component id="oc-129">
         <name>.debug_info</name>
         <load_address>0x2bde</load_address>
         <run_address>0x2bde</run_address>
         <size>0x11a</size>
         <input_file_ref idref="fl-8"/>
      </object_component>
      <object_component id="oc-1bf">
         <name>.debug_info</name>
         <load_address>0x2cf8</load_address>
         <run_address>0x2cf8</run_address>
         <size>0xc8</size>
         <input_file_ref idref="fl-8"/>
      </object_component>
      <object_component id="oc-f1">
         <name>.debug_info</name>
         <load_address>0x2dc0</load_address>
         <run_address>0x2dc0</run_address>
         <size>0xbb</size>
         <input_file_ref idref="fl-8"/>
      </object_component>
      <object_component id="oc-124">
         <name>.debug_info</name>
         <load_address>0x2e7b</load_address>
         <run_address>0x2e7b</run_address>
         <size>0x1d9</size>
         <input_file_ref idref="fl-8"/>
      </object_component>
      <object_component id="oc-1ba">
         <name>.debug_info</name>
         <load_address>0x3054</load_address>
         <run_address>0x3054</run_address>
         <size>0xac</size>
         <input_file_ref idref="fl-8"/>
      </object_component>
      <object_component id="oc-222">
         <name>.debug_info</name>
         <load_address>0x3100</load_address>
         <run_address>0x3100</run_address>
         <size>0x2c</size>
         <input_file_ref idref="fl-8"/>
      </object_component>
      <object_component id="oc-c3">
         <name>.debug_info</name>
         <load_address>0x312c</load_address>
         <run_address>0x312c</run_address>
         <size>0x493</size>
         <input_file_ref idref="fl-9"/>
      </object_component>
      <object_component id="oc-bd">
         <name>.debug_info</name>
         <load_address>0x35bf</load_address>
         <run_address>0x35bf</run_address>
         <size>0xb9</size>
         <input_file_ref idref="fl-9"/>
      </object_component>
      <object_component id="oc-8f">
         <name>.debug_info</name>
         <load_address>0x3678</load_address>
         <run_address>0x3678</run_address>
         <size>0x26e</size>
         <input_file_ref idref="fl-9"/>
      </object_component>
      <object_component id="oc-11a">
         <name>.debug_info</name>
         <load_address>0x38e6</load_address>
         <run_address>0x38e6</run_address>
         <size>0x17b</size>
         <input_file_ref idref="fl-9"/>
      </object_component>
      <object_component id="oc-11f">
         <name>.debug_info</name>
         <load_address>0x3a61</load_address>
         <run_address>0x3a61</run_address>
         <size>0x598</size>
         <input_file_ref idref="fl-9"/>
      </object_component>
      <object_component id="oc-77">
         <name>.debug_info</name>
         <load_address>0x3ff9</load_address>
         <run_address>0x3ff9</run_address>
         <size>0x13b</size>
         <input_file_ref idref="fl-28"/>
      </object_component>
      <object_component id="oc-38">
         <name>.debug_info</name>
         <load_address>0x4134</load_address>
         <run_address>0x4134</run_address>
         <size>0xec</size>
         <input_file_ref idref="fl-28"/>
      </object_component>
      <object_component id="oc-33">
         <name>.debug_info</name>
         <load_address>0x4220</load_address>
         <run_address>0x4220</run_address>
         <size>0x151</size>
         <input_file_ref idref="fl-28"/>
      </object_component>
      <object_component id="oc-48">
         <name>.debug_info</name>
         <load_address>0x4371</load_address>
         <run_address>0x4371</run_address>
         <size>0x132</size>
         <input_file_ref idref="fl-29"/>
      </object_component>
      <object_component id="oc-20">
         <name>.debug_info</name>
         <load_address>0x44a3</load_address>
         <run_address>0x44a3</run_address>
         <size>0x1c3</size>
         <input_file_ref idref="fl-29"/>
      </object_component>
      <object_component id="oc-43">
         <name>.debug_info</name>
         <load_address>0x4666</load_address>
         <run_address>0x4666</run_address>
         <size>0x46</size>
         <input_file_ref idref="fl-29"/>
      </object_component>
      <object_component id="oc-7c">
         <name>.debug_info</name>
         <load_address>0x46ac</load_address>
         <run_address>0x46ac</run_address>
         <size>0x2c</size>
         <input_file_ref idref="fl-29"/>
      </object_component>
      <object_component id="oc-50">
         <name>.debug_info</name>
         <load_address>0x46d8</load_address>
         <run_address>0x46d8</run_address>
         <size>0x22c</size>
         <input_file_ref idref="fl-2a"/>
      </object_component>
      <object_component id="oc-4d">
         <name>.debug_info</name>
         <load_address>0x4904</load_address>
         <run_address>0x4904</run_address>
         <size>0x2d4</size>
         <input_file_ref idref="fl-2a"/>
      </object_component>
      <object_component id="oc-29">
         <name>.debug_info</name>
         <load_address>0x4bd8</load_address>
         <run_address>0x4bd8</run_address>
         <size>0x1ad</size>
         <input_file_ref idref="fl-2a"/>
      </object_component>
      <object_component id="oc-51">
         <name>.debug_info</name>
         <load_address>0x4d85</load_address>
         <run_address>0x4d85</run_address>
         <size>0x39</size>
         <input_file_ref idref="fl-2a"/>
      </object_component>
      <object_component id="oc-86">
         <name>.debug_info</name>
         <load_address>0x4dbe</load_address>
         <run_address>0x4dbe</run_address>
         <size>0x2c</size>
         <input_file_ref idref="fl-2a"/>
      </object_component>
      <object_component id="oc-61">
         <name>.debug_info</name>
         <load_address>0x4dea</load_address>
         <run_address>0x4dea</run_address>
         <size>0x222</size>
         <input_file_ref idref="fl-2b"/>
      </object_component>
      <object_component id="oc-2c">
         <name>.debug_info</name>
         <load_address>0x500c</load_address>
         <run_address>0x500c</run_address>
         <size>0x21b</size>
         <input_file_ref idref="fl-2b"/>
      </object_component>
      <object_component id="oc-57">
         <name>.debug_info</name>
         <load_address>0x5227</load_address>
         <run_address>0x5227</run_address>
         <size>0x46</size>
         <input_file_ref idref="fl-2b"/>
      </object_component>
      <object_component id="oc-e6">
         <name>.debug_info</name>
         <load_address>0x526d</load_address>
         <run_address>0x526d</run_address>
         <size>0x233</size>
         <input_file_ref idref="fl-2c"/>
      </object_component>
      <object_component id="oc-17e">
         <name>.debug_info</name>
         <load_address>0x54a0</load_address>
         <run_address>0x54a0</run_address>
         <size>0x7f</size>
         <input_file_ref idref="fl-2c"/>
      </object_component>
      <object_component id="oc-183">
         <name>.debug_info</name>
         <load_address>0x551f</load_address>
         <run_address>0x551f</run_address>
         <size>0x60</size>
         <input_file_ref idref="fl-2c"/>
      </object_component>
      <object_component id="oc-ce">
         <name>.debug_info</name>
         <load_address>0x557f</load_address>
         <run_address>0x557f</run_address>
         <size>0x10b</size>
         <input_file_ref idref="fl-2d"/>
      </object_component>
      <object_component id="oc-9f">
         <name>.debug_info</name>
         <load_address>0x568a</load_address>
         <run_address>0x568a</run_address>
         <size>0x154</size>
         <input_file_ref idref="fl-2e"/>
      </object_component>
      <object_component id="oc-96">
         <name>.debug_info</name>
         <load_address>0x57de</load_address>
         <run_address>0x57de</run_address>
         <size>0x17c</size>
         <input_file_ref idref="fl-2e"/>
      </object_component>
      <object_component id="oc-9b">
         <name>.debug_info</name>
         <load_address>0x595a</load_address>
         <run_address>0x595a</run_address>
         <size>0x10e</size>
         <input_file_ref idref="fl-2e"/>
      </object_component>
      <object_component id="oc-69">
         <name>.debug_info</name>
         <load_address>0x5a68</load_address>
         <run_address>0x5a68</run_address>
         <size>0x16e</size>
         <input_file_ref idref="fl-2e"/>
      </object_component>
      <object_component id="oc-e2">
         <name>.debug_info</name>
         <load_address>0x5bd6</load_address>
         <run_address>0x5bd6</run_address>
         <size>0x184</size>
         <input_file_ref idref="fl-2f"/>
      </object_component>
      <object_component id="oc-179">
         <name>.debug_info</name>
         <load_address>0x5d5a</load_address>
         <run_address>0x5d5a</run_address>
         <size>0x15e</size>
         <input_file_ref idref="fl-30"/>
      </object_component>
      <object_component id="oc-1d6">
         <name>.debug_info</name>
         <load_address>0x5eb8</load_address>
         <run_address>0x5eb8</run_address>
         <size>0x2c</size>
         <input_file_ref idref="fl-30"/>
      </object_component>
      <object_component id="oc-1e6">
         <name>.debug_info</name>
         <load_address>0x5ee4</load_address>
         <run_address>0x5ee4</run_address>
         <size>0x2c</size>
         <input_file_ref idref="fl-30"/>
      </object_component>
      <object_component id="oc-175">
         <name>.debug_info</name>
         <load_address>0x5f10</load_address>
         <run_address>0x5f10</run_address>
         <size>0x121</size>
         <input_file_ref idref="fl-31"/>
      </object_component>
      <object_component id="oc-16b">
         <name>.debug_info</name>
         <load_address>0x6031</load_address>
         <run_address>0x6031</run_address>
         <size>0x170</size>
         <input_file_ref idref="fl-31"/>
      </object_component>
      <object_component id="oc-da">
         <name>.debug_info</name>
         <load_address>0x61a1</load_address>
         <run_address>0x61a1</run_address>
         <size>0x247</size>
         <input_file_ref idref="fl-31"/>
      </object_component>
      <object_component id="oc-1e0">
         <name>.debug_info</name>
         <load_address>0x63e8</load_address>
         <run_address>0x63e8</run_address>
         <size>0x103</size>
         <input_file_ref idref="fl-32"/>
      </object_component>
      <object_component id="oc-170">
         <name>.debug_info</name>
         <load_address>0x64eb</load_address>
         <run_address>0x64eb</run_address>
         <size>0x195</size>
         <input_file_ref idref="fl-32"/>
      </object_component>
      <object_component id="oc-165">
         <name>.debug_info</name>
         <load_address>0x6680</load_address>
         <run_address>0x6680</run_address>
         <size>0x182</size>
         <input_file_ref idref="fl-32"/>
      </object_component>
      <object_component id="oc-1db">
         <name>.debug_info</name>
         <load_address>0x6802</load_address>
         <run_address>0x6802</run_address>
         <size>0x2c</size>
         <input_file_ref idref="fl-32"/>
      </object_component>
      <object_component id="oc-3e">
         <name>.debug_info</name>
         <load_address>0x682e</load_address>
         <run_address>0x682e</run_address>
         <size>0x118</size>
         <input_file_ref idref="fl-33"/>
      </object_component>
      <object_component id="oc-1ca">
         <name>.debug_info</name>
         <load_address>0x6946</load_address>
         <run_address>0x6946</run_address>
         <size>0x205</size>
         <input_file_ref idref="fl-34"/>
      </object_component>
      <object_component id="oc-145">
         <name>.debug_info</name>
         <load_address>0x6b4b</load_address>
         <run_address>0x6b4b</run_address>
         <size>0x21a</size>
         <input_file_ref idref="fl-34"/>
      </object_component>
      <object_component id="oc-1a4">
         <name>.debug_info</name>
         <load_address>0x6d65</load_address>
         <run_address>0x6d65</run_address>
         <size>0x222</size>
         <input_file_ref idref="fl-35"/>
      </object_component>
      <object_component id="oc-194">
         <name>.debug_info</name>
         <load_address>0x6f87</load_address>
         <run_address>0x6f87</run_address>
         <size>0x143</size>
         <input_file_ref idref="fl-35"/>
      </object_component>
      <object_component id="oc-19a">
         <name>.debug_info</name>
         <load_address>0x70ca</load_address>
         <run_address>0x70ca</run_address>
         <size>0x152</size>
         <input_file_ref idref="fl-35"/>
      </object_component>
      <object_component id="oc-ed">
         <name>.debug_info</name>
         <load_address>0x721c</load_address>
         <run_address>0x721c</run_address>
         <size>0x18f</size>
         <input_file_ref idref="fl-35"/>
      </object_component>
      <object_component id="oc-233">
         <name>.debug_info</name>
         <load_address>0x73ab</load_address>
         <run_address>0x73ab</run_address>
         <size>0xae</size>
         <input_file_ref idref="fl-35"/>
      </object_component>
      <object_component id="oc-13f">
         <name>.debug_info</name>
         <load_address>0x7459</load_address>
         <run_address>0x7459</run_address>
         <size>0x10b</size>
         <input_file_ref idref="fl-36"/>
      </object_component>
      <object_component id="oc-1f3">
         <name>.debug_info</name>
         <load_address>0x7564</load_address>
         <run_address>0x7564</run_address>
         <size>0xe5</size>
         <input_file_ref idref="fl-37"/>
      </object_component>
      <object_component id="oc-189">
         <name>.debug_info</name>
         <load_address>0x7649</load_address>
         <run_address>0x7649</run_address>
         <size>0xeb</size>
         <input_file_ref idref="fl-37"/>
      </object_component>
      <object_component id="oc-18f">
         <name>.debug_info</name>
         <load_address>0x7734</load_address>
         <run_address>0x7734</run_address>
         <size>0xef</size>
         <input_file_ref idref="fl-37"/>
      </object_component>
      <object_component id="oc-1ef">
         <name>.debug_info</name>
         <load_address>0x7823</load_address>
         <run_address>0x7823</run_address>
         <size>0x11a</size>
         <input_file_ref idref="fl-37"/>
      </object_component>
      <object_component id="oc-221">
         <name>.debug_info</name>
         <load_address>0x793d</load_address>
         <run_address>0x793d</run_address>
         <size>0x2c6</size>
         <input_file_ref idref="fl-38"/>
      </object_component>
      <object_component id="oc-209">
         <name>.debug_info</name>
         <load_address>0x7c03</load_address>
         <run_address>0x7c03</run_address>
         <size>0x198</size>
         <input_file_ref idref="fl-38"/>
      </object_component>
      <object_component id="oc-210">
         <name>.debug_info</name>
         <load_address>0x7d9b</load_address>
         <run_address>0x7d9b</run_address>
         <size>0x209</size>
         <input_file_ref idref="fl-38"/>
      </object_component>
      <object_component id="oc-2cb">
         <name>.debug_info</name>
         <load_address>0x7fa4</load_address>
         <run_address>0x7fa4</run_address>
         <size>0x224</size>
         <input_file_ref idref="fl-38"/>
      </object_component>
      <object_component id="oc-34b">
         <name>.debug_info</name>
         <load_address>0x81c8</load_address>
         <run_address>0x81c8</run_address>
         <size>0x1b0</size>
         <input_file_ref idref="fl-38"/>
      </object_component>
      <object_component id="oc-2d1">
         <name>.debug_info</name>
         <load_address>0x8378</load_address>
         <run_address>0x8378</run_address>
         <size>0x1df</size>
         <input_file_ref idref="fl-38"/>
      </object_component>
      <object_component id="oc-271">
         <name>.debug_info</name>
         <load_address>0x8557</load_address>
         <run_address>0x8557</run_address>
         <size>0x24c</size>
         <input_file_ref idref="fl-38"/>
      </object_component>
      <object_component id="oc-2a5">
         <name>.debug_info</name>
         <load_address>0x87a3</load_address>
         <run_address>0x87a3</run_address>
         <size>0x226</size>
         <input_file_ref idref="fl-38"/>
      </object_component>
      <object_component id="oc-31c">
         <name>.debug_info</name>
         <load_address>0x89c9</load_address>
         <run_address>0x89c9</run_address>
         <size>0x229</size>
         <input_file_ref idref="fl-38"/>
      </object_component>
      <object_component id="oc-322">
         <name>.debug_info</name>
         <load_address>0x8bf2</load_address>
         <run_address>0x8bf2</run_address>
         <size>0x19f</size>
         <input_file_ref idref="fl-38"/>
      </object_component>
      <object_component id="oc-328">
         <name>.debug_info</name>
         <load_address>0x8d91</load_address>
         <run_address>0x8d91</run_address>
         <size>0x216</size>
         <input_file_ref idref="fl-38"/>
      </object_component>
      <object_component id="oc-2b1">
         <name>.debug_info</name>
         <load_address>0x8fa7</load_address>
         <run_address>0x8fa7</run_address>
         <size>0x256</size>
         <input_file_ref idref="fl-38"/>
      </object_component>
      <object_component id="oc-32e">
         <name>.debug_info</name>
         <load_address>0x91fd</load_address>
         <run_address>0x91fd</run_address>
         <size>0x221</size>
         <input_file_ref idref="fl-38"/>
      </object_component>
      <object_component id="oc-334">
         <name>.debug_info</name>
         <load_address>0x941e</load_address>
         <run_address>0x941e</run_address>
         <size>0x1fb</size>
         <input_file_ref idref="fl-38"/>
      </object_component>
      <object_component id="oc-2b6">
         <name>.debug_info</name>
         <load_address>0x9619</load_address>
         <run_address>0x9619</run_address>
         <size>0x20f</size>
         <input_file_ref idref="fl-38"/>
      </object_component>
      <object_component id="oc-2bc">
         <name>.debug_info</name>
         <load_address>0x9828</load_address>
         <run_address>0x9828</run_address>
         <size>0x27b</size>
         <input_file_ref idref="fl-38"/>
      </object_component>
      <object_component id="oc-3c0">
         <name>.debug_info</name>
         <load_address>0x9aa3</load_address>
         <run_address>0x9aa3</run_address>
         <size>0x1ad</size>
         <input_file_ref idref="fl-38"/>
      </object_component>
      <object_component id="oc-3c6">
         <name>.debug_info</name>
         <load_address>0x9c50</load_address>
         <run_address>0x9c50</run_address>
         <size>0x1b8</size>
         <input_file_ref idref="fl-38"/>
      </object_component>
      <object_component id="oc-342">
         <name>.debug_info</name>
         <load_address>0x9e08</load_address>
         <run_address>0x9e08</run_address>
         <size>0x2a6</size>
         <input_file_ref idref="fl-38"/>
      </object_component>
      <object_component id="oc-2c2">
         <name>.debug_info</name>
         <load_address>0xa0ae</load_address>
         <run_address>0xa0ae</run_address>
         <size>0x23e</size>
         <input_file_ref idref="fl-38"/>
      </object_component>
      <object_component id="oc-26a">
         <name>.debug_info</name>
         <load_address>0xa2ec</load_address>
         <run_address>0xa2ec</run_address>
         <size>0x284</size>
         <input_file_ref idref="fl-38"/>
      </object_component>
      <object_component id="oc-215">
         <name>.debug_info</name>
         <load_address>0xa570</load_address>
         <run_address>0xa570</run_address>
         <size>0x30e</size>
         <input_file_ref idref="fl-38"/>
      </object_component>
      <object_component id="oc-21b">
         <name>.debug_info</name>
         <load_address>0xa87e</load_address>
         <run_address>0xa87e</run_address>
         <size>0x27f</size>
         <input_file_ref idref="fl-38"/>
      </object_component>
      <object_component id="oc-19e">
         <name>.debug_info</name>
         <load_address>0xaafd</load_address>
         <run_address>0xaafd</run_address>
         <size>0x2b8</size>
         <input_file_ref idref="fl-38"/>
      </object_component>
      <object_component id="oc-22c">
         <name>.debug_info</name>
         <load_address>0xadb5</load_address>
         <run_address>0xadb5</run_address>
         <size>0x86</size>
         <input_file_ref idref="fl-38"/>
      </object_component>
      <object_component id="oc-227">
         <name>.debug_info</name>
         <load_address>0xae3b</load_address>
         <run_address>0xae3b</run_address>
         <size>0x2c</size>
         <input_file_ref idref="fl-38"/>
      </object_component>
      <object_component id="oc-2d8">
         <name>.debug_info</name>
         <load_address>0xae67</load_address>
         <run_address>0xae67</run_address>
         <size>0x46</size>
         <input_file_ref idref="fl-38"/>
      </object_component>
      <object_component id="oc-280">
         <name>.debug_info</name>
         <load_address>0xaead</load_address>
         <run_address>0xaead</run_address>
         <size>0x39</size>
         <input_file_ref idref="fl-38"/>
      </object_component>
      <object_component id="oc-94">
         <name>.debug_info</name>
         <load_address>0xaee6</load_address>
         <run_address>0xaee6</run_address>
         <size>0x15d</size>
         <input_file_ref idref="fl-3a"/>
      </object_component>
      <object_component id="oc-64">
         <name>.debug_info</name>
         <load_address>0xb043</load_address>
         <run_address>0xb043</run_address>
         <size>0x15e</size>
         <input_file_ref idref="fl-3a"/>
      </object_component>
      <object_component id="oc-f8">
         <name>.debug_info</name>
         <load_address>0xb1a1</load_address>
         <run_address>0xb1a1</run_address>
         <size>0x5e</size>
         <input_file_ref idref="fl-3a"/>
      </object_component>
      <object_component id="oc-2a2">
         <name>.debug_info</name>
         <load_address>0xb1ff</load_address>
         <run_address>0xb1ff</run_address>
         <size>0x10b</size>
         <input_file_ref idref="fl-3b"/>
      </object_component>
      <object_component id="oc-266">
         <name>.debug_info</name>
         <load_address>0xb30a</load_address>
         <run_address>0xb30a</run_address>
         <size>0x169</size>
         <input_file_ref idref="fl-3b"/>
      </object_component>
      <object_component id="oc-ad">
         <name>.debug_info</name>
         <load_address>0xb473</load_address>
         <run_address>0xb473</run_address>
         <size>0x303</size>
         <input_file_ref idref="fl-3c"/>
      </object_component>
      <object_component id="oc-72">
         <name>.debug_info</name>
         <load_address>0xb776</load_address>
         <run_address>0xb776</run_address>
         <size>0x19d</size>
         <input_file_ref idref="fl-3c"/>
      </object_component>
      <object_component id="oc-108">
         <name>.debug_info</name>
         <load_address>0xb913</load_address>
         <run_address>0xb913</run_address>
         <size>0x39</size>
         <input_file_ref idref="fl-3c"/>
      </object_component>
      <object_component id="oc-10d">
         <name>.debug_info</name>
         <load_address>0xb94c</load_address>
         <run_address>0xb94c</run_address>
         <size>0xcd</size>
         <input_file_ref idref="fl-3c"/>
      </object_component>
      <object_component id="oc-103">
         <name>.debug_info</name>
         <load_address>0xba19</load_address>
         <run_address>0xba19</run_address>
         <size>0x1d7</size>
         <input_file_ref idref="fl-3d"/>
      </object_component>
      <object_component id="oc-a2">
         <name>.debug_info</name>
         <load_address>0xbbf0</load_address>
         <run_address>0xbbf0</run_address>
         <size>0x193</size>
         <input_file_ref idref="fl-3d"/>
      </object_component>
      <object_component id="oc-1a7">
         <name>.debug_info</name>
         <load_address>0xbd83</load_address>
         <run_address>0xbd83</run_address>
         <size>0x2c</size>
         <input_file_ref idref="fl-3d"/>
      </object_component>
      <object_component id="oc-315">
         <name>.debug_info</name>
         <load_address>0xbdaf</load_address>
         <run_address>0xbdaf</run_address>
         <size>0xe5</size>
         <input_file_ref idref="fl-3e"/>
      </object_component>
      <object_component id="oc-29f">
         <name>.debug_info</name>
         <load_address>0xbe94</load_address>
         <run_address>0xbe94</run_address>
         <size>0xf1</size>
         <input_file_ref idref="fl-3e"/>
      </object_component>
      <object_component id="oc-1f6">
         <name>.debug_info</name>
         <load_address>0xbf85</load_address>
         <run_address>0xbf85</run_address>
         <size>0x12c</size>
         <input_file_ref idref="fl-3f"/>
      </object_component>
      <object_component id="oc-18c">
         <name>.debug_info</name>
         <load_address>0xc0b1</load_address>
         <run_address>0xc0b1</run_address>
         <size>0xee</size>
         <input_file_ref idref="fl-3f"/>
      </object_component>
      <object_component id="oc-356">
         <name>.debug_info</name>
         <load_address>0xc19f</load_address>
         <run_address>0xc19f</run_address>
         <size>0xf6</size>
         <input_file_ref idref="fl-3f"/>
      </object_component>
      <object_component id="oc-3cd">
         <name>.debug_info</name>
         <load_address>0xc295</load_address>
         <run_address>0xc295</run_address>
         <size>0x10b</size>
         <input_file_ref idref="fl-40"/>
      </object_component>
      <object_component id="oc-25e">
         <name>.debug_info</name>
         <load_address>0xc3a0</load_address>
         <run_address>0xc3a0</run_address>
         <size>0x1d6</size>
         <input_file_ref idref="fl-41"/>
      </object_component>
      <object_component id="oc-1fc">
         <name>.debug_info</name>
         <load_address>0xc576</load_address>
         <run_address>0xc576</run_address>
         <size>0x1fd</size>
         <input_file_ref idref="fl-41"/>
      </object_component>
      <object_component id="oc-260">
         <name>.debug_info</name>
         <load_address>0xc773</load_address>
         <run_address>0xc773</run_address>
         <size>0x224</size>
         <input_file_ref idref="fl-42"/>
      </object_component>
      <object_component id="oc-202">
         <name>.debug_info</name>
         <load_address>0xc997</load_address>
         <run_address>0xc997</run_address>
         <size>0x30d</size>
         <input_file_ref idref="fl-42"/>
      </object_component>
      <object_component id="oc-3b8">
         <name>.debug_info</name>
         <load_address>0xcca4</load_address>
         <run_address>0xcca4</run_address>
         <size>0x16f</size>
         <input_file_ref idref="fl-43"/>
      </object_component>
      <object_component id="oc-33f">
         <name>.debug_info</name>
         <load_address>0xce13</load_address>
         <run_address>0xce13</run_address>
         <size>0x1dd</size>
         <input_file_ref idref="fl-43"/>
      </object_component>
      <object_component id="oc-413">
         <name>.debug_info</name>
         <load_address>0xcff0</load_address>
         <run_address>0xcff0</run_address>
         <size>0x121</size>
         <input_file_ref idref="fl-44"/>
      </object_component>
      <object_component id="oc-3d4">
         <name>.debug_info</name>
         <load_address>0xd111</load_address>
         <run_address>0xd111</run_address>
         <size>0x1cc</size>
         <input_file_ref idref="fl-44"/>
      </object_component>
      <object_component id="oc-2ab">
         <name>.debug_info</name>
         <load_address>0xd2dd</load_address>
         <run_address>0xd2dd</run_address>
         <size>0x13d</size>
         <input_file_ref idref="fl-45"/>
      </object_component>
      <object_component id="oc-40e">
         <name>.debug_info</name>
         <load_address>0xd41a</load_address>
         <run_address>0xd41a</run_address>
         <size>0x16f</size>
         <input_file_ref idref="fl-46"/>
      </object_component>
      <object_component id="oc-3bc">
         <name>.debug_info</name>
         <load_address>0xd589</load_address>
         <run_address>0xd589</run_address>
         <size>0x19a</size>
         <input_file_ref idref="fl-46"/>
      </object_component>
      <object_component id="oc-297">
         <name>.debug_info</name>
         <load_address>0xd723</load_address>
         <run_address>0xd723</run_address>
         <size>0x39e</size>
         <input_file_ref idref="fl-47"/>
      </object_component>
      <object_component id="oc-301">
         <name>.debug_info</name>
         <load_address>0xdac1</load_address>
         <run_address>0xdac1</run_address>
         <size>0xef</size>
         <input_file_ref idref="fl-47"/>
      </object_component>
      <object_component id="oc-294">
         <name>.debug_info</name>
[...]
            <load_size>0x11</load_size>
            <run_address>0x809c90</run_address>
            <run_size>0x10</run_size>
            <compression>rle</compression>
         </cprec>
         <cprec>
            <name>.bss</name>
            <load_address>0x80b3ec</load_address>
            <load_size>0x8</load_size>
            <run_address>0x80afb0</run_address>
            <run_size>0x1c</run_size>
            <compression>zero_init</compression>
         </cprec>
         <cprec>
            <name>.far</name>
            <load_address>0x80b3f4</load_address>
            <load_size>0x8</load_size>
            <run_address>0x80abb8</run_address>
            <run_size>0x148</run_size>
            <compression>zero_init</compression>
         </cprec>
         <cprec>
            <name>.sharedram</name>
            <load_address>0x80b3fc</load_address>
            <load_size>0x8</load_size>
            <run_address>0x80000000</run_address>
            <run_size>0x44</run_size>
            <compression>zero_init</compression>
         </cprec>
      </cptbl>
   </cptbl_list>
   <handler_table>
      <handler_table_name>__TI_handler_table</handler_table_name>
      <handler>
         <index>0x0</index>
         <name>__TI_zero_init</name>
      </handler>
      <handler>
         <index>0x1</index>
         <name>__TI_decompress_rle24</name>
      </handler>
      <handler>
         <index>0x2</index>
         <name>__TI_decompress_none</name>
      </handler>
   </handler_table>
   <symbol_table>
      <symbol id="sm-1">
         <name>_kernel_size</name>
         <value>0x860</value>
      </symbol>
      <symbol id="sm-2">
         <name>_argsize</name>
         <value>0x200</value>
      </symbol>
      <symbol id="sm-3">
         <name>const_start</name>
         <value>0x80ad00</value>
      </symbol>
      <symbol id="sm-4">
         <name>const_size</name>
         <value>0x154</value>
      </symbol>
      <symbol id="sm-5">
         <name>__TI_CINIT_Base</name>
         <value>0x80b408</value>
      </symbol>
      <symbol id="sm-6">
         <name>__TI_CINIT_Limit</name>
         <value>0x80b438</value>
      </symbol>
      <symbol id="sm-7">
         <name>__TI_Handler_Table_Base</name>
         <value>0x80b3e0</value>
      </symbol>
      <symbol id="sm-8">
         <name>__TI_Handler_Table_Limit</name>
         <value>0x80b3ec</value>
      </symbol>
      <symbol id="sm-9">
         <name>binit</name>
         <value>0xffffffff</value>
      </symbol>
      <symbol id="sm-a">
         <name>__binit__</name>
         <value>0xffffffff</value>
      </symbol>
      <symbol id="sm-b">
         <name>__TI_STACK_SIZE</name>
         <value>0x1024</value>
      </symbol>
      <symbol id="sm-c">
         <name>__TI_STACK_END</name>
         <value>0x808c64</value>
      </symbol>
      <symbol id="sm-d">
         <name>__TI_SYSMEM_SIZE</name>
         <value>0x1024</value>
      </symbol>
      <symbol id="sm-e">
         <name>__c_args__</name>
         <value>0xffffffff</value>
      </symbol>
      <symbol id="sm-f">
         <name>__TI_pprof_out_hndl</name>
         <value>0xffffffff</value>
      </symbol>
      <symbol id="sm-10">
         <name>__TI_prof_data_start</name>
         <value>0xffffffff</value>
      </symbol>
      <symbol id="sm-11">
         <name>__TI_prof_data_size</name>
         <value>0xffffffff</value>
      </symbol>
      <symbol id="sm-49">
         <name>DSP_maxval</name>
         <value>0x80a480</value>
         <object_component_ref idref="oc-136"/>
      </symbol>
      <symbol id="sm-5a">
         <name>IMG_conv_11x11_i16s_c16s</name>
         <value>0x80a200</value>
         <object_component_ref idref="oc-147"/>
      </symbol>
      <symbol id="sm-69">
         <name>IMG_conv_3x3_i16s_c16s</name>
         <value>0x80a3a0</value>
         <object_component_ref idref="oc-130"/>
      </symbol>
      <symbol id="sm-79">
         <name>IMG_conv_5x5_i16s_c16s</name>
         <value>0x809fa0</value>
         <object_component_ref idref="oc-153"/>
      </symbol>
      <symbol id="sm-89">
         <name>IMG_conv_7x7_i16s_c16s</name>
         <value>0x809ca0</value>
         <object_component_ref idref="oc-14d"/>
      </symbol>
      <symbol id="sm-110">
         <name>Conv7x7</name>
         <value>0x800990</value>
         <object_component_ref idref="oc-d2"/>
      </symbol>
      <symbol id="sm-111">
         <name>kernel3x3</name>
         <value>0x80a500</value>
         <object_component_ref idref="oc-159"/>
      </symbol>
      <symbol id="sm-112">
         <name>MemMgr_HeapInit</name>
         <value>0x800520</value>
         <object_component_ref idref="oc-d2"/>
      </symbol>
      <symbol id="sm-113">
         <name>deeplearn</name>
         <value>0x8007f8</value>
         <object_component_ref idref="oc-d2"/>
      </symbol>
      <symbol id="sm-114">
         <name>Conv9x9</name>
         <value>0x800908</value>
         <object_component_ref idref="oc-d2"/>
      </symbol>
      <symbol id="sm-115">
         <name>dilate</name>
         <value>0x80a888</value>
         <object_component_ref idref="oc-159"/>
      </symbol>
      <symbol id="sm-116">
         <name>operateLayer1</name>
         <value>0x8001d0</value>
         <object_component_ref idref="oc-d2"/>
      </symbol>
      <symbol id="sm-117">
         <name>mem_alloc</name>
         <value>0x8004b0</value>
         <object_component_ref idref="oc-d2"/>
      </symbol>
      <symbol id="sm-118">
         <name>l1_maps</name>
         <value>0x80000000</value>
         <object_component_ref idref="oc-bf"/>
      </symbol>
      <symbol id="sm-119">
         <name>Conv5x5</name>
         <value>0x800a20</value>
         <object_component_ref idref="oc-d2"/>
      </symbol>
      <symbol id="sm-11a">
         <name>l1_maps_ptr</name>
         <value>0x80000020</value>
         <object_component_ref idref="oc-bf"/>
      </symbol>
      <symbol id="sm-11b">
         <name>total_l1_maps</name>
         <value>0x80000040</value>
         <object_component_ref idref="oc-bf"/>
      </symbol>
      <symbol id="sm-11c">
         <name>Conv3x3</name>
         <value>0x800000</value>
         <object_component_ref idref="oc-d2"/>
      </symbol>
      <symbol id="sm-161">
         <name>startVal</name>
         <value>0x80afc0</value>
      </symbol>
      <symbol id="sm-162">
         <name>endVal</name>
         <value>0x80afb8</value>
      </symbol>
      <symbol id="sm-163">
         <name>cumulative</name>
         <value>0x80afb0</value>
      </symbol>
      <symbol id="sm-164">
         <name>main</name>
         <value>0x800e78</value>
         <object_component_ref idref="oc-8d"/>
      </symbol>
      <symbol id="sm-165">
         <name>do_power_gating</name>
         <value>0x800ac0</value>
         <object_component_ref idref="oc-8d"/>
      </symbol>
      <symbol id="sm-166">
         <name>core_id</name>
         <value>0x80a8a4</value>
         <object_component_ref idref="oc-bc"/>
      </symbol>
      <symbol id="sm-17a">
         <name>_c_int00</name>
         <value>0x807840</value>
         <object_component_ref idref="oc-31"/>
      </symbol>
      <symbol id="sm-17b">
         <name>_stack</name>
         <value>0x807c40</value>
         <object_component_ref idref="oc-37"/>
      </symbol>
      <symbol id="sm-192">
         <name>__TI_decompress_none</name>
         <value>0x807c00</value>
         <object_component_ref idref="oc-1f"/>
      </symbol>
      <symbol id="sm-1ba">
         <name>__TI_decompress_rle24</name>
         <value>0x807c20</value>
         <object_component_ref idref="oc-25"/>
      </symbol>
      <symbol id="sm-1cf">
         <name>__TI_zero_init</name>
         <value>0x806520</value>
         <object_component_ref idref="oc-2b"/>
      </symbol>
      <symbol id="sm-1ee">
         <name>__c6xabi_divd</name>
         <value>0x801160</value>
         <object_component_ref idref="oc-e4"/>
      </symbol>
      <symbol id="sm-1f7">
         <name>__c6xabi_divi</name>
         <value>0x806280</value>
         <object_component_ref idref="oc-cd"/>
      </symbol>
      <symbol id="sm-1f8">
         <name>__divi</name>
         <value>0x806280</value>
         <object_component_ref idref="oc-cd"/>
      </symbol>
      <symbol id="sm-218">
         <name>C$$EXIT</name>
         <value>0x807bc0</value>
         <object_component_ref idref="oc-98"/>
      </symbol>
      <symbol id="sm-219">
         <name>abort</name>
         <value>0x807bc0</value>
         <object_component_ref idref="oc-98"/>
      </symbol>
      <symbol id="sm-21a">
         <name>exit</name>
         <value>0x806d20</value>
         <object_component_ref idref="oc-68"/>
      </symbol>
      <symbol id="sm-21b">
         <name>__TI_dtors_ptr</name>
         <value>0x809c94</value>
         <object_component_ref idref="oc-95"/>
      </symbol>
      <symbol id="sm-21c">
         <name>__TI_cleanup_ptr</name>
         <value>0x809c90</value>
         <object_component_ref idref="oc-95"/>
      </symbol>
      <symbol id="sm-21d">
         <name>__TI_enable_exit_profile_output</name>
         <value>0x809c98</value>
         <object_component_ref idref="oc-95"/>
      </symbol>
      <symbol id="sm-228">
         <name>__c6xabi_fltulld</name>
         <value>0x807160</value>
         <object_component_ref idref="oc-de"/>
      </symbol>
      <symbol id="sm-23b">
         <name>__TI_frcmpyd_div</name>
         <value>0x807780</value>
         <object_component_ref idref="oc-177"/>
      </symbol>
      <symbol id="sm-258">
         <name>_subcull</name>
         <value>0x8078a0</value>
         <object_component_ref idref="oc-168"/>
      </symbol>
      <symbol id="sm-259">
         <name>__c6xabi_divull</name>
         <value>0x803a40</value>
         <object_component_ref idref="oc-d8"/>
      </symbol>
      <symbol id="sm-273">
         <name>__c6xabi_llshru</name>
         <value>0x8077e0</value>
         <object_component_ref idref="oc-16e"/>
      </symbol>
      <symbol id="sm-274">
         <name>__c6xabi_llshl</name>
         <value>0x807580</value>
         <object_component_ref idref="oc-162"/>
      </symbol>
      <symbol id="sm-27d">
         <name>memcpy</name>
         <value>0x8073e0</value>
         <object_component_ref idref="oc-3d"/>
      </symbol>
      <symbol id="sm-28d">
         <name>memset</name>
         <value>0x8066e0</value>
         <object_component_ref idref="oc-141"/>
      </symbol>
      <symbol id="sm-2b5">
         <name>printf</name>
         <value>0x8067c0</value>
         <object_component_ref idref="oc-ea"/>
      </symbol>
      <symbol id="sm-2be">
         <name>__remi</name>
         <value>0x806ba0</value>
         <object_component_ref idref="oc-13c"/>
      </symbol>
      <symbol id="sm-2bf">
         <name>__c6xabi_remi</name>
         <value>0x806ba0</value>
         <object_component_ref idref="oc-13c"/>
      </symbol>
      <symbol id="sm-2d5">
         <name>_nop</name>
         <value>0x807b60</value>
         <object_component_ref idref="oc-1eb"/>
      </symbol>
      <symbol id="sm-2d6">
         <name>_lock</name>
         <value>0x809c9c</value>
         <object_component_ref idref="oc-188"/>
      </symbol>
      <symbol id="sm-2d7">
         <name>_unlock</name>
         <value>0x80abac</value>
         <object_component_ref idref="oc-18e"/>
      </symbol>
      <symbol id="sm-4e0">
         <name>__TI_printfi</name>
         <value>0x802280</value>
         <object_component_ref idref="oc-19d"/>
      </symbol>
      <symbol id="sm-4f3">
         <name>_args_main</name>
         <value>0x807b00</value>
         <object_component_ref idref="oc-62"/>
      </symbol>
      <symbol id="sm-507">
         <name>atoi</name>
         <value>0x805ec0</value>
         <object_component_ref idref="oc-262"/>
      </symbol>
      <symbol id="sm-527">
         <name>_auto_init_elf</name>
         <value>0x8055e0</value>
         <object_component_ref idref="oc-6e"/>
      </symbol>
      <symbol id="sm-53e">
         <name>copy_in</name>
         <value>0x805fc0</value>
         <object_component_ref idref="oc-a0"/>
      </symbol>
      <symbol id="sm-548">
         <name>_ctypes_</name>
         <value>0x80ad00</value>
         <object_component_ref idref="oc-29e"/>
      </symbol>
      <symbol id="sm-558">
         <name>__TI_tmpnams</name>
         <value>0x80abb8</value>
      </symbol>
      <symbol id="sm-559">
         <name>_ftable</name>
         <value>0x80a8a8</value>
         <object_component_ref idref="oc-18b"/>
      </symbol>
      <symbol id="sm-55a">
         <name>__TI_ft_end</name>
         <value>0x80abb0</value>
         <object_component_ref idref="oc-355"/>
      </symbol>
      <symbol id="sm-563">
         <name>__c6xabi_divu</name>
         <value>0x806ae0</value>
         <object_component_ref idref="oc-3cc"/>
      </symbol>
      <symbol id="sm-564">
         <name>__divu</name>
         <value>0x806ae0</value>
         <object_component_ref idref="oc-3cc"/>
      </symbol>
      <symbol id="sm-582">
         <name>fputc</name>
         <value>0x804580</value>
         <object_component_ref idref="oc-1fa"/>
      </symbol>
      <symbol id="sm-5ac">
         <name>fputs</name>
         <value>0x8026e0</value>
         <object_component_ref idref="oc-201"/>
      </symbol>
      <symbol id="sm-5c0">
         <name>frexp</name>
         <value>0x804ec0</value>
         <object_component_ref idref="oc-33b"/>
      </symbol>
      <symbol id="sm-5d1">
         <name>__c6xabi_divul</name>
         <value>0x8049a0</value>
         <object_component_ref idref="oc-3d1"/>
      </symbol>
      <symbol id="sm-5da">
         <name>__c6xabi_isinf</name>
         <value>0x807a80</value>
         <object_component_ref idref="oc-2a9"/>
      </symbol>
      <symbol id="sm-5eb">
         <name>ldexp</name>
         <value>0x805860</value>
         <object_component_ref idref="oc-3b9"/>
      </symbol>
      <symbol id="sm-657">
         <name>lseek</name>
         <value>0x807900</value>
         <object_component_ref idref="oc-2dd"/>
      </symbol>
      <symbol id="sm-658">
         <name>write</name>
         <value>0x807a20</value>
         <object_component_ref idref="oc-251"/>
      </symbol>
      <symbol id="sm-659">
         <name>close</name>
         <value>0x806440</value>
         <object_component_ref idref="oc-3da"/>
      </symbol>
      <symbol id="sm-65a">
         <name>unlink</name>
         <value>0x807700</value>
         <object_component_ref idref="oc-3e0"/>
      </symbol>
      <symbol id="sm-66a">
         <name>ltoa</name>
         <value>0x806600</value>
         <object_component_ref idref="oc-3a6"/>
      </symbol>
      <symbol id="sm-67b">
         <name>memccpy</name>
         <value>0x807960</value>
         <object_component_ref idref="oc-275"/>
      </symbol>
      <symbol id="sm-694">
         <name>__TI_tls_init</name>
         <value>0x806f60</value>
         <object_component_ref idref="oc-a6"/>
      </symbol>
      <symbol id="sm-6fd">
         <name>HOSTrename</name>
         <value>0x804b80</value>
         <object_component_ref idref="oc-39c"/>
      </symbol>
      <symbol id="sm-6fe">
         <name>HOSTclose</name>
         <value>0x807020</value>
         <object_component_ref idref="oc-37e"/>
      </symbol>
      <symbol id="sm-6ff">
         <name>HOSTunlink</name>
         <value>0x806960</value>
         <object_component_ref idref="oc-396"/>
      </symbol>
      <symbol id="sm-700">
         <name>HOSTlseek</name>
         <value>0x805ac0</value>
         <object_component_ref idref="oc-390"/>
      </symbol>
      <symbol id="sm-701">
         <name>HOSTopen</name>
         <value>0x8060c0</value>
         <object_component_ref idref="oc-378"/>
      </symbol>
      <symbol id="sm-702">
         <name>HOSTwrite</name>
         <value>0x8061a0</value>
         <object_component_ref idref="oc-38a"/>
      </symbol>
      <symbol id="sm-703">
         <name>HOSTread</name>
         <value>0x8068a0</value>
         <object_component_ref idref="oc-384"/>
      </symbol>
      <symbol id="sm-729">
         <name>__TI_readmsg</name>
         <value>0x807480</value>
         <object_component_ref idref="oc-3f7"/>
      </symbol>
      <symbol id="sm-72a">
         <name>C$$IO$$</name>
         <value>0x807560</value>
         <object_component_ref idref="oc-3f1"/>
      </symbol>
      <symbol id="sm-72b">
         <name>__CIOBUF_</name>
         <value>0x80ae58</value>
         <object_component_ref idref="oc-420"/>
      </symbol>
      <symbol id="sm-72c">
         <name>__TI_writemsg</name>
         <value>0x807500</value>
         <object_component_ref idref="oc-3f1"/>
      </symbol>
      <symbol id="sm-742">
         <name>__TI_wrt_ok</name>
         <value>0x805bc0</value>
         <object_component_ref idref="oc-24b"/>
      </symbol>
      <symbol id="sm-753">
         <name>__errno</name>
         <value>0x80abb4</value>
         <object_component_ref idref="oc-406"/>
      </symbol>
      <symbol id="sm-754">
         <name>errno</name>
         <value>0x80abb4</value>
         <object_component_ref idref="oc-406"/>
      </symbol>
      <symbol id="sm-755">
         <name>__c6xabi_errno_addr</name>
         <value>0x807b40</value>
         <object_component_ref idref="oc-3b1"/>
      </symbol>
      <symbol id="sm-764">
         <name>__TI_doflush</name>
         <value>0x806a20</value>
         <object_component_ref idref="oc-257"/>
      </symbol>
      <symbol id="sm-779">
         <name>fseek</name>
         <value>0x8059a0</value>
         <object_component_ref idref="oc-285"/>
      </symbol>
      <symbol id="sm-794">
         <name>setvbuf</name>
         <value>0x804340</value>
         <object_component_ref idref="oc-28b"/>
      </symbol>
      <symbol id="sm-7a7">
         <name>__TI_cleanup</name>
         <value>0x8070c0</value>
         <object_component_ref idref="oc-2e5"/>
      </symbol>
      <symbol id="sm-813">
         <name>_sys_memory</name>
         <value>0x808c68</value>
         <object_component_ref idref="oc-3a"/>
      </symbol>
      <symbol id="sm-814">
         <name>free</name>
         <value>0x8032c0</value>
         <object_component_ref idref="oc-2eb"/>
      </symbol>
      <symbol id="sm-815">
         <name>malloc</name>
         <value>0x805060</value>
         <object_component_ref idref="oc-2f1"/>
      </symbol>
      <symbol id="sm-816">
         <name>_minit</name>
         <value>0x8072a0</value>
         <object_component_ref idref="oc-36f"/>
      </symbol>
      <symbol id="sm-82c">
         <name>__TI_closefile</name>
         <value>0x8054a0</value>
         <object_component_ref idref="oc-358"/>
      </symbol>
      <symbol id="sm-835">
         <name>CSL_tscEnable</name>
         <value>0x807be0</value>
         <object_component_ref idref="oc-c8"/>
      </symbol>
      <symbol id="sm-836">
         <name>CSL_tscRead</name>
         <value>0x807be8</value>
         <object_component_ref idref="oc-c8"/>
      </symbol>
      <symbol id="sm-837">
         <name>__TI_STATIC_BASE</name>
         <value>0x80a500</value>
      </symbol>
      <symbol id="sm-839">
         <name>__TI_INITARRAY_Base</name>
         <value>0x0</value>
      </symbol>
      <symbol id="sm-83a">
         <name>__TI_INITARRAY_Limit</name>
         <value>0x0</value>
      </symbol>
      <symbol id="sm-83b">
         <name>__TI_TLS_INIT_Base</name>
         <value>0x0</value>
      </symbol>
      <symbol id="sm-83c">
         <name>__TI_TLS_INIT_Limit</name>
         <value>0x0</value>
      </symbol>
      <symbol id="sm-83d">
         <name>remove</name>
         <value>0x807700</value>
      </symbol>
   </symbol_table>
   <title>Link successful</title>
</link_info>
