******************************************************************************
               TMS320C6x Linker PC v8.0.4                      
******************************************************************************
>> Linked Fri Dec 18 01:07:28 2015

OUTPUT FILE NAME:   <dsp_deeplearn.out>
ENTRY POINT SYMBOL: "_c_int00"  address: 008075e0


MEMORY CONFIGURATION

         name            origin    length      used     unused   attr    fill
----------------------  --------  ---------  --------  --------  ----  --------
  LOCAL_L2_SRAM         00800000   00080000  000106a0  0006f960  RWIX
  SHRAM                 0c000000   00400000  00000000  00400000  RWIX
  DDR3                  80000000   80000000  00000044  7fffffbc  RWIX


SEGMENT ALLOCATION MAP

run origin  load origin   length   init length attrs members
----------  ----------- ---------- ----------- ----- -------
00800000    00800000    000079e0   000079e0    r-x
  00800000    00800000    000079e0   000079e0    r-x .text
008079e0    008079e0    000050dc   00000000    rw-
  008079e0    008079e0    00003090   00000000    rw- .local_ram
  0080aa70    0080aa70    00001024   00000000    rw- .stack
  0080ba98    0080ba98    00001024   00000000    rw- .sysmem
0080cac0    0080cac0    00000380   00000380    r-x
  0080cac0    0080cac0    00000380   00000380    r-x .kernel
0080ce40    0080ce40    00000468   00000000    rw-
  0080ce40    0080ce40    00000320   00000000    rw- .fardata
  0080d160    0080d160    00000148   00000000    rw- .far
0080d2a8    0080d2a8    00000154   00000154    r--
  0080d2a8    0080d2a8    00000154   00000154    r-- .const
0080d400    0080d400    00000120   00000000    rw-
  0080d400    0080d400    00000120   00000000    rw- .cio
0080d520    0080d520    00000038   00000038    r--
  0080d520    0080d520    00000038   00000038    r-- .switch
0080d558    0080d558    0000001c   00000000    rw-
  0080d558    0080d558    0000001c   00000000    rw- .bss
0080d578    0080d578    00003138   00003138    r--
  0080d578    0080d578    00003138   00003138    r-- .cinit
80000000    80000000    00000044   00000000    rw-
  80000000    80000000    00000044   00000000    rw- .sharedram


SECTION ALLOCATION MAP

 output                                  attributes/
section   page    origin      length       input sections
--------  ----  ----------  ----------   ----------------
.kernel    0    0080cac0    00000380     
                  0080cac0    00000300     IMG_conv_7x7_i16s_c16s.obj (.text:optimized)
                  0080cdc0    00000080     DSP_maxval.obj (.text:optimized)

.text      0    00800000    000079e0     
                  00800000    00000860     deep_learning.obj (.text)
                  00800860    000006a0     main.obj (.text)
                  00800f00    00000600     rts6600_elf.lib : divd.obj (.text:__c6xabi_divd)
                  00801500    000005a0                     : _printfi.obj (.text:_setfield)
                  00801aa0    00000580                     : _printfi.obj (.text:_getarg_diouxp)
                  00802020    00000460                     : _printfi.obj (.text:__TI_printfi)
                  00802480    00000380                     : fputs.obj (.text:fputs)
                  00802800    00000300                     : _printfi.obj (.text:_pproc_fgea)
                  00802b00    000002c0                     : _printfi.obj (.text:_pproc_fwp)
                  00802dc0    000002a0                     : _printfi.obj (.text:ecvt)
                  00803060    000002a0                     : memory.obj (.text:free)
                  00803300    00000280                     : _printfi.obj (.text:fcvt)
                  00803580    00000260                     : _printfi.obj (.text:_pconv_e)
                  008037e0    00000240                     : imath64.obj (.text:__c6xabi_divull)
                  00803a20    00000240                     : _printfi.obj (.text:_pproc_diouxp)
                  00803c60    00000240                     : _printfi.obj (.text:_pproc_str)
                  00803ea0    00000240                     : _printfi.obj (.text:acvt)
                  008040e0    00000240                     : setvbuf.obj (.text:setvbuf)
                  00804320    00000220                     : fputc.obj (.text:fputc)
                  00804540    00000200                     : _printfi.obj (.text:_pconv_g)
                  00804740    000001e0                     : imath40.obj (.text:__c6xabi_divul)
                  00804920    000001a0                     : trgdrv.obj (.text:HOSTrename)
                  00804ac0    000001a0                     : _printfi.obj (.text:_pconv_a)
                  00804c60    000001a0                     : frexp.obj (.text:frexp)
                  00804e00    00000180                     : memory.obj (.text:malloc)
                  00804f80    00000160                     : copy_decompress_rle.obj (.text:__TI_decompress_rle_core)
                  008050e0    00000160                     : _printfi.obj (.text:_mcpy)
                  00805240    00000140                     : fclose.obj (.text:__TI_closefile)
                  00805380    00000140                     : autoinit.obj (.text:_auto_init_elf)
                  008054c0    00000140                     : lowlev.obj (.text:getdevice)
                  00805600    00000140                     : ldexp.obj (.text:ldexp)
                  00805740    00000120                     : fseek.obj (.text:fseek)
                  00805860    00000100                     : trgdrv.obj (.text:HOSTlseek)
                  00805960    00000100                     : _io_perm.obj (.text:__TI_wrt_ok)
                  00805a60    00000100                     : _printfi.obj (.text:_ltostr)
                  00805b60    00000100                     : _printfi.obj (.text:_pproc_fflags)
                  00805c60    00000100                     : atoi.obj (.text:atoi)
                  00805d60    00000100                     : cpy_tbl.obj (.text:copy_in)
                  00805e60    000000e0                     : trgdrv.obj (.text:HOSTopen)
                  00805f40    000000e0                     : trgdrv.obj (.text:HOSTwrite)
                  00806020    000000e0                     : divi.obj (.text:__divi)
                  00806100    000000e0                     : _printfi.obj (.text:_div)
                  008061e0    000000e0                     : lowlev.obj (.text:close)
                  008062c0    000000e0                     : copy_zero_init.obj (.text:decompress:ZI:__TI_zero_init)
                  008063a0    000000e0                     : ltoa.obj (.text:ltoa)
                  00806480    000000e0                     : memset.obj (.text:memset)
                  00806560    000000e0                     : printf.obj (.text:printf)
                  00806640    000000c0                     : trgdrv.obj (.text:HOSTread)
                  00806700    000000c0                     : trgdrv.obj (.text:HOSTunlink)
                  008067c0    000000c0                     : fflush.obj (.text:__TI_doflush)
                  00806880    000000c0                     : divu.obj (.text:__divu)
                  00806940    000000c0                     : remi.obj (.text:__remi)
                  00806a00    000000c0                     : _printfi.obj (.text:_ecpy)
                  00806ac0    000000c0                     : exit.obj (.text:exit)
                  00806b80    000000c0                     : memory.obj (.text:minsert)
                  00806c40    000000c0                     : memory.obj (.text:mremove)
                  00806d00    000000c0                     : tls.obj (.text:tls:init:__TI_tls_init)
                  00806dc0    000000a0                     : trgdrv.obj (.text:HOSTclose)
                  00806e60    000000a0                     : fopen.obj (.text:__TI_cleanup)
                  00806f00    000000a0                     : fltulld.obj (.text:__c6xabi_fltulld)
                  00806fa0    000000a0                     : _printfi.obj (.text:_fcpy)
                  00807040    000000a0                     : memory.obj (.text:_minit)
                  008070e0    000000a0                     : _printfi.obj (.text:_pconv_f)
                  00807180    000000a0                     : memcpy64.obj (.text:memcpy)
                  00807220    00000080                     : trgmsg.obj (.text:__TI_readmsg)
                  008072a0    00000080                     : trgmsg.obj (.text:__TI_writemsg)
                  00807320    00000080                     : llshift.obj (.text:__c6xabi_llshl)
                  008073a0    00000080                     : lowlev.obj (.text:finddevice)
                  00807420    00000080                     : _printfi.obj (.text:incr_hex)
                  008074a0    00000080                     : lowlev.obj (.text:unlink)
                  00807520    00000060                     : frcmpyd_div.obj (.text:__TI_frcmpyd_div)
                  00807580    00000060                     : llshift.obj (.text:__c6xabi_llshru)
                  008075e0    00000060                     : boot.obj (.text:_c_int00)
                  00807640    00000060                     : imath64.obj (.text:_subcull)
                  008076a0    00000060                     : lowlev.obj (.text:lseek)
                  00807700    00000060                     : memccpy.obj (.text:memccpy)
                  00807760    00000060                     : _printfi.obj (.text:val_hex)
                  008077c0    00000060                     : lowlev.obj (.text:write)
                  00807820    00000040                     : isinf.obj (.text:__c6xabi_isinf)
                  00807860    00000040                     : _printfi.obj (.text:__c6xabi_isnan)
                  008078a0    00000040                     : args_main.obj (.text:_args_main)
                  008078e0    00000020                     : errno.obj (.text:__c6xabi_errno_addr)
                  00807900    00000020                     : _lock.obj (.text:_nop)
                  00807920    00000020                     : printf.obj (.text:_outc)
                  00807940    00000020                     : printf.obj (.text:_outs)
                  00807960    00000020                     : exit.obj (.text:abort)
                  00807980    00000020     ti.csl.ae66 : csl_tsc.oe66 (.text:cslsys_section:tsc)
                  008079a0    00000020     rts6600_elf.lib : copy_decompress_none.obj (.text:decompress:none:__TI_decompress_none)
                  008079c0    00000020                     : copy_decompress_rle.obj (.text:decompress:rle24:__TI_decompress_rle24)

.local_ram 
*          0    008079e0    00003090     UNINITIALIZED
                  008079e0    00003080     deep_learning.obj (.local_ram:init)
                  0080aa60    0000000c     deep_learning.obj (.local_ram:uninit)
                  0080aa6c    00000004     main.obj (.local_ram)

.stack     0    0080aa70    00001024     UNINITIALIZED
                  0080aa70    00000008     rts6600_elf.lib : boot.obj (.stack)
                  0080aa78    0000101c     --HOLE--

.sysmem    0    0080ba98    00001024     UNINITIALIZED
                  0080ba98    00000008     rts6600_elf.lib : memory.obj (.sysmem)
                  0080baa0    0000101c     --HOLE--

.fardata   0    0080ce40    00000320     UNINITIALIZED
                  0080ce40    000001e0     rts6600_elf.lib : defs.obj (.fardata:_ftable)
                  0080d020    000000a0                     : lowlev.obj (.fardata:_stream)
                  0080d0c0    00000078                     : lowlev.obj (.fardata:_device)
                  0080d138    0000000c                     : exit.obj (.fardata)
                  0080d144    0000000c                     : memory.obj (.fardata)
                  0080d150    00000004                     : _lock.obj (.fardata:_lock)
                  0080d154    00000004                     : _lock.obj (.fardata:_unlock)
                  0080d158    00000004                     : defs.obj (.fardata)
                  0080d15c    00000004                     : errno.obj (.fardata)

.far       0    0080d160    00000148     UNINITIALIZED
                  0080d160    00000140     (.common:__TI_tmpnams)
                  0080d2a0    00000008     (.common:parmbuf)

.const     0    0080d2a8    00000154     
                  0080d2a8    00000101     rts6600_elf.lib : ctype.obj (.const:.string:_ctypes_)
                  0080d3a9    00000003     --HOLE-- [fill = 0]
                  0080d3ac    00000024                     : _printfi.obj (.const:.string)
                  0080d3d0    0000001c     deep_learning.obj (.const:.string)
                  0080d3ec    00000010     main.obj (.const:.string)

.cio       0    0080d400    00000120     UNINITIALIZED
                  0080d400    00000120     rts6600_elf.lib : trgmsg.obj (.cio)

.switch    0    0080d520    00000038     
                  0080d520    00000038     rts6600_elf.lib : _printfi.obj (.switch:_pproc_fgea)

.neardata 
*          0    0080d558    00000000     UNINITIALIZED

.rodata    0    0080d558    00000000     UNINITIALIZED

.bss       0    0080d558    0000001c     UNINITIALIZED
                  0080d558    00000008     (.common:cumulative)
                  0080d560    00000008     (.common:endVal)
                  0080d568    00000008     (.common:startVal)
                  0080d570    00000004     (.common:temp_img_ptr)

.cinit     0    0080d578    00003138     
                  0080d578    00003077     (.cinit..local_ram.load) [load image, compression = rle]
                  008105ef    00000001     --HOLE-- [fill = 0]
                  008105f0    00000071     (.cinit..fardata.load) [load image, compression = rle]
                  00810661    00000003     --HOLE-- [fill = 0]
                  00810664    0000000c     (__TI_handler_table)
                  00810670    00000008     (.cinit..bss.load) [load image, compression = zero_init]
                  00810678    00000008     (.cinit..far.load) [load image, compression = zero_init]
                  00810680    00000008     (.cinit..sharedram.load) [load image, compression = zero_init]
                  00810688    00000028     (__TI_cinit_table)

.init_array 
*          0    00800000    00000000     UNINITIALIZED

.sharedram 
*          0    80000000    00000044     UNINITIALIZED
                  80000000    00000044     deep_learning.obj (.sharedram)


LINKER GENERATED COPY TABLES

__TI_cinit_table @ 00810688 records: 5, size/record: 8, table size: 40
	.local_ram: load addr=0080d578, load size=00003077 bytes, run addr=008079e0, run size=00003090 bytes, compression=rle
	.fardata: load addr=008105f0, load size=00000071 bytes, run addr=0080ce40, run size=00000320 bytes, compression=rle
	.bss: load addr=00810670, load size=00000008 bytes, run addr=0080d558, run size=0000001c bytes, compression=zero_init
	.far: load addr=00810678, load size=00000008 bytes, run addr=0080d160, run size=00000148 bytes, compression=zero_init
	.sharedram: load addr=00810680, load size=00000008 bytes, run addr=80000000, run size=00000044 bytes, compression=zero_init


LINKER GENERATED HANDLER TABLE

__TI_handler_table @ 00810664 records: 3, size/record: 4, table size: 12
	index: 0, handler: __TI_zero_init
	index: 1, handler: __TI_decompress_rle24
	index: 2, handler: __TI_decompress_none


GLOBAL SYMBOLS: SORTED ALPHABETICALLY BY Name 

address   name                           
-------   ----                           
00807960  C$$EXIT                        
00807300  C$$IO$$                        
00807980  CSL_tscEnable                  
00807988  CSL_tscRead                    
0080cdc0  DSP_maxval                     
00806dc0  HOSTclose                      
00805860  HOSTlseek                      
00805e60  HOSTopen                       
00806640  HOSTread                       
00804920  HOSTrename                     
00806700  HOSTunlink                     
00805f40  HOSTwrite                      
0080cac0  IMG_conv_7x7_i16s_c16s         
00800470  MemMgr_HeapInit                
0080d400  __CIOBUF_                      
00810688  __TI_CINIT_Base                
008106b0  __TI_CINIT_Limit               
00810664  __TI_Handler_Table_Base        
00810670  __TI_Handler_Table_Limit       
UNDEFED   __TI_INITARRAY_Base            
UNDEFED   __TI_INITARRAY_Limit           
0080ba94  __TI_STACK_END                 
00001024  __TI_STACK_SIZE                
008079e0  __TI_STATIC_BASE               
00001024  __TI_SYSMEM_SIZE               
UNDEFED   __TI_TLS_INIT_Base             
UNDEFED   __TI_TLS_INIT_Limit            
00806e60  __TI_cleanup                   
0080d138  __TI_cleanup_ptr               
00805240  __TI_closefile                 
008079a0  __TI_decompress_none           
008079c0  __TI_decompress_rle24          
008067c0  __TI_doflush                   
0080d13c  __TI_dtors_ptr                 
0080d140  __TI_enable_exit_profile_output
00807520  __TI_frcmpyd_div               
0080d158  __TI_ft_end                    
ffffffff  __TI_pprof_out_hndl            
00802020  __TI_printfi                   
ffffffff  __TI_prof_data_size            
ffffffff  __TI_prof_data_start           
00807220  __TI_readmsg                   
00806d00  __TI_tls_init                  
0080d160  __TI_tmpnams                   
008072a0  __TI_writemsg                  
00805960  __TI_wrt_ok                    
008062c0  __TI_zero_init                 
ffffffff  __binit__                      
00800f00  __c6xabi_divd                  
00806020  __c6xabi_divi                  
00806880  __c6xabi_divu                  
00804740  __c6xabi_divul                 
008037e0  __c6xabi_divull                
008078e0  __c6xabi_errno_addr            
00806f00  __c6xabi_fltulld               
00807820  __c6xabi_isinf                 
00807320  __c6xabi_llshl                 
00807580  __c6xabi_llshru                
00806940  __c6xabi_remi                  
ffffffff  __c_args__                     
00806020  __divi                         
00806880  __divu                         
0080d15c  __errno                        
00806940  __remi                         
008078a0  _args_main                     
00000200  _argsize                       
00805380  _auto_init_elf                 
008075e0  _c_int00                       
0080d2a8  _ctypes_                       
0080ce40  _ftable                        
00000380  _kernel_size                   
0080d150  _lock                          
00807040  _minit                         
00807900  _nop                           
0080aa70  _stack                         
00807640  _subcull                       
0080ba98  _sys_memory                    
0080d154  _unlock                        
00807960  abort                          
00805c60  atoi                           
ffffffff  binit                          
008061e0  close                          
00000154  const_size                     
0080d2a8  const_start                    
00805d60  copy_in                        
0080aa6c  core_id                        
0080d558  cumulative                     
00800750  deeplearn                      
0080aa58  dilate                         
00800860  do_power_gating                
0080d560  endVal                         
0080d15c  errno                          
00806ac0  exit                           
00804320  fputc                          
00802480  fputs                          
00803060  free                           
00804c60  frexp                          
00805740  fseek                          
008079e0  kernel5x5                      
00809730  kernel7x7                      
80000000  l1_maps                        
80000020  l1_maps_ptr                    
00805600  ldexp                          
008076a0  lseek                          
008063a0  ltoa                           
00800c18  main                           
00804e00  malloc                         
00800408  mem_alloc                      
00807700  memccpy                        
00807180  memcpy                         
00806480  memset                         
00800104  operateLayer1                  
00806560  printf                         
008074a0  remove                         
008040e0  setvbuf                        
0080d568  startVal                       
80000040  total_l1_maps                  
008074a0  unlink                         
008077c0  write                          


GLOBAL SYMBOLS: SORTED BY Symbol Address 

address   name                           
-------   ----                           
00000154  const_size                     
00000200  _argsize                       
00000380  _kernel_size                   
00001024  __TI_STACK_SIZE                
00001024  __TI_SYSMEM_SIZE               
00800104  operateLayer1                  
00800408  mem_alloc                      
00800470  MemMgr_HeapInit                
00800750  deeplearn                      
00800860  do_power_gating                
00800c18  main                           
00800f00  __c6xabi_divd                  
00802020  __TI_printfi                   
00802480  fputs                          
00803060  free                           
008037e0  __c6xabi_divull                
008040e0  setvbuf                        
00804320  fputc                          
00804740  __c6xabi_divul                 
00804920  HOSTrename                     
00804c60  frexp                          
00804e00  malloc                         
00805240  __TI_closefile                 
00805380  _auto_init_elf                 
00805600  ldexp                          
00805740  fseek                          
00805860  HOSTlseek                      
00805960  __TI_wrt_ok                    
00805c60  atoi                           
00805d60  copy_in                        
00805e60  HOSTopen                       
00805f40  HOSTwrite                      
00806020  __c6xabi_divi                  
00806020  __divi                         
008061e0  close                          
008062c0  __TI_zero_init                 
008063a0  ltoa                           
00806480  memset                         
00806560  printf                         
00806640  HOSTread                       
00806700  HOSTunlink                     
008067c0  __TI_doflush                   
00806880  __c6xabi_divu                  
00806880  __divu                         
00806940  __c6xabi_remi                  
00806940  __remi                         
00806ac0  exit                           
00806d00  __TI_tls_init                  
00806dc0  HOSTclose                      
00806e60  __TI_cleanup                   
00806f00  __c6xabi_fltulld               
00807040  _minit                         
00807180  memcpy                         
00807220  __TI_readmsg                   
008072a0  __TI_writemsg                  
00807300  C$$IO$$                        
00807320  __c6xabi_llshl                 
008074a0  remove                         
008074a0  unlink                         
00807520  __TI_frcmpyd_div               
00807580  __c6xabi_llshru                
008075e0  _c_int00                       
00807640  _subcull                       
008076a0  lseek                          
00807700  memccpy                        
008077c0  write                          
00807820  __c6xabi_isinf                 
008078a0  _args_main                     
008078e0  __c6xabi_errno_addr            
00807900  _nop                           
00807960  C$$EXIT                        
00807960  abort                          
00807980  CSL_tscEnable                  
00807988  CSL_tscRead                    
008079a0  __TI_decompress_none           
008079c0  __TI_decompress_rle24          
008079e0  __TI_STATIC_BASE               
008079e0  kernel5x5                      
00809730  kernel7x7                      
0080aa58  dilate                         
0080aa6c  core_id                        
0080aa70  _stack                         
0080ba94  __TI_STACK_END                 
0080ba98  _sys_memory                    
0080cac0  IMG_conv_7x7_i16s_c16s         
0080cdc0  DSP_maxval                     
0080ce40  _ftable                        
0080d138  __TI_cleanup_ptr               
0080d13c  __TI_dtors_ptr                 
0080d140  __TI_enable_exit_profile_output
0080d150  _lock                          
0080d154  _unlock                        
0080d158  __TI_ft_end                    
0080d15c  __errno                        
0080d15c  errno                          
0080d160  __TI_tmpnams                   
0080d2a8  _ctypes_                       
0080d2a8  const_start                    
0080d400  __CIOBUF_                      
0080d558  cumulative                     
0080d560  endVal                         
0080d568  startVal                       
00810664  __TI_Handler_Table_Base        
00810670  __TI_Handler_Table_Limit       
00810688  __TI_CINIT_Base                
008106b0  __TI_CINIT_Limit               
80000000  l1_maps                        
80000020  l1_maps_ptr                    
80000040  total_l1_maps                  
ffffffff  __TI_pprof_out_hndl            
ffffffff  __TI_prof_data_size            
ffffffff  __TI_prof_data_start           
ffffffff  __binit__                      
ffffffff  __c_args__                     
ffffffff  binit                          
UNDEFED   __TI_INITARRAY_Base            
UNDEFED   __TI_INITARRAY_Limit           
UNDEFED   __TI_TLS_INIT_Base             
UNDEFED   __TI_TLS_INIT_Limit            

[119 symbols]
