******************************************************************************
               TMS320C6x Linker PC v7.4.12                     
******************************************************************************
>> Linked Sat Jan 09 18:02:47 2016

OUTPUT FILE NAME:   <deeplearn_evm5432_STL-10-Arch2.out>
ENTRY POINT SYMBOL: "_reset"  address: 80000000


MEMORY CONFIGURATION

         name            origin    length      used     unused   attr    fill
----------------------  --------  ---------  --------  --------  ----  --------
  BOOT_MEM              80000000   00000400  00000340  000000c0  RWIX
  PMEM                  80000400   00fffc00  0000d094  00ff2b6c  RWIX
  BMEM                  81000000   10000000  10000000  00000000  RWIX


SEGMENT ALLOCATION MAP

run origin  load origin   length   init length attrs members
----------  ----------- ---------- ----------- ----- -------
80000000    80000000    00000220   00000220    r-x
  80000000    80000000    00000220   00000220    r-x .boot
80000220    80000220    00000120   00000000    rw-
  80000220    80000220    00000120   00000000    rw- .cio
80000400    80000400    000087a0   000087a0    r-x
  80000400    80000400    000087a0   000087a0    r-x .text
80008ba0    80008ba0    00001ecc   00001ecc    rw-
  80008ba0    80008ba0    00001ecc   00001ecc    rw- big_ro
8000aa70    8000aa70    0000102c   00000000    rw-
  8000aa70    8000aa70    00001000   00000000    rw- .stack
  8000ba70    8000ba70    0000002c   00000000    rw- .bss
8000ba9c    8000ba9c    000019fc   000019fc    r--
  8000ba9c    8000ba9c    000019fc   000019fc    r-- .cinit
81000000    81000000    10000000   00000000    rw-
  81000000    81000000    10000000   00000000    rw- .sysmem


SECTION ALLOCATION MAP

 output                                  attributes/
section   page    origin      length       input sections
--------  ----  ----------  ----------   ----------------
.boot      0    80000000    00000220     
                  80000000    00000200     boot.obj (.boot)
                  80000200    00000020     rtstesla_le_elf.lib : boot.obj ($Tramp$S$$_c_int00)

.cio       0    80000220    00000120     UNINITIALIZED
                  80000220    00000120     rtstesla_le_elf.lib : trgmsg.obj (.cio)

.text      0    80000400    000087a0     
                  80000400    00000960     deep_learning.obj (.text)
                  80000d60    00000580     rtstesla_le_elf.lib : divd.obj (.text:__c6xabi_divd)
                  800012e0    00000580                         : _printfi.obj (.text:_getarg_diouxp)
                  80001860    00000500                         : _printfi.obj (.text:_setfield)
                  80001d60    00000480                         : _printfi.obj (.text:_printfi)
                  800021e0    000003e0                         : fputs.obj (.text:fputs)
                  800025c0    000003c0                         : _printfi.obj (.text:_pproc_fge)
                  80002980    00000380                         : _printfi.obj (.text:fcvt)
                  80002d00    00000360                         : _printfi.obj (.text:ecvt)
                  80003060    00000340     main.obj (.text)
                  800033a0    000002e0     rtstesla_le_elf.lib : _printfi.obj (.text:_pconv_e)
                  80003680    000002a0                         : imath64.obj (.text:__c6xabi_divull)
                  80003920    000002a0                         : _printfi.obj (.text:_pproc_fwp)
                  80003bc0    000002a0                         : memory.obj (.text:free)
                  80003e60    00000280                         : _printfi.obj (.text:_pproc_diouxp)
                  800040e0    00000240                         : mpyd.obj (.text:__c6xabi_mpyd)
                  80004320    00000240                         : _printfi.obj (.text:_pproc_str)
                  80004560    00000240                         : fputc.obj (.text:fputc)
                  800047a0    00000240                         : setvbuf.obj (.text:setvbuf)
                  800049e0    00000220                         : addd.obj (.text:__c6xabi_addd)
                  80004c00    00000220     DSP_maxidx.obj (.text:optimized)
                  80004e20    00000200     rtstesla_le_elf.lib : frcaddd.obj (.text:_frcaddd)
                  80005020    00000200                         : _printfi.obj (.text:_pconv_g)
                  80005220    000001e0     classifier.obj (.text)
                  80005400    000001c0     rtstesla_le_elf.lib : imath40.obj (.text:__c6xabi_divul)
                  800055c0    000001c0     IMG_conv_5x5_i16s_c16s_c.obj (.text:ansi)
                  80005780    000001a0     rtstesla_le_elf.lib : _printfi.obj (.text:_mcpy)
                  80005920    000001a0     DSP_add16.obj (.text:optimized)
                  80005ac0    00000180     rtstesla_le_elf.lib : trgdrv.obj (.text:HOSTrename)
                  80005c40    00000180                         : copy_decompress_rle.obj (.text:__TI_decompress_rle_core)
                  80005dc0    00000180                         : memory.obj (.text:malloc)
                  80005f40    00000140                         : fseek.obj (.text:fseek)
                  80006080    00000140                         : memcpy62.obj (.text:memcpy)
                  800061c0    00000120                         : fclose.obj (.text:_closefile)
                  800062e0    00000120                         : frcmpyd.obj (.text:_frcmpyd)
                  80006400    00000120                         : _printfi.obj (.text:_ltostr)
                  80006520    00000120                         : _printfi.obj (.text:_pproc_fflags)
                  80006640    00000120                         : lowlev.obj (.text:getdevice)
                  80006760    00000120     DSP_dotprod.obj (.text:optimized)
                  80006880    00000100     DSP_vec.obj (.text)
                  80006980    00000100     rtstesla_le_elf.lib : trgdrv.obj (.text:HOSTlseek)
                  80006a80    00000100                         : trgdrv.obj (.text:HOSTopen)
                  80006b80    00000100                         : autoinit.obj (.text:_auto_init_elf)
                  80006c80    00000100                         : _io_perm.obj (.text:_wrt_ok)
                  80006d80    00000100                         : atoi.obj (.text:atoi)
                  80006e80    00000100                         : lowlev.obj (.text:close)
                  80006f80    00000100                         : cpy_tbl.obj (.text:copy_in)
                  80007080    000000e0                         : trgdrv.obj (.text:HOSTread)
                  80007160    000000e0                         : trgdrv.obj (.text:HOSTwrite)
                  80007240    000000e0                         : cmpd.obj (.text:__c6xabi_cmpd)
                  80007320    000000e0                         : _printfi.obj (.text:_div)
                  80007400    000000e0                         : copy_zero_init.obj (.text:decompress:ZI:__TI_zero_init)
                  800074e0    000000e0                         : memset.obj (.text:memset)
                  800075c0    000000e0     DSP_maxval.obj (.text:optimized)
                  800076a0    000000e0     rtstesla_le_elf.lib : printf.obj (.text:printf)
                  80007780    000000c0                         : trgdrv.obj (.text:HOSTunlink)
                  80007840    000000c0                         : divu_t.obj (.text:__divu)
                  80007900    000000c0                         : fflush.obj (.text:_doflush)
                  800079c0    000000c0                         : _printfi.obj (.text:_ecpy)
                  80007a80    000000c0                         : _printfi.obj (.text:_pconv_f)
                  80007b40    000000c0                         : exit.obj (.text:exit)
                  80007c00    000000c0                         : lowlev.obj (.text:lseek)
                  80007cc0    000000c0                         : ltoa.obj (.text:ltoa)
                  80007d80    000000c0                         : tls.obj (.text:tls:init:__TI_tls_init)
                  80007e40    000000c0                         : lowlev.obj (.text:write)
                  80007f00    000000a0                         : trgdrv.obj (.text:HOSTclose)
                  80007fa0    000000a0                         : fixdi.obj (.text:__c6xabi_fixdi)
                  80008040    000000a0                         : llshift.obj (.text:__c6xabi_llshl)
                  800080e0    000000a0                         : fopen.obj (.text:_cleanup)
                  80008180    000000a0                         : _printfi.obj (.text:_fcpy)
                  80008220    000000a0                         : memory.obj (.text:_minit)
                  800082c0    000000a0                         : lowlev.obj (.text:finddevice)
                  80008360    000000a0                         : memory.obj (.text:minsert)
                  80008400    000000a0                         : memory.obj (.text:mremove)
                  800084a0    00000080                         : fltulld.obj (.text:__c6xabi_fltulld)
                  80008520    00000080                         : renormd.obj (.text:_renormd)
                  800085a0    00000080                         : lowlev.obj (.text:unlink)
                  80008620    00000060                         : cpp_init.obj (.text:__TI_cpp_init)
                  80008680    00000060                         : fltid.obj (.text:__c6xabi_fltid)
                  800086e0    00000060                         : llshift.obj (.text:__c6xabi_llshru)
                  80008740    00000060                         : boot.obj (.text:_c_int00)
                  800087a0    00000060                         : imath64.obj (.text:_subcull)
                  80008800    00000060                         : memccpy.obj (.text:memccpy)
                  80008860    00000060                         : trgmsg.obj (.text:readmsg)
                  800088c0    00000060                         : trgmsg.obj (.text:writemsg)
                  80008920    00000040                         : fltud.obj (.text:__c6xabi_fltud)
                  80008960    00000040                         : frcmpyd_div.obj (.text:__c6xabi_frcmpyd_div)
                  800089a0    00000040                         : isinf.obj (.text:__c6xabi_isinf)
                  800089e0    00000040                         : _printfi.obj (.text:__c6xabi_isnan)
                  80008a20    00000040                         : negd.obj (.text:__c6xabi_negd)
                  80008a60    00000040                         : subd.obj (.text:__c6xabi_subd)
                  80008aa0    00000040                         : args_main.obj (.text:_args_main)
                  80008ae0    00000020                         : _lock.obj (.text:_nop)
                  80008b00    00000020                         : printf.obj (.text:_outc)
                  80008b20    00000020                         : printf.obj (.text:_outs)
                  80008b40    00000020                         : exit.obj (.text:abort)
                  80008b60    00000020                         : copy_decompress_none.obj (.text:decompress:none:__TI_decompress_none)
                  80008b80    00000020                         : copy_decompress_rle.obj (.text:decompress:rle24:__TI_decompress_rle24)

big_ro     0    80008ba0    00001ecc     
                  80008ba0    00001900     deep_learning.obj (.const:kernel5x5)
                  8000a4a0    00000101     rtstesla_le_elf.lib : ctype.obj (.const:.string:_ctypes_)
                  8000a5a1    00000023                         : _printfi.obj (.const:.string)
                  8000a5c4    00000014     main.obj (.const:.string)
                  8000a5d8    00000008     rtstesla_le_elf.lib : divd.obj (.const:.string:initial_approx$1)
                  8000a5e0    00000140                         : defs.obj (.far) [fill = 0]
                  8000a720    00000018     deep_learning.obj (.far) [fill = 0]
                  8000a738    00000008     rtstesla_le_elf.lib : trgdrv.obj (.far) [fill = 0]
                  8000a740    000001e0                         : defs.obj (.fardata:_ftable)
                  8000a920    000000a0                         : lowlev.obj (.fardata:_stream)
                  8000a9c0    00000078                         : lowlev.obj (.fardata:_device)
                  8000aa38    00000010     deep_learning.obj (.fardata:dilate)
                  8000aa48    0000000c     rtstesla_le_elf.lib : exit.obj (.fardata)
                  8000aa54    0000000c                         : memory.obj (.fardata)
                  8000aa60    00000008                         : _lock.obj (.fardata)
                  8000aa68    00000004                         : defs.obj (.fardata)

.stack     0    8000aa70    00001000     UNINITIALIZED
                  8000aa70    00000008     rtstesla_le_elf.lib : boot.obj (.stack)
                  8000aa78    00000ff8     --HOLE--

.neardata 
*          0    8000ba70    00000000     UNINITIALIZED

.rodata    0    8000ba70    00000000     UNINITIALIZED

.bss       0    8000ba70    0000002c     UNINITIALIZED
                  8000ba70    0000002c     deep_learning.obj (.bss)

.cinit     0    8000ba9c    000019fc     
                  8000ba9c    000019d6     (.cinit.big_ro.load) [load image, compression = rle]
                  8000d472    00000002     --HOLE-- [fill = 0]
                  8000d474    0000000c     (__TI_handler_table)
                  8000d480    00000008     (.cinit..bss.load) [load image, compression = zero_init]
                  8000d488    00000010     (__TI_cinit_table)

.sysmem    0    81000000    10000000     UNINITIALIZED
                  81000000    00000008     rtstesla_le_elf.lib : memory.obj (.sysmem)
                  81000008    0ffffff8     --HOLE--


LINKER GENERATED COPY TABLES

__TI_cinit_table @ 8000d488 records: 2, size/record: 8, table size: 16
	big_ro: load addr=8000ba9c, load size=000019d6 bytes, run addr=80008ba0, run size=00001ecc bytes, compression=rle
	.bss: load addr=8000d480, load size=00000008 bytes, run addr=8000ba70, run size=0000002c bytes, compression=zero_init


LINKER GENERATED HANDLER TABLE

__TI_handler_table @ 8000d474 records: 3, size/record: 4, table size: 12
	index: 0, handler: __TI_decompress_rle24
	index: 1, handler: __TI_decompress_none
	index: 2, handler: __TI_zero_init


FAR CALL TRAMPOLINES

callee name               trampoline name
   callee addr  tramp addr   call addr  call info
--------------  -----------  ---------  ----------------
$.text:_c_int00:rtstesla_le_elf.lib<boot.obj>$0x0  $Tramp$S$$_c_int00
   80008740     80000200     80000000   boot.obj (.boot)

[1 trampolines]
[1 trampoline calls]


GLOBAL SYMBOLS: SORTED ALPHABETICALLY BY Name 

address    name
--------   ----
80008b40   C$$EXIT
80008914   C$$IO$$
80000400   Conv5x5
80005920   DSP_add16_shift
80006760   DSP_dotprod
80004c00   DSP_maxidx
800075c0   DSP_maxval
80006880   DSP_vec
80007f00   HOSTclose
80006980   HOSTlseek
80006a80   HOSTopen
80007080   HOSTread
80005ac0   HOSTrename
80007780   HOSTunlink
80007160   HOSTwrite
800055c0   IMG_conv_5x5_i16s_c16s_cn
80000c98   MemMgr_HeapDeInit
800009f8   MemMgr_HeapInit
80000220   __CIOBUF_
8000d488   __TI_CINIT_Base
8000d498   __TI_CINIT_Limit
8000d474   __TI_Handler_Table_Base
8000d480   __TI_Handler_Table_Limit
UNDEFED    __TI_INITARRAY_Base
UNDEFED    __TI_INITARRAY_Limit
8000ba70   __TI_STACK_END
00001000   __TI_STACK_SIZE
8000ba70   __TI_STATIC_BASE
10000000   __TI_SYSMEM_SIZE
UNDEFED    __TI_TLS_INIT_Base
UNDEFED    __TI_TLS_INIT_Limit
00000001   __TI_args_main
80008620   __TI_cpp_init
80008b60   __TI_decompress_none
80008b80   __TI_decompress_rle24
8000aa50   __TI_enable_exit_profile_output
ffffffff   __TI_pprof_out_hndl
ffffffff   __TI_prof_data_size
ffffffff   __TI_prof_data_start
80007d80   __TI_tls_init
80007400   __TI_zero_init
ffffffff   __binit__
800049e0   __c6xabi_addd
80007240   __c6xabi_cmpd
80000d60   __c6xabi_divd
80007840   __c6xabi_divu
80005400   __c6xabi_divul
80003680   __c6xabi_divull
80007fa0   __c6xabi_fixdi
80008680   __c6xabi_fltid
80008920   __c6xabi_fltud
800084a0   __c6xabi_fltulld
80008960   __c6xabi_frcmpyd_div
800089a0   __c6xabi_isinf
80008040   __c6xabi_llshl
800086e0   __c6xabi_llshru
800040e0   __c6xabi_mpyd
80008a20   __c6xabi_negd
80008a60   __c6xabi_subd
ffffffff   __c_args__
80007840   __divu
80008aa0   _args_main
80006b80   _auto_init_elf
80008740   _c_int00
800080e0   _cleanup
8000aa48   _cleanup_ptr
800061c0   _closefile
8000a4a0   _ctypes_
80007900   _doflush
8000aa4c   _dtors_ptr
80004e20   _frcaddd
800062e0   _frcmpyd
8000aa68   _ft_end
8000a740   _ftable
8000aa60   _lock
80008220   _minit
80008ae0   _nop
80001d60   _printfi
80008520   _renormd
80000000   _reset
8000aa70   _stack
800087a0   _subcull
81000000   _sys_memory
8000a5e0   _tmpnams
8000aa64   _unlock
80006c80   _wrt_ok
80008b40   abort
80006d80   atoi
ffffffff   binit
800032e0   clean
80006e80   close
80003060   config_AMMU
80006f80   copy_in
80000c28   deeplearn
8000aa38   dilate
80005220   dummy_classifier
80003110   enable_L1Cache
80003120   enable_L2Cache
80007b40   exit
80004560   fputc
800021e0   fputs
80003bc0   free
80005f40   fseek
80003244   invalidate
80008ba0   kernel5x5
80007c00   lseek
80007cc0   ltoa
80003130   main
80005dc0   malloc
8000a720   maps_info_1
80008800   memccpy
80006080   memcpy
800074e0   memset
800007e8   operateLayer1
800005d8   operateLayer2
8000ba8c   pHiddenBias
8000ba94   pHiddenNeuron
8000ba84   pInputNeurons
8000ba88   pInputWt
8000ba98   pOutputNeuron
8000ba90   pOutputWt
800076a0   printf
80008860   readmsg
800085a0   remove
800047a0   setvbuf
800085a0   unlink
80007e40   write
800088c0   writemsg


GLOBAL SYMBOLS: SORTED BY Symbol Address 

address    name
--------   ----
00000001   __TI_args_main
00001000   __TI_STACK_SIZE
10000000   __TI_SYSMEM_SIZE
80000000   _reset
80000220   __CIOBUF_
80000400   Conv5x5
800005d8   operateLayer2
800007e8   operateLayer1
800009f8   MemMgr_HeapInit
80000c28   deeplearn
80000c98   MemMgr_HeapDeInit
80000d60   __c6xabi_divd
80001d60   _printfi
800021e0   fputs
80003060   config_AMMU
80003110   enable_L1Cache
80003120   enable_L2Cache
80003130   main
80003244   invalidate
800032e0   clean
80003680   __c6xabi_divull
80003bc0   free
800040e0   __c6xabi_mpyd
80004560   fputc
800047a0   setvbuf
800049e0   __c6xabi_addd
80004c00   DSP_maxidx
80004e20   _frcaddd
80005220   dummy_classifier
80005400   __c6xabi_divul
800055c0   IMG_conv_5x5_i16s_c16s_cn
80005920   DSP_add16_shift
80005ac0   HOSTrename
80005dc0   malloc
80005f40   fseek
80006080   memcpy
800061c0   _closefile
800062e0   _frcmpyd
80006760   DSP_dotprod
80006880   DSP_vec
80006980   HOSTlseek
80006a80   HOSTopen
80006b80   _auto_init_elf
80006c80   _wrt_ok
80006d80   atoi
80006e80   close
80006f80   copy_in
80007080   HOSTread
80007160   HOSTwrite
80007240   __c6xabi_cmpd
80007400   __TI_zero_init
800074e0   memset
800075c0   DSP_maxval
800076a0   printf
80007780   HOSTunlink
80007840   __c6xabi_divu
80007840   __divu
80007900   _doflush
80007b40   exit
80007c00   lseek
80007cc0   ltoa
80007d80   __TI_tls_init
80007e40   write
80007f00   HOSTclose
80007fa0   __c6xabi_fixdi
80008040   __c6xabi_llshl
800080e0   _cleanup
80008220   _minit
800084a0   __c6xabi_fltulld
80008520   _renormd
800085a0   remove
800085a0   unlink
80008620   __TI_cpp_init
80008680   __c6xabi_fltid
800086e0   __c6xabi_llshru
80008740   _c_int00
800087a0   _subcull
80008800   memccpy
80008860   readmsg
800088c0   writemsg
80008914   C$$IO$$
80008920   __c6xabi_fltud
80008960   __c6xabi_frcmpyd_div
800089a0   __c6xabi_isinf
80008a20   __c6xabi_negd
80008a60   __c6xabi_subd
80008aa0   _args_main
80008ae0   _nop
80008b40   C$$EXIT
80008b40   abort
80008b60   __TI_decompress_none
80008b80   __TI_decompress_rle24
80008ba0   kernel5x5
8000a4a0   _ctypes_
8000a5e0   _tmpnams
8000a720   maps_info_1
8000a740   _ftable
8000aa38   dilate
8000aa48   _cleanup_ptr
8000aa4c   _dtors_ptr
8000aa50   __TI_enable_exit_profile_output
8000aa60   _lock
8000aa64   _unlock
8000aa68   _ft_end
8000aa70   _stack
8000ba70   __TI_STACK_END
8000ba70   __TI_STATIC_BASE
8000ba84   pInputNeurons
8000ba88   pInputWt
8000ba8c   pHiddenBias
8000ba90   pOutputWt
8000ba94   pHiddenNeuron
8000ba98   pOutputNeuron
8000d474   __TI_Handler_Table_Base
8000d480   __TI_Handler_Table_Limit
8000d488   __TI_CINIT_Base
8000d498   __TI_CINIT_Limit
81000000   _sys_memory
ffffffff   __TI_pprof_out_hndl
ffffffff   __TI_prof_data_size
ffffffff   __TI_prof_data_start
ffffffff   __binit__
ffffffff   __c_args__
ffffffff   binit
UNDEFED    __TI_INITARRAY_Base
UNDEFED    __TI_INITARRAY_Limit
UNDEFED    __TI_TLS_INIT_Base
UNDEFED    __TI_TLS_INIT_Limit

[128 symbols]
