******************************************************************************
               TMS320C6x Linker PC v7.4.12                     
******************************************************************************
>> Linked Sat Jan 09 17:51:22 2016

OUTPUT FILE NAME:   <deeplearn_evm5432_STL-10-Arch1.out>
ENTRY POINT SYMBOL: "_reset"  address: 80000000


MEMORY CONFIGURATION

         name            origin    length      used     unused   attr    fill
----------------------  --------  ---------  --------  --------  ----  --------
  BOOT_MEM              80000000   00000400  00000340  000000c0  RWIX
  PMEM                  80000400   00fffc00  0000d074  00ff2b8c  RWIX
  BMEM                  81000000   10000000  10000000  00000000  RWIX


SEGMENT ALLOCATION MAP

run origin  load origin   length   init length attrs members
----------  ----------- ---------- ----------- ----- -------
80000000    80000000    00000220   00000220    r-x
  80000000    80000000    00000220   00000220    r-x .boot
80000220    80000220    00000120   00000000    rw-
  80000220    80000220    00000120   00000000    rw- .cio
80000400    80000400    00008780   00008780    r-x
  80000400    80000400    00008780   00008780    r-x .text
80008b80    80008b80    00001ecc   00001ecc    rw-
  80008b80    80008b80    00001ecc   00001ecc    rw- big_ro
8000aa50    8000aa50    0000102c   00000000    rw-
  8000aa50    8000aa50    00001000   00000000    rw- .stack
  8000ba50    8000ba50    0000002c   00000000    rw- .bss
8000ba7c    8000ba7c    000019fc   000019fc    r--
  8000ba7c    8000ba7c    000019fc   000019fc    r-- .cinit
81000000    81000000    10000000   00000000    rw-
  81000000    81000000    10000000   00000000    rw- .sysmem


SECTION ALLOCATION MAP

 output                                  attributes/
section   page    origin      length       input sections
--------  ----  ----------  ----------   ----------------
.boot      0    80000000    00000220     
                  80000000    00000200     boot.obj (.boot)
                  80000200    00000020     rtstesla_le_elf.lib : boot.obj ($Tramp$S$$_c_int00)

.cio       0    80000220    00000120     UNINITIALIZED
                  80000220    00000120     rtstesla_le_elf.lib : trgmsg.obj (.cio)

.text      0    80000400    00008780     
                  80000400    00000940     deep_learning.obj (.text)
                  80000d40    00000580     rtstesla_le_elf.lib : divd.obj (.text:__c6xabi_divd)
                  800012c0    00000580                         : _printfi.obj (.text:_getarg_diouxp)
                  80001840    00000500                         : _printfi.obj (.text:_setfield)
                  80001d40    00000480                         : _printfi.obj (.text:_printfi)
                  800021c0    000003e0                         : fputs.obj (.text:fputs)
                  800025a0    000003c0                         : _printfi.obj (.text:_pproc_fge)
                  80002960    00000380                         : _printfi.obj (.text:fcvt)
                  80002ce0    00000360                         : _printfi.obj (.text:ecvt)
                  80003040    00000340     main.obj (.text)
                  80003380    000002e0     rtstesla_le_elf.lib : _printfi.obj (.text:_pconv_e)
                  80003660    000002a0                         : imath64.obj (.text:__c6xabi_divull)
                  80003900    000002a0                         : _printfi.obj (.text:_pproc_fwp)
                  80003ba0    000002a0                         : memory.obj (.text:free)
                  80003e40    00000280                         : _printfi.obj (.text:_pproc_diouxp)
                  800040c0    00000240                         : mpyd.obj (.text:__c6xabi_mpyd)
                  80004300    00000240                         : _printfi.obj (.text:_pproc_str)
                  80004540    00000240                         : fputc.obj (.text:fputc)
                  80004780    00000240                         : setvbuf.obj (.text:setvbuf)
                  800049c0    00000220                         : addd.obj (.text:__c6xabi_addd)
                  80004be0    00000220     DSP_maxidx.obj (.text:optimized)
                  80004e00    00000200     rtstesla_le_elf.lib : frcaddd.obj (.text:_frcaddd)
                  80005000    00000200                         : _printfi.obj (.text:_pconv_g)
                  80005200    000001e0     classifier.obj (.text)
                  800053e0    000001c0     rtstesla_le_elf.lib : imath40.obj (.text:__c6xabi_divul)
                  800055a0    000001c0     IMG_conv_5x5_i16s_c16s_c.obj (.text:ansi)
                  80005760    000001a0     rtstesla_le_elf.lib : _printfi.obj (.text:_mcpy)
                  80005900    000001a0     DSP_add16.obj (.text:optimized)
                  80005aa0    00000180     rtstesla_le_elf.lib : trgdrv.obj (.text:HOSTrename)
                  80005c20    00000180                         : copy_decompress_rle.obj (.text:__TI_decompress_rle_core)
                  80005da0    00000180                         : memory.obj (.text:malloc)
                  80005f20    00000140                         : fseek.obj (.text:fseek)
                  80006060    00000140                         : memcpy62.obj (.text:memcpy)
                  800061a0    00000120                         : fclose.obj (.text:_closefile)
                  800062c0    00000120                         : frcmpyd.obj (.text:_frcmpyd)
                  800063e0    00000120                         : _printfi.obj (.text:_ltostr)
                  80006500    00000120                         : _printfi.obj (.text:_pproc_fflags)
                  80006620    00000120                         : lowlev.obj (.text:getdevice)
                  80006740    00000120     DSP_dotprod.obj (.text:optimized)
                  80006860    00000100     DSP_vec.obj (.text)
                  80006960    00000100     rtstesla_le_elf.lib : trgdrv.obj (.text:HOSTlseek)
                  80006a60    00000100                         : trgdrv.obj (.text:HOSTopen)
                  80006b60    00000100                         : autoinit.obj (.text:_auto_init_elf)
                  80006c60    00000100                         : _io_perm.obj (.text:_wrt_ok)
                  80006d60    00000100                         : atoi.obj (.text:atoi)
                  80006e60    00000100                         : lowlev.obj (.text:close)
                  80006f60    00000100                         : cpy_tbl.obj (.text:copy_in)
                  80007060    000000e0                         : trgdrv.obj (.text:HOSTread)
                  80007140    000000e0                         : trgdrv.obj (.text:HOSTwrite)
                  80007220    000000e0                         : cmpd.obj (.text:__c6xabi_cmpd)
                  80007300    000000e0                         : _printfi.obj (.text:_div)
                  800073e0    000000e0                         : copy_zero_init.obj (.text:decompress:ZI:__TI_zero_init)
                  800074c0    000000e0                         : memset.obj (.text:memset)
                  800075a0    000000e0     DSP_maxval.obj (.text:optimized)
                  80007680    000000e0     rtstesla_le_elf.lib : printf.obj (.text:printf)
                  80007760    000000c0                         : trgdrv.obj (.text:HOSTunlink)
                  80007820    000000c0                         : divu_t.obj (.text:__divu)
                  800078e0    000000c0                         : fflush.obj (.text:_doflush)
                  800079a0    000000c0                         : _printfi.obj (.text:_ecpy)
                  80007a60    000000c0                         : _printfi.obj (.text:_pconv_f)
                  80007b20    000000c0                         : exit.obj (.text:exit)
                  80007be0    000000c0                         : lowlev.obj (.text:lseek)
                  80007ca0    000000c0                         : ltoa.obj (.text:ltoa)
                  80007d60    000000c0                         : tls.obj (.text:tls:init:__TI_tls_init)
                  80007e20    000000c0                         : lowlev.obj (.text:write)
                  80007ee0    000000a0                         : trgdrv.obj (.text:HOSTclose)
                  80007f80    000000a0                         : fixdi.obj (.text:__c6xabi_fixdi)
                  80008020    000000a0                         : llshift.obj (.text:__c6xabi_llshl)
                  800080c0    000000a0                         : fopen.obj (.text:_cleanup)
                  80008160    000000a0                         : _printfi.obj (.text:_fcpy)
                  80008200    000000a0                         : memory.obj (.text:_minit)
                  800082a0    000000a0                         : lowlev.obj (.text:finddevice)
                  80008340    000000a0                         : memory.obj (.text:minsert)
                  800083e0    000000a0                         : memory.obj (.text:mremove)
                  80008480    00000080                         : fltulld.obj (.text:__c6xabi_fltulld)
                  80008500    00000080                         : renormd.obj (.text:_renormd)
                  80008580    00000080                         : lowlev.obj (.text:unlink)
                  80008600    00000060                         : cpp_init.obj (.text:__TI_cpp_init)
                  80008660    00000060                         : fltid.obj (.text:__c6xabi_fltid)
                  800086c0    00000060                         : llshift.obj (.text:__c6xabi_llshru)
                  80008720    00000060                         : boot.obj (.text:_c_int00)
                  80008780    00000060                         : imath64.obj (.text:_subcull)
                  800087e0    00000060                         : memccpy.obj (.text:memccpy)
                  80008840    00000060                         : trgmsg.obj (.text:readmsg)
                  800088a0    00000060                         : trgmsg.obj (.text:writemsg)
                  80008900    00000040                         : fltud.obj (.text:__c6xabi_fltud)
                  80008940    00000040                         : frcmpyd_div.obj (.text:__c6xabi_frcmpyd_div)
                  80008980    00000040                         : isinf.obj (.text:__c6xabi_isinf)
                  800089c0    00000040                         : _printfi.obj (.text:__c6xabi_isnan)
                  80008a00    00000040                         : negd.obj (.text:__c6xabi_negd)
                  80008a40    00000040                         : subd.obj (.text:__c6xabi_subd)
                  80008a80    00000040                         : args_main.obj (.text:_args_main)
                  80008ac0    00000020                         : _lock.obj (.text:_nop)
                  80008ae0    00000020                         : printf.obj (.text:_outc)
                  80008b00    00000020                         : printf.obj (.text:_outs)
                  80008b20    00000020                         : exit.obj (.text:abort)
                  80008b40    00000020                         : copy_decompress_none.obj (.text:decompress:none:__TI_decompress_none)
                  80008b60    00000020                         : copy_decompress_rle.obj (.text:decompress:rle24:__TI_decompress_rle24)

big_ro     0    80008b80    00001ecc     
                  80008b80    00001900     deep_learning.obj (.const:kernel5x5)
                  8000a480    00000101     rtstesla_le_elf.lib : ctype.obj (.const:.string:_ctypes_)
                  8000a581    00000023                         : _printfi.obj (.const:.string)
                  8000a5a4    00000014     main.obj (.const:.string)
                  8000a5b8    00000008     rtstesla_le_elf.lib : divd.obj (.const:.string:initial_approx$1)
                  8000a5c0    00000140                         : defs.obj (.far) [fill = 0]
                  8000a700    00000018     deep_learning.obj (.far) [fill = 0]
                  8000a718    00000008     rtstesla_le_elf.lib : trgdrv.obj (.far) [fill = 0]
                  8000a720    000001e0                         : defs.obj (.fardata:_ftable)
                  8000a900    000000a0                         : lowlev.obj (.fardata:_stream)
                  8000a9a0    00000078                         : lowlev.obj (.fardata:_device)
                  8000aa18    00000010     deep_learning.obj (.fardata:dilate)
                  8000aa28    0000000c     rtstesla_le_elf.lib : exit.obj (.fardata)
                  8000aa34    0000000c                         : memory.obj (.fardata)
                  8000aa40    00000008                         : _lock.obj (.fardata)
                  8000aa48    00000004                         : defs.obj (.fardata)

.stack     0    8000aa50    00001000     UNINITIALIZED
                  8000aa50    00000008     rtstesla_le_elf.lib : boot.obj (.stack)
                  8000aa58    00000ff8     --HOLE--

.neardata 
*          0    8000ba50    00000000     UNINITIALIZED

.rodata    0    8000ba50    00000000     UNINITIALIZED

.bss       0    8000ba50    0000002c     UNINITIALIZED
                  8000ba50    0000002c     deep_learning.obj (.bss)

.cinit     0    8000ba7c    000019fc     
                  8000ba7c    000019d6     (.cinit.big_ro.load) [load image, compression = rle]
                  8000d452    00000002     --HOLE-- [fill = 0]
                  8000d454    0000000c     (__TI_handler_table)
                  8000d460    00000008     (.cinit..bss.load) [load image, compression = zero_init]
                  8000d468    00000010     (__TI_cinit_table)

.sysmem    0    81000000    10000000     UNINITIALIZED
                  81000000    00000008     rtstesla_le_elf.lib : memory.obj (.sysmem)
                  81000008    0ffffff8     --HOLE--


LINKER GENERATED COPY TABLES

__TI_cinit_table @ 8000d468 records: 2, size/record: 8, table size: 16
	big_ro: load addr=8000ba7c, load size=000019d6 bytes, run addr=80008b80, run size=00001ecc bytes, compression=rle
	.bss: load addr=8000d460, load size=00000008 bytes, run addr=8000ba50, run size=0000002c bytes, compression=zero_init


LINKER GENERATED HANDLER TABLE

__TI_handler_table @ 8000d454 records: 3, size/record: 4, table size: 12
	index: 0, handler: __TI_decompress_rle24
	index: 1, handler: __TI_decompress_none
	index: 2, handler: __TI_zero_init


FAR CALL TRAMPOLINES

callee name               trampoline name
   callee addr  tramp addr   call addr  call info
--------------  -----------  ---------  ----------------
$.text:_c_int00:rtstesla_le_elf.lib<boot.obj>$0x0  $Tramp$S$$_c_int00
   80008720     80000200     80000000   boot.obj (.boot)

[1 trampolines]
[1 trampoline calls]


GLOBAL SYMBOLS: SORTED ALPHABETICALLY BY Name 

address    name
--------   ----
80008b20   C$$EXIT
800088f4   C$$IO$$
80000400   Conv5x5
80005900   DSP_add16_shift
80006740   DSP_dotprod
80004be0   DSP_maxidx
800075a0   DSP_maxval
80006860   DSP_vec
80007ee0   HOSTclose
80006960   HOSTlseek
80006a60   HOSTopen
80007060   HOSTread
80005aa0   HOSTrename
80007760   HOSTunlink
80007140   HOSTwrite
800055a0   IMG_conv_5x5_i16s_c16s_cn
80000c88   MemMgr_HeapDeInit
800009f8   MemMgr_HeapInit
80000220   __CIOBUF_
8000d468   __TI_CINIT_Base
8000d478   __TI_CINIT_Limit
8000d454   __TI_Handler_Table_Base
8000d460   __TI_Handler_Table_Limit
UNDEFED    __TI_INITARRAY_Base
UNDEFED    __TI_INITARRAY_Limit
8000ba50   __TI_STACK_END
00001000   __TI_STACK_SIZE
8000ba50   __TI_STATIC_BASE
10000000   __TI_SYSMEM_SIZE
UNDEFED    __TI_TLS_INIT_Base
UNDEFED    __TI_TLS_INIT_Limit
00000001   __TI_args_main
80008600   __TI_cpp_init
80008b40   __TI_decompress_none
80008b60   __TI_decompress_rle24
8000aa30   __TI_enable_exit_profile_output
ffffffff   __TI_pprof_out_hndl
ffffffff   __TI_prof_data_size
ffffffff   __TI_prof_data_start
80007d60   __TI_tls_init
800073e0   __TI_zero_init
ffffffff   __binit__
800049c0   __c6xabi_addd
80007220   __c6xabi_cmpd
80000d40   __c6xabi_divd
80007820   __c6xabi_divu
800053e0   __c6xabi_divul
80003660   __c6xabi_divull
80007f80   __c6xabi_fixdi
80008660   __c6xabi_fltid
80008900   __c6xabi_fltud
80008480   __c6xabi_fltulld
80008940   __c6xabi_frcmpyd_div
80008980   __c6xabi_isinf
80008020   __c6xabi_llshl
800086c0   __c6xabi_llshru
800040c0   __c6xabi_mpyd
80008a00   __c6xabi_negd
80008a40   __c6xabi_subd
ffffffff   __c_args__
80007820   __divu
80008a80   _args_main
80006b60   _auto_init_elf
80008720   _c_int00
800080c0   _cleanup
8000aa28   _cleanup_ptr
800061a0   _closefile
8000a480   _ctypes_
800078e0   _doflush
8000aa2c   _dtors_ptr
80004e00   _frcaddd
800062c0   _frcmpyd
8000aa48   _ft_end
8000a720   _ftable
8000aa40   _lock
80008200   _minit
80008ac0   _nop
80001d40   _printfi
80008500   _renormd
80000000   _reset
8000aa50   _stack
80008780   _subcull
81000000   _sys_memory
8000a5c0   _tmpnams
8000aa44   _unlock
80006c60   _wrt_ok
80008b20   abort
80006d60   atoi
ffffffff   binit
800032c0   clean
80006e60   close
80003040   config_AMMU
80006f60   copy_in
80000c18   deeplearn
8000aa18   dilate
80005200   dummy_classifier
800030f0   enable_L1Cache
80003100   enable_L2Cache
80007b20   exit
80004540   fputc
800021c0   fputs
80003ba0   free
80005f20   fseek
80003224   invalidate
80008b80   kernel5x5
80007be0   lseek
80007ca0   ltoa
80003110   main
80005da0   malloc
8000a700   maps_info_1
800087e0   memccpy
80006060   memcpy
800074c0   memset
800007e8   operateLayer1
800005d8   operateLayer2
8000ba6c   pHiddenBias
8000ba74   pHiddenNeuron
8000ba64   pInputNeurons
8000ba68   pInputWt
8000ba78   pOutputNeuron
8000ba70   pOutputWt
80007680   printf
80008840   readmsg
80008580   remove
80004780   setvbuf
80008580   unlink
80007e20   write
800088a0   writemsg


GLOBAL SYMBOLS: SORTED BY Symbol Address 

address    name
--------   ----
00000001   __TI_args_main
00001000   __TI_STACK_SIZE
10000000   __TI_SYSMEM_SIZE
80000000   _reset
80000220   __CIOBUF_
80000400   Conv5x5
800005d8   operateLayer2
800007e8   operateLayer1
800009f8   MemMgr_HeapInit
80000c18   deeplearn
80000c88   MemMgr_HeapDeInit
80000d40   __c6xabi_divd
80001d40   _printfi
800021c0   fputs
80003040   config_AMMU
800030f0   enable_L1Cache
80003100   enable_L2Cache
80003110   main
80003224   invalidate
800032c0   clean
80003660   __c6xabi_divull
80003ba0   free
800040c0   __c6xabi_mpyd
80004540   fputc
80004780   setvbuf
800049c0   __c6xabi_addd
80004be0   DSP_maxidx
80004e00   _frcaddd
80005200   dummy_classifier
800053e0   __c6xabi_divul
800055a0   IMG_conv_5x5_i16s_c16s_cn
80005900   DSP_add16_shift
80005aa0   HOSTrename
80005da0   malloc
80005f20   fseek
80006060   memcpy
800061a0   _closefile
800062c0   _frcmpyd
80006740   DSP_dotprod
80006860   DSP_vec
80006960   HOSTlseek
80006a60   HOSTopen
80006b60   _auto_init_elf
80006c60   _wrt_ok
80006d60   atoi
80006e60   close
80006f60   copy_in
80007060   HOSTread
80007140   HOSTwrite
80007220   __c6xabi_cmpd
800073e0   __TI_zero_init
800074c0   memset
800075a0   DSP_maxval
80007680   printf
80007760   HOSTunlink
80007820   __c6xabi_divu
80007820   __divu
800078e0   _doflush
80007b20   exit
80007be0   lseek
80007ca0   ltoa
80007d60   __TI_tls_init
80007e20   write
80007ee0   HOSTclose
80007f80   __c6xabi_fixdi
80008020   __c6xabi_llshl
800080c0   _cleanup
80008200   _minit
80008480   __c6xabi_fltulld
80008500   _renormd
80008580   remove
80008580   unlink
80008600   __TI_cpp_init
80008660   __c6xabi_fltid
800086c0   __c6xabi_llshru
80008720   _c_int00
80008780   _subcull
800087e0   memccpy
80008840   readmsg
800088a0   writemsg
800088f4   C$$IO$$
80008900   __c6xabi_fltud
80008940   __c6xabi_frcmpyd_div
80008980   __c6xabi_isinf
80008a00   __c6xabi_negd
80008a40   __c6xabi_subd
80008a80   _args_main
80008ac0   _nop
80008b20   C$$EXIT
80008b20   abort
80008b40   __TI_decompress_none
80008b60   __TI_decompress_rle24
80008b80   kernel5x5
8000a480   _ctypes_
8000a5c0   _tmpnams
8000a700   maps_info_1
8000a720   _ftable
8000aa18   dilate
8000aa28   _cleanup_ptr
8000aa2c   _dtors_ptr
8000aa30   __TI_enable_exit_profile_output
8000aa40   _lock
8000aa44   _unlock
8000aa48   _ft_end
8000aa50   _stack
8000ba50   __TI_STACK_END
8000ba50   __TI_STATIC_BASE
8000ba64   pInputNeurons
8000ba68   pInputWt
8000ba6c   pHiddenBias
8000ba70   pOutputWt
8000ba74   pHiddenNeuron
8000ba78   pOutputNeuron
8000d454   __TI_Handler_Table_Base
8000d460   __TI_Handler_Table_Limit
8000d468   __TI_CINIT_Base
8000d478   __TI_CINIT_Limit
81000000   _sys_memory
ffffffff   __TI_pprof_out_hndl
ffffffff   __TI_prof_data_size
ffffffff   __TI_prof_data_start
ffffffff   __binit__
ffffffff   __c_args__
ffffffff   binit
UNDEFED    __TI_INITARRAY_Base
UNDEFED    __TI_INITARRAY_Limit
UNDEFED    __TI_TLS_INIT_Base
UNDEFED    __TI_TLS_INIT_Limit

[128 symbols]
