******************************************************************************
               TMS320C6x Linker PC v8.0.4                      
******************************************************************************
>> Linked Tue Dec 22 18:06:40 2015

OUTPUT FILE NAME:   <dsp_deeplearn.out>
ENTRY POINT SYMBOL: "_c_int00"  address: 00807ec0


MEMORY CONFIGURATION

         name            origin    length      used     unused   attr    fill
----------------------  --------  ---------  --------  --------  ----  --------
  LOCAL_L2_SRAM         00800000   00080000  00011268  0006ed98  RWIX
  SHRAM                 0c000000   00400000  00000000  00400000  RWIX
  DDR3                  80000000   80000000  00000094  7fffff6c  RWIX


SEGMENT ALLOCATION MAP

run origin  load origin   length   init length attrs members
----------  ----------- ---------- ----------- ----- -------
00800000    00800000    000082c0   000082c0    r-x
  00800000    00800000    000082c0   000082c0    r-x .text
008082c0    008082c0    000052e0   00000000    rw-
  008082c0    008082c0    00003274   00000000    rw- .local_ram
  0080b538    0080b538    00001024   00000000    rw- .stack
  0080c560    0080c560    00001024   00000000    rw- .sysmem
  0080d588    0080d588    00000018   00000000    rw- .fardata.1
0080d5a0    0080d5a0    00000700   00000700    r-x
  0080d5a0    0080d5a0    00000700   00000700    r-x .kernel
0080dca0    0080dca0    00000458   00000000    rw-
  0080dca0    0080dca0    0000030c   00000000    rw- .fardata.2
  0080dfb0    0080dfb0    00000148   00000000    rw- .far
0080e0f8    0080e0f8    00000158   00000158    r--
  0080e0f8    0080e0f8    00000158   00000158    r-- .const
0080e250    0080e250    00000120   00000000    rw-
  0080e250    0080e250    00000120   00000000    rw- .cio
0080e370    0080e370    00000038   00000038    r--
  0080e370    0080e370    00000038   00000038    r-- .switch
0080e3a8    0080e3a8    00000018   00000000    rw-
  0080e3a8    0080e3a8    00000018   00000000    rw- .bss
0080e3c0    0080e3c0    00002eb8   00002eb8    r--
  0080e3c0    0080e3c0    00002eb8   00002eb8    r-- .cinit
80000000    80000000    00000094   00000000    rw-
  80000000    80000000    00000094   00000000    rw- .sharedram


SECTION ALLOCATION MAP

 output                                  attributes/
section   page    origin      length       input sections
--------  ----  ----------  ----------   ----------------
.kernel    0    0080d5a0    00000700     
                  0080d5a0    00000300     IMG_conv_7x7_i16s_c16s.obj (.text:optimized)
                  0080d8a0    00000260     IMG_conv_5x5_i16s_c16s.obj (.text:optimized)
                  0080db00    00000120     DSP_add16.obj (.text:optimized)
                  0080dc20    00000080     DSP_maxval.obj (.text:optimized)

.text      0    00800000    000082c0     
                  00800000    000011a0     deep_learning_conv_add.obj (.text)
                  008011a0    00000600     rts6600_elf.lib : divd.obj (.text:__c6xabi_divd)
                  008017a0    000005c0     main.obj (.text)
                  00801d60    000005a0     rts6600_elf.lib : _printfi.obj (.text:_setfield)
                  00802300    00000580                     : _printfi.obj (.text:_getarg_diouxp)
                  00802880    00000460                     : _printfi.obj (.text:__TI_printfi)
                  00802ce0    00000380                     : fputs.obj (.text:fputs)
                  00803060    00000300                     : _printfi.obj (.text:_pproc_fgea)
                  00803360    000002c0                     : _printfi.obj (.text:_pproc_fwp)
                  00803620    000002a0                     : _printfi.obj (.text:ecvt)
                  008038c0    000002a0                     : memory.obj (.text:free)
                  00803b60    00000280                     : _printfi.obj (.text:fcvt)
                  00803de0    00000260                     : _printfi.obj (.text:_pconv_e)
                  00804040    00000240                     : imath64.obj (.text:__c6xabi_divull)
                  00804280    00000240                     : _printfi.obj (.text:_pproc_diouxp)
                  008044c0    00000240                     : _printfi.obj (.text:_pproc_str)
                  00804700    00000240                     : _printfi.obj (.text:acvt)
                  00804940    00000240                     : setvbuf.obj (.text:setvbuf)
                  00804b80    00000220                     : fputc.obj (.text:fputc)
                  00804da0    00000200                     : _printfi.obj (.text:_pconv_g)
                  00804fa0    000001e0                     : imath40.obj (.text:__c6xabi_divul)
                  00805180    000001a0                     : trgdrv.obj (.text:HOSTrename)
                  00805320    000001a0                     : _printfi.obj (.text:_pconv_a)
                  008054c0    000001a0                     : frexp.obj (.text:frexp)
                  00805660    00000180                     : memory.obj (.text:malloc)
                  008057e0    00000160                     : copy_decompress_rle.obj (.text:__TI_decompress_rle_core)
                  00805940    00000160                     : _printfi.obj (.text:_mcpy)
                  00805aa0    00000140                     : fclose.obj (.text:__TI_closefile)
                  00805be0    00000140                     : autoinit.obj (.text:_auto_init_elf)
                  00805d20    00000140                     : lowlev.obj (.text:getdevice)
                  00805e60    00000140                     : ldexp.obj (.text:ldexp)
                  00805fa0    00000120                     : fseek.obj (.text:fseek)
                  008060c0    00000100                     : trgdrv.obj (.text:HOSTlseek)
                  008061c0    00000100                     : _io_perm.obj (.text:__TI_wrt_ok)
                  008062c0    00000100                     : _printfi.obj (.text:_ltostr)
                  008063c0    00000100                     : _printfi.obj (.text:_pproc_fflags)
                  008064c0    00000100                     : atoi.obj (.text:atoi)
                  008065c0    00000100                     : cpy_tbl.obj (.text:copy_in)
                  008066c0    000000e0                     : trgdrv.obj (.text:HOSTopen)
                  008067a0    000000e0                     : trgdrv.obj (.text:HOSTwrite)
                  00806880    000000e0                     : divi.obj (.text:__divi)
                  00806960    000000e0                     : _printfi.obj (.text:_div)
                  00806a40    000000e0                     : lowlev.obj (.text:close)
                  00806b20    000000e0                     : copy_zero_init.obj (.text:decompress:ZI:__TI_zero_init)
                  00806c00    000000e0                     : ltoa.obj (.text:ltoa)
                  00806ce0    000000e0                     : memset.obj (.text:memset)
                  00806dc0    000000e0                     : printf.obj (.text:printf)
                  00806ea0    000000c0                     : trgdrv.obj (.text:HOSTread)
                  00806f60    000000c0                     : trgdrv.obj (.text:HOSTunlink)
                  00807020    000000c0                     : fflush.obj (.text:__TI_doflush)
                  008070e0    000000c0                     : divu.obj (.text:__divu)
                  008071a0    000000c0                     : remi.obj (.text:__remi)
                  00807260    000000c0                     : _printfi.obj (.text:_ecpy)
                  00807320    000000c0                     : exit.obj (.text:exit)
                  008073e0    000000c0                     : memory.obj (.text:minsert)
                  008074a0    000000c0                     : memory.obj (.text:mremove)
                  00807560    000000c0                     : tls.obj (.text:tls:init:__TI_tls_init)
                  00807620    000000a0                     : trgdrv.obj (.text:HOSTclose)
                  008076c0    000000a0                     : fopen.obj (.text:__TI_cleanup)
                  00807760    000000a0                     : fltulld.obj (.text:__c6xabi_fltulld)
                  00807800    000000a0                     : _printfi.obj (.text:_fcpy)
                  008078a0    000000a0                     : memory.obj (.text:_minit)
                  00807940    000000a0                     : _printfi.obj (.text:_pconv_f)
                  008079e0    000000a0                     : memcpy64.obj (.text:memcpy)
                  00807a80    00000080                     : trgmsg.obj (.text:__TI_readmsg)
                  00807b00    00000080                     : trgmsg.obj (.text:__TI_writemsg)
                  00807b80    00000080                     : llshift.obj (.text:__c6xabi_llshl)
                  00807c00    00000080                     : lowlev.obj (.text:finddevice)
                  00807c80    00000080                     : _printfi.obj (.text:incr_hex)
                  00807d00    00000080                     : rand.obj (.text:rand)
                  00807d80    00000080                     : lowlev.obj (.text:unlink)
                  00807e00    00000060                     : frcmpyd_div.obj (.text:__TI_frcmpyd_div)
                  00807e60    00000060                     : llshift.obj (.text:__c6xabi_llshru)
                  00807ec0    00000060                     : boot.obj (.text:_c_int00)
                  00807f20    00000060                     : imath64.obj (.text:_subcull)
                  00807f80    00000060                     : lowlev.obj (.text:lseek)
                  00807fe0    00000060                     : memccpy.obj (.text:memccpy)
                  00808040    00000060                     : _printfi.obj (.text:val_hex)
                  008080a0    00000060                     : lowlev.obj (.text:write)
                  00808100    00000040                     : isinf.obj (.text:__c6xabi_isinf)
                  00808140    00000040                     : _printfi.obj (.text:__c6xabi_isnan)
                  00808180    00000040                     : args_main.obj (.text:_args_main)
                  008081c0    00000020                     : errno.obj (.text:__c6xabi_errno_addr)
                  008081e0    00000020                     : _lock.obj (.text:_nop)
                  00808200    00000020                     : printf.obj (.text:_outc)
                  00808220    00000020                     : printf.obj (.text:_outs)
                  00808240    00000020                     : exit.obj (.text:abort)
                  00808260    00000020     ti.csl.ae66 : csl_tsc.oe66 (.text:cslsys_section:tsc)
                  00808280    00000020     rts6600_elf.lib : copy_decompress_none.obj (.text:decompress:none:__TI_decompress_none)
                  008082a0    00000020                     : copy_decompress_rle.obj (.text:decompress:rle24:__TI_decompress_rle24)

.local_ram 
*          0    008082c0    00003274     UNINITIALIZED
                  008082c0    00002c30     deep_learning_conv_add.obj (.local_ram:init)
                  0080aef0    00000620     main.obj (.local_ram:init)
                  0080b510    00000020     deep_learning_conv_add.obj (.local_ram:uninit)
                  0080b530    00000004     main.obj (.local_ram:uninit)

.stack     0    0080b538    00001024     UNINITIALIZED
                  0080b538    00000008     rts6600_elf.lib : boot.obj (.stack)
                  0080b540    0000101c     --HOLE--

.sysmem    0    0080c560    00001024     UNINITIALIZED
                  0080c560    00000008     rts6600_elf.lib : memory.obj (.sysmem)
                  0080c568    0000101c     --HOLE--

.fardata.1 
*          0    0080d588    00000018     UNINITIALIZED
                  0080d588    0000000c     rts6600_elf.lib : exit.obj (.fardata)
                  0080d594    0000000c                     : memory.obj (.fardata)

.fardata.2 
*          0    0080dca0    0000030c     UNINITIALIZED
                  0080dca0    000001e0     rts6600_elf.lib : defs.obj (.fardata:_ftable)
                  0080de80    000000a0                     : lowlev.obj (.fardata:_stream)
                  0080df20    00000078                     : lowlev.obj (.fardata:_device)
                  0080df98    00000004                     : _lock.obj (.fardata:_lock)
                  0080df9c    00000004                     : _lock.obj (.fardata:_unlock)
                  0080dfa0    00000004                     : defs.obj (.fardata)
                  0080dfa4    00000004                     : errno.obj (.fardata)
                  0080dfa8    00000004                     : rand.obj (.fardata)

.far       0    0080dfb0    00000148     UNINITIALIZED
                  0080dfb0    00000140     (.common:__TI_tmpnams)
                  0080e0f0    00000008     (.common:parmbuf)

.const     0    0080e0f8    00000158     
                  0080e0f8    00000101     rts6600_elf.lib : ctype.obj (.const:.string:_ctypes_)
                  0080e1f9    00000003     --HOLE-- [fill = 0]
                  0080e1fc    00000024                     : _printfi.obj (.const:.string)
                  0080e220    0000001c     deep_learning_conv_add.obj (.const:.string)
                  0080e23c    00000014     main.obj (.const:.string)

.cio       0    0080e250    00000120     UNINITIALIZED
                  0080e250    00000120     rts6600_elf.lib : trgmsg.obj (.cio)

.switch    0    0080e370    00000038     
                  0080e370    00000038     rts6600_elf.lib : _printfi.obj (.switch:_pproc_fgea)

.neardata 
*          0    0080e3a8    00000000     UNINITIALIZED

.rodata    0    0080e3a8    00000000     UNINITIALIZED

.bss       0    0080e3a8    00000018     UNINITIALIZED
                  0080e3a8    00000008     (.common:cumulative)
                  0080e3b0    00000008     (.common:endVal)
                  0080e3b8    00000008     (.common:startVal)

.cinit     0    0080e3c0    00002eb8     
                  0080e3c0    00002ddb     (.cinit..local_ram.load) [load image, compression = rle]
                  0081119b    00000001     --HOLE-- [fill = 0]
                  0081119c    00000065     (.cinit..fardata.2.load) [load image, compression = rle]
                  00811201    00000003     --HOLE-- [fill = 0]
                  00811204    00000019     (.cinit..fardata.1.load) [load image, compression = rle]
                  0081121d    00000003     --HOLE-- [fill = 0]
                  00811220    0000000c     (__TI_handler_table)
                  0081122c    00000008     (.cinit..bss.load) [load image, compression = zero_init]
                  00811234    00000008     (.cinit..far.load) [load image, compression = zero_init]
                  0081123c    00000008     (.cinit..sharedram.load) [load image, compression = zero_init]
                  00811244    00000004     --HOLE-- [fill = 0]
                  00811248    00000030     (__TI_cinit_table)

.init_array 
*          0    00800000    00000000     UNINITIALIZED

.sharedram 
*          0    80000000    00000094     UNINITIALIZED
                  80000000    00000094     deep_learning_conv_add.obj (.sharedram)


LINKER GENERATED COPY TABLES

__TI_cinit_table @ 00811248 records: 6, size/record: 8, table size: 48
	.local_ram: load addr=0080e3c0, load size=00002ddb bytes, run addr=008082c0, run size=00003274 bytes, compression=rle
	.fardata.2: load addr=0081119c, load size=00000065 bytes, run addr=0080dca0, run size=0000030c bytes, compression=rle
	.fardata.1: load addr=00811204, load size=00000019 bytes, run addr=0080d588, run size=00000018 bytes, compression=rle
	.bss: load addr=0081122c, load size=00000008 bytes, run addr=0080e3a8, run size=00000018 bytes, compression=zero_init
	.far: load addr=00811234, load size=00000008 bytes, run addr=0080dfb0, run size=00000148 bytes, compression=zero_init
	.sharedram: load addr=0081123c, load size=00000008 bytes, run addr=80000000, run size=00000094 bytes, compression=zero_init


LINKER GENERATED HANDLER TABLE

__TI_handler_table @ 00811220 records: 3, size/record: 4, table size: 12
	index: 0, handler: __TI_zero_init
	index: 1, handler: __TI_decompress_rle24
	index: 2, handler: __TI_decompress_none


GLOBAL SYMBOLS: SORTED ALPHABETICALLY BY Name 

address   name                           
-------   ----                           
00808240  C$$EXIT                        
00807b60  C$$IO$$                        
00808260  CSL_tscEnable                  
00808268  CSL_tscRead                    
00800000  Conv5x5                        
00800674  Conv7x7                        
0080db00  DSP_add16_shift                
0080dc20  DSP_maxval                     
00807620  HOSTclose                      
008060c0  HOSTlseek                      
008066c0  HOSTopen                       
00806ea0  HOSTread                       
00805180  HOSTrename                     
00806f60  HOSTunlink                     
008067a0  HOSTwrite                      
0080d8a0  IMG_conv_5x5_i16s_c16s         
0080d5a0  IMG_conv_7x7_i16s_c16s         
00800a88  MemMgr_HeapInit                
0080e250  __CIOBUF_                      
00811248  __TI_CINIT_Base                
00811278  __TI_CINIT_Limit               
00811220  __TI_Handler_Table_Base        
0081122c  __TI_Handler_Table_Limit       
UNDEFED   __TI_INITARRAY_Base            
UNDEFED   __TI_INITARRAY_Limit           
0080c55c  __TI_STACK_END                 
00001024  __TI_STACK_SIZE                
008082c0  __TI_STATIC_BASE               
00001024  __TI_SYSMEM_SIZE               
UNDEFED   __TI_TLS_INIT_Base             
UNDEFED   __TI_TLS_INIT_Limit            
008076c0  __TI_cleanup                   
0080d588  __TI_cleanup_ptr               
00805aa0  __TI_closefile                 
00808280  __TI_decompress_none           
008082a0  __TI_decompress_rle24          
00807020  __TI_doflush                   
0080d58c  __TI_dtors_ptr                 
0080d590  __TI_enable_exit_profile_output
00807e00  __TI_frcmpyd_div               
0080dfa0  __TI_ft_end                    
ffffffff  __TI_pprof_out_hndl            
00802880  __TI_printfi                   
ffffffff  __TI_prof_data_size            
ffffffff  __TI_prof_data_start           
00807a80  __TI_readmsg                   
00807560  __TI_tls_init                  
0080dfb0  __TI_tmpnams                   
00807b00  __TI_writemsg                  
008061c0  __TI_wrt_ok                    
00806b20  __TI_zero_init                 
ffffffff  __binit__                      
008011a0  __c6xabi_divd                  
00806880  __c6xabi_divi                  
008070e0  __c6xabi_divu                  
00804fa0  __c6xabi_divul                 
00804040  __c6xabi_divull                
008081c0  __c6xabi_errno_addr            
00807760  __c6xabi_fltulld               
00808100  __c6xabi_isinf                 
00807b80  __c6xabi_llshl                 
00807e60  __c6xabi_llshru                
008071a0  __c6xabi_remi                  
ffffffff  __c_args__                     
00806880  __divi                         
008070e0  __divu                         
0080dfa4  __errno                        
008071a0  __remi                         
00808180  _args_main                     
00000200  _argsize                       
00805be0  _auto_init_elf                 
00807ec0  _c_int00                       
0080e0f8  _ctypes_                       
0080dca0  _ftable                        
00000700  _kernel_size                   
0080df98  _lock                          
008078a0  _minit                         
008081e0  _nop                           
0080b538  _stack                         
00807f20  _subcull                       
0080c560  _sys_memory                    
0080df9c  _unlock                        
00808240  abort                          
008064c0  atoi                           
ffffffff  binit                          
00806a40  close                          
00801b58  compute_num_maps               
00000158  const_size                     
0080e0f8  const_start                    
008065c0  copy_in                        
0080b530  core_id                        
0080e3a8  cumulative                     
00800fac  deeplearn                      
0080aee8  dilate                         
008017a0  do_power_gating                
0080e3b0  endVal                         
0080dfa4  errno                          
00807320  exit                           
00804b80  fputc                          
00802ce0  fputs                          
008038c0  free                           
008054c0  frexp                          
00805fa0  fseek                          
0080aef0  in_img                         
008082c0  kernel5x5                      
00809bc0  kernel7x7                      
80000000  l1_maps                        
80000020  l1_maps_ptr                    
80000048  l2_maps                        
80000070  l2_maps_ptr                    
00805e60  ldexp                          
00807f80  lseek                          
00806c00  ltoa                           
00801bd0  main                           
00805660  malloc                         
00800a20  mem_alloc                      
00807fe0  memccpy                        
008079e0  memcpy                         
00806ce0  memset                         
80000068  mod_l1                         
8000006c  mod_l2                         
00800704  operateLayer1                  
00800194  operateLayer2                  
00806dc0  printf                         
00807d00  rand                           
00807d80  remove                         
00804940  setvbuf                        
0080e3b8  startVal                       
80000040  total_l1_maps                  
80000090  total_l2_maps                  
00807d80  unlink                         
008080a0  write                          


GLOBAL SYMBOLS: SORTED BY Symbol Address 

address   name                           
-------   ----                           
00000158  const_size                     
00000200  _argsize                       
00000700  _kernel_size                   
00001024  __TI_STACK_SIZE                
00001024  __TI_SYSMEM_SIZE               
00800000  Conv5x5                        
00800194  operateLayer2                  
00800674  Conv7x7                        
00800704  operateLayer1                  
00800a20  mem_alloc                      
00800a88  MemMgr_HeapInit                
00800fac  deeplearn                      
008011a0  __c6xabi_divd                  
008017a0  do_power_gating                
00801b58  compute_num_maps               
00801bd0  main                           
00802880  __TI_printfi                   
00802ce0  fputs                          
008038c0  free                           
00804040  __c6xabi_divull                
00804940  setvbuf                        
00804b80  fputc                          
00804fa0  __c6xabi_divul                 
00805180  HOSTrename                     
008054c0  frexp                          
00805660  malloc                         
00805aa0  __TI_closefile                 
00805be0  _auto_init_elf                 
00805e60  ldexp                          
00805fa0  fseek                          
008060c0  HOSTlseek                      
008061c0  __TI_wrt_ok                    
008064c0  atoi                           
008065c0  copy_in                        
008066c0  HOSTopen                       
008067a0  HOSTwrite                      
00806880  __c6xabi_divi                  
00806880  __divi                         
00806a40  close                          
00806b20  __TI_zero_init                 
00806c00  ltoa                           
00806ce0  memset                         
00806dc0  printf                         
00806ea0  HOSTread                       
00806f60  HOSTunlink                     
00807020  __TI_doflush                   
008070e0  __c6xabi_divu                  
008070e0  __divu                         
008071a0  __c6xabi_remi                  
008071a0  __remi                         
00807320  exit                           
00807560  __TI_tls_init                  
00807620  HOSTclose                      
008076c0  __TI_cleanup                   
00807760  __c6xabi_fltulld               
008078a0  _minit                         
008079e0  memcpy                         
00807a80  __TI_readmsg                   
00807b00  __TI_writemsg                  
00807b60  C$$IO$$                        
00807b80  __c6xabi_llshl                 
00807d00  rand                           
00807d80  remove                         
00807d80  unlink                         
00807e00  __TI_frcmpyd_div               
00807e60  __c6xabi_llshru                
00807ec0  _c_int00                       
00807f20  _subcull                       
00807f80  lseek                          
00807fe0  memccpy                        
008080a0  write                          
00808100  __c6xabi_isinf                 
00808180  _args_main                     
008081c0  __c6xabi_errno_addr            
008081e0  _nop                           
00808240  C$$EXIT                        
00808240  abort                          
00808260  CSL_tscEnable                  
00808268  CSL_tscRead                    
00808280  __TI_decompress_none           
008082a0  __TI_decompress_rle24          
008082c0  __TI_STATIC_BASE               
008082c0  kernel5x5                      
00809bc0  kernel7x7                      
0080aee8  dilate                         
0080aef0  in_img                         
0080b530  core_id                        
0080b538  _stack                         
0080c55c  __TI_STACK_END                 
0080c560  _sys_memory                    
0080d588  __TI_cleanup_ptr               
0080d58c  __TI_dtors_ptr                 
0080d590  __TI_enable_exit_profile_output
0080d5a0  IMG_conv_7x7_i16s_c16s         
0080d8a0  IMG_conv_5x5_i16s_c16s         
0080db00  DSP_add16_shift                
0080dc20  DSP_maxval                     
0080dca0  _ftable                        
0080df98  _lock                          
0080df9c  _unlock                        
0080dfa0  __TI_ft_end                    
0080dfa4  __errno                        
0080dfa4  errno                          
0080dfb0  __TI_tmpnams                   
0080e0f8  _ctypes_                       
0080e0f8  const_start                    
0080e250  __CIOBUF_                      
0080e3a8  cumulative                     
0080e3b0  endVal                         
0080e3b8  startVal                       
00811220  __TI_Handler_Table_Base        
0081122c  __TI_Handler_Table_Limit       
00811248  __TI_CINIT_Base                
00811278  __TI_CINIT_Limit               
80000000  l1_maps                        
80000020  l1_maps_ptr                    
80000040  total_l1_maps                  
80000048  l2_maps                        
80000068  mod_l1                         
8000006c  mod_l2                         
80000070  l2_maps_ptr                    
80000090  total_l2_maps                  
ffffffff  __TI_pprof_out_hndl            
ffffffff  __TI_prof_data_size            
ffffffff  __TI_prof_data_start           
ffffffff  __binit__                      
ffffffff  __c_args__                     
ffffffff  binit                          
UNDEFED   __TI_INITARRAY_Base            
UNDEFED   __TI_INITARRAY_Limit           
UNDEFED   __TI_TLS_INIT_Base             
UNDEFED   __TI_TLS_INIT_Limit            

[132 symbols]
