******************************************************************************
               TMS320C6x Linker PC v8.0.4                      
******************************************************************************
>> Linked Tue Jan 12 15:28:38 2016

OUTPUT FILE NAME:   <dsp_deeplearn_caltech.out>
ENTRY POINT SYMBOL: "_c_int00"  address: 00807d40


MEMORY CONFIGURATION

         name            origin    length      used     unused   attr    fill
----------------------  --------  ---------  --------  --------  ----  --------
  LOCAL_L2_SRAM         00800000   00080000  00010098  0006ff68  RWIX
  SHRAM                 0c000000   00400000  00000000  00400000  RWIX
  DDR3                  80000000   20000000  00000000  20000000  RWIX


SEGMENT ALLOCATION MAP

run origin  load origin   length   init length attrs members
----------  ----------- ---------- ----------- ----- -------
00800000    00800000    00008140   00008140    r-x
  00800000    00800000    00008140   00008140    r-x .text
00808140    00808140    000053a0   00000000    rw-
  00808140    00808140    00003030   00000000    rw- .local_ram
  0080b170    0080b170    00001024   00000000    rw- .stack
  0080c198    0080c198    00001024   00000000    rw- .sysmem
  0080d1c0    0080d1c0    00000320   00000000    rw- .fardata
0080d4e0    0080d4e0    00000340   00000340    r-x
  0080d4e0    0080d4e0    00000340   00000340    r-x .kernel
0080d820    0080d820    00000148   00000000    rw-
  0080d820    0080d820    00000148   00000000    rw- .far
0080d968    0080d968    0000013c   0000013c    r--
  0080d968    0080d968    0000013c   0000013c    r-- .const
0080daa8    0080daa8    00000120   00000000    rw-
  0080daa8    0080daa8    00000120   00000000    rw- .cio
0080dbc8    0080dbc8    00000038   00000038    r--
  0080dbc8    0080dbc8    00000038   00000038    r-- .switch
0080dc00    0080dc00    0000001c   00000000    rw-
  0080dc00    0080dc00    0000001c   00000000    rw- .bss
0080dc20    0080dc20    00002488   00002488    r--
  0080dc20    0080dc20    00002488   00002488    r-- .cinit


SECTION ALLOCATION MAP

 output                                  attributes/
section   page    origin      length       input sections
--------  ----  ----------  ----------   ----------------
.kernel    0    0080d4e0    00000340     
                  0080d4e0    000001a0     IMG_conv_11x11_i16s_c16s.obj (.text:optimized)
                  0080d680    00000120     DSP_add16.obj (.text:optimized)
                  0080d7a0    00000080     DSP_maxval.obj (.text:optimized)

.text      0    00800000    00008140     
                  00800000    000010a0     deep_learning.obj (.text)
                  008010a0    00000600     rts6600_elf.lib : divd.obj (.text:__c6xabi_divd)
                  008016a0    000005c0     main.obj (.text)
                  00801c60    000005a0     rts6600_elf.lib : _printfi.obj (.text:_setfield)
                  00802200    00000580                     : _printfi.obj (.text:_getarg_diouxp)
                  00802780    00000460                     : _printfi.obj (.text:__TI_printfi)
                  00802be0    00000380                     : fputs.obj (.text:fputs)
                  00802f60    00000300                     : _printfi.obj (.text:_pproc_fgea)
                  00803260    000002c0                     : _printfi.obj (.text:_pproc_fwp)
                  00803520    000002a0                     : _printfi.obj (.text:ecvt)
                  008037c0    000002a0                     : memory.obj (.text:free)
                  00803a60    00000280                     : _printfi.obj (.text:fcvt)
                  00803ce0    00000260                     : _printfi.obj (.text:_pconv_e)
                  00803f40    00000240                     : imath64.obj (.text:__c6xabi_divull)
                  00804180    00000240                     : _printfi.obj (.text:_pproc_diouxp)
                  008043c0    00000240                     : _printfi.obj (.text:_pproc_str)
                  00804600    00000240                     : _printfi.obj (.text:acvt)
                  00804840    00000240                     : setvbuf.obj (.text:setvbuf)
                  00804a80    00000220                     : fputc.obj (.text:fputc)
                  00804ca0    00000200                     : _printfi.obj (.text:_pconv_g)
                  00804ea0    000001e0                     : imath40.obj (.text:__c6xabi_divul)
                  00805080    000001a0                     : trgdrv.obj (.text:HOSTrename)
                  00805220    000001a0                     : _printfi.obj (.text:_pconv_a)
                  008053c0    000001a0                     : frexp.obj (.text:frexp)
                  00805560    00000180                     : memory.obj (.text:malloc)
                  008056e0    00000160                     : copy_decompress_rle.obj (.text:__TI_decompress_rle_core)
                  00805840    00000160                     : _printfi.obj (.text:_mcpy)
                  008059a0    00000140                     : fclose.obj (.text:__TI_closefile)
                  00805ae0    00000140                     : autoinit.obj (.text:_auto_init_elf)
                  00805c20    00000140                     : lowlev.obj (.text:getdevice)
                  00805d60    00000140                     : ldexp.obj (.text:ldexp)
                  00805ea0    00000120                     : fseek.obj (.text:fseek)
                  00805fc0    00000100                     : trgdrv.obj (.text:HOSTlseek)
                  008060c0    00000100                     : _io_perm.obj (.text:__TI_wrt_ok)
                  008061c0    00000100                     : _printfi.obj (.text:_ltostr)
                  008062c0    00000100                     : _printfi.obj (.text:_pproc_fflags)
                  008063c0    00000100                     : atoi.obj (.text:atoi)
                  008064c0    00000100                     : cpy_tbl.obj (.text:copy_in)
                  008065c0    000000e0                     : trgdrv.obj (.text:HOSTopen)
                  008066a0    000000e0                     : trgdrv.obj (.text:HOSTwrite)
                  00806780    000000e0                     : divi.obj (.text:__divi)
                  00806860    000000e0                     : _printfi.obj (.text:_div)
                  00806940    000000e0                     : lowlev.obj (.text:close)
                  00806a20    000000e0                     : copy_zero_init.obj (.text:decompress:ZI:__TI_zero_init)
                  00806b00    000000e0                     : ltoa.obj (.text:ltoa)
                  00806be0    000000e0                     : memset.obj (.text:memset)
                  00806cc0    000000e0                     : printf.obj (.text:printf)
                  00806da0    000000c0                     : trgdrv.obj (.text:HOSTread)
                  00806e60    000000c0                     : trgdrv.obj (.text:HOSTunlink)
                  00806f20    000000c0                     : fflush.obj (.text:__TI_doflush)
                  00806fe0    000000c0                     : divu.obj (.text:__divu)
                  008070a0    000000c0                     : remi.obj (.text:__remi)
                  00807160    000000c0                     : _printfi.obj (.text:_ecpy)
                  00807220    000000c0                     : exit.obj (.text:exit)
                  008072e0    000000c0                     : memory.obj (.text:minsert)
                  008073a0    000000c0                     : memory.obj (.text:mremove)
                  00807460    000000c0                     : tls.obj (.text:tls:init:__TI_tls_init)
                  00807520    000000a0                     : trgdrv.obj (.text:HOSTclose)
                  008075c0    000000a0                     : fopen.obj (.text:__TI_cleanup)
                  00807660    000000a0                     : fltulld.obj (.text:__c6xabi_fltulld)
                  00807700    000000a0                     : _printfi.obj (.text:_fcpy)
                  008077a0    000000a0                     : memory.obj (.text:_minit)
                  00807840    000000a0                     : _printfi.obj (.text:_pconv_f)
                  008078e0    000000a0                     : memcpy64.obj (.text:memcpy)
                  00807980    00000080                     : trgmsg.obj (.text:__TI_readmsg)
                  00807a00    00000080                     : trgmsg.obj (.text:__TI_writemsg)
                  00807a80    00000080                     : llshift.obj (.text:__c6xabi_llshl)
                  00807b00    00000080                     : lowlev.obj (.text:finddevice)
                  00807b80    00000080                     : _printfi.obj (.text:incr_hex)
                  00807c00    00000080                     : lowlev.obj (.text:unlink)
                  00807c80    00000060                     : frcmpyd_div.obj (.text:__TI_frcmpyd_div)
                  00807ce0    00000060                     : llshift.obj (.text:__c6xabi_llshru)
                  00807d40    00000060                     : boot.obj (.text:_c_int00)
                  00807da0    00000060                     : imath64.obj (.text:_subcull)
                  00807e00    00000060                     : lowlev.obj (.text:lseek)
                  00807e60    00000060                     : memccpy.obj (.text:memccpy)
                  00807ec0    00000060                     : _printfi.obj (.text:val_hex)
                  00807f20    00000060                     : lowlev.obj (.text:write)
                  00807f80    00000040                     : isinf.obj (.text:__c6xabi_isinf)
                  00807fc0    00000040                     : _printfi.obj (.text:__c6xabi_isnan)
                  00808000    00000040                     : args_main.obj (.text:_args_main)
                  00808040    00000020                     : errno.obj (.text:__c6xabi_errno_addr)
                  00808060    00000020                     : _lock.obj (.text:_nop)
                  00808080    00000020                     : printf.obj (.text:_outc)
                  008080a0    00000020                     : printf.obj (.text:_outs)
                  008080c0    00000020                     : exit.obj (.text:abort)
                  008080e0    00000020     ti.csl.ae66 : csl_tsc.oe66 (.text:cslsys_section:tsc)
                  00808100    00000020     rts6600_elf.lib : copy_decompress_none.obj (.text:decompress:none:__TI_decompress_none)
                  00808120    00000020                     : copy_decompress_rle.obj (.text:decompress:rle24:__TI_decompress_rle24)

.local_ram 
*          0    00808140    00003030     UNINITIALIZED
                  00808140    00003010     deep_learning.obj (.local_ram:init)
                  0080b150    0000001c     deep_learning.obj (.local_ram:uninit)
                  0080b16c    00000004     main.obj (.local_ram:uninit)

.stack     0    0080b170    00001024     UNINITIALIZED
                  0080b170    00000008     rts6600_elf.lib : boot.obj (.stack)
                  0080b178    0000101c     --HOLE--

.sysmem    0    0080c198    00001024     UNINITIALIZED
                  0080c198    00000008     rts6600_elf.lib : memory.obj (.sysmem)
                  0080c1a0    0000101c     --HOLE--

.fardata   0    0080d1c0    00000320     UNINITIALIZED
                  0080d1c0    000001e0     rts6600_elf.lib : defs.obj (.fardata:_ftable)
                  0080d3a0    000000a0                     : lowlev.obj (.fardata:_stream)
                  0080d440    00000078                     : lowlev.obj (.fardata:_device)
                  0080d4b8    0000000c                     : exit.obj (.fardata)
                  0080d4c4    0000000c                     : memory.obj (.fardata)
                  0080d4d0    00000004                     : _lock.obj (.fardata:_lock)
                  0080d4d4    00000004                     : _lock.obj (.fardata:_unlock)
                  0080d4d8    00000004                     : defs.obj (.fardata)
                  0080d4dc    00000004                     : errno.obj (.fardata)

.far       0    0080d820    00000148     UNINITIALIZED
                  0080d820    00000140     (.common:__TI_tmpnams)
                  0080d960    00000008     (.common:parmbuf)

.const     0    0080d968    0000013c     
                  0080d968    00000101     rts6600_elf.lib : ctype.obj (.const:.string:_ctypes_)
                  0080da69    00000003     --HOLE-- [fill = 0]
                  0080da6c    00000024                     : _printfi.obj (.const:.string)
                  0080da90    00000014     main.obj (.const:.string)

.cio       0    0080daa8    00000120     UNINITIALIZED
                  0080daa8    00000120     rts6600_elf.lib : trgmsg.obj (.cio)

.switch    0    0080dbc8    00000038     
                  0080dbc8    00000038     rts6600_elf.lib : _printfi.obj (.switch:_pproc_fgea)

.neardata 
*          0    0080dc00    00000000     UNINITIALIZED

.rodata    0    0080dc00    00000000     UNINITIALIZED

.bss       0    0080dc00    0000001c     UNINITIALIZED
                  0080dc00    00000008     (.common:cumulative)
                  0080dc08    00000008     (.common:endVal)
                  0080dc10    00000008     (.common:startVal)
                  0080dc18    00000004     (.common:maps_info_ptr)

.cinit     0    0080dc20    00002488     
                  0080dc20    000023d4     (.cinit..local_ram.load) [load image, compression = rle]
                  0080fff4    00000071     (.cinit..fardata.load) [load image, compression = rle]
                  00810065    00000003     --HOLE-- [fill = 0]
                  00810068    0000000c     (__TI_handler_table)
                  00810074    00000008     (.cinit..bss.load) [load image, compression = zero_init]
                  0081007c    00000008     (.cinit..far.load) [load image, compression = zero_init]
                  00810084    00000004     --HOLE-- [fill = 0]
                  00810088    00000020     (__TI_cinit_table)

.init_array 
*          0    00800000    00000000     UNINITIALIZED


LINKER GENERATED COPY TABLES

__TI_cinit_table @ 00810088 records: 4, size/record: 8, table size: 32
	.local_ram: load addr=0080dc20, load size=000023d4 bytes, run addr=00808140, run size=00003030 bytes, compression=rle
	.fardata: load addr=0080fff4, load size=00000071 bytes, run addr=0080d1c0, run size=00000320 bytes, compression=rle
	.bss: load addr=00810074, load size=00000008 bytes, run addr=0080dc00, run size=0000001c bytes, compression=zero_init
	.far: load addr=0081007c, load size=00000008 bytes, run addr=0080d820, run size=00000148 bytes, compression=zero_init


LINKER GENERATED HANDLER TABLE

__TI_handler_table @ 00810068 records: 3, size/record: 4, table size: 12
	index: 0, handler: __TI_zero_init
	index: 1, handler: __TI_decompress_rle24
	index: 2, handler: __TI_decompress_none


GLOBAL SYMBOLS: SORTED ALPHABETICALLY BY Name 

address   name                           
-------   ----                           
008080c0  C$$EXIT                        
00807a60  C$$IO$$                        
008080e0  CSL_tscEnable                  
008080e8  CSL_tscRead                    
00800000  Conv9x9                        
0080d680  DSP_add16_shift                
0080d7a0  DSP_maxval                     
00807520  HOSTclose                      
00805fc0  HOSTlseek                      
008065c0  HOSTopen                       
00806da0  HOSTread                       
00805080  HOSTrename                     
00806e60  HOSTunlink                     
008066a0  HOSTwrite                      
0080d4e0  IMG_conv_11x11_i16s_c16s       
00800e8c  MemMgr_HeapDeInit              
00800980  MemMgr_HeapInit                
0080daa8  __CIOBUF_                      
00810088  __TI_CINIT_Base                
008100a8  __TI_CINIT_Limit               
00810068  __TI_Handler_Table_Base        
00810074  __TI_Handler_Table_Limit       
UNDEFED   __TI_INITARRAY_Base            
UNDEFED   __TI_INITARRAY_Limit           
0080c194  __TI_STACK_END                 
00001024  __TI_STACK_SIZE                
00808140  __TI_STATIC_BASE               
00001024  __TI_SYSMEM_SIZE               
UNDEFED   __TI_TLS_INIT_Base             
UNDEFED   __TI_TLS_INIT_Limit            
008075c0  __TI_cleanup                   
0080d4b8  __TI_cleanup_ptr               
008059a0  __TI_closefile                 
00808100  __TI_decompress_none           
00808120  __TI_decompress_rle24          
00806f20  __TI_doflush                   
0080d4bc  __TI_dtors_ptr                 
0080d4c0  __TI_enable_exit_profile_output
00807c80  __TI_frcmpyd_div               
0080d4d8  __TI_ft_end                    
ffffffff  __TI_pprof_out_hndl            
00802780  __TI_printfi                   
ffffffff  __TI_prof_data_size            
ffffffff  __TI_prof_data_start           
00807980  __TI_readmsg                   
00807460  __TI_tls_init                  
0080d820  __TI_tmpnams                   
00807a00  __TI_writemsg                  
008060c0  __TI_wrt_ok                    
00806a20  __TI_zero_init                 
ffffffff  __binit__                      
008010a0  __c6xabi_divd                  
00806780  __c6xabi_divi                  
00806fe0  __c6xabi_divu                  
00804ea0  __c6xabi_divul                 
00803f40  __c6xabi_divull                
00808040  __c6xabi_errno_addr            
00807660  __c6xabi_fltulld               
00807f80  __c6xabi_isinf                 
00807a80  __c6xabi_llshl                 
00807ce0  __c6xabi_llshru                
008070a0  __c6xabi_remi                  
ffffffff  __c_args__                     
00806780  __divi                         
00806fe0  __divu                         
0080d4dc  __errno                        
008070a0  __remi                         
00808000  _args_main                     
00000200  _argsize                       
00805ae0  _auto_init_elf                 
00807d40  _c_int00                       
0080d968  _ctypes_                       
0080d1c0  _ftable                        
00000340  _kernel_size                   
0080d4d0  _lock                          
008077a0  _minit                         
00808060  _nop                           
0080b170  _stack                         
00807da0  _subcull                       
0080c198  _sys_memory                    
0080d4d4  _unlock                        
008080c0  abort                          
008063c0  atoi                           
ffffffff  binit                          
00806940  close                          
00801a58  compute_num_maps               
0000013c  const_size                     
0080d968  const_start                    
008064c0  copy_in                        
0080b16c  core_id                        
0080dc00  cumulative                     
00800f48  deeplearn                      
0080b088  dilate                         
008016a0  do_power_gating                
0080dc08  endVal                         
0080d4dc  errno                          
00807220  exit                           
00804a80  fputc                          
00802be0  fputs                          
008037c0  free                           
008053c0  frexp                          
00805ea0  fseek                          
00808140  kernel11x11                    
00805d60  ldexp                          
00807e00  lseek                          
00806b00  ltoa                           
00801a94  main                           
00805560  malloc                         
0080dc18  maps_info_ptr                  
0080090c  mem_alloc                      
00807e60  memccpy                        
008078e0  memcpy                         
00806be0  memset                         
00800680  operateLayer1                  
00800220  operateLayer2                  
00806cc0  printf                         
00807c00  remove                         
00804840  setvbuf                        
0080dc10  startVal                       
00807c00  unlink                         
00807f20  write                          


GLOBAL SYMBOLS: SORTED BY Symbol Address 

address   name                           
-------   ----                           
0000013c  const_size                     
00000200  _argsize                       
00000340  _kernel_size                   
00001024  __TI_STACK_SIZE                
00001024  __TI_SYSMEM_SIZE               
00800000  Conv9x9                        
00800220  operateLayer2                  
00800680  operateLayer1                  
0080090c  mem_alloc                      
00800980  MemMgr_HeapInit                
00800e8c  MemMgr_HeapDeInit              
00800f48  deeplearn                      
008010a0  __c6xabi_divd                  
008016a0  do_power_gating                
00801a58  compute_num_maps               
00801a94  main                           
00802780  __TI_printfi                   
00802be0  fputs                          
008037c0  free                           
00803f40  __c6xabi_divull                
00804840  setvbuf                        
00804a80  fputc                          
00804ea0  __c6xabi_divul                 
00805080  HOSTrename                     
008053c0  frexp                          
00805560  malloc                         
008059a0  __TI_closefile                 
00805ae0  _auto_init_elf                 
00805d60  ldexp                          
00805ea0  fseek                          
00805fc0  HOSTlseek                      
008060c0  __TI_wrt_ok                    
008063c0  atoi                           
008064c0  copy_in                        
008065c0  HOSTopen                       
008066a0  HOSTwrite                      
00806780  __c6xabi_divi                  
00806780  __divi                         
00806940  close                          
00806a20  __TI_zero_init                 
00806b00  ltoa                           
00806be0  memset                         
00806cc0  printf                         
00806da0  HOSTread                       
00806e60  HOSTunlink                     
00806f20  __TI_doflush                   
00806fe0  __c6xabi_divu                  
00806fe0  __divu                         
008070a0  __c6xabi_remi                  
008070a0  __remi                         
00807220  exit                           
00807460  __TI_tls_init                  
00807520  HOSTclose                      
008075c0  __TI_cleanup                   
00807660  __c6xabi_fltulld               
008077a0  _minit                         
008078e0  memcpy                         
00807980  __TI_readmsg                   
00807a00  __TI_writemsg                  
00807a60  C$$IO$$                        
00807a80  __c6xabi_llshl                 
00807c00  remove                         
00807c00  unlink                         
00807c80  __TI_frcmpyd_div               
00807ce0  __c6xabi_llshru                
00807d40  _c_int00                       
00807da0  _subcull                       
00807e00  lseek                          
00807e60  memccpy                        
00807f20  write                          
00807f80  __c6xabi_isinf                 
00808000  _args_main                     
00808040  __c6xabi_errno_addr            
00808060  _nop                           
008080c0  C$$EXIT                        
008080c0  abort                          
008080e0  CSL_tscEnable                  
008080e8  CSL_tscRead                    
00808100  __TI_decompress_none           
00808120  __TI_decompress_rle24          
00808140  __TI_STATIC_BASE               
00808140  kernel11x11                    
0080b088  dilate                         
0080b16c  core_id                        
0080b170  _stack                         
0080c194  __TI_STACK_END                 
0080c198  _sys_memory                    
0080d1c0  _ftable                        
0080d4b8  __TI_cleanup_ptr               
0080d4bc  __TI_dtors_ptr                 
0080d4c0  __TI_enable_exit_profile_output
0080d4d0  _lock                          
0080d4d4  _unlock                        
0080d4d8  __TI_ft_end                    
0080d4dc  __errno                        
0080d4dc  errno                          
0080d4e0  IMG_conv_11x11_i16s_c16s       
0080d680  DSP_add16_shift                
0080d7a0  DSP_maxval                     
0080d820  __TI_tmpnams                   
0080d968  _ctypes_                       
0080d968  const_start                    
0080daa8  __CIOBUF_                      
0080dc00  cumulative                     
0080dc08  endVal                         
0080dc10  startVal                       
0080dc18  maps_info_ptr                  
00810068  __TI_Handler_Table_Base        
00810074  __TI_Handler_Table_Limit       
00810088  __TI_CINIT_Base                
008100a8  __TI_CINIT_Limit               
ffffffff  __TI_pprof_out_hndl            
ffffffff  __TI_prof_data_size            
ffffffff  __TI_prof_data_start           
ffffffff  __binit__                      
ffffffff  __c_args__                     
ffffffff  binit                          
UNDEFED   __TI_INITARRAY_Base            
UNDEFED   __TI_INITARRAY_Limit           
UNDEFED   __TI_TLS_INIT_Base             
UNDEFED   __TI_TLS_INIT_Limit            

[121 symbols]
