******************************************************************************
               TMS320C6x Linker PC v8.0.4                      
******************************************************************************
>> Linked Sat Jan 09 04:58:51 2016

OUTPUT FILE NAME:   <dsp_deeplearn_mnist.out>
ENTRY POINT SYMBOL: "_c_int00"  address: 00807b20


MEMORY CONFIGURATION

         name            origin    length      used     unused   attr    fill
----------------------  --------  ---------  --------  --------  ----  --------
  LOCAL_L2_SRAM         00800000   00100000  00010ea8  000ef158  RWIX
  SHRAM                 0c000000   00600000  00000000  00600000  RWIX
  DDR3                  80000000   80000000  00000000  80000000  RWIX


SEGMENT ALLOCATION MAP

run origin  load origin   length   init length attrs members
----------  ----------- ---------- ----------- ----- -------
00800000    00800000    00007f20   00007f20    r-x
  00800000    00800000    00007f20   00007f20    r-x .text
00807f20    00807f20    000052e0   00000000    rw-
  00807f20    00807f20    00003278   00000000    rw- .local_ram
  0080b198    0080b198    00001024   00000000    rw- .stack
  0080c1c0    0080c1c0    00001024   00000000    rw- .sysmem
  0080d1e8    0080d1e8    00000018   00000000    rw- .fardata.1
0080d200    0080d200    00000700   00000700    r-x
  0080d200    0080d200    00000700   00000700    r-x .kernel
0080d900    0080d900    00000450   00000000    rw-
  0080d900    0080d900    00000308   00000000    rw- .fardata.2
  0080dc08    0080dc08    00000148   00000000    rw- .far
0080dd50    0080dd50    0000013c   0000013c    r--
  0080dd50    0080dd50    0000013c   0000013c    r-- .const
0080de90    0080de90    00000120   00000000    rw-
  0080de90    0080de90    00000120   00000000    rw- .cio
0080dfb0    0080dfb0    00000038   00000038    r--
  0080dfb0    0080dfb0    00000038   00000038    r-- .switch
0080dfe8    0080dfe8    0000002c   00000000    rw-
  0080dfe8    0080dfe8    0000002c   00000000    rw- .bss
0080e018    0080e018    00002ea0   00002ea0    r--
  0080e018    0080e018    00002ea0   00002ea0    r-- .cinit


SECTION ALLOCATION MAP

 output                                  attributes/
section   page    origin      length       input sections
--------  ----  ----------  ----------   ----------------
.kernel    0    0080d200    00000700     
                  0080d200    00000300     IMG_conv_7x7_i16s_c16s.obj (.text:optimized)
                  0080d500    00000260     IMG_conv_5x5_i16s_c16s.obj (.text:optimized)
                  0080d760    00000120     DSP_add16.obj (.text:optimized)
                  0080d880    00000080     DSP_maxval.obj (.text:optimized)

.text      0    00800000    00007f20     
                  00800000    00000e20     deep_learning.obj (.text)
                  00800e20    00000620     main.obj (.text)
                  00801440    00000600     rts6600_elf.lib : divd.obj (.text:__c6xabi_divd)
                  00801a40    000005a0                     : _printfi.obj (.text:_setfield)
                  00801fe0    00000580                     : _printfi.obj (.text:_getarg_diouxp)
                  00802560    00000460                     : _printfi.obj (.text:__TI_printfi)
                  008029c0    00000380                     : fputs.obj (.text:fputs)
                  00802d40    00000300                     : _printfi.obj (.text:_pproc_fgea)
                  00803040    000002c0                     : _printfi.obj (.text:_pproc_fwp)
                  00803300    000002a0                     : _printfi.obj (.text:ecvt)
                  008035a0    000002a0                     : memory.obj (.text:free)
                  00803840    00000280                     : _printfi.obj (.text:fcvt)
                  00803ac0    00000260                     : _printfi.obj (.text:_pconv_e)
                  00803d20    00000240                     : imath64.obj (.text:__c6xabi_divull)
                  00803f60    00000240                     : _printfi.obj (.text:_pproc_diouxp)
                  008041a0    00000240                     : _printfi.obj (.text:_pproc_str)
                  008043e0    00000240                     : _printfi.obj (.text:acvt)
                  00804620    00000240                     : setvbuf.obj (.text:setvbuf)
                  00804860    00000220                     : fputc.obj (.text:fputc)
                  00804a80    00000200                     : _printfi.obj (.text:_pconv_g)
                  00804c80    000001e0                     : imath40.obj (.text:__c6xabi_divul)
                  00804e60    000001a0                     : trgdrv.obj (.text:HOSTrename)
                  00805000    000001a0                     : _printfi.obj (.text:_pconv_a)
                  008051a0    000001a0                     : frexp.obj (.text:frexp)
                  00805340    00000180                     : memory.obj (.text:malloc)
                  008054c0    00000160                     : copy_decompress_rle.obj (.text:__TI_decompress_rle_core)
                  00805620    00000160                     : _printfi.obj (.text:_mcpy)
                  00805780    00000140                     : fclose.obj (.text:__TI_closefile)
                  008058c0    00000140                     : autoinit.obj (.text:_auto_init_elf)
                  00805a00    00000140                     : lowlev.obj (.text:getdevice)
                  00805b40    00000140                     : ldexp.obj (.text:ldexp)
                  00805c80    00000120                     : fseek.obj (.text:fseek)
                  00805da0    00000100                     : trgdrv.obj (.text:HOSTlseek)
                  00805ea0    00000100                     : _io_perm.obj (.text:__TI_wrt_ok)
                  00805fa0    00000100                     : _printfi.obj (.text:_ltostr)
                  008060a0    00000100                     : _printfi.obj (.text:_pproc_fflags)
                  008061a0    00000100                     : atoi.obj (.text:atoi)
                  008062a0    00000100                     : cpy_tbl.obj (.text:copy_in)
                  008063a0    000000e0                     : trgdrv.obj (.text:HOSTopen)
                  00806480    000000e0                     : trgdrv.obj (.text:HOSTwrite)
                  00806560    000000e0                     : divi.obj (.text:__divi)
                  00806640    000000e0                     : _printfi.obj (.text:_div)
                  00806720    000000e0                     : lowlev.obj (.text:close)
                  00806800    000000e0                     : copy_zero_init.obj (.text:decompress:ZI:__TI_zero_init)
                  008068e0    000000e0                     : ltoa.obj (.text:ltoa)
                  008069c0    000000e0                     : memset.obj (.text:memset)
                  00806aa0    000000e0                     : printf.obj (.text:printf)
                  00806b80    000000c0                     : trgdrv.obj (.text:HOSTread)
                  00806c40    000000c0                     : trgdrv.obj (.text:HOSTunlink)
                  00806d00    000000c0                     : fflush.obj (.text:__TI_doflush)
                  00806dc0    000000c0                     : divu.obj (.text:__divu)
                  00806e80    000000c0                     : remi.obj (.text:__remi)
                  00806f40    000000c0                     : _printfi.obj (.text:_ecpy)
                  00807000    000000c0                     : exit.obj (.text:exit)
                  008070c0    000000c0                     : memory.obj (.text:minsert)
                  00807180    000000c0                     : memory.obj (.text:mremove)
                  00807240    000000c0                     : tls.obj (.text:tls:init:__TI_tls_init)
                  00807300    000000a0                     : trgdrv.obj (.text:HOSTclose)
                  008073a0    000000a0                     : fopen.obj (.text:__TI_cleanup)
                  00807440    000000a0                     : fltulld.obj (.text:__c6xabi_fltulld)
                  008074e0    000000a0                     : _printfi.obj (.text:_fcpy)
                  00807580    000000a0                     : memory.obj (.text:_minit)
                  00807620    000000a0                     : _printfi.obj (.text:_pconv_f)
                  008076c0    000000a0                     : memcpy64.obj (.text:memcpy)
                  00807760    00000080                     : trgmsg.obj (.text:__TI_readmsg)
                  008077e0    00000080                     : trgmsg.obj (.text:__TI_writemsg)
                  00807860    00000080                     : llshift.obj (.text:__c6xabi_llshl)
                  008078e0    00000080                     : lowlev.obj (.text:finddevice)
                  00807960    00000080                     : _printfi.obj (.text:incr_hex)
                  008079e0    00000080                     : lowlev.obj (.text:unlink)
                  00807a60    00000060                     : frcmpyd_div.obj (.text:__TI_frcmpyd_div)
                  00807ac0    00000060                     : llshift.obj (.text:__c6xabi_llshru)
                  00807b20    00000060                     : boot.obj (.text:_c_int00)
                  00807b80    00000060                     : imath64.obj (.text:_subcull)
                  00807be0    00000060                     : lowlev.obj (.text:lseek)
                  00807c40    00000060                     : memccpy.obj (.text:memccpy)
                  00807ca0    00000060                     : _printfi.obj (.text:val_hex)
                  00807d00    00000060                     : lowlev.obj (.text:write)
                  00807d60    00000040                     : isinf.obj (.text:__c6xabi_isinf)
                  00807da0    00000040                     : _printfi.obj (.text:__c6xabi_isnan)
                  00807de0    00000040                     : args_main.obj (.text:_args_main)
                  00807e20    00000020                     : errno.obj (.text:__c6xabi_errno_addr)
                  00807e40    00000020                     : _lock.obj (.text:_nop)
                  00807e60    00000020                     : printf.obj (.text:_outc)
                  00807e80    00000020                     : printf.obj (.text:_outs)
                  00807ea0    00000020                     : exit.obj (.text:abort)
                  00807ec0    00000020     ti.csl.ae66 : csl_tsc.oe66 (.text:cslsys_section:tsc)
                  00807ee0    00000020     rts6600_elf.lib : copy_decompress_none.obj (.text:decompress:none:__TI_decompress_none)
                  00807f00    00000020                     : copy_decompress_rle.obj (.text:decompress:rle24:__TI_decompress_rle24)

.local_ram 
*          0    00807f20    00003278     UNINITIALIZED
                  00807f20    00002c38     deep_learning.obj (.local_ram:init)
                  0080ab58    00000620     main.obj (.local_ram:init)
                  0080b178    0000001c     deep_learning.obj (.local_ram:uninit)
                  0080b194    00000004     main.obj (.local_ram:uninit)

.stack     0    0080b198    00001024     UNINITIALIZED
                  0080b198    00000008     rts6600_elf.lib : boot.obj (.stack)
                  0080b1a0    0000101c     --HOLE--

.sysmem    0    0080c1c0    00001024     UNINITIALIZED
                  0080c1c0    00000008     rts6600_elf.lib : memory.obj (.sysmem)
                  0080c1c8    0000101c     --HOLE--

.fardata.1 
*          0    0080d1e8    00000018     UNINITIALIZED
                  0080d1e8    0000000c     rts6600_elf.lib : exit.obj (.fardata)
                  0080d1f4    0000000c                     : memory.obj (.fardata)

.fardata.2 
*          0    0080d900    00000308     UNINITIALIZED
                  0080d900    000001e0     rts6600_elf.lib : defs.obj (.fardata:_ftable)
                  0080dae0    000000a0                     : lowlev.obj (.fardata:_stream)
                  0080db80    00000078                     : lowlev.obj (.fardata:_device)
                  0080dbf8    00000004                     : _lock.obj (.fardata:_lock)
                  0080dbfc    00000004                     : _lock.obj (.fardata:_unlock)
                  0080dc00    00000004                     : defs.obj (.fardata)
                  0080dc04    00000004                     : errno.obj (.fardata)

.far       0    0080dc08    00000148     UNINITIALIZED
                  0080dc08    00000140     (.common:__TI_tmpnams)
                  0080dd48    00000008     (.common:parmbuf)

.const     0    0080dd50    0000013c     
                  0080dd50    00000101     rts6600_elf.lib : ctype.obj (.const:.string:_ctypes_)
                  0080de51    00000003     --HOLE-- [fill = 0]
                  0080de54    00000024                     : _printfi.obj (.const:.string)
                  0080de78    00000014     main.obj (.const:.string)

.cio       0    0080de90    00000120     UNINITIALIZED
                  0080de90    00000120     rts6600_elf.lib : trgmsg.obj (.cio)

.switch    0    0080dfb0    00000038     
                  0080dfb0    00000038     rts6600_elf.lib : _printfi.obj (.switch:_pproc_fgea)

.neardata 
*          0    0080dfe8    00000000     UNINITIALIZED

.rodata    0    0080dfe8    00000000     UNINITIALIZED

.bss       0    0080dfe8    0000002c     UNINITIALIZED
                  0080dfe8    00000008     (.common:cumulative)
                  0080dff0    00000008     (.common:endVal)
                  0080dff8    00000008     (.common:startVal)
                  0080e000    00000004     (.common:maps_info_ptr)
                  0080e004    00000004     (.common:pHiddenBias)
                  0080e008    00000004     (.common:pInputNeurons)
                  0080e00c    00000004     (.common:pInputWt)
                  0080e010    00000004     (.common:pOutputWt)

.cinit     0    0080e018    00002ea0     
                  0080e018    00002ddb     (.cinit..local_ram.load) [load image, compression = rle]
                  00810df3    00000001     --HOLE-- [fill = 0]
                  00810df4    00000061     (.cinit..fardata.2.load) [load image, compression = rle]
                  00810e55    00000003     --HOLE-- [fill = 0]
                  00810e58    00000019     (.cinit..fardata.1.load) [load image, compression = rle]
                  00810e71    00000003     --HOLE-- [fill = 0]
                  00810e74    0000000c     (__TI_handler_table)
                  00810e80    00000008     (.cinit..bss.load) [load image, compression = zero_init]
                  00810e88    00000008     (.cinit..far.load) [load image, compression = zero_init]
                  00810e90    00000028     (__TI_cinit_table)

.init_array 
*          0    00800000    00000000     UNINITIALIZED


LINKER GENERATED COPY TABLES

__TI_cinit_table @ 00810e90 records: 5, size/record: 8, table size: 40
	.local_ram: load addr=0080e018, load size=00002ddb bytes, run addr=00807f20, run size=00003278 bytes, compression=rle
	.fardata.2: load addr=00810df4, load size=00000061 bytes, run addr=0080d900, run size=00000308 bytes, compression=rle
	.fardata.1: load addr=00810e58, load size=00000019 bytes, run addr=0080d1e8, run size=00000018 bytes, compression=rle
	.bss: load addr=00810e80, load size=00000008 bytes, run addr=0080dfe8, run size=0000002c bytes, compression=zero_init
	.far: load addr=00810e88, load size=00000008 bytes, run addr=0080dc08, run size=00000148 bytes, compression=zero_init


LINKER GENERATED HANDLER TABLE

__TI_handler_table @ 00810e74 records: 3, size/record: 4, table size: 12
	index: 0, handler: __TI_zero_init
	index: 1, handler: __TI_decompress_rle24
	index: 2, handler: __TI_decompress_none


GLOBAL SYMBOLS: SORTED ALPHABETICALLY BY Name 

address   name                           
-------   ----                           
00807ea0  C$$EXIT                        
00807840  C$$IO$$                        
00807ec0  CSL_tscEnable                  
00807ec8  CSL_tscRead                    
00800000  Conv5x5                        
00800d90  Conv7x7                        
0080d760  DSP_add16_shift                
0080d880  DSP_maxval                     
00807300  HOSTclose                      
00805da0  HOSTlseek                      
008063a0  HOSTopen                       
00806b80  HOSTread                       
00804e60  HOSTrename                     
00806c40  HOSTunlink                     
00806480  HOSTwrite                      
0080d500  IMG_conv_5x5_i16s_c16s         
0080d200  IMG_conv_7x7_i16s_c16s         
008007a8  MemMgr_HeapInit                
0080de90  __CIOBUF_                      
00810e90  __TI_CINIT_Base                
00810eb8  __TI_CINIT_Limit               
00810e74  __TI_Handler_Table_Base        
00810e80  __TI_Handler_Table_Limit       
UNDEFED   __TI_INITARRAY_Base            
UNDEFED   __TI_INITARRAY_Limit           
0080c1bc  __TI_STACK_END                 
00001024  __TI_STACK_SIZE                
00807f20  __TI_STATIC_BASE               
00001024  __TI_SYSMEM_SIZE               
UNDEFED   __TI_TLS_INIT_Base             
UNDEFED   __TI_TLS_INIT_Limit            
008073a0  __TI_cleanup                   
0080d1e8  __TI_cleanup_ptr               
00805780  __TI_closefile                 
00807ee0  __TI_decompress_none           
00807f00  __TI_decompress_rle24          
00806d00  __TI_doflush                   
0080d1ec  __TI_dtors_ptr                 
0080d1f0  __TI_enable_exit_profile_output
00807a60  __TI_frcmpyd_div               
0080dc00  __TI_ft_end                    
ffffffff  __TI_pprof_out_hndl            
00802560  __TI_printfi                   
ffffffff  __TI_prof_data_size            
ffffffff  __TI_prof_data_start           
00807760  __TI_readmsg                   
00807240  __TI_tls_init                  
0080dc08  __TI_tmpnams                   
008077e0  __TI_writemsg                  
00805ea0  __TI_wrt_ok                    
00806800  __TI_zero_init                 
ffffffff  __binit__                      
00801440  __c6xabi_divd                  
00806560  __c6xabi_divi                  
00806dc0  __c6xabi_divu                  
00804c80  __c6xabi_divul                 
00803d20  __c6xabi_divull                
00807e20  __c6xabi_errno_addr            
00807440  __c6xabi_fltulld               
00807d60  __c6xabi_isinf                 
00807860  __c6xabi_llshl                 
00807ac0  __c6xabi_llshru                
00806e80  __c6xabi_remi                  
ffffffff  __c_args__                     
00806560  __divi                         
00806dc0  __divu                         
0080dc04  __errno                        
00806e80  __remi                         
00807de0  _args_main                     
00000200  _argsize                       
008058c0  _auto_init_elf                 
00807b20  _c_int00                       
0080dd50  _ctypes_                       
0080d900  _ftable                        
00000700  _kernel_size                   
0080dbf8  _lock                          
00807580  _minit                         
00807e40  _nop                           
0080b198  _stack                         
00807b80  _subcull                       
0080c1c0  _sys_memory                    
0080dbfc  _unlock                        
00807ea0  abort                          
008061a0  atoi                           
ffffffff  binit                          
00806720  close                          
008011d8  compute_num_maps               
0000013c  const_size                     
0080dd50  const_start                    
008062a0  copy_in                        
0080b194  core_id                        
0080dfe8  cumulative                     
00800ce4  deeplearn                      
0080ab48  dilate                         
00800e20  do_power_gating                
0080dff0  endVal                         
0080dc04  errno                          
00807000  exit                           
00804860  fputc                          
008029c0  fputs                          
008035a0  free                           
008051a0  frexp                          
00805c80  fseek                          
0080ab58  in_img                         
00807f20  kernel5x5                      
00809820  kernel7x7                      
00805b40  ldexp                          
00807be0  lseek                          
008068e0  ltoa                           
00801254  main                           
00805340  malloc                         
0080e000  maps_info_ptr                  
00800740  mem_alloc                      
00807c40  memccpy                        
008076c0  memcpy                         
008069c0  memset                         
008004a4  operateLayer1                  
008001d0  operateLayer2                  
0080e004  pHiddenBias                    
0080e008  pInputNeurons                  
0080e00c  pInputWt                       
0080e010  pOutputWt                      
00806aa0  printf                         
008079e0  remove                         
00804620  setvbuf                        
0080dff8  startVal                       
008079e0  unlink                         
00807d00  write                          


GLOBAL SYMBOLS: SORTED BY Symbol Address 

address   name                           
-------   ----                           
0000013c  const_size                     
00000200  _argsize                       
00000700  _kernel_size                   
00001024  __TI_STACK_SIZE                
00001024  __TI_SYSMEM_SIZE               
00800000  Conv5x5                        
008001d0  operateLayer2                  
008004a4  operateLayer1                  
00800740  mem_alloc                      
008007a8  MemMgr_HeapInit                
00800ce4  deeplearn                      
00800d90  Conv7x7                        
00800e20  do_power_gating                
008011d8  compute_num_maps               
00801254  main                           
00801440  __c6xabi_divd                  
00802560  __TI_printfi                   
008029c0  fputs                          
008035a0  free                           
00803d20  __c6xabi_divull                
00804620  setvbuf                        
00804860  fputc                          
00804c80  __c6xabi_divul                 
00804e60  HOSTrename                     
008051a0  frexp                          
00805340  malloc                         
00805780  __TI_closefile                 
008058c0  _auto_init_elf                 
00805b40  ldexp                          
00805c80  fseek                          
00805da0  HOSTlseek                      
00805ea0  __TI_wrt_ok                    
008061a0  atoi                           
008062a0  copy_in                        
008063a0  HOSTopen                       
00806480  HOSTwrite                      
00806560  __c6xabi_divi                  
00806560  __divi                         
00806720  close                          
00806800  __TI_zero_init                 
008068e0  ltoa                           
008069c0  memset                         
00806aa0  printf                         
00806b80  HOSTread                       
00806c40  HOSTunlink                     
00806d00  __TI_doflush                   
00806dc0  __c6xabi_divu                  
00806dc0  __divu                         
00806e80  __c6xabi_remi                  
00806e80  __remi                         
00807000  exit                           
00807240  __TI_tls_init                  
00807300  HOSTclose                      
008073a0  __TI_cleanup                   
00807440  __c6xabi_fltulld               
00807580  _minit                         
008076c0  memcpy                         
00807760  __TI_readmsg                   
008077e0  __TI_writemsg                  
00807840  C$$IO$$                        
00807860  __c6xabi_llshl                 
008079e0  remove                         
008079e0  unlink                         
00807a60  __TI_frcmpyd_div               
00807ac0  __c6xabi_llshru                
00807b20  _c_int00                       
00807b80  _subcull                       
00807be0  lseek                          
00807c40  memccpy                        
00807d00  write                          
00807d60  __c6xabi_isinf                 
00807de0  _args_main                     
00807e20  __c6xabi_errno_addr            
00807e40  _nop                           
00807ea0  C$$EXIT                        
00807ea0  abort                          
00807ec0  CSL_tscEnable                  
00807ec8  CSL_tscRead                    
00807ee0  __TI_decompress_none           
00807f00  __TI_decompress_rle24          
00807f20  __TI_STATIC_BASE               
00807f20  kernel5x5                      
00809820  kernel7x7                      
0080ab48  dilate                         
0080ab58  in_img                         
0080b194  core_id                        
0080b198  _stack                         
0080c1bc  __TI_STACK_END                 
0080c1c0  _sys_memory                    
0080d1e8  __TI_cleanup_ptr               
0080d1ec  __TI_dtors_ptr                 
0080d1f0  __TI_enable_exit_profile_output
0080d200  IMG_conv_7x7_i16s_c16s         
0080d500  IMG_conv_5x5_i16s_c16s         
0080d760  DSP_add16_shift                
0080d880  DSP_maxval                     
0080d900  _ftable                        
0080dbf8  _lock                          
0080dbfc  _unlock                        
0080dc00  __TI_ft_end                    
0080dc04  __errno                        
0080dc04  errno                          
0080dc08  __TI_tmpnams                   
0080dd50  _ctypes_                       
0080dd50  const_start                    
0080de90  __CIOBUF_                      
0080dfe8  cumulative                     
0080dff0  endVal                         
0080dff8  startVal                       
0080e000  maps_info_ptr                  
0080e004  pHiddenBias                    
0080e008  pInputNeurons                  
0080e00c  pInputWt                       
0080e010  pOutputWt                      
00810e74  __TI_Handler_Table_Base        
00810e80  __TI_Handler_Table_Limit       
00810e90  __TI_CINIT_Base                
00810eb8  __TI_CINIT_Limit               
ffffffff  __TI_pprof_out_hndl            
ffffffff  __TI_prof_data_size            
ffffffff  __TI_prof_data_start           
ffffffff  __binit__                      
ffffffff  __c_args__                     
ffffffff  binit                          
UNDEFED   __TI_INITARRAY_Base            
UNDEFED   __TI_INITARRAY_Limit           
UNDEFED   __TI_TLS_INIT_Base             
UNDEFED   __TI_TLS_INIT_Limit            

[128 symbols]
