******************************************************************************
               TMS320C6x Linker PC v8.0.4                      
******************************************************************************
>> Linked Sun Dec 13 16:18:21 2015

OUTPUT FILE NAME:   <dsp_deeplearn_core0.out>
ENTRY POINT SYMBOL: "_c_int00"  address: 00808240


MEMORY CONFIGURATION

         name            origin    length      used     unused   attr    fill
----------------------  --------  ---------  --------  --------  ----  --------
  LOCAL_L2_SRAM         00800000   00080000  00010fb4  0006f04c  RWIX
  SHRAM                 0c000000   00400000  00000000  00400000  RWIX
  DDR3                  80000000   80000000  00000080  7fffff80  RWIX


SEGMENT ALLOCATION MAP

run origin  load origin   length   init length attrs members
----------  ----------- ---------- ----------- ----- -------
00800000    00800000    00008640   00008640    r-x
  00800000    00800000    00008640   00008640    r-x .text
00808640    00808640    0000541c   00000000    rw-
  00808640    00808640    000030a4   00000000    rw- .local_ram
  0080b6e8    0080b6e8    00001024   00000000    rw- .stack
  0080c710    0080c710    00001024   00000000    rw- .sysmem
  0080d738    0080d738    00000324   00000000    rw- .fardata
0080da60    0080da60    00000168   00000168    r--
  0080da60    0080da60    00000168   00000168    r-- .const
0080dbc8    0080dbc8    00000268   00000000    rw-
  0080dbc8    0080dbc8    00000148   00000000    rw- .far
  0080dd10    0080dd10    00000120   00000000    rw- .cio
0080de30    0080de30    00000038   00000038    r--
  0080de30    0080de30    00000038   00000038    r-- .switch
0080de68    0080de68    0000001c   00000000    rw-
  0080de68    0080de68    0000001c   00000000    rw- .bss
0080de88    0080de88    00003140   00003140    r--
  0080de88    0080de88    00003140   00003140    r-- .cinit
80000000    80000000    00000080   00000000    rw-
  80000000    80000000    00000080   00000000    rw- .ddr


SECTION ALLOCATION MAP

 output                                  attributes/
section   page    origin      length       input sections
--------  ----  ----------  ----------   ----------------
.text      0    00800000    00008640     
                  00800000    00000f20     deep_learning.obj (.text)
                  00800f20    00000600     rts6600_elf.lib : divd.obj (.text:__c6xabi_divd)
                  00801520    000005e0     main.obj (.text)
                  00801b00    000005a0     rts6600_elf.lib : _printfi.obj (.text:_setfield)
                  008020a0    00000580                     : _printfi.obj (.text:_getarg_diouxp)
                  00802620    00000460                     : _printfi.obj (.text:__TI_printfi)
                  00802a80    00000380                     : fputs.obj (.text:fputs)
                  00802e00    00000300                     : _printfi.obj (.text:_pproc_fgea)
                  00803100    00000300     IMG_conv_7x7_i16s_c16s.obj (.text:optimized)
                  00803400    000002c0     rts6600_elf.lib : _printfi.obj (.text:_pproc_fwp)
                  008036c0    000002a0                     : _printfi.obj (.text:ecvt)
                  00803960    000002a0                     : memory.obj (.text:free)
                  00803c00    00000280                     : _printfi.obj (.text:fcvt)
                  00803e80    00000260                     : _printfi.obj (.text:_pconv_e)
                  008040e0    00000260     IMG_conv_5x5_i16s_c16s.obj (.text:optimized)
                  00804340    00000240     rts6600_elf.lib : imath64.obj (.text:__c6xabi_divull)
                  00804580    00000240                     : _printfi.obj (.text:_pproc_diouxp)
                  008047c0    00000240                     : _printfi.obj (.text:_pproc_str)
                  00804a00    00000240                     : _printfi.obj (.text:acvt)
                  00804c40    00000240                     : setvbuf.obj (.text:setvbuf)
                  00804e80    00000220                     : fputc.obj (.text:fputc)
                  008050a0    00000200                     : _printfi.obj (.text:_pconv_g)
                  008052a0    000001e0                     : imath40.obj (.text:__c6xabi_divul)
                  00805480    000001a0                     : trgdrv.obj (.text:HOSTrename)
                  00805620    000001a0                     : _printfi.obj (.text:_pconv_a)
                  008057c0    000001a0                     : frexp.obj (.text:frexp)
                  00805960    00000180                     : memory.obj (.text:malloc)
                  00805ae0    00000160                     : copy_decompress_rle.obj (.text:__TI_decompress_rle_core)
                  00805c40    00000160                     : _printfi.obj (.text:_mcpy)
                  00805da0    00000140                     : fclose.obj (.text:__TI_closefile)
                  00805ee0    00000140                     : autoinit.obj (.text:_auto_init_elf)
                  00806020    00000140                     : lowlev.obj (.text:getdevice)
                  00806160    00000140                     : ldexp.obj (.text:ldexp)
                  008062a0    00000120                     : fseek.obj (.text:fseek)
                  008063c0    00000100                     : trgdrv.obj (.text:HOSTlseek)
                  008064c0    00000100                     : _io_perm.obj (.text:__TI_wrt_ok)
                  008065c0    00000100                     : _printfi.obj (.text:_ltostr)
                  008066c0    00000100                     : _printfi.obj (.text:_pproc_fflags)
                  008067c0    00000100                     : atoi.obj (.text:atoi)
                  008068c0    00000100                     : cpy_tbl.obj (.text:copy_in)
                  008069c0    000000e0                     : trgdrv.obj (.text:HOSTopen)
                  00806aa0    000000e0                     : trgdrv.obj (.text:HOSTwrite)
                  00806b80    000000e0                     : divi.obj (.text:__divi)
                  00806c60    000000e0                     : _printfi.obj (.text:_div)
                  00806d40    000000e0                     : lowlev.obj (.text:close)
                  00806e20    000000e0                     : copy_zero_init.obj (.text:decompress:ZI:__TI_zero_init)
                  00806f00    000000e0                     : ltoa.obj (.text:ltoa)
                  00806fe0    000000e0                     : memset.obj (.text:memset)
                  008070c0    000000e0                     : printf.obj (.text:printf)
                  008071a0    000000c0                     : trgdrv.obj (.text:HOSTread)
                  00807260    000000c0                     : trgdrv.obj (.text:HOSTunlink)
                  00807320    000000c0                     : fflush.obj (.text:__TI_doflush)
                  008073e0    000000c0                     : divu.obj (.text:__divu)
                  008074a0    000000c0                     : remi.obj (.text:__remi)
                  00807560    000000c0                     : _printfi.obj (.text:_ecpy)
                  00807620    000000c0                     : exit.obj (.text:exit)
                  008076e0    000000c0                     : memory.obj (.text:minsert)
                  008077a0    000000c0                     : memory.obj (.text:mremove)
                  00807860    000000c0                     : tls.obj (.text:tls:init:__TI_tls_init)
                  00807920    000000a0                     : trgdrv.obj (.text:HOSTclose)
                  008079c0    000000a0                     : fopen.obj (.text:__TI_cleanup)
                  00807a60    000000a0                     : fltulld.obj (.text:__c6xabi_fltulld)
                  00807b00    000000a0                     : _printfi.obj (.text:_fcpy)
                  00807ba0    000000a0                     : memory.obj (.text:_minit)
                  00807c40    000000a0                     : _printfi.obj (.text:_pconv_f)
                  00807ce0    000000a0                     : memcpy64.obj (.text:memcpy)
                  00807d80    00000080                     : trgmsg.obj (.text:__TI_readmsg)
                  00807e00    00000080                     : trgmsg.obj (.text:__TI_writemsg)
                  00807e80    00000080                     : llshift.obj (.text:__c6xabi_llshl)
                  00807f00    00000080                     : lowlev.obj (.text:finddevice)
                  00807f80    00000080                     : _printfi.obj (.text:incr_hex)
                  00808000    00000080     DSP_maxval.obj (.text:optimized)
                  00808080    00000080     rts6600_elf.lib : rand.obj (.text:rand)
                  00808100    00000080                     : lowlev.obj (.text:unlink)
                  00808180    00000060                     : frcmpyd_div.obj (.text:__TI_frcmpyd_div)
                  008081e0    00000060                     : llshift.obj (.text:__c6xabi_llshru)
                  00808240    00000060                     : boot.obj (.text:_c_int00)
                  008082a0    00000060                     : imath64.obj (.text:_subcull)
                  00808300    00000060                     : lowlev.obj (.text:lseek)
                  00808360    00000060                     : memccpy.obj (.text:memccpy)
                  008083c0    00000060                     : _printfi.obj (.text:val_hex)
                  00808420    00000060                     : lowlev.obj (.text:write)
                  00808480    00000040                     : isinf.obj (.text:__c6xabi_isinf)
                  008084c0    00000040                     : _printfi.obj (.text:__c6xabi_isnan)
                  00808500    00000040                     : args_main.obj (.text:_args_main)
                  00808540    00000020                     : errno.obj (.text:__c6xabi_errno_addr)
                  00808560    00000020                     : _lock.obj (.text:_nop)
                  00808580    00000020                     : printf.obj (.text:_outc)
                  008085a0    00000020                     : printf.obj (.text:_outs)
                  008085c0    00000020                     : exit.obj (.text:abort)
                  008085e0    00000020     ti.csl.ae66 : csl_tsc.oe66 (.text:cslsys_section:tsc)
                  00808600    00000020     rts6600_elf.lib : copy_decompress_none.obj (.text:decompress:none:__TI_decompress_none)
                  00808620    00000020                     : copy_decompress_rle.obj (.text:decompress:rle24:__TI_decompress_rle24)

.local_ram 
*          0    00808640    000030a4     UNINITIALIZED
                  00808640    00003080     deep_learning.obj (.local_ram:init)
                  0080b6c0    00000020     deep_learning.obj (.local_ram:uninit)
                  0080b6e0    00000004     main.obj (.local_ram)

.stack     0    0080b6e8    00001024     UNINITIALIZED
                  0080b6e8    00000008     rts6600_elf.lib : boot.obj (.stack)
                  0080b6f0    0000101c     --HOLE--

.sysmem    0    0080c710    00001024     UNINITIALIZED
                  0080c710    00000008     rts6600_elf.lib : memory.obj (.sysmem)
                  0080c718    0000101c     --HOLE--

.fardata   0    0080d738    00000324     UNINITIALIZED
                  0080d738    000001e0     rts6600_elf.lib : defs.obj (.fardata:_ftable)
                  0080d918    000000a0                     : lowlev.obj (.fardata:_stream)
                  0080d9b8    00000078                     : lowlev.obj (.fardata:_device)
                  0080da30    0000000c                     : exit.obj (.fardata)
                  0080da3c    0000000c                     : memory.obj (.fardata)
                  0080da48    00000004                     : _lock.obj (.fardata:_lock)
                  0080da4c    00000004                     : _lock.obj (.fardata:_unlock)
                  0080da50    00000004                     : defs.obj (.fardata)
                  0080da54    00000004                     : errno.obj (.fardata)
                  0080da58    00000004                     : rand.obj (.fardata)

.const     0    0080da60    00000168     
                  0080da60    00000101     rts6600_elf.lib : ctype.obj (.const:.string:_ctypes_)
                  0080db61    00000003     --HOLE-- [fill = 0]
                  0080db64    00000040     main.obj (.const:.string)
                  0080dba4    00000024     rts6600_elf.lib : _printfi.obj (.const:.string)

.far       0    0080dbc8    00000148     UNINITIALIZED
                  0080dbc8    00000140     (.common:__TI_tmpnams)
                  0080dd08    00000008     (.common:parmbuf)

.cio       0    0080dd10    00000120     UNINITIALIZED
                  0080dd10    00000120     rts6600_elf.lib : trgmsg.obj (.cio)

.switch    0    0080de30    00000038     
                  0080de30    00000038     rts6600_elf.lib : _printfi.obj (.switch:_pproc_fgea)

.bss       0    0080de68    0000001c     UNINITIALIZED
                  0080de68    00000008     (.common:cumulative)
                  0080de70    00000008     (.common:endVal)
                  0080de78    00000008     (.common:startVal)
                  0080de80    00000004     (.common:temp_img_ptr)

.cinit     0    0080de88    00003140     
                  0080de88    00003077     (.cinit..local_ram.load) [load image, compression = rle]
                  00810eff    00000001     --HOLE-- [fill = 0]
                  00810f00    00000075     (.cinit..fardata.load) [load image, compression = rle]
                  00810f75    00000003     --HOLE-- [fill = 0]
                  00810f78    0000000c     (__TI_handler_table)
                  00810f84    00000008     (.cinit..bss.load) [load image, compression = zero_init]
                  00810f8c    00000008     (.cinit..ddr.load) [load image, compression = zero_init]
                  00810f94    00000008     (.cinit..far.load) [load image, compression = zero_init]
                  00810f9c    00000004     --HOLE-- [fill = 0]
                  00810fa0    00000028     (__TI_cinit_table)

.init_array 
*          0    00800000    00000000     UNINITIALIZED

.ddr       0    80000000    00000080     UNINITIALIZED
                  80000000    00000080     deep_learning.obj (.ddr)


LINKER GENERATED COPY TABLES

__TI_cinit_table @ 00810fa0 records: 5, size/record: 8, table size: 40
	.local_ram: load addr=0080de88, load size=00003077 bytes, run addr=00808640, run size=000030a4 bytes, compression=rle
	.fardata: load addr=00810f00, load size=00000075 bytes, run addr=0080d738, run size=00000324 bytes, compression=rle
	.bss: load addr=00810f84, load size=00000008 bytes, run addr=0080de68, run size=0000001c bytes, compression=zero_init
	.ddr: load addr=00810f8c, load size=00000008 bytes, run addr=80000000, run size=00000080 bytes, compression=zero_init
	.far: load addr=00810f94, load size=00000008 bytes, run addr=0080dbc8, run size=00000148 bytes, compression=zero_init


LINKER GENERATED HANDLER TABLE

__TI_handler_table @ 00810f78 records: 3, size/record: 4, table size: 12
	index: 0, handler: __TI_zero_init
	index: 1, handler: __TI_decompress_rle24
	index: 2, handler: __TI_decompress_none


GLOBAL SYMBOLS: SORTED ALPHABETICALLY BY Name 

address   name                           
-------   ----                           
008085c0  C$$EXIT                        
00807e60  C$$IO$$                        
008085e0  CSL_tscEnable                  
008085e8  CSL_tscRead                    
00808000  DSP_maxval                     
00807920  HOSTclose                      
008063c0  HOSTlseek                      
008069c0  HOSTopen                       
008071a0  HOSTread                       
00805480  HOSTrename                     
00807260  HOSTunlink                     
00806aa0  HOSTwrite                      
008040e0  IMG_conv_5x5_i16s_c16s         
00803100  IMG_conv_7x7_i16s_c16s         
00800a30  MemMgr_HeapInit                
0080dd10  __CIOBUF_                      
00810fa0  __TI_CINIT_Base                
00810fc8  __TI_CINIT_Limit               
00810f78  __TI_Handler_Table_Base        
00810f84  __TI_Handler_Table_Limit       
UNDEFED   __TI_INITARRAY_Base            
UNDEFED   __TI_INITARRAY_Limit           
0080c70c  __TI_STACK_END                 
00001024  __TI_STACK_SIZE                
00808640  __TI_STATIC_BASE               
00001024  __TI_SYSMEM_SIZE               
UNDEFED   __TI_TLS_INIT_Base             
UNDEFED   __TI_TLS_INIT_Limit            
008079c0  __TI_cleanup                   
0080da30  __TI_cleanup_ptr               
00805da0  __TI_closefile                 
00808600  __TI_decompress_none           
00808620  __TI_decompress_rle24          
00807320  __TI_doflush                   
0080da34  __TI_dtors_ptr                 
0080da38  __TI_enable_exit_profile_output
00808180  __TI_frcmpyd_div               
0080da50  __TI_ft_end                    
ffffffff  __TI_pprof_out_hndl            
00802620  __TI_printfi                   
ffffffff  __TI_prof_data_size            
ffffffff  __TI_prof_data_start           
00807d80  __TI_readmsg                   
00807860  __TI_tls_init                  
0080dbc8  __TI_tmpnams                   
00807e00  __TI_writemsg                  
008064c0  __TI_wrt_ok                    
00806e20  __TI_zero_init                 
ffffffff  __binit__                      
00800f20  __c6xabi_divd                  
00806b80  __c6xabi_divi                  
008073e0  __c6xabi_divu                  
008052a0  __c6xabi_divul                 
00804340  __c6xabi_divull                
00808540  __c6xabi_errno_addr            
00807a60  __c6xabi_fltulld               
00808480  __c6xabi_isinf                 
00807e80  __c6xabi_llshl                 
008081e0  __c6xabi_llshru                
008074a0  __c6xabi_remi                  
ffffffff  __c_args__                     
00806b80  __divi                         
008073e0  __divu                         
0080da54  __errno                        
008074a0  __remi                         
00808500  _args_main                     
00805ee0  _auto_init_elf                 
00808240  _c_int00                       
0080da60  _ctypes_                       
0080d738  _ftable                        
0080da48  _lock                          
00807ba0  _minit                         
00808560  _nop                           
0080b6e8  _stack                         
008082a0  _subcull                       
0080c710  _sys_memory                    
0080da4c  _unlock                        
008085c0  abort                          
008067c0  atoi                           
ffffffff  binit                          
00806d40  close                          
008009e0  compute_num_maps               
008068c0  copy_in                        
0080b6e0  core_id                        
0080de68  cumulative                     
00800db8  deeplearn                      
0080b6b8  dilate                         
00801520  do_power_gating                
0080de70  endVal                         
0080da54  errno                          
00807620  exit                           
00804e80  fputc                          
00802a80  fputs                          
00803960  free                           
008057c0  frexp                          
008062a0  fseek                          
00808640  kernel5x5                      
0080a390  kernel7x7                      
00806160  ldexp                          
00808300  lseek                          
00806f00  ltoa                           
008018d8  main                           
00805960  malloc                         
00800968  mem_alloc                      
00808360  memccpy                        
00807ce0  memcpy                         
00806fe0  memset                         
00800640  operateLayer1                  
00800104  operateLayer2                  
008070c0  printf                         
00808080  rand                           
00808100  remove                         
00804c40  setvbuf                        
0080de78  startVal                       
00808100  unlink                         
00808420  write                          


GLOBAL SYMBOLS: SORTED BY Symbol Address 

address   name                           
-------   ----                           
00001024  __TI_STACK_SIZE                
00001024  __TI_SYSMEM_SIZE               
00800104  operateLayer2                  
00800640  operateLayer1                  
00800968  mem_alloc                      
008009e0  compute_num_maps               
00800a30  MemMgr_HeapInit                
00800db8  deeplearn                      
00800f20  __c6xabi_divd                  
00801520  do_power_gating                
008018d8  main                           
00802620  __TI_printfi                   
00802a80  fputs                          
00803100  IMG_conv_7x7_i16s_c16s         
00803960  free                           
008040e0  IMG_conv_5x5_i16s_c16s         
00804340  __c6xabi_divull                
00804c40  setvbuf                        
00804e80  fputc                          
008052a0  __c6xabi_divul                 
00805480  HOSTrename                     
008057c0  frexp                          
00805960  malloc                         
00805da0  __TI_closefile                 
00805ee0  _auto_init_elf                 
00806160  ldexp                          
008062a0  fseek                          
008063c0  HOSTlseek                      
008064c0  __TI_wrt_ok                    
008067c0  atoi                           
008068c0  copy_in                        
008069c0  HOSTopen                       
00806aa0  HOSTwrite                      
00806b80  __c6xabi_divi                  
00806b80  __divi                         
00806d40  close                          
00806e20  __TI_zero_init                 
00806f00  ltoa                           
00806fe0  memset                         
008070c0  printf                         
008071a0  HOSTread                       
00807260  HOSTunlink                     
00807320  __TI_doflush                   
008073e0  __c6xabi_divu                  
008073e0  __divu                         
008074a0  __c6xabi_remi                  
008074a0  __remi                         
00807620  exit                           
00807860  __TI_tls_init                  
00807920  HOSTclose                      
008079c0  __TI_cleanup                   
00807a60  __c6xabi_fltulld               
00807ba0  _minit                         
00807ce0  memcpy                         
00807d80  __TI_readmsg                   
00807e00  __TI_writemsg                  
00807e60  C$$IO$$                        
00807e80  __c6xabi_llshl                 
00808000  DSP_maxval                     
00808080  rand                           
00808100  remove                         
00808100  unlink                         
00808180  __TI_frcmpyd_div               
008081e0  __c6xabi_llshru                
00808240  _c_int00                       
008082a0  _subcull                       
00808300  lseek                          
00808360  memccpy                        
00808420  write                          
00808480  __c6xabi_isinf                 
00808500  _args_main                     
00808540  __c6xabi_errno_addr            
00808560  _nop                           
008085c0  C$$EXIT                        
008085c0  abort                          
008085e0  CSL_tscEnable                  
008085e8  CSL_tscRead                    
00808600  __TI_decompress_none           
00808620  __TI_decompress_rle24          
00808640  __TI_STATIC_BASE               
00808640  kernel5x5                      
0080a390  kernel7x7                      
0080b6b8  dilate                         
0080b6e0  core_id                        
0080b6e8  _stack                         
0080c70c  __TI_STACK_END                 
0080c710  _sys_memory                    
0080d738  _ftable                        
0080da30  __TI_cleanup_ptr               
0080da34  __TI_dtors_ptr                 
0080da38  __TI_enable_exit_profile_output
0080da48  _lock                          
0080da4c  _unlock                        
0080da50  __TI_ft_end                    
0080da54  __errno                        
0080da54  errno                          
0080da60  _ctypes_                       
0080dbc8  __TI_tmpnams                   
0080dd10  __CIOBUF_                      
0080de68  cumulative                     
0080de70  endVal                         
0080de78  startVal                       
00810f78  __TI_Handler_Table_Base        
00810f84  __TI_Handler_Table_Limit       
00810fa0  __TI_CINIT_Base                
00810fc8  __TI_CINIT_Limit               
ffffffff  __TI_pprof_out_hndl            
ffffffff  __TI_prof_data_size            
ffffffff  __TI_prof_data_start           
ffffffff  __binit__                      
ffffffff  __c_args__                     
ffffffff  binit                          
UNDEFED   __TI_INITARRAY_Base            
UNDEFED   __TI_INITARRAY_Limit           
UNDEFED   __TI_TLS_INIT_Base             
UNDEFED   __TI_TLS_INIT_Limit            

[116 symbols]
