******************************************************************************
               TMS320C6x Linker PC v7.4.12                     
******************************************************************************
>> Linked Tue Jan 12 21:19:31 2016

OUTPUT FILE NAME:   <deeplearn_evm5432_mnist.out>
ENTRY POINT SYMBOL: "_reset"  address: 80000000


MEMORY CONFIGURATION

         name            origin    length      used     unused   attr    fill
----------------------  --------  ---------  --------  --------  ----  --------
  BOOT_MEM              80000000   00000400  00000340  000000c0  RWIX
  PMEM                  80000400   00fffc00  0000b9a0  00ff4260  RWIX
  BMEM                  81000000   10000000  10000000  00000000  RWIX


SEGMENT ALLOCATION MAP

run origin  load origin   length   init length attrs members
----------  ----------- ---------- ----------- ----- -------
80000000    80000000    00000220   00000220    r-x
  80000000    80000000    00000220   00000220    r-x .boot
80000220    80000220    00000120   00000000    rw-
  80000220    80000220    00000120   00000000    rw- .cio
80000400    80000400    0000b98c   0000a960    rwx
  80000400    80000400    0000a960   0000a960    rwx big_ro
  8000ad60    8000ad60    00001000   00000000    rw- .stack
  8000bd60    8000bd60    0000002c   00000000    rw- .bss
8000bd8c    8000bd8c    00000014   00000014    r--
  8000bd8c    8000bd8c    00000014   00000014    r-- .cinit
81000000    81000000    10000000   00000000    rw-
  81000000    81000000    10000000   00000000    rw- .sysmem


SECTION ALLOCATION MAP

 output                                  attributes/
section   page    origin      length       input sections
--------  ----  ----------  ----------   ----------------
.boot      0    80000000    00000220     
                  80000000    00000200     boot.obj (.boot)
                  80000200    00000020     rtstesla_le_elf.lib : boot.obj ($Tramp$S$$_c_int00)

.cio       0    80000220    00000120     UNINITIALIZED
                  80000220    00000120     rtstesla_le_elf.lib : trgmsg.obj (.cio)

big_ro     0    80000400    0000a960     
                  80000400    00000aa0     deep_learning.obj (.text)
                  80000ea0    00000580     rtstesla_le_elf.lib : divd.obj (.text:__c6xabi_divd)
                  80001420    00000580                         : _printfi.obj (.text:_getarg_diouxp)
                  800019a0    00000500                         : _printfi.obj (.text:_setfield)
                  80001ea0    00000480                         : _printfi.obj (.text:_printfi)
                  80002320    000003e0                         : fputs.obj (.text:fputs)
                  80002700    000003c0                         : _printfi.obj (.text:_pproc_fge)
                  80002ac0    00000380                         : _printfi.obj (.text:fcvt)
                  80002e40    00000360     IMG_conv_7x7_i16s_c16s_c.obj (.text:ansi)
                  800031a0    00000360     rtstesla_le_elf.lib : _printfi.obj (.text:ecvt)
                  80003500    00000340     main.obj (.text)
                  80003840    000002e0     rtstesla_le_elf.lib : _printfi.obj (.text:_pconv_e)
                  80003b20    000002a0                         : imath64.obj (.text:__c6xabi_divull)
                  80003dc0    000002a0                         : _printfi.obj (.text:_pproc_fwp)
                  80004060    000002a0                         : memory.obj (.text:free)
                  80004300    00000280                         : _printfi.obj (.text:_pproc_diouxp)
                  80004580    00000240                         : mpyd.obj (.text:__c6xabi_mpyd)
                  800047c0    00000240                         : _printfi.obj (.text:_pproc_str)
                  80004a00    00000240                         : fputc.obj (.text:fputc)
                  80004c40    00000240                         : setvbuf.obj (.text:setvbuf)
                  80004e80    00000220                         : addd.obj (.text:__c6xabi_addd)
                  800050a0    00000220     DSP_maxidx.obj (.text:optimized)
                  800052c0    00000200     rtstesla_le_elf.lib : frcaddd.obj (.text:_frcaddd)
                  800054c0    00000200                         : _printfi.obj (.text:_pconv_g)
                  800056c0    000001e0     classifier.obj (.text)
                  800058a0    000001c0     rtstesla_le_elf.lib : imath40.obj (.text:__c6xabi_divul)
                  80005a60    000001c0     IMG_conv_5x5_i16s_c16s_c.obj (.text:ansi)
                  80005c20    000001a0     rtstesla_le_elf.lib : _printfi.obj (.text:_mcpy)
                  80005dc0    000001a0     DSP_add16.obj (.text:optimized)
                  80005f60    00000180     rtstesla_le_elf.lib : trgdrv.obj (.text:HOSTrename)
                  800060e0    00000180                         : memory.obj (.text:malloc)
                  80006260    00000140                         : fseek.obj (.text:fseek)
                  800063a0    00000140                         : memcpy62.obj (.text:memcpy)
                  800064e0    00000120                         : fclose.obj (.text:_closefile)
                  80006600    00000120                         : frcmpyd.obj (.text:_frcmpyd)
                  80006720    00000120                         : _printfi.obj (.text:_ltostr)
                  80006840    00000120                         : _printfi.obj (.text:_pproc_fflags)
                  80006960    00000120                         : lowlev.obj (.text:getdevice)
                  80006a80    00000120     DSP_dotprod.obj (.text:optimized)
                  80006ba0    00000100     DSP_vec.obj (.text)
                  80006ca0    00000100     rtstesla_le_elf.lib : trgdrv.obj (.text:HOSTlseek)
                  80006da0    00000100                         : trgdrv.obj (.text:HOSTopen)
                  80006ea0    00000100                         : autoinit.obj (.text:_auto_init_elf)
                  80006fa0    00000100                         : _io_perm.obj (.text:_wrt_ok)
                  800070a0    00000100                         : atoi.obj (.text:atoi)
                  800071a0    00000100                         : lowlev.obj (.text:close)
                  800072a0    00000100                         : cpy_tbl.obj (.text:copy_in)
                  800073a0    000000e0                         : trgdrv.obj (.text:HOSTread)
                  80007480    000000e0                         : trgdrv.obj (.text:HOSTwrite)
                  80007560    000000e0                         : cmpd.obj (.text:__c6xabi_cmpd)
                  80007640    000000e0                         : _printfi.obj (.text:_div)
                  80007720    000000e0                         : copy_zero_init.obj (.text:decompress:ZI:__TI_zero_init)
                  80007800    000000e0                         : memset.obj (.text:memset)
                  800078e0    000000e0     DSP_maxval.obj (.text:optimized)
                  800079c0    000000e0     rtstesla_le_elf.lib : printf.obj (.text:printf)
                  80007aa0    000000c0                         : trgdrv.obj (.text:HOSTunlink)
                  80007b60    000000c0                         : divu_t.obj (.text:__divu)
                  80007c20    000000c0                         : fflush.obj (.text:_doflush)
                  80007ce0    000000c0                         : _printfi.obj (.text:_ecpy)
                  80007da0    000000c0                         : _printfi.obj (.text:_pconv_f)
                  80007e60    000000c0                         : exit.obj (.text:exit)
                  80007f20    000000c0                         : lowlev.obj (.text:lseek)
                  80007fe0    000000c0                         : ltoa.obj (.text:ltoa)
                  800080a0    000000c0                         : tls.obj (.text:tls:init:__TI_tls_init)
                  80008160    000000c0                         : lowlev.obj (.text:write)
                  80008220    000000a0                         : trgdrv.obj (.text:HOSTclose)
                  800082c0    000000a0                         : fixdi.obj (.text:__c6xabi_fixdi)
                  80008360    000000a0                         : llshift.obj (.text:__c6xabi_llshl)
                  80008400    000000a0                         : fopen.obj (.text:_cleanup)
                  800084a0    000000a0                         : _printfi.obj (.text:_fcpy)
                  80008540    000000a0                         : memory.obj (.text:_minit)
                  800085e0    000000a0                         : lowlev.obj (.text:finddevice)
                  80008680    000000a0                         : memory.obj (.text:minsert)
                  80008720    000000a0                         : memory.obj (.text:mremove)
                  800087c0    00000080                         : fltulld.obj (.text:__c6xabi_fltulld)
                  80008840    00000080                         : renormd.obj (.text:_renormd)
                  800088c0    00000080                         : lowlev.obj (.text:unlink)
                  80008940    00000060                         : cpp_init.obj (.text:__TI_cpp_init)
                  800089a0    00000060                         : fltid.obj (.text:__c6xabi_fltid)
                  80008a00    00000060                         : llshift.obj (.text:__c6xabi_llshru)
                  80008a60    00000060                         : boot.obj (.text:_c_int00)
                  80008ac0    00000060                         : imath64.obj (.text:_subcull)
                  80008b20    00000060                         : memccpy.obj (.text:memccpy)
                  80008b80    00000060                         : trgmsg.obj (.text:readmsg)
                  80008be0    00000060                         : trgmsg.obj (.text:writemsg)
                  80008c40    00000040                         : fltud.obj (.text:__c6xabi_fltud)
                  80008c80    00000040                         : frcmpyd_div.obj (.text:__c6xabi_frcmpyd_div)
                  80008cc0    00000040                         : isinf.obj (.text:__c6xabi_isinf)
                  80008d00    00000040                         : _printfi.obj (.text:__c6xabi_isnan)
                  80008d40    00000040                         : negd.obj (.text:__c6xabi_negd)
                  80008d80    00000040                         : subd.obj (.text:__c6xabi_subd)
                  80008dc0    00000040                         : args_main.obj (.text:_args_main)
                  80008e00    00000020                         : _lock.obj (.text:_nop)
                  80008e20    00000020                         : printf.obj (.text:_outc)
                  80008e40    00000020                         : printf.obj (.text:_outs)
                  80008e60    00000020                         : exit.obj (.text:abort)
                  80008e80    00001900     deep_learning.obj (.const:kernel5x5)
                  8000a780    00000101     rtstesla_le_elf.lib : ctype.obj (.const:.string:_ctypes_)
                  8000a881    00000023                         : _printfi.obj (.const:.string)
                  8000a8a4    00000004     --HOLE-- [fill = 0]
                  8000a8a8    00000008                         : divd.obj (.const:.string:initial_approx$1)
                  8000a8b0    00000008     main.obj (.const:.string)
                  8000a8b8    00000140     rtstesla_le_elf.lib : defs.obj (.far) [fill = 0]
                  8000a9f8    00000018     deep_learning.obj (.far) [fill = 0]
                  8000aa10    00000008     rtstesla_le_elf.lib : trgdrv.obj (.far) [fill = 0]
                  8000aa18    000001e0                         : defs.obj (.fardata:_ftable)
                  8000abf8    000000a0                         : lowlev.obj (.fardata:_stream)
                  8000ac98    00000078                         : lowlev.obj (.fardata:_device)
                  8000ad10    00000010     deep_learning.obj (.fardata:dilate)
                  8000ad20    0000000c     rtstesla_le_elf.lib : exit.obj (.fardata)
                  8000ad2c    0000000c                         : memory.obj (.fardata)
                  8000ad38    00000008                         : _lock.obj (.fardata)
                  8000ad40    00000004                         : defs.obj (.fardata)
                  8000ad44    0000001c     --HOLE-- [fill = 00000000]

.stack     0    8000ad60    00001000     UNINITIALIZED
                  8000ad60    00000008     rtstesla_le_elf.lib : boot.obj (.stack)
                  8000ad68    00000ff8     --HOLE--

.neardata 
*          0    8000bd60    00000000     UNINITIALIZED

.rodata    0    8000bd60    00000000     UNINITIALIZED

.bss       0    8000bd60    0000002c     UNINITIALIZED
                  8000bd60    0000002c     deep_learning.obj (.bss)

.cinit     0    8000bd8c    00000014     
                  8000bd8c    00000008     (.cinit..bss.load) [load image, compression = zero_init]
                  8000bd94    00000004     (__TI_handler_table)
                  8000bd98    00000008     (__TI_cinit_table)

.sysmem    0    81000000    10000000     UNINITIALIZED
                  81000000    00000008     rtstesla_le_elf.lib : memory.obj (.sysmem)
                  81000008    0ffffff8     --HOLE--


LINKER GENERATED COPY TABLES

__TI_cinit_table @ 8000bd98 records: 1, size/record: 8, table size: 8
	.bss: load addr=8000bd8c, load size=00000008 bytes, run addr=8000bd60, run size=0000002c bytes, compression=zero_init


LINKER GENERATED HANDLER TABLE

__TI_handler_table @ 8000bd94 records: 1, size/record: 4, table size: 4
	index: 0, handler: __TI_zero_init


FAR CALL TRAMPOLINES

callee name               trampoline name
   callee addr  tramp addr   call addr  call info
--------------  -----------  ---------  ----------------
$.text:_c_int00:rtstesla_le_elf.lib<boot.obj>$0x0  $Tramp$S$$_c_int00
   80008a60     80000200     80000000   boot.obj (.boot)

[1 trampolines]
[1 trampoline calls]


GLOBAL SYMBOLS: SORTED ALPHABETICALLY BY Name 

address    name
--------   ----
80008e60   C$$EXIT
80008c34   C$$IO$$
80000400   Conv5x5
80000df4   Conv7x7
80005dc0   DSP_add16_shift
80006a80   DSP_dotprod
800050a0   DSP_maxidx
800078e0   DSP_maxval
80006ba0   DSP_vec
80008220   HOSTclose
80006ca0   HOSTlseek
80006da0   HOSTopen
800073a0   HOSTread
80005f60   HOSTrename
80007aa0   HOSTunlink
80007480   HOSTwrite
80005a60   IMG_conv_5x5_i16s_c16s_cn
80002e40   IMG_conv_7x7_i16s_c16s_cn
80000d44   MemMgr_HeapDeInit
80000ab0   MemMgr_HeapInit
80000220   __CIOBUF_
8000bd98   __TI_CINIT_Base
8000bda0   __TI_CINIT_Limit
8000bd94   __TI_Handler_Table_Base
8000bd98   __TI_Handler_Table_Limit
UNDEFED    __TI_INITARRAY_Base
UNDEFED    __TI_INITARRAY_Limit
8000bd60   __TI_STACK_END
00001000   __TI_STACK_SIZE
8000bd60   __TI_STATIC_BASE
10000000   __TI_SYSMEM_SIZE
UNDEFED    __TI_TLS_INIT_Base
UNDEFED    __TI_TLS_INIT_Limit
00000001   __TI_args_main
80008940   __TI_cpp_init
8000ad28   __TI_enable_exit_profile_output
ffffffff   __TI_pprof_out_hndl
ffffffff   __TI_prof_data_size
ffffffff   __TI_prof_data_start
800080a0   __TI_tls_init
80007720   __TI_zero_init
ffffffff   __binit__
80004e80   __c6xabi_addd
80007560   __c6xabi_cmpd
80000ea0   __c6xabi_divd
80007b60   __c6xabi_divu
800058a0   __c6xabi_divul
80003b20   __c6xabi_divull
800082c0   __c6xabi_fixdi
800089a0   __c6xabi_fltid
80008c40   __c6xabi_fltud
800087c0   __c6xabi_fltulld
80008c80   __c6xabi_frcmpyd_div
80008cc0   __c6xabi_isinf
80008360   __c6xabi_llshl
80008a00   __c6xabi_llshru
80004580   __c6xabi_mpyd
80008d40   __c6xabi_negd
80008d80   __c6xabi_subd
ffffffff   __c_args__
80007b60   __divu
80008dc0   _args_main
80006ea0   _auto_init_elf
80008a60   _c_int00
80008400   _cleanup
8000ad20   _cleanup_ptr
800064e0   _closefile
8000a780   _ctypes_
80007c20   _doflush
8000ad24   _dtors_ptr
800052c0   _frcaddd
80006600   _frcmpyd
8000ad40   _ft_end
8000aa18   _ftable
8000ad38   _lock
80008540   _minit
80008e00   _nop
80001ea0   _printfi
80008840   _renormd
80000000   _reset
8000ad60   _stack
80008ac0   _subcull
81000000   _sys_memory
8000a8b8   _tmpnams
8000ad3c   _unlock
80006fa0   _wrt_ok
80008e60   abort
800070a0   atoi
ffffffff   binit
80003774   clean
800071a0   close
80003500   config_AMMU
800072a0   copy_in
80000cd4   deeplearn
8000ad10   dilate
800056c0   dummy_classifier
800035b0   enable_L1Cache
800035c0   enable_L2Cache
80007e60   exit
80004a00   fputc
80002320   fputs
80004060   free
80006260   fseek
800036e0   invalidate
80008e80   kernel5x5
80007f20   lseek
80007fe0   ltoa
800035d0   main
800060e0   malloc
8000a9f8   maps_info_1
80008b20   memccpy
800063a0   memcpy
80007800   memset
800007a4   operateLayer1
800004a4   operateLayer2
8000bd7c   pHiddenBias
8000bd84   pHiddenNeuron
8000bd74   pInputNeurons
8000bd78   pInputWt
8000bd88   pOutputNeuron
8000bd80   pOutputWt
800079c0   printf
80008b80   readmsg
800088c0   remove
80004c40   setvbuf
800088c0   unlink
80008160   write
80008be0   writemsg


GLOBAL SYMBOLS: SORTED BY Symbol Address 

address    name
--------   ----
00000001   __TI_args_main
00001000   __TI_STACK_SIZE
10000000   __TI_SYSMEM_SIZE
80000000   _reset
80000220   __CIOBUF_
80000400   Conv5x5
800004a4   operateLayer2
800007a4   operateLayer1
80000ab0   MemMgr_HeapInit
80000cd4   deeplearn
80000d44   MemMgr_HeapDeInit
80000df4   Conv7x7
80000ea0   __c6xabi_divd
80001ea0   _printfi
80002320   fputs
80002e40   IMG_conv_7x7_i16s_c16s_cn
80003500   config_AMMU
800035b0   enable_L1Cache
800035c0   enable_L2Cache
800035d0   main
800036e0   invalidate
80003774   clean
80003b20   __c6xabi_divull
80004060   free
80004580   __c6xabi_mpyd
80004a00   fputc
80004c40   setvbuf
80004e80   __c6xabi_addd
800050a0   DSP_maxidx
800052c0   _frcaddd
800056c0   dummy_classifier
800058a0   __c6xabi_divul
80005a60   IMG_conv_5x5_i16s_c16s_cn
80005dc0   DSP_add16_shift
80005f60   HOSTrename
800060e0   malloc
80006260   fseek
800063a0   memcpy
800064e0   _closefile
80006600   _frcmpyd
80006a80   DSP_dotprod
80006ba0   DSP_vec
80006ca0   HOSTlseek
80006da0   HOSTopen
80006ea0   _auto_init_elf
80006fa0   _wrt_ok
800070a0   atoi
800071a0   close
800072a0   copy_in
800073a0   HOSTread
80007480   HOSTwrite
80007560   __c6xabi_cmpd
80007720   __TI_zero_init
80007800   memset
800078e0   DSP_maxval
800079c0   printf
80007aa0   HOSTunlink
80007b60   __c6xabi_divu
80007b60   __divu
80007c20   _doflush
80007e60   exit
80007f20   lseek
80007fe0   ltoa
800080a0   __TI_tls_init
80008160   write
80008220   HOSTclose
800082c0   __c6xabi_fixdi
80008360   __c6xabi_llshl
80008400   _cleanup
80008540   _minit
800087c0   __c6xabi_fltulld
80008840   _renormd
800088c0   remove
800088c0   unlink
80008940   __TI_cpp_init
800089a0   __c6xabi_fltid
80008a00   __c6xabi_llshru
80008a60   _c_int00
80008ac0   _subcull
80008b20   memccpy
80008b80   readmsg
80008be0   writemsg
80008c34   C$$IO$$
80008c40   __c6xabi_fltud
80008c80   __c6xabi_frcmpyd_div
80008cc0   __c6xabi_isinf
80008d40   __c6xabi_negd
80008d80   __c6xabi_subd
80008dc0   _args_main
80008e00   _nop
80008e60   C$$EXIT
80008e60   abort
80008e80   kernel5x5
8000a780   _ctypes_
8000a8b8   _tmpnams
8000a9f8   maps_info_1
8000aa18   _ftable
8000ad10   dilate
8000ad20   _cleanup_ptr
8000ad24   _dtors_ptr
8000ad28   __TI_enable_exit_profile_output
8000ad38   _lock
8000ad3c   _unlock
8000ad40   _ft_end
8000ad60   _stack
8000bd60   __TI_STACK_END
8000bd60   __TI_STATIC_BASE
8000bd74   pInputNeurons
8000bd78   pInputWt
8000bd7c   pHiddenBias
8000bd80   pOutputWt
8000bd84   pHiddenNeuron
8000bd88   pOutputNeuron
8000bd94   __TI_Handler_Table_Base
8000bd98   __TI_CINIT_Base
8000bd98   __TI_Handler_Table_Limit
8000bda0   __TI_CINIT_Limit
81000000   _sys_memory
ffffffff   __TI_pprof_out_hndl
ffffffff   __TI_prof_data_size
ffffffff   __TI_prof_data_start
ffffffff   __binit__
ffffffff   __c_args__
ffffffff   binit
UNDEFED    __TI_INITARRAY_Base
UNDEFED    __TI_INITARRAY_Limit
UNDEFED    __TI_TLS_INIT_Base
UNDEFED    __TI_TLS_INIT_Limit

[128 symbols]
