<?xml version="1.0"?>
<link_info>
   <banner>TMS320C6x Linker PC v7.4.12</banner>
   <copyright>Copyright (c) 1996-2014 Texas Instruments Incorporated</copyright>
   <link_time>0x568ab7b3</link_time>
   <output_file>deeplearn_evm5432.out</output_file>
   <entry_point>
      <name>_reset</name>
      <address>0x80000000</address>
   </entry_point>
   <input_file_list>
      <input_file id="fl-2">
         <path>.\</path>
         <kind>object</kind>
         <file>DSP_add16.obj</file>
         <name>DSP_add16.obj</name>
      </input_file>
      <input_file id="fl-3">
         <path>.\</path>
         <kind>object</kind>
         <file>DSP_maxval.obj</file>
         <name>DSP_maxval.obj</name>
      </input_file>
      <input_file id="fl-4">
         <path>.\</path>
         <kind>object</kind>
         <file>IMG_conv_5x5_i16s_c16s_c.obj</file>
         <name>IMG_conv_5x5_i16s_c16s_c.obj</name>
      </input_file>
      <input_file id="fl-5">
         <path>.\</path>
         <kind>object</kind>
         <file>IMG_conv_7x7_i16s_c16s_c.obj</file>
         <name>IMG_conv_7x7_i16s_c16s_c.obj</name>
      </input_file>
      <input_file id="fl-6">
         <path>.\</path>
         <kind>object</kind>
         <file>boot.obj</file>
         <name>boot.obj</name>
      </input_file>
      <input_file id="fl-7">
         <path>.\</path>
         <kind>object</kind>
         <file>deep_learning.obj</file>
         <name>deep_learning.obj</name>
      </input_file>
      <input_file id="fl-8">
         <path>.\</path>
         <kind>object</kind>
         <file>main.obj</file>
         <name>main.obj</name>
      </input_file>
      <input_file id="fl-83">
         <path>F:\ti\ccsv6\tools\compiler\c6000_7.4.12\lib\</path>
         <kind>archive</kind>
         <file>rtstesla_le_elf.lib</file>
         <name>addd.obj</name>
      </input_file>
      <input_file id="fl-84">
         <path>F:\ti\ccsv6\tools\compiler\c6000_7.4.12\lib\</path>
         <kind>archive</kind>
         <file>rtstesla_le_elf.lib</file>
         <name>boot.obj</name>
      </input_file>
      <input_file id="fl-85">
         <path>F:\ti\ccsv6\tools\compiler\c6000_7.4.12\lib\</path>
         <kind>archive</kind>
         <file>rtstesla_le_elf.lib</file>
         <name>copy_decompress_none.obj</name>
      </input_file>
      <input_file id="fl-86">
         <path>F:\ti\ccsv6\tools\compiler\c6000_7.4.12\lib\</path>
         <kind>archive</kind>
         <file>rtstesla_le_elf.lib</file>
         <name>copy_decompress_rle.obj</name>
      </input_file>
      <input_file id="fl-87">
         <path>F:\ti\ccsv6\tools\compiler\c6000_7.4.12\lib\</path>
         <kind>archive</kind>
         <file>rtstesla_le_elf.lib</file>
         <name>copy_zero_init.obj</name>
      </input_file>
      <input_file id="fl-88">
         <path>F:\ti\ccsv6\tools\compiler\c6000_7.4.12\lib\</path>
         <kind>archive</kind>
         <file>rtstesla_le_elf.lib</file>
         <name>divd.obj</name>
      </input_file>
      <input_file id="fl-89">
         <path>F:\ti\ccsv6\tools\compiler\c6000_7.4.12\lib\</path>
         <kind>archive</kind>
         <file>rtstesla_le_elf.lib</file>
         <name>exit.obj</name>
      </input_file>
      <input_file id="fl-8a">
         <path>F:\ti\ccsv6\tools\compiler\c6000_7.4.12\lib\</path>
         <kind>archive</kind>
         <file>rtstesla_le_elf.lib</file>
         <name>fltulld.obj</name>
      </input_file>
      <input_file id="fl-8b">
         <path>F:\ti\ccsv6\tools\compiler\c6000_7.4.12\lib\</path>
         <kind>archive</kind>
         <file>rtstesla_le_elf.lib</file>
         <name>frcaddd.obj</name>
      </input_file>
      <input_file id="fl-8c">
         <path>F:\ti\ccsv6\tools\compiler\c6000_7.4.12\lib\</path>
         <kind>archive</kind>
         <file>rtstesla_le_elf.lib</file>
         <name>frcmpyd_div.obj</name>
      </input_file>
      <input_file id="fl-8d">
         <path>F:\ti\ccsv6\tools\compiler\c6000_7.4.12\lib\</path>
         <kind>archive</kind>
         <file>rtstesla_le_elf.lib</file>
         <name>imath64.obj</name>
      </input_file>
      <input_file id="fl-8e">
         <path>F:\ti\ccsv6\tools\compiler\c6000_7.4.12\lib\</path>
         <kind>archive</kind>
         <file>rtstesla_le_elf.lib</file>
         <name>llshift.obj</name>
      </input_file>
      <input_file id="fl-8f">
         <path>F:\ti\ccsv6\tools\compiler\c6000_7.4.12\lib\</path>
         <kind>archive</kind>
         <file>rtstesla_le_elf.lib</file>
         <name>memcpy62.obj</name>
      </input_file>
      <input_file id="fl-90">
         <path>F:\ti\ccsv6\tools\compiler\c6000_7.4.12\lib\</path>
         <kind>archive</kind>
         <file>rtstesla_le_elf.lib</file>
         <name>memory.obj</name>
      </input_file>
      <input_file id="fl-91">
         <path>F:\ti\ccsv6\tools\compiler\c6000_7.4.12\lib\</path>
         <kind>archive</kind>
         <file>rtstesla_le_elf.lib</file>
         <name>printf.obj</name>
      </input_file>
      <input_file id="fl-92">
         <path>F:\ti\ccsv6\tools\compiler\c6000_7.4.12\lib\</path>
         <kind>archive</kind>
         <file>rtstesla_le_elf.lib</file>
         <name>rand.obj</name>
      </input_file>
      <input_file id="fl-93">
         <path>F:\ti\ccsv6\tools\compiler\c6000_7.4.12\lib\</path>
         <kind>archive</kind>
         <file>rtstesla_le_elf.lib</file>
         <name>remi_t.obj</name>
      </input_file>
      <input_file id="fl-94">
         <path>F:\ti\ccsv6\tools\compiler\c6000_7.4.12\lib\</path>
         <kind>archive</kind>
         <file>rtstesla_le_elf.lib</file>
         <name>renormd.obj</name>
      </input_file>
      <input_file id="fl-95">
         <path>F:\ti\ccsv6\tools\compiler\c6000_7.4.12\lib\</path>
         <kind>archive</kind>
         <file>rtstesla_le_elf.lib</file>
         <name>_lock.obj</name>
      </input_file>
      <input_file id="fl-96">
         <path>F:\ti\ccsv6\tools\compiler\c6000_7.4.12\lib\</path>
         <kind>archive</kind>
         <file>rtstesla_le_elf.lib</file>
         <name>_printfi.obj</name>
      </input_file>
      <input_file id="fl-97">
         <path>F:\ti\ccsv6\tools\compiler\c6000_7.4.12\lib\</path>
         <kind>archive</kind>
         <file>rtstesla_le_elf.lib</file>
         <name>abs.obj</name>
      </input_file>
      <input_file id="fl-98">
         <path>F:\ti\ccsv6\tools\compiler\c6000_7.4.12\lib\</path>
         <kind>archive</kind>
         <file>rtstesla_le_elf.lib</file>
         <name>args_main.obj</name>
      </input_file>
      <input_file id="fl-99">
         <path>F:\ti\ccsv6\tools\compiler\c6000_7.4.12\lib\</path>
         <kind>archive</kind>
         <file>rtstesla_le_elf.lib</file>
         <name>atoi.obj</name>
      </input_file>
      <input_file id="fl-9a">
         <path>F:\ti\ccsv6\tools\compiler\c6000_7.4.12\lib\</path>
         <kind>archive</kind>
         <file>rtstesla_le_elf.lib</file>
         <name>autoinit.obj</name>
      </input_file>
      <input_file id="fl-9b">
         <path>F:\ti\ccsv6\tools\compiler\c6000_7.4.12\lib\</path>
         <kind>archive</kind>
         <file>rtstesla_le_elf.lib</file>
         <name>cmpd.obj</name>
      </input_file>
      <input_file id="fl-9c">
         <path>F:\ti\ccsv6\tools\compiler\c6000_7.4.12\lib\</path>
         <kind>archive</kind>
         <file>rtstesla_le_elf.lib</file>
         <name>cpp_init.obj</name>
      </input_file>
      <input_file id="fl-9d">
         <path>F:\ti\ccsv6\tools\compiler\c6000_7.4.12\lib\</path>
         <kind>archive</kind>
         <file>rtstesla_le_elf.lib</file>
         <name>cpy_tbl.obj</name>
      </input_file>
      <input_file id="fl-9e">
         <path>F:\ti\ccsv6\tools\compiler\c6000_7.4.12\lib\</path>
         <kind>archive</kind>
         <file>rtstesla_le_elf.lib</file>
         <name>ctype.obj</name>
      </input_file>
      <input_file id="fl-9f">
         <path>F:\ti\ccsv6\tools\compiler\c6000_7.4.12\lib\</path>
         <kind>archive</kind>
         <file>rtstesla_le_elf.lib</file>
         <name>defs.obj</name>
      </input_file>
      <input_file id="fl-a0">
         <path>F:\ti\ccsv6\tools\compiler\c6000_7.4.12\lib\</path>
         <kind>archive</kind>
         <file>rtstesla_le_elf.lib</file>
         <name>divu_t.obj</name>
      </input_file>
      <input_file id="fl-a1">
         <path>F:\ti\ccsv6\tools\compiler\c6000_7.4.12\lib\</path>
         <kind>archive</kind>
         <file>rtstesla_le_elf.lib</file>
         <name>fixdi.obj</name>
      </input_file>
      <input_file id="fl-a2">
         <path>F:\ti\ccsv6\tools\compiler\c6000_7.4.12\lib\</path>
         <kind>archive</kind>
         <file>rtstesla_le_elf.lib</file>
         <name>fltid.obj</name>
      </input_file>
      <input_file id="fl-a3">
         <path>F:\ti\ccsv6\tools\compiler\c6000_7.4.12\lib\</path>
         <kind>archive</kind>
         <file>rtstesla_le_elf.lib</file>
         <name>fputc.obj</name>
      </input_file>
      <input_file id="fl-a4">
         <path>F:\ti\ccsv6\tools\compiler\c6000_7.4.12\lib\</path>
         <kind>archive</kind>
         <file>rtstesla_le_elf.lib</file>
         <name>fputs.obj</name>
      </input_file>
      <input_file id="fl-a5">
         <path>F:\ti\ccsv6\tools\compiler\c6000_7.4.12\lib\</path>
         <kind>archive</kind>
         <file>rtstesla_le_elf.lib</file>
         <name>imath40.obj</name>
      </input_file>
      <input_file id="fl-a6">
         <path>F:\ti\ccsv6\tools\compiler\c6000_7.4.12\lib\</path>
         <kind>archive</kind>
         <file>rtstesla_le_elf.lib</file>
         <name>isinf.obj</name>
      </input_file>
      <input_file id="fl-a7">
         <path>F:\ti\ccsv6\tools\compiler\c6000_7.4.12\lib\</path>
         <kind>archive</kind>
         <file>rtstesla_le_elf.lib</file>
         <name>lowlev.obj</name>
      </input_file>
      <input_file id="fl-a8">
         <path>F:\ti\ccsv6\tools\compiler\c6000_7.4.12\lib\</path>
         <kind>archive</kind>
         <file>rtstesla_le_elf.lib</file>
         <name>ltoa.obj</name>
      </input_file>
      <input_file id="fl-a9">
         <path>F:\ti\ccsv6\tools\compiler\c6000_7.4.12\lib\</path>
         <kind>archive</kind>
         <file>rtstesla_le_elf.lib</file>
         <name>memccpy.obj</name>
      </input_file>
      <input_file id="fl-aa">
         <path>F:\ti\ccsv6\tools\compiler\c6000_7.4.12\lib\</path>
         <kind>archive</kind>
         <file>rtstesla_le_elf.lib</file>
         <name>memset.obj</name>
      </input_file>
      <input_file id="fl-ab">
         <path>F:\ti\ccsv6\tools\compiler\c6000_7.4.12\lib\</path>
         <kind>archive</kind>
         <file>rtstesla_le_elf.lib</file>
         <name>mpyd.obj</name>
      </input_file>
      <input_file id="fl-ac">
         <path>F:\ti\ccsv6\tools\compiler\c6000_7.4.12\lib\</path>
         <kind>archive</kind>
         <file>rtstesla_le_elf.lib</file>
         <name>negd.obj</name>
      </input_file>
      <input_file id="fl-ad">
         <path>F:\ti\ccsv6\tools\compiler\c6000_7.4.12\lib\</path>
         <kind>archive</kind>
         <file>rtstesla_le_elf.lib</file>
         <name>subd.obj</name>
      </input_file>
      <input_file id="fl-ae">
         <path>F:\ti\ccsv6\tools\compiler\c6000_7.4.12\lib\</path>
         <kind>archive</kind>
         <file>rtstesla_le_elf.lib</file>
         <name>tls.obj</name>
      </input_file>
      <input_file id="fl-af">
         <path>F:\ti\ccsv6\tools\compiler\c6000_7.4.12\lib\</path>
         <kind>archive</kind>
         <file>rtstesla_le_elf.lib</file>
         <name>tls_get_tp.obj</name>
      </input_file>
      <input_file id="fl-b0">
         <path>F:\ti\ccsv6\tools\compiler\c6000_7.4.12\lib\</path>
         <kind>archive</kind>
         <file>rtstesla_le_elf.lib</file>
         <name>trgdrv.obj</name>
      </input_file>
      <input_file id="fl-b1">
         <path>F:\ti\ccsv6\tools\compiler\c6000_7.4.12\lib\</path>
         <kind>archive</kind>
         <file>rtstesla_le_elf.lib</file>
         <name>trgmsg.obj</name>
      </input_file>
      <input_file id="fl-b2">
         <path>F:\ti\ccsv6\tools\compiler\c6000_7.4.12\lib\</path>
         <kind>archive</kind>
         <file>rtstesla_le_elf.lib</file>
         <name>_io_perm.obj</name>
      </input_file>
      <input_file id="fl-b3">
         <path>F:\ti\ccsv6\tools\compiler\c6000_7.4.12\lib\</path>
         <kind>archive</kind>
         <file>rtstesla_le_elf.lib</file>
         <name>fflush.obj</name>
      </input_file>
      <input_file id="fl-b4">
         <path>F:\ti\ccsv6\tools\compiler\c6000_7.4.12\lib\</path>
         <kind>archive</kind>
         <file>rtstesla_le_elf.lib</file>
         <name>frcmpyd.obj</name>
      </input_file>
      <input_file id="fl-b5">
         <path>F:\ti\ccsv6\tools\compiler\c6000_7.4.12\lib\</path>
         <kind>archive</kind>
         <file>rtstesla_le_elf.lib</file>
         <name>fseek.obj</name>
      </input_file>
      <input_file id="fl-b6">
         <path>F:\ti\ccsv6\tools\compiler\c6000_7.4.12\lib\</path>
         <kind>archive</kind>
         <file>rtstesla_le_elf.lib</file>
         <name>setvbuf.obj</name>
      </input_file>
      <input_file id="fl-b7">
         <path>F:\ti\ccsv6\tools\compiler\c6000_7.4.12\lib\</path>
         <kind>archive</kind>
         <file>rtstesla_le_elf.lib</file>
         <name>fopen.obj</name>
      </input_file>
      <input_file id="fl-b8">
         <path>F:\ti\ccsv6\tools\compiler\c6000_7.4.12\lib\</path>
         <kind>archive</kind>
         <file>rtstesla_le_elf.lib</file>
         <name>fclose.obj</name>
      </input_file>
      <input_file id="fl-b9">
         <path>F:\ti\ccsv6\tools\compiler\c6000_7.4.12\lib\</path>
         <kind>archive</kind>
         <file>rtstesla_le_elf.lib</file>
         <name>remove.obj</name>
      </input_file>
   </input_file_list>
   <object_component_list>
      <object_component id="oc-15">
         <name>.boot</name>
         <load_address>0x80000000</load_address>
         <run_address>0x80000000</run_address>
         <size>0x200</size>
         <input_file_ref idref="fl-6"/>
      </object_component>
      <object_component id="oc-3e5">
         <name>$Tramp$S$$_c_int00</name>
         <load_address>0x80000200</load_address>
         <run_address>0x80000200</run_address>
         <size>0x20</size>
         <input_file_ref idref="fl-84"/>
      </object_component>
      <object_component id="oc-c0">
         <name>.text</name>
         <load_address>0x80000400</load_address>
         <run_address>0x80000400</run_address>
         <size>0x8c0</size>
         <input_file_ref idref="fl-7"/>
      </object_component>
      <object_component id="oc-d5">
         <name>.text:__c6xabi_divd</name>
         <load_address>0x80000cc0</load_address>
         <run_address>0x80000cc0</run_address>
         <size>0x580</size>
         <input_file_ref idref="fl-88"/>
      </object_component>
      <object_component id="oc-29f">
         <name>.text:_getarg_diouxp</name>
         <load_address>0x80001240</load_address>
         <run_address>0x80001240</run_address>
         <size>0x580</size>
         <input_file_ref idref="fl-96"/>
      </object_component>
      <object_component id="oc-1e6">
         <name>.text:_setfield</name>
         <load_address>0x800017c0</load_address>
         <run_address>0x800017c0</run_address>
         <size>0x500</size>
         <input_file_ref idref="fl-96"/>
      </object_component>
      <object_component id="oc-162">
         <name>.text:_printfi</name>
         <load_address>0x80001cc0</load_address>
         <run_address>0x80001cc0</run_address>
         <size>0x480</size>
         <input_file_ref idref="fl-96"/>
      </object_component>
      <object_component id="oc-1d6">
         <name>.text:fputs</name>
         <load_address>0x80002140</load_address>
         <run_address>0x80002140</run_address>
         <size>0x3e0</size>
         <input_file_ref idref="fl-a4"/>
      </object_component>
      <object_component id="oc-23b">
         <name>.text:_pproc_fge</name>
         <load_address>0x80002520</load_address>
         <run_address>0x80002520</run_address>
         <size>0x3c0</size>
         <input_file_ref idref="fl-96"/>
      </object_component>
      <object_component id="oc-2ef">
         <name>.text:fcvt</name>
         <load_address>0x800028e0</load_address>
         <run_address>0x800028e0</run_address>
         <size>0x380</size>
         <input_file_ref idref="fl-96"/>
      </object_component>
      <object_component id="oc-116">
         <name>.text:ansi</name>
         <load_address>0x80002c60</load_address>
         <run_address>0x80002c60</run_address>
         <size>0x360</size>
         <input_file_ref idref="fl-5"/>
      </object_component>
      <object_component id="oc-2df">
         <name>.text:ecvt</name>
         <load_address>0x80002fc0</load_address>
         <run_address>0x80002fc0</run_address>
         <size>0x360</size>
         <input_file_ref idref="fl-96"/>
      </object_component>
      <object_component id="oc-90">
         <name>.text</name>
         <load_address>0x80003320</load_address>
         <run_address>0x80003320</run_address>
         <size>0x340</size>
         <input_file_ref idref="fl-8"/>
      </object_component>
      <object_component id="oc-299">
         <name>.text:_pconv_e</name>
         <load_address>0x80003660</load_address>
         <run_address>0x80003660</run_address>
         <size>0x2e0</size>
         <input_file_ref idref="fl-96"/>
      </object_component>
      <object_component id="oc-c6">
         <name>.text:__c6xabi_divull</name>
         <load_address>0x80003940</load_address>
         <run_address>0x80003940</run_address>
         <size>0x2a0</size>
         <input_file_ref idref="fl-8d"/>
      </object_component>
      <object_component id="oc-1e1">
         <name>.text:_pproc_fwp</name>
         <load_address>0x80003be0</load_address>
         <run_address>0x80003be0</run_address>
         <size>0x2a0</size>
         <input_file_ref idref="fl-96"/>
      </object_component>
      <object_component id="oc-2b8">
         <name>.text:free</name>
         <load_address>0x80003e80</load_address>
         <run_address>0x80003e80</run_address>
         <size>0x2a0</size>
         <input_file_ref idref="fl-90"/>
      </object_component>
      <object_component id="oc-240">
         <name>.text:_pproc_diouxp</name>
         <load_address>0x80004120</load_address>
         <run_address>0x80004120</run_address>
         <size>0x280</size>
         <input_file_ref idref="fl-96"/>
      </object_component>
      <object_component id="oc-2fa">
         <name>.text:__c6xabi_mpyd</name>
         <load_address>0x800043a0</load_address>
         <run_address>0x800043a0</run_address>
         <size>0x240</size>
         <input_file_ref idref="fl-ab"/>
      </object_component>
      <object_component id="oc-1eb">
         <name>.text:_pproc_str</name>
         <load_address>0x800045e0</load_address>
         <run_address>0x800045e0</run_address>
         <size>0x240</size>
         <input_file_ref idref="fl-96"/>
      </object_component>
      <object_component id="oc-1d0">
         <name>.text:fputc</name>
         <load_address>0x80004820</load_address>
         <run_address>0x80004820</run_address>
         <size>0x240</size>
         <input_file_ref idref="fl-a3"/>
      </object_component>
      <object_component id="oc-25d">
         <name>.text:setvbuf</name>
         <load_address>0x80004a60</load_address>
         <run_address>0x80004a60</run_address>
         <size>0x240</size>
         <input_file_ref idref="fl-b6"/>
      </object_component>
      <object_component id="oc-d0">
         <name>.text:__c6xabi_addd</name>
         <load_address>0x80004ca0</load_address>
         <run_address>0x80004ca0</run_address>
         <size>0x220</size>
         <input_file_ref idref="fl-83"/>
      </object_component>
      <object_component id="oc-145">
         <name>.text:_frcaddd</name>
         <load_address>0x80004ec0</load_address>
         <run_address>0x80004ec0</run_address>
         <size>0x200</size>
         <input_file_ref idref="fl-8b"/>
      </object_component>
      <object_component id="oc-28f">
         <name>.text:_pconv_g</name>
         <load_address>0x800050c0</load_address>
         <run_address>0x800050c0</run_address>
         <size>0x200</size>
         <input_file_ref idref="fl-96"/>
      </object_component>
      <object_component id="oc-368">
         <name>.text:__c6xabi_divul</name>
         <load_address>0x800052c0</load_address>
         <run_address>0x800052c0</run_address>
         <size>0x1c0</size>
         <input_file_ref idref="fl-a5"/>
      </object_component>
      <object_component id="oc-f5">
         <name>.text:ansi</name>
         <load_address>0x80005480</load_address>
         <run_address>0x80005480</run_address>
         <size>0x1c0</size>
         <input_file_ref idref="fl-4"/>
      </object_component>
      <object_component id="oc-2e9">
         <name>.text:_mcpy</name>
         <load_address>0x80005640</load_address>
         <run_address>0x80005640</run_address>
         <size>0x1a0</size>
         <input_file_ref idref="fl-96"/>
      </object_component>
      <object_component id="oc-10b">
         <name>.text:optimized</name>
         <load_address>0x800057e0</load_address>
         <run_address>0x800057e0</run_address>
         <size>0x1a0</size>
         <input_file_ref idref="fl-2"/>
      </object_component>
      <object_component id="oc-33b">
         <name>.text:HOSTrename</name>
         <load_address>0x80005980</load_address>
         <run_address>0x80005980</run_address>
         <size>0x180</size>
         <input_file_ref idref="fl-b0"/>
      </object_component>
      <object_component id="oc-111">
         <name>.text:malloc</name>
         <load_address>0x80005b00</load_address>
         <run_address>0x80005b00</run_address>
         <size>0x180</size>
         <input_file_ref idref="fl-90"/>
      </object_component>
      <object_component id="oc-258">
         <name>.text:fseek</name>
         <load_address>0x80005c80</load_address>
         <run_address>0x80005c80</run_address>
         <size>0x140</size>
         <input_file_ref idref="fl-b5"/>
      </object_component>
      <object_component id="oc-35">
         <name>.text:memcpy</name>
         <load_address>0x80005dc0</load_address>
         <run_address>0x80005dc0</run_address>
         <size>0x140</size>
         <input_file_ref idref="fl-8f"/>
      </object_component>
      <object_component id="oc-314">
         <name>.text:_closefile</name>
         <load_address>0x80005f00</load_address>
         <run_address>0x80005f00</run_address>
         <size>0x120</size>
         <input_file_ref idref="fl-b8"/>
      </object_component>
      <object_component id="oc-35d">
         <name>.text:_frcmpyd</name>
         <load_address>0x80006020</load_address>
         <run_address>0x80006020</run_address>
         <size>0x120</size>
         <input_file_ref idref="fl-b4"/>
      </object_component>
      <object_component id="oc-2a4">
         <name>.text:_ltostr</name>
         <load_address>0x80006140</load_address>
         <run_address>0x80006140</run_address>
         <size>0x120</size>
         <input_file_ref idref="fl-96"/>
      </object_component>
      <object_component id="oc-1dc">
         <name>.text:_pproc_fflags</name>
         <load_address>0x80006260</load_address>
         <run_address>0x80006260</run_address>
         <size>0x120</size>
         <input_file_ref idref="fl-96"/>
      </object_component>
      <object_component id="oc-39e">
         <name>.text:getdevice</name>
         <load_address>0x80006380</load_address>
         <run_address>0x80006380</run_address>
         <size>0x120</size>
         <input_file_ref idref="fl-a7"/>
      </object_component>
      <object_component id="oc-331">
         <name>.text:HOSTlseek</name>
         <load_address>0x800064a0</load_address>
         <run_address>0x800064a0</run_address>
         <size>0x100</size>
         <input_file_ref idref="fl-b0"/>
      </object_component>
      <object_component id="oc-31d">
         <name>.text:HOSTopen</name>
         <load_address>0x800065a0</load_address>
         <run_address>0x800065a0</run_address>
         <size>0x100</size>
         <input_file_ref idref="fl-b0"/>
      </object_component>
      <object_component id="oc-55">
         <name>.text:_auto_init_elf</name>
         <load_address>0x800066a0</load_address>
         <run_address>0x800066a0</run_address>
         <size>0x100</size>
         <input_file_ref idref="fl-9a"/>
      </object_component>
      <object_component id="oc-21c">
         <name>.text:_wrt_ok</name>
         <load_address>0x800067a0</load_address>
         <run_address>0x800067a0</run_address>
         <size>0x100</size>
         <input_file_ref idref="fl-b2"/>
      </object_component>
      <object_component id="oc-235">
         <name>.text:atoi</name>
         <load_address>0x800068a0</load_address>
         <run_address>0x800068a0</run_address>
         <size>0x100</size>
         <input_file_ref idref="fl-99"/>
      </object_component>
      <object_component id="oc-370">
         <name>.text:close</name>
         <load_address>0x800069a0</load_address>
         <run_address>0x800069a0</run_address>
         <size>0x100</size>
         <input_file_ref idref="fl-a7"/>
      </object_component>
      <object_component id="oc-80">
         <name>.text:copy_in</name>
         <load_address>0x80006aa0</load_address>
         <run_address>0x80006aa0</run_address>
         <size>0x100</size>
         <input_file_ref idref="fl-9d"/>
      </object_component>
      <object_component id="oc-327">
         <name>.text:HOSTread</name>
         <load_address>0x80006ba0</load_address>
         <run_address>0x80006ba0</run_address>
         <size>0xe0</size>
         <input_file_ref idref="fl-b0"/>
      </object_component>
      <object_component id="oc-32c">
         <name>.text:HOSTwrite</name>
         <load_address>0x80006c80</load_address>
         <run_address>0x80006c80</run_address>
         <size>0xe0</size>
         <input_file_ref idref="fl-b0"/>
      </object_component>
      <object_component id="oc-285">
         <name>.text:__c6xabi_cmpd</name>
         <load_address>0x80006d60</load_address>
         <run_address>0x80006d60</run_address>
         <size>0xe0</size>
         <input_file_ref idref="fl-9b"/>
      </object_component>
      <object_component id="oc-306">
         <name>.text:_div</name>
         <load_address>0x80006e40</load_address>
         <run_address>0x80006e40</run_address>
         <size>0xe0</size>
         <input_file_ref idref="fl-96"/>
      </object_component>
      <object_component id="oc-1f">
         <name>.text:decompress:ZI:__TI_zero_init</name>
         <load_address>0x80006f20</load_address>
         <run_address>0x80006f20</run_address>
         <size>0xe0</size>
         <input_file_ref idref="fl-87"/>
      </object_component>
      <object_component id="oc-230">
         <name>.text:memset</name>
         <load_address>0x80007000</load_address>
         <run_address>0x80007000</run_address>
         <size>0xe0</size>
         <input_file_ref idref="fl-aa"/>
      </object_component>
      <object_component id="oc-fb">
         <name>.text:optimized</name>
         <load_address>0x800070e0</load_address>
         <run_address>0x800070e0</run_address>
         <size>0xe0</size>
         <input_file_ref idref="fl-3"/>
      </object_component>
      <object_component id="oc-da">
         <name>.text:printf</name>
         <load_address>0x800071c0</load_address>
         <run_address>0x800071c0</run_address>
         <size>0xe0</size>
         <input_file_ref idref="fl-91"/>
      </object_component>
      <object_component id="oc-336">
         <name>.text:HOSTunlink</name>
         <load_address>0x800072a0</load_address>
         <run_address>0x800072a0</run_address>
         <size>0xc0</size>
         <input_file_ref idref="fl-b0"/>
      </object_component>
      <object_component id="oc-363">
         <name>.text:__divu</name>
         <load_address>0x80007360</load_address>
         <run_address>0x80007360</run_address>
         <size>0xc0</size>
         <input_file_ref idref="fl-a0"/>
      </object_component>
      <object_component id="oc-106">
         <name>.text:__remi</name>
         <load_address>0x80007420</load_address>
         <run_address>0x80007420</run_address>
         <size>0xc0</size>
         <input_file_ref idref="fl-93"/>
      </object_component>
      <object_component id="oc-226">
         <name>.text:_doflush</name>
         <load_address>0x800074e0</load_address>
         <run_address>0x800074e0</run_address>
         <size>0xc0</size>
         <input_file_ref idref="fl-b3"/>
      </object_component>
      <object_component id="oc-2e4">
         <name>.text:_ecpy</name>
         <load_address>0x800075a0</load_address>
         <run_address>0x800075a0</run_address>
         <size>0xc0</size>
         <input_file_ref idref="fl-96"/>
      </object_component>
      <object_component id="oc-294">
         <name>.text:_pconv_f</name>
         <load_address>0x80007660</load_address>
         <run_address>0x80007660</run_address>
         <size>0xc0</size>
         <input_file_ref idref="fl-96"/>
      </object_component>
      <object_component id="oc-5f">
         <name>.text:exit</name>
         <load_address>0x80007720</load_address>
         <run_address>0x80007720</run_address>
         <size>0xc0</size>
         <input_file_ref idref="fl-89"/>
      </object_component>
      <object_component id="oc-2ac">
         <name>.text:lseek</name>
         <load_address>0x800077e0</load_address>
         <run_address>0x800077e0</run_address>
         <size>0xc0</size>
         <input_file_ref idref="fl-a7"/>
      </object_component>
      <object_component id="oc-349">
         <name>.text:ltoa</name>
         <load_address>0x800078a0</load_address>
         <run_address>0x800078a0</run_address>
         <size>0xc0</size>
         <input_file_ref idref="fl-a8"/>
      </object_component>
      <object_component id="oc-85">
         <name>.text:tls:init:__TI_tls_init</name>
         <load_address>0x80007960</load_address>
         <run_address>0x80007960</run_address>
         <size>0xc0</size>
         <input_file_ref idref="fl-ae"/>
      </object_component>
      <object_component id="oc-221">
         <name>.text:write</name>
         <load_address>0x80007a20</load_address>
         <run_address>0x80007a20</run_address>
         <size>0xc0</size>
         <input_file_ref idref="fl-a7"/>
      </object_component>
      <object_component id="oc-322">
         <name>.text:HOSTclose</name>
         <load_address>0x80007ae0</load_address>
         <run_address>0x80007ae0</run_address>
         <size>0xa0</size>
         <input_file_ref idref="fl-b0"/>
      </object_component>
      <object_component id="oc-344">
         <name>.text:__c6xabi_fixdi</name>
         <load_address>0x80007b80</load_address>
         <run_address>0x80007b80</run_address>
         <size>0xa0</size>
         <input_file_ref idref="fl-a1"/>
      </object_component>
      <object_component id="oc-134">
         <name>.text:__c6xabi_llshl</name>
         <load_address>0x80007c20</load_address>
         <run_address>0x80007c20</run_address>
         <size>0xa0</size>
         <input_file_ref idref="fl-8e"/>
      </object_component>
      <object_component id="oc-2b3">
         <name>.text:_cleanup</name>
         <load_address>0x80007cc0</load_address>
         <run_address>0x80007cc0</run_address>
         <size>0xa0</size>
         <input_file_ref idref="fl-b7"/>
      </object_component>
      <object_component id="oc-2f4">
         <name>.text:_fcpy</name>
         <load_address>0x80007d60</load_address>
         <run_address>0x80007d60</run_address>
         <size>0xa0</size>
         <input_file_ref idref="fl-96"/>
      </object_component>
      <object_component id="oc-185">
         <name>.text:_minit</name>
         <load_address>0x80007e00</load_address>
         <run_address>0x80007e00</run_address>
         <size>0xa0</size>
         <input_file_ref idref="fl-90"/>
      </object_component>
      <object_component id="oc-3b6">
         <name>.text:finddevice</name>
         <load_address>0x80007ea0</load_address>
         <run_address>0x80007ea0</run_address>
         <size>0xa0</size>
         <input_file_ref idref="fl-a7"/>
      </object_component>
      <object_component id="oc-18f">
         <name>.text:minsert</name>
         <load_address>0x80007f40</load_address>
         <run_address>0x80007f40</run_address>
         <size>0xa0</size>
         <input_file_ref idref="fl-90"/>
      </object_component>
      <object_component id="oc-18a">
         <name>.text:mremove</name>
         <load_address>0x80007fe0</load_address>
         <run_address>0x80007fe0</run_address>
         <size>0xa0</size>
         <input_file_ref idref="fl-90"/>
      </object_component>
      <object_component id="oc-cb">
         <name>.text:__c6xabi_fltulld</name>
         <load_address>0x80008080</load_address>
         <run_address>0x80008080</run_address>
         <size>0x80</size>
         <input_file_ref idref="fl-8a"/>
      </object_component>
      <object_component id="oc-1b8">
         <name>.text:_renormd</name>
         <load_address>0x80008100</load_address>
         <run_address>0x80008100</run_address>
         <size>0x80</size>
         <input_file_ref idref="fl-94"/>
      </object_component>
      <object_component id="oc-101">
         <name>.text:rand</name>
         <load_address>0x80008180</load_address>
         <run_address>0x80008180</run_address>
         <size>0x80</size>
         <input_file_ref idref="fl-92"/>
      </object_component>
      <object_component id="oc-375">
         <name>.text:unlink</name>
         <load_address>0x80008200</load_address>
         <run_address>0x80008200</run_address>
         <size>0x80</size>
         <input_file_ref idref="fl-a7"/>
      </object_component>
      <object_component id="oc-8a">
         <name>.text:__TI_cpp_init</name>
         <load_address>0x80008280</load_address>
         <run_address>0x80008280</run_address>
         <size>0x60</size>
         <input_file_ref idref="fl-9c"/>
      </object_component>
      <object_component id="oc-34e">
         <name>.text:__c6xabi_fltid</name>
         <load_address>0x800082e0</load_address>
         <run_address>0x800082e0</run_address>
         <size>0x60</size>
         <input_file_ref idref="fl-a2"/>
      </object_component>
      <object_component id="oc-13e">
         <name>.text:__c6xabi_llshru</name>
         <load_address>0x80008340</load_address>
         <run_address>0x80008340</run_address>
         <size>0x60</size>
         <input_file_ref idref="fl-8e"/>
      </object_component>
      <object_component id="oc-2c">
         <name>.text:_c_int00</name>
         <load_address>0x800083a0</load_address>
         <run_address>0x800083a0</run_address>
         <size>0x60</size>
         <input_file_ref idref="fl-84"/>
      </object_component>
      <object_component id="oc-139">
         <name>.text:_subcull</name>
         <load_address>0x80008400</load_address>
         <run_address>0x80008400</run_address>
         <size>0x60</size>
         <input_file_ref idref="fl-8d"/>
      </object_component>
      <object_component id="oc-245">
         <name>.text:memccpy</name>
         <load_address>0x80008460</load_address>
         <run_address>0x80008460</run_address>
         <size>0x60</size>
         <input_file_ref idref="fl-a9"/>
      </object_component>
      <object_component id="oc-387">
         <name>.text:readmsg</name>
         <load_address>0x800084c0</load_address>
         <run_address>0x800084c0</run_address>
         <size>0x60</size>
         <input_file_ref idref="fl-b1"/>
      </object_component>
      <object_component id="oc-382">
         <name>.text:writemsg</name>
         <load_address>0x80008520</load_address>
         <run_address>0x80008520</run_address>
         <size>0x60</size>
         <input_file_ref idref="fl-b1"/>
      </object_component>
      <object_component id="oc-14c">
         <name>.text:__c6xabi_frcmpyd_div</name>
         <load_address>0x80008580</load_address>
         <run_address>0x80008580</run_address>
         <size>0x40</size>
         <input_file_ref idref="fl-8c"/>
      </object_component>
      <object_component id="oc-280">
         <name>.text:__c6xabi_isinf</name>
         <load_address>0x800085c0</load_address>
         <run_address>0x800085c0</run_address>
         <size>0x40</size>
         <input_file_ref idref="fl-a6"/>
      </object_component>
      <object_component id="oc-27b">
         <name>.text:__c6xabi_isnan</name>
         <load_address>0x80008600</load_address>
         <run_address>0x80008600</run_address>
         <size>0x40</size>
         <input_file_ref idref="fl-96"/>
      </object_component>
      <object_component id="oc-28a">
         <name>.text:__c6xabi_negd</name>
         <load_address>0x80008640</load_address>
         <run_address>0x80008640</run_address>
         <size>0x40</size>
         <input_file_ref idref="fl-ac"/>
      </object_component>
      <object_component id="oc-353">
         <name>.text:__c6xabi_subd</name>
         <load_address>0x80008680</load_address>
         <run_address>0x80008680</run_address>
         <size>0x40</size>
         <input_file_ref idref="fl-ad"/>
      </object_component>
      <object_component id="oc-5a">
         <name>.text:_args_main</name>
         <load_address>0x800086c0</load_address>
         <run_address>0x800086c0</run_address>
         <size>0x40</size>
         <input_file_ref idref="fl-98"/>
      </object_component>
      <object_component id="oc-1c5">
         <name>.text:_nop</name>
         <load_address>0x80008700</load_address>
         <run_address>0x80008700</run_address>
         <size>0x20</size>
         <input_file_ref idref="fl-95"/>
      </object_component>
      <object_component id="oc-158">
         <name>.text:_outc</name>
         <load_address>0x80008720</load_address>
         <run_address>0x80008720</run_address>
         <size>0x20</size>
         <input_file_ref idref="fl-91"/>
      </object_component>
      <object_component id="oc-15d">
         <name>.text:_outs</name>
         <load_address>0x80008740</load_address>
         <run_address>0x80008740</run_address>
         <size>0x20</size>
         <input_file_ref idref="fl-91"/>
      </object_component>
      <object_component id="oc-9a">
         <name>.text:abort</name>
         <load_address>0x80008760</load_address>
         <run_address>0x80008760</run_address>
         <size>0x20</size>
         <input_file_ref idref="fl-89"/>
      </object_component>
      <object_component id="oc-11f">
         <name>.const:kernel5x5</name>
         <load_address>0x80008780</load_address>
         <run_address>0x80008780</run_address>
         <size>0x1900</size>
         <input_file_ref idref="fl-7"/>
      </object_component>
      <object_component id="oc-276">
         <name>.const:.string:_ctypes_</name>
         <load_address>0x8000a080</load_address>
         <run_address>0x8000a080</run_address>
         <size>0x101</size>
         <input_file_ref idref="fl-9e"/>
      </object_component>
      <object_component id="oc-24a">
         <name>.const:.string</name>
         <load_address>0x8000a181</load_address>
         <run_address>0x8000a181</run_address>
         <size>0x23</size>
         <input_file_ref idref="fl-96"/>
      </object_component>
      <object_component id="oc-bf">
         <name>.const:.string</name>
         <load_address>0x8000a1a4</load_address>
         <run_address>0x8000a1a4</run_address>
         <size>0x14</size>
         <input_file_ref idref="fl-8"/>
      </object_component>
      <object_component id="oc-14b">
         <name>.const:.string:initial_approx$1</name>
         <load_address>0x8000a1b8</load_address>
         <run_address>0x8000a1b8</run_address>
         <size>0x8</size>
         <input_file_ref idref="fl-88"/>
      </object_component>
      <object_component id="oc-37a">
         <name>.far</name>
         <load_address>0x8000a1c0</load_address>
         <run_address>0x8000a1c0</run_address>
         <size>0x140</size>
         <input_file_ref idref="fl-9f"/>
      </object_component>
      <object_component id="oc-125">
         <name>.far</name>
         <load_address>0x8000a300</load_address>
         <run_address>0x8000a300</run_address>
         <size>0xc</size>
         <input_file_ref idref="fl-7"/>
      </object_component>
      <object_component id="oc-37f">
         <name>.far</name>
         <load_address>0x8000a310</load_address>
         <run_address>0x8000a310</run_address>
         <size>0x8</size>
         <input_file_ref idref="fl-b0"/>
      </object_component>
      <object_component id="oc-bc">
         <name>.fardata:in_img</name>
         <load_address>0x8000a318</load_address>
         <run_address>0x8000a318</run_address>
         <size>0x620</size>
         <input_file_ref idref="fl-8"/>
      </object_component>
      <object_component id="oc-155">
         <name>.fardata:_ftable</name>
         <load_address>0x8000a938</load_address>
         <run_address>0x8000a938</run_address>
         <size>0x1e0</size>
         <input_file_ref idref="fl-9f"/>
      </object_component>
      <object_component id="oc-264">
         <name>.fardata:_stream</name>
         <load_address>0x8000ab18</load_address>
         <run_address>0x8000ab18</run_address>
         <size>0xa0</size>
         <input_file_ref idref="fl-a7"/>
      </object_component>
      <object_component id="oc-2c1">
         <name>.fardata:_device</name>
         <load_address>0x8000abb8</load_address>
         <run_address>0x8000abb8</run_address>
         <size>0x78</size>
         <input_file_ref idref="fl-a7"/>
      </object_component>
      <object_component id="oc-11c">
         <name>.fardata:dilate</name>
         <load_address>0x8000ac30</load_address>
         <run_address>0x8000ac30</run_address>
         <size>0x10</size>
         <input_file_ref idref="fl-7"/>
      </object_component>
      <object_component id="oc-97">
         <name>.fardata</name>
         <load_address>0x8000ac40</load_address>
         <run_address>0x8000ac40</run_address>
         <size>0xc</size>
         <input_file_ref idref="fl-89"/>
      </object_component>
      <object_component id="oc-182">
         <name>.fardata</name>
         <load_address>0x8000ac4c</load_address>
         <run_address>0x8000ac4c</run_address>
         <size>0xc</size>
         <input_file_ref idref="fl-90"/>
      </object_component>
      <object_component id="oc-152">
         <name>.fardata</name>
         <load_address>0x8000ac58</load_address>
         <run_address>0x8000ac58</run_address>
         <size>0x8</size>
         <input_file_ref idref="fl-95"/>
      </object_component>
      <object_component id="oc-311">
         <name>.fardata</name>
         <load_address>0x8000ac60</load_address>
         <run_address>0x8000ac60</run_address>
         <size>0x4</size>
         <input_file_ref idref="fl-9f"/>
      </object_component>
      <object_component id="oc-17b">
         <name>.fardata</name>
         <load_address>0x8000ac64</load_address>
         <run_address>0x8000ac64</run_address>
         <size>0x4</size>
         <input_file_ref idref="fl-92"/>
      </object_component>
      <object_component id="oc-29">
         <name>.stack</name>
         <uninitialized>true</uninitialized>
         <run_address>0x82000000</run_address>
         <size>0x8</size>
         <input_file_ref idref="fl-84"/>
      </object_component>
      <object_component id="oc-3e3">
         <name>.stack</name>
         <uninitialized>true</uninitialized>
         <run_address>0x82000000</run_address>
         <size>0x0</size>
      </object_component>
      <object_component id="oc-122">
         <name>.bss</name>
         <uninitialized>true</uninitialized>
         <run_address>0x82001120</run_address>
         <size>0x30</size>
         <input_file_ref idref="fl-7"/>
      </object_component>
      <object_component id="oc-3e2">
         <name>.cinit..bss.load</name>
         <load_address>0x82001150</load_address>
         <run_address>0x82001150</run_address>
         <size>0x8</size>
      </object_component>
      <object_component id="oc-3e0">
         <name>__TI_handler_table</name>
         <load_address>0x82001158</load_address>
         <run_address>0x82001158</run_address>
         <size>0x4</size>
      </object_component>
      <object_component id="oc-3e1">
         <name>__TI_cinit_table</name>
         <load_address>0x8200115c</load_address>
         <run_address>0x8200115c</run_address>
         <size>0x8</size>
      </object_component>
      <object_component id="oc-3aa">
         <name>.cio</name>
         <uninitialized>true</uninitialized>
         <run_address>0x82001000</run_address>
         <size>0x120</size>
         <input_file_ref idref="fl-b1"/>
      </object_component>
      <object_component id="oc-31">
         <name>.sysmem</name>
         <uninitialized>true</uninitialized>
         <run_address>0x81000000</run_address>
         <size>0x8</size>
         <input_file_ref idref="fl-90"/>
      </object_component>
      <object_component id="oc-3e4">
         <name>.sysmem</name>
         <uninitialized>true</uninitialized>
         <run_address>0x81000000</run_address>
         <size>0x0</size>
      </object_component>
      <object_component id="oc-16">
         <name>.debug_info</name>
         <load_address>0x0</load_address>
         <run_address>0x0</run_address>
         <size>0xc2</size>
         <input_file_ref idref="fl-6"/>
      </object_component>
      <object_component id="oc-20">
         <name>.debug_info</name>
         <load_address>0xc2</load_address>
         <run_address>0xc2</run_address>
         <size>0x1bb</size>
         <input_file_ref idref="fl-87"/>
      </object_component>
      <object_component id="oc-2a">
         <name>.debug_info</name>
         <load_address>0x27d</load_address>
         <run_address>0x27d</run_address>
         <size>0xbc</size>
         <input_file_ref idref="fl-84"/>
      </object_component>
      <object_component id="oc-2d">
         <name>.debug_info</name>
         <load_address>0x339</load_address>
         <run_address>0x339</run_address>
         <size>0x125</size>
         <input_file_ref idref="fl-84"/>
      </object_component>
      <object_component id="oc-32">
         <name>.debug_info</name>
         <load_address>0x45e</load_address>
         <run_address>0x45e</run_address>
         <size>0xc8</size>
         <input_file_ref idref="fl-90"/>
      </object_component>
      <object_component id="oc-36">
         <name>.debug_info</name>
         <load_address>0x526</load_address>
         <run_address>0x526</run_address>
         <size>0x206</size>
         <input_file_ref idref="fl-8f"/>
      </object_component>
      <object_component id="oc-41">
         <name>.debug_info</name>
         <load_address>0x72c</load_address>
         <run_address>0x72c</run_address>
         <size>0x53</size>
         <input_file_ref idref="fl-87"/>
      </object_component>
      <object_component id="oc-54">
         <name>.debug_info</name>
         <load_address>0x77f</load_address>
         <run_address>0x77f</run_address>
         <size>0x111</size>
         <input_file_ref idref="fl-84"/>
      </object_component>
      <object_component id="oc-56">
         <name>.debug_info</name>
         <load_address>0x890</load_address>
         <run_address>0x890</run_address>
         <size>0x1bb</size>
         <input_file_ref idref="fl-9a"/>
      </object_component>
      <object_component id="oc-5b">
         <name>.debug_info</name>
         <load_address>0xa4b</load_address>
         <run_address>0xa4b</run_address>
         <size>0x110</size>
         <input_file_ref idref="fl-98"/>
      </object_component>
      <object_component id="oc-60">
         <name>.debug_info</name>
         <load_address>0xb5b</load_address>
         <run_address>0xb5b</run_address>
         <size>0x12d</size>
         <input_file_ref idref="fl-89"/>
      </object_component>
      <object_component id="oc-67">
         <name>.debug_info</name>
         <load_address>0xc88</load_address>
         <run_address>0xc88</run_address>
         <size>0x17f</size>
         <input_file_ref idref="fl-90"/>
      </object_component>
      <object_component id="oc-69">
         <name>.debug_info</name>
         <load_address>0xe07</load_address>
         <run_address>0xe07</run_address>
         <size>0xfe</size>
         <input_file_ref idref="fl-8f"/>
      </object_component>
      <object_component id="oc-6a">
         <name>.debug_info</name>
         <load_address>0xf05</load_address>
         <run_address>0xf05</run_address>
         <size>0x2c</size>
         <input_file_ref idref="fl-86"/>
      </object_component>
      <object_component id="oc-6f">
         <name>.debug_info</name>
         <load_address>0xf31</load_address>
         <run_address>0xf31</run_address>
         <size>0x46</size>
         <input_file_ref idref="fl-85"/>
      </object_component>
      <object_component id="oc-75">
         <name>.debug_info</name>
         <load_address>0xf77</load_address>
         <run_address>0xf77</run_address>
         <size>0x1e2</size>
         <input_file_ref idref="fl-87"/>
      </object_component>
      <object_component id="oc-77">
         <name>.debug_info</name>
         <load_address>0x1159</load_address>
         <run_address>0x1159</run_address>
         <size>0x94</size>
         <input_file_ref idref="fl-84"/>
      </object_component>
      <object_component id="oc-81">
         <name>.debug_info</name>
         <load_address>0x11ed</load_address>
         <run_address>0x11ed</run_address>
         <size>0x1b9</size>
         <input_file_ref idref="fl-9d"/>
      </object_component>
      <object_component id="oc-86">
         <name>.debug_info</name>
         <load_address>0x13a6</load_address>
         <run_address>0x13a6</run_address>
         <size>0x18f</size>
         <input_file_ref idref="fl-ae"/>
      </object_component>
      <object_component id="oc-8b">
         <name>.debug_info</name>
         <load_address>0x1535</load_address>
         <run_address>0x1535</run_address>
         <size>0x18a</size>
         <input_file_ref idref="fl-9c"/>
      </object_component>
      <object_component id="oc-91">
         <name>.debug_info</name>
         <load_address>0x16bf</load_address>
         <run_address>0x16bf</run_address>
         <size>0x571</size>
         <input_file_ref idref="fl-8"/>
      </object_component>
      <object_component id="oc-98">
         <name>.debug_info</name>
         <load_address>0x1c30</load_address>
         <run_address>0x1c30</run_address>
         <size>0x13c</size>
         <input_file_ref idref="fl-89"/>
      </object_component>
      <object_component id="oc-9b">
         <name>.debug_info</name>
         <load_address>0x1d6c</load_address>
         <run_address>0x1d6c</run_address>
         <size>0x149</size>
         <input_file_ref idref="fl-89"/>
      </object_component>
      <object_component id="oc-a0">
         <name>.debug_info</name>
         <load_address>0x1eb5</load_address>
         <run_address>0x1eb5</run_address>
         <size>0x8d</size>
         <input_file_ref idref="fl-83"/>
      </object_component>
      <object_component id="oc-a7">
         <name>.debug_info</name>
         <load_address>0x1f42</load_address>
         <run_address>0x1f42</run_address>
         <size>0x110</size>
         <input_file_ref idref="fl-89"/>
      </object_component>
      <object_component id="oc-ac">
         <name>.debug_info</name>
         <load_address>0x2052</load_address>
         <run_address>0x2052</run_address>
         <size>0x70</size>
         <input_file_ref idref="fl-90"/>
      </object_component>
      <object_component id="oc-b8">
         <name>.debug_info</name>
         <load_address>0x20c2</load_address>
         <run_address>0x20c2</run_address>
         <size>0x155</size>
         <input_file_ref idref="fl-9d"/>
      </object_component>
      <object_component id="oc-ba">
         <name>.debug_info</name>
         <load_address>0x2217</load_address>
         <run_address>0x2217</run_address>
         <size>0x268</size>
         <input_file_ref idref="fl-ae"/>
      </object_component>
      <object_component id="oc-bd">
         <name>.debug_info</name>
         <load_address>0x247f</load_address>
         <run_address>0x247f</run_address>
         <size>0xb6</size>
         <input_file_ref idref="fl-8"/>
      </object_component>
      <object_component id="oc-c1">
         <name>.debug_info</name>
         <load_address>0x2535</load_address>
         <run_address>0x2535</run_address>
         <size>0x1282</size>
         <input_file_ref idref="fl-7"/>
      </object_component>
      <object_component id="oc-c7">
         <name>.debug_info</name>
         <load_address>0x37b7</load_address>
         <run_address>0x37b7</run_address>
         <size>0x20d</size>
         <input_file_ref idref="fl-8d"/>
      </object_component>
      <object_component id="oc-cc">
         <name>.debug_info</name>
         <load_address>0x39c4</load_address>
         <run_address>0x39c4</run_address>
         <size>0x130</size>
         <input_file_ref idref="fl-8a"/>
      </object_component>
      <object_component id="oc-d1">
         <name>.debug_info</name>
         <load_address>0x3af4</load_address>
         <run_address>0x3af4</run_address>
         <size>0x140</size>
         <input_file_ref idref="fl-83"/>
      </object_component>
      <object_component id="oc-d6">
         <name>.debug_info</name>
         <load_address>0x3c34</load_address>
         <run_address>0x3c34</run_address>
         <size>0x22b</size>
         <input_file_ref idref="fl-88"/>
      </object_component>
      <object_component id="oc-db">
         <name>.debug_info</name>
         <load_address>0x3e5f</load_address>
         <run_address>0x3e5f</run_address>
         <size>0x13c</size>
         <input_file_ref idref="fl-91"/>
      </object_component>
      <object_component id="oc-e0">
         <name>.debug_info</name>
         <load_address>0x3f9b</load_address>
         <run_address>0x3f9b</run_address>
         <size>0x8f</size>
         <input_file_ref idref="fl-8"/>
      </object_component>
      <object_component id="oc-e5">
         <name>.debug_info</name>
         <load_address>0x402a</load_address>
         <run_address>0x402a</run_address>
         <size>0x12d</size>
         <input_file_ref idref="fl-8"/>
      </object_component>
      <object_component id="oc-e8">
         <name>.debug_info</name>
         <load_address>0x4157</load_address>
         <run_address>0x4157</run_address>
         <size>0x140</size>
         <input_file_ref idref="fl-89"/>
      </object_component>
      <object_component id="oc-ec">
         <name>.debug_info</name>
         <load_address>0x4297</load_address>
         <run_address>0x4297</run_address>
         <size>0xcd</size>
         <input_file_ref idref="fl-9d"/>
      </object_component>
      <object_component id="oc-f6">
         <name>.debug_info</name>
         <load_address>0x4364</load_address>
         <run_address>0x4364</run_address>
         <size>0x2aa</size>
         <input_file_ref idref="fl-4"/>
      </object_component>
      <object_component id="oc-fc">
         <name>.debug_info</name>
         <load_address>0x460e</load_address>
         <run_address>0x460e</run_address>
         <size>0x258</size>
         <input_file_ref idref="fl-3"/>
      </object_component>
      <object_component id="oc-102">
         <name>.debug_info</name>
         <load_address>0x4866</load_address>
         <run_address>0x4866</run_address>
         <size>0xfd</size>
         <input_file_ref idref="fl-92"/>
      </object_component>
      <object_component id="oc-107">
         <name>.debug_info</name>
         <load_address>0x4963</load_address>
         <run_address>0x4963</run_address>
         <size>0xe0</size>
         <input_file_ref idref="fl-93"/>
      </object_component>
      <object_component id="oc-10c">
         <name>.debug_info</name>
         <load_address>0x4a43</load_address>
         <run_address>0x4a43</run_address>
         <size>0x1cf</size>
         <input_file_ref idref="fl-2"/>
      </object_component>
      <object_component id="oc-112">
         <name>.debug_info</name>
         <load_address>0x4c12</load_address>
         <run_address>0x4c12</run_address>
         <size>0x1c7</size>
         <input_file_ref idref="fl-90"/>
      </object_component>
      <object_component id="oc-117">
         <name>.debug_info</name>
         <load_address>0x4dd9</load_address>
         <run_address>0x4dd9</run_address>
         <size>0x2b4</size>
         <input_file_ref idref="fl-5"/>
      </object_component>
      <object_component id="oc-11d">
         <name>.debug_info</name>
         <load_address>0x508d</load_address>
         <run_address>0x508d</run_address>
         <size>0xbf</size>
         <input_file_ref idref="fl-7"/>
      </object_component>
      <object_component id="oc-120">
         <name>.debug_info</name>
         <load_address>0x514c</load_address>
         <run_address>0x514c</run_address>
         <size>0xc5</size>
         <input_file_ref idref="fl-7"/>
      </object_component>
      <object_component id="oc-123">
         <name>.debug_info</name>
         <load_address>0x5211</load_address>
         <run_address>0x5211</run_address>
         <size>0x263</size>
         <input_file_ref idref="fl-7"/>
      </object_component>
      <object_component id="oc-126">
         <name>.debug_info</name>
         <load_address>0x5474</load_address>
         <run_address>0x5474</run_address>
         <size>0xc9</size>
         <input_file_ref idref="fl-7"/>
      </object_component>
      <object_component id="oc-129">
         <name>.debug_info</name>
         <load_address>0x553d</load_address>
         <run_address>0x553d</run_address>
         <size>0x1d9</size>
         <input_file_ref idref="fl-7"/>
      </object_component>
      <object_component id="oc-12e">
         <name>.debug_info</name>
         <load_address>0x5716</load_address>
         <run_address>0x5716</run_address>
         <size>0x94</size>
         <input_file_ref idref="fl-7"/>
      </object_component>
      <object_component id="oc-133">
         <name>.debug_info</name>
         <load_address>0x57aa</load_address>
         <run_address>0x57aa</run_address>
         <size>0x2cc</size>
         <input_file_ref idref="fl-7"/>
      </object_component>
      <object_component id="oc-135">
         <name>.debug_info</name>
         <load_address>0x5a76</load_address>
         <run_address>0x5a76</run_address>
         <size>0x134</size>
         <input_file_ref idref="fl-8e"/>
      </object_component>
      <object_component id="oc-13a">
         <name>.debug_info</name>
         <load_address>0x5baa</load_address>
         <run_address>0x5baa</run_address>
         <size>0x122</size>
         <input_file_ref idref="fl-8d"/>
      </object_component>
      <object_component id="oc-13f">
         <name>.debug_info</name>
         <load_address>0x5ccc</load_address>
         <run_address>0x5ccc</run_address>
         <size>0x136</size>
         <input_file_ref idref="fl-8e"/>
      </object_component>
      <object_component id="oc-146">
         <name>.debug_info</name>
         <load_address>0x5e02</load_address>
         <run_address>0x5e02</run_address>
         <size>0x143</size>
         <input_file_ref idref="fl-8b"/>
      </object_component>
      <object_component id="oc-14d">
         <name>.debug_info</name>
         <load_address>0x5f45</load_address>
         <run_address>0x5f45</run_address>
         <size>0x13a</size>
         <input_file_ref idref="fl-8c"/>
      </object_component>
      <object_component id="oc-153">
         <name>.debug_info</name>
         <load_address>0x607f</load_address>
         <run_address>0x607f</run_address>
         <size>0xda</size>
         <input_file_ref idref="fl-95"/>
      </object_component>
      <object_component id="oc-156">
         <name>.debug_info</name>
         <load_address>0x6159</load_address>
         <run_address>0x6159</run_address>
         <size>0xbe</size>
         <input_file_ref idref="fl-9f"/>
      </object_component>
      <object_component id="oc-159">
         <name>.debug_info</name>
         <load_address>0x6217</load_address>
         <run_address>0x6217</run_address>
         <size>0x117</size>
         <input_file_ref idref="fl-91"/>
      </object_component>
      <object_component id="oc-15e">
         <name>.debug_info</name>
         <load_address>0x632e</load_address>
         <run_address>0x632e</run_address>
         <size>0x126</size>
         <input_file_ref idref="fl-91"/>
      </object_component>
      <object_component id="oc-163">
         <name>.debug_info</name>
         <load_address>0x6454</load_address>
         <run_address>0x6454</run_address>
         <size>0x47c</size>
         <input_file_ref idref="fl-96"/>
      </object_component>
      <object_component id="oc-168">
         <name>.debug_info</name>
         <load_address>0x68d0</load_address>
         <run_address>0x68d0</run_address>
         <size>0x1f8</size>
         <input_file_ref idref="fl-91"/>
      </object_component>
      <object_component id="oc-16e">
         <name>.debug_info</name>
         <load_address>0x6ac8</load_address>
         <run_address>0x6ac8</run_address>
         <size>0xc8</size>
         <input_file_ref idref="fl-4"/>
      </object_component>
      <object_component id="oc-16f">
         <name>.debug_info</name>
         <load_address>0x6b90</load_address>
         <run_address>0x6b90</run_address>
         <size>0x88</size>
         <input_file_ref idref="fl-2"/>
      </object_component>
      <object_component id="oc-175">
         <name>.debug_info</name>
         <load_address>0x6c18</load_address>
         <run_address>0x6c18</run_address>
         <size>0x8d</size>
         <input_file_ref idref="fl-3"/>
      </object_component>
      <object_component id="oc-17a">
         <name>.debug_info</name>
         <load_address>0x6ca5</load_address>
         <run_address>0x6ca5</run_address>
         <size>0x181</size>
         <input_file_ref idref="fl-3"/>
      </object_component>
      <object_component id="oc-17c">
         <name>.debug_info</name>
         <load_address>0x6e26</load_address>
         <run_address>0x6e26</run_address>
         <size>0xb7</size>
         <input_file_ref idref="fl-92"/>
      </object_component>
      <object_component id="oc-181">
         <name>.debug_info</name>
         <load_address>0x6edd</load_address>
         <run_address>0x6edd</run_address>
         <size>0xd2</size>
         <input_file_ref idref="fl-2"/>
      </object_component>
      <object_component id="oc-183">
         <name>.debug_info</name>
         <load_address>0x6faf</load_address>
         <run_address>0x6faf</run_address>
         <size>0x113</size>
         <input_file_ref idref="fl-90"/>
      </object_component>
      <object_component id="oc-186">
         <name>.debug_info</name>
         <load_address>0x70c2</load_address>
         <run_address>0x70c2</run_address>
         <size>0x107</size>
         <input_file_ref idref="fl-90"/>
      </object_component>
      <object_component id="oc-18b">
         <name>.debug_info</name>
         <load_address>0x71c9</load_address>
         <run_address>0x71c9</run_address>
         <size>0x16c</size>
         <input_file_ref idref="fl-90"/>
      </object_component>
      <object_component id="oc-190">
         <name>.debug_info</name>
         <load_address>0x7335</load_address>
         <run_address>0x7335</run_address>
         <size>0x16b</size>
         <input_file_ref idref="fl-90"/>
      </object_component>
      <object_component id="oc-196">
         <name>.debug_info</name>
         <load_address>0x74a0</load_address>
         <run_address>0x74a0</run_address>
         <size>0xc8</size>
         <input_file_ref idref="fl-5"/>
      </object_component>
      <object_component id="oc-19f">
         <name>.debug_info</name>
         <load_address>0x7568</load_address>
         <run_address>0x7568</run_address>
         <size>0x8a</size>
         <input_file_ref idref="fl-7"/>
      </object_component>
      <object_component id="oc-1a6">
         <name>.debug_info</name>
         <load_address>0x75f2</load_address>
         <run_address>0x75f2</run_address>
         <size>0xc8</size>
         <input_file_ref idref="fl-7"/>
      </object_component>
      <object_component id="oc-1ac">
         <name>.debug_info</name>
         <load_address>0x76ba</load_address>
         <run_address>0x76ba</run_address>
         <size>0x1d9</size>
         <input_file_ref idref="fl-83"/>
      </object_component>
      <object_component id="oc-1b1">
         <name>.debug_info</name>
         <load_address>0x7893</load_address>
         <run_address>0x7893</run_address>
         <size>0x46</size>
         <input_file_ref idref="fl-8e"/>
      </object_component>
      <object_component id="oc-1b9">
         <name>.debug_info</name>
         <load_address>0x78d9</load_address>
         <run_address>0x78d9</run_address>
         <size>0x180</size>
         <input_file_ref idref="fl-94"/>
      </object_component>
      <object_component id="oc-1be">
         <name>.debug_info</name>
         <load_address>0x7a59</load_address>
         <run_address>0x7a59</run_address>
         <size>0xd4</size>
         <input_file_ref idref="fl-8b"/>
      </object_component>
      <object_component id="oc-1c0">
         <name>.debug_info</name>
         <load_address>0x7b2d</load_address>
         <run_address>0x7b2d</run_address>
         <size>0x7f</size>
         <input_file_ref idref="fl-83"/>
      </object_component>
      <object_component id="oc-1c6">
         <name>.debug_info</name>
         <load_address>0x7bac</load_address>
         <run_address>0x7bac</run_address>
         <size>0xee</size>
         <input_file_ref idref="fl-95"/>
      </object_component>
      <object_component id="oc-1cc">
         <name>.debug_info</name>
         <load_address>0x7c9a</load_address>
         <run_address>0x7c9a</run_address>
         <size>0xae</size>
         <input_file_ref idref="fl-95"/>
      </object_component>
      <object_component id="oc-1cf">
         <name>.debug_info</name>
         <load_address>0x7d48</load_address>
         <run_address>0x7d48</run_address>
         <size>0xdf</size>
         <input_file_ref idref="fl-9f"/>
      </object_component>
      <object_component id="oc-1d1">
         <name>.debug_info</name>
         <load_address>0x7e27</load_address>
         <run_address>0x7e27</run_address>
         <size>0x197</size>
         <input_file_ref idref="fl-a3"/>
      </object_component>
      <object_component id="oc-1d7">
         <name>.debug_info</name>
         <load_address>0x7fbe</load_address>
         <run_address>0x7fbe</run_address>
         <size>0x4bc</size>
         <input_file_ref idref="fl-a4"/>
      </object_component>
      <object_component id="oc-1dd">
         <name>.debug_info</name>
         <load_address>0x847a</load_address>
         <run_address>0x847a</run_address>
         <size>0x220</size>
         <input_file_ref idref="fl-96"/>
      </object_component>
      <object_component id="oc-1e2">
         <name>.debug_info</name>
         <load_address>0x869a</load_address>
         <run_address>0x869a</run_address>
         <size>0x246</size>
         <input_file_ref idref="fl-96"/>
      </object_component>
      <object_component id="oc-1e7">
         <name>.debug_info</name>
         <load_address>0x88e0</load_address>
         <run_address>0x88e0</run_address>
         <size>0x265</size>
         <input_file_ref idref="fl-96"/>
      </object_component>
      <object_component id="oc-1ec">
         <name>.debug_info</name>
         <load_address>0x8b45</load_address>
         <run_address>0x8b45</run_address>
         <size>0x42a</size>
         <input_file_ref idref="fl-96"/>
      </object_component>
      <object_component id="oc-1f1">
         <name>.debug_info</name>
         <load_address>0x8f6f</load_address>
         <run_address>0x8f6f</run_address>
         <size>0x226</size>
         <input_file_ref idref="fl-96"/>
      </object_component>
      <object_component id="oc-1f2">
         <name>.debug_info</name>
         <load_address>0x9195</load_address>
         <run_address>0x9195</run_address>
         <size>0x2c</size>
         <input_file_ref idref="fl-8e"/>
      </object_component>
      <object_component id="oc-1f9">
         <name>.debug_info</name>
         <load_address>0x91c1</load_address>
         <run_address>0x91c1</run_address>
         <size>0xc8</size>
         <input_file_ref idref="fl-91"/>
      </object_component>
      <object_component id="oc-20d">
         <name>.debug_info</name>
         <load_address>0x9289</load_address>
         <run_address>0x9289</run_address>
         <size>0x109</size>
         <input_file_ref idref="fl-8e"/>
      </object_component>
      <object_component id="oc-20f">
         <name>.debug_info</name>
         <load_address>0x9392</load_address>
         <run_address>0x9392</run_address>
         <size>0xd3</size>
         <input_file_ref idref="fl-94"/>
      </object_component>
      <object_component id="oc-212">
         <name>.debug_info</name>
         <load_address>0x9465</load_address>
         <run_address>0x9465</run_address>
         <size>0x109</size>
         <input_file_ref idref="fl-83"/>
      </object_component>
      <object_component id="oc-21d">
         <name>.debug_info</name>
         <load_address>0x956e</load_address>
         <run_address>0x956e</run_address>
         <size>0x12a</size>
         <input_file_ref idref="fl-b2"/>
      </object_component>
      <object_component id="oc-222">
         <name>.debug_info</name>
         <load_address>0x9698</load_address>
         <run_address>0x9698</run_address>
         <size>0x148</size>
         <input_file_ref idref="fl-a7"/>
      </object_component>
      <object_component id="oc-227">
         <name>.debug_info</name>
         <load_address>0x97e0</load_address>
         <run_address>0x97e0</run_address>
         <size>0x118</size>
         <input_file_ref idref="fl-b3"/>
      </object_component>
      <object_component id="oc-22c">
         <name>.debug_info</name>
         <load_address>0x98f8</load_address>
         <run_address>0x98f8</run_address>
         <size>0x198</size>
         <input_file_ref idref="fl-a3"/>
      </object_component>
      <object_component id="oc-22e">
         <name>.debug_info</name>
         <load_address>0x9a90</load_address>
         <run_address>0x9a90</run_address>
         <size>0x1cf</size>
         <input_file_ref idref="fl-a4"/>
      </object_component>
      <object_component id="oc-231">
         <name>.debug_info</name>
         <load_address>0x9c5f</load_address>
         <run_address>0x9c5f</run_address>
         <size>0x18e</size>
         <input_file_ref idref="fl-aa"/>
      </object_component>
      <object_component id="oc-236">
         <name>.debug_info</name>
         <load_address>0x9ded</load_address>
         <run_address>0x9ded</run_address>
         <size>0x1c0</size>
         <input_file_ref idref="fl-99"/>
      </object_component>
      <object_component id="oc-23c">
         <name>.debug_info</name>
         <load_address>0x9fad</load_address>
         <run_address>0x9fad</run_address>
         <size>0x219</size>
         <input_file_ref idref="fl-96"/>
      </object_component>
      <object_component id="oc-241">
         <name>.debug_info</name>
         <load_address>0xa1c6</load_address>
         <run_address>0xa1c6</run_address>
         <size>0x206</size>
         <input_file_ref idref="fl-96"/>
      </object_component>
      <object_component id="oc-246">
         <name>.debug_info</name>
         <load_address>0xa3cc</load_address>
         <run_address>0xa3cc</run_address>
         <size>0x1a8</size>
         <input_file_ref idref="fl-a9"/>
      </object_component>
      <object_component id="oc-24f">
         <name>.debug_info</name>
         <load_address>0xa574</load_address>
         <run_address>0xa574</run_address>
         <size>0x101</size>
         <input_file_ref idref="fl-96"/>
      </object_component>
      <object_component id="oc-259">
         <name>.debug_info</name>
         <load_address>0xa675</load_address>
         <run_address>0xa675</run_address>
         <size>0x185</size>
         <input_file_ref idref="fl-b5"/>
      </object_component>
      <object_component id="oc-25e">
         <name>.debug_info</name>
         <load_address>0xa7fa</load_address>
         <run_address>0xa7fa</run_address>
         <size>0x184</size>
         <input_file_ref idref="fl-b6"/>
      </object_component>
      <object_component id="oc-263">
         <name>.debug_info</name>
         <load_address>0xa97e</load_address>
         <run_address>0xa97e</run_address>
         <size>0x118</size>
         <input_file_ref idref="fl-b2"/>
      </object_component>
      <object_component id="oc-265">
         <name>.debug_info</name>
         <load_address>0xaa96</load_address>
         <run_address>0xaa96</run_address>
         <size>0xbf</size>
         <input_file_ref idref="fl-a7"/>
      </object_component>
      <object_component id="oc-268">
         <name>.debug_info</name>
         <load_address>0xab55</load_address>
         <run_address>0xab55</run_address>
         <size>0x338</size>
         <input_file_ref idref="fl-a7"/>
      </object_component>
      <object_component id="oc-26a">
         <name>.debug_info</name>
         <load_address>0xae8d</load_address>
         <run_address>0xae8d</run_address>
         <size>0x169</size>
         <input_file_ref idref="fl-b3"/>
      </object_component>
      <object_component id="oc-26f">
         <name>.debug_info</name>
         <load_address>0xaff6</load_address>
         <run_address>0xaff6</run_address>
         <size>0xbb</size>
         <input_file_ref idref="fl-8e"/>
      </object_component>
      <object_component id="oc-275">
         <name>.debug_info</name>
         <load_address>0xb0b1</load_address>
         <run_address>0xb0b1</run_address>
         <size>0x1c0</size>
         <input_file_ref idref="fl-aa"/>
      </object_component>
      <object_component id="oc-277">
         <name>.debug_info</name>
         <load_address>0xb271</load_address>
         <run_address>0xb271</run_address>
         <size>0xc1</size>
         <input_file_ref idref="fl-9e"/>
      </object_component>
      <object_component id="oc-27a">
         <name>.debug_info</name>
         <load_address>0xb332</load_address>
         <run_address>0xb332</run_address>
         <size>0x10b</size>
         <input_file_ref idref="fl-99"/>
      </object_component>
      <object_component id="oc-27c">
         <name>.debug_info</name>
         <load_address>0xb43d</load_address>
         <run_address>0xb43d</run_address>
         <size>0x184</size>
         <input_file_ref idref="fl-96"/>
      </object_component>
      <object_component id="oc-281">
         <name>.debug_info</name>
         <load_address>0xb5c1</load_address>
         <run_address>0xb5c1</run_address>
         <size>0x111</size>
         <input_file_ref idref="fl-a6"/>
      </object_component>
      <object_component id="oc-286">
         <name>.debug_info</name>
         <load_address>0xb6d2</load_address>
         <run_address>0xb6d2</run_address>
         <size>0x12b</size>
         <input_file_ref idref="fl-9b"/>
      </object_component>
      <object_component id="oc-28b">
         <name>.debug_info</name>
         <load_address>0xb7fd</load_address>
         <run_address>0xb7fd</run_address>
         <size>0x10c</size>
         <input_file_ref idref="fl-ac"/>
      </object_component>
      <object_component id="oc-290">
         <name>.debug_info</name>
         <load_address>0xb909</load_address>
         <run_address>0xb909</run_address>
         <size>0x260</size>
         <input_file_ref idref="fl-96"/>
      </object_component>
      <object_component id="oc-295">
         <name>.debug_info</name>
         <load_address>0xbb69</load_address>
         <run_address>0xbb69</run_address>
         <size>0x15b</size>
         <input_file_ref idref="fl-96"/>
      </object_component>
      <object_component id="oc-29a">
         <name>.debug_info</name>
         <load_address>0xbcc4</load_address>
         <run_address>0xbcc4</run_address>
         <size>0x49d</size>
         <input_file_ref idref="fl-96"/>
      </object_component>
      <object_component id="oc-2a0">
         <name>.debug_info</name>
         <load_address>0xc161</load_address>
         <run_address>0xc161</run_address>
         <size>0x183</size>
         <input_file_ref idref="fl-96"/>
      </object_component>
      <object_component id="oc-2a5">
         <name>.debug_info</name>
         <load_address>0xc2e4</load_address>
         <run_address>0xc2e4</run_address>
         <size>0x268</size>
         <input_file_ref idref="fl-96"/>
      </object_component>
      <object_component id="oc-2ab">
         <name>.debug_info</name>
         <load_address>0xc54c</load_address>
         <run_address>0xc54c</run_address>
         <size>0xe7</size>
         <input_file_ref idref="fl-a9"/>
      </object_component>
      <object_component id="oc-2ad">
         <name>.debug_info</name>
         <load_address>0xc633</load_address>
         <run_address>0xc633</run_address>
         <size>0x14e</size>
         <input_file_ref idref="fl-a7"/>
      </object_component>
      <object_component id="oc-2b2">
         <name>.debug_info</name>
         <load_address>0xc781</load_address>
         <run_address>0xc781</run_address>
         <size>0x140</size>
         <input_file_ref idref="fl-b5"/>
      </object_component>
      <object_component id="oc-2b4">
         <name>.debug_info</name>
         <load_address>0xc8c1</load_address>
         <run_address>0xc8c1</run_address>
         <size>0x19c</size>
         <input_file_ref idref="fl-b7"/>
      </object_component>
      <object_component id="oc-2b9">
         <name>.debug_info</name>
         <load_address>0xca5d</load_address>
         <run_address>0xca5d</run_address>
         <size>0x224</size>
         <input_file_ref idref="fl-90"/>
      </object_component>
      <object_component id="oc-2be">
         <name>.debug_info</name>
         <load_address>0xcc81</load_address>
         <run_address>0xcc81</run_address>
         <size>0x198</size>
         <input_file_ref idref="fl-b6"/>
      </object_component>
      <object_component id="oc-2c2">
         <name>.debug_info</name>
         <load_address>0xce19</load_address>
         <run_address>0xce19</run_address>
         <size>0xbf</size>
         <input_file_ref idref="fl-a7"/>
      </object_component>
      <object_component id="oc-2c8">
         <name>.debug_info</name>
         <load_address>0xced8</load_address>
         <run_address>0xced8</run_address>
         <size>0x12e</size>
[...]
   <far_call_trampoline_list>
      <far_call_trampoline>
         <callee_name>$.text:_c_int00:rtstesla_le_elf.lib&lt;boot.obj&gt;$0x0</callee_name>
         <callee_addr>0x800083a0</callee_addr>
         <trampoline_object_component_ref idref="oc-3e5"/>
         <trampoline_address>0x80000200</trampoline_address>
         <caller_list>
            <trampoline_call_site>
               <caller_address>0x80000000</caller_address>
               <caller_object_component_ref idref="oc-15-60e62c"/>
            </trampoline_call_site>
         </caller_list>
      </far_call_trampoline>
   </far_call_trampoline_list>
   <trampoline_count>0x1</trampoline_count>
   <trampoline_call_count>0x1</trampoline_call_count>
   <symbol_table>
      <symbol id="sm-1">
         <name>__TI_CINIT_Base</name>
         <value>0x8200115c</value>
      </symbol>
      <symbol id="sm-2">
         <name>__TI_CINIT_Limit</name>
         <value>0x82001164</value>
      </symbol>
      <symbol id="sm-3">
         <name>__TI_Handler_Table_Base</name>
         <value>0x82001158</value>
      </symbol>
      <symbol id="sm-4">
         <name>__TI_Handler_Table_Limit</name>
         <value>0x8200115c</value>
      </symbol>
      <symbol id="sm-5">
         <name>binit</name>
         <value>0xffffffff</value>
      </symbol>
      <symbol id="sm-6">
         <name>__binit__</name>
         <value>0xffffffff</value>
      </symbol>
      <symbol id="sm-7">
         <name>__TI_STACK_SIZE</name>
         <value>0x1000</value>
      </symbol>
      <symbol id="sm-8">
         <name>__TI_STACK_END</name>
         <value>0x82001000</value>
      </symbol>
      <symbol id="sm-9">
         <name>__TI_SYSMEM_SIZE</name>
         <value>0x1000000</value>
      </symbol>
      <symbol id="sm-a">
         <name>__c_args__</name>
         <value>0xffffffff</value>
      </symbol>
      <symbol id="sm-b">
         <name>__TI_pprof_out_hndl</name>
         <value>0xffffffff</value>
      </symbol>
      <symbol id="sm-c">
         <name>__TI_prof_data_start</name>
         <value>0xffffffff</value>
      </symbol>
      <symbol id="sm-d">
         <name>__TI_prof_data_size</name>
         <value>0xffffffff</value>
      </symbol>
      <symbol id="sm-39">
         <name>DSP_add16_shift</name>
         <value>0x800057e0</value>
         <object_component_ref idref="oc-10b"/>
      </symbol>
      <symbol id="sm-56">
         <name>DSP_maxval</name>
         <value>0x800070e0</value>
         <object_component_ref idref="oc-fb"/>
      </symbol>
      <symbol id="sm-68">
         <name>IMG_conv_5x5_i16s_c16s_cn</name>
         <value>0x80005480</value>
         <object_component_ref idref="oc-f5"/>
      </symbol>
      <symbol id="sm-7a">
         <name>IMG_conv_7x7_i16s_c16s_cn</name>
         <value>0x80002c60</value>
         <object_component_ref idref="oc-116"/>
      </symbol>
      <symbol id="sm-91">
         <name>_reset</name>
         <value>0x80000000</value>
         <object_component_ref idref="oc-15"/>
      </symbol>
      <symbol id="sm-15e">
         <name>Conv7x7</name>
         <value>0x80000c00</value>
         <object_component_ref idref="oc-c0"/>
      </symbol>
      <symbol id="sm-15f">
         <name>pHiddenBias</name>
         <value>0x8200113c</value>
         <object_component_ref idref="oc-122"/>
      </symbol>
      <symbol id="sm-160">
         <name>pInputNeurons</name>
         <value>0x82001134</value>
         <object_component_ref idref="oc-122"/>
      </symbol>
      <symbol id="sm-161">
         <name>maps_info_1</name>
         <value>0x8000a300</value>
         <object_component_ref idref="oc-125"/>
      </symbol>
      <symbol id="sm-162">
         <name>MemMgr_HeapInit</name>
         <value>0x80000a84</value>
         <object_component_ref idref="oc-c0"/>
      </symbol>
      <symbol id="sm-163">
         <name>deeplearn</name>
         <value>0x80000bb0</value>
         <object_component_ref idref="oc-c0"/>
      </symbol>
      <symbol id="sm-164">
         <name>pHiddenNeuron</name>
         <value>0x82001144</value>
         <object_component_ref idref="oc-122"/>
      </symbol>
      <symbol id="sm-165">
         <name>dilate</name>
         <value>0x8000ac30</value>
         <object_component_ref idref="oc-11c"/>
      </symbol>
      <symbol id="sm-166">
         <name>operateLayer1</name>
         <value>0x8000088c</value>
         <object_component_ref idref="oc-c0"/>
      </symbol>
      <symbol id="sm-167">
         <name>operateLayer2</name>
         <value>0x800005d8</value>
         <object_component_ref idref="oc-c0"/>
      </symbol>
      <symbol id="sm-168">
         <name>pOutputNeuron</name>
         <value>0x82001148</value>
         <object_component_ref idref="oc-122"/>
      </symbol>
      <symbol id="sm-169">
         <name>pInputWt</name>
         <value>0x82001138</value>
         <object_component_ref idref="oc-122"/>
      </symbol>
      <symbol id="sm-16a">
         <name>Conv5x5</name>
         <value>0x80000400</value>
         <object_component_ref idref="oc-c0"/>
      </symbol>
      <symbol id="sm-16b">
         <name>kernel5x5</name>
         <value>0x80008780</value>
         <object_component_ref idref="oc-11f"/>
      </symbol>
      <symbol id="sm-16c">
         <name>pOutputWt</name>
         <value>0x82001140</value>
         <object_component_ref idref="oc-122"/>
      </symbol>
      <symbol id="sm-16d">
         <name>maps_info_ptr</name>
         <value>0x8200114c</value>
         <object_component_ref idref="oc-122"/>
      </symbol>
      <symbol id="sm-1ab">
         <name>clean</name>
         <value>0x800035a8</value>
         <object_component_ref idref="oc-90"/>
      </symbol>
      <symbol id="sm-1ac">
         <name>in_img</name>
         <value>0x8000a318</value>
         <object_component_ref idref="oc-bc"/>
      </symbol>
      <symbol id="sm-1ad">
         <name>enable_L1Cache</name>
         <value>0x800033d0</value>
         <object_component_ref idref="oc-90"/>
      </symbol>
      <symbol id="sm-1ae">
         <name>enable_L2Cache</name>
         <value>0x800033e0</value>
         <object_component_ref idref="oc-90"/>
      </symbol>
      <symbol id="sm-1af">
         <name>main</name>
         <value>0x800033f0</value>
         <object_component_ref idref="oc-90"/>
      </symbol>
      <symbol id="sm-1b0">
         <name>config_AMMU</name>
         <value>0x80003320</value>
         <object_component_ref idref="oc-90"/>
      </symbol>
      <symbol id="sm-1b1">
         <name>invalidate</name>
         <value>0x8000350c</value>
         <object_component_ref idref="oc-90"/>
      </symbol>
      <symbol id="sm-1d4">
         <name>__c6xabi_addd</name>
         <value>0x80004ca0</value>
         <object_component_ref idref="oc-d0"/>
      </symbol>
      <symbol id="sm-1ec">
         <name>_c_int00</name>
         <value>0x800083a0</value>
         <object_component_ref idref="oc-2c"/>
      </symbol>
      <symbol id="sm-1ed">
         <name>_stack</name>
         <value>0x82000000</value>
         <object_component_ref idref="oc-29"/>
      </symbol>
      <symbol id="sm-20c">
         <name>__TI_zero_init</name>
         <value>0x80006f20</value>
         <object_component_ref idref="oc-1f"/>
      </symbol>
      <symbol id="sm-221">
         <name>__c6xabi_divd</name>
         <value>0x80000cc0</value>
         <object_component_ref idref="oc-d5"/>
      </symbol>
      <symbol id="sm-244">
         <name>C$$EXIT</name>
         <value>0x80008760</value>
         <object_component_ref idref="oc-9a"/>
      </symbol>
      <symbol id="sm-245">
         <name>_dtors_ptr</name>
         <value>0x8000ac44</value>
         <object_component_ref idref="oc-97"/>
      </symbol>
      <symbol id="sm-246">
         <name>abort</name>
         <value>0x80008760</value>
         <object_component_ref idref="oc-9a"/>
      </symbol>
      <symbol id="sm-247">
         <name>_cleanup_ptr</name>
         <value>0x8000ac40</value>
         <object_component_ref idref="oc-97"/>
      </symbol>
      <symbol id="sm-248">
         <name>exit</name>
         <value>0x80007720</value>
         <object_component_ref idref="oc-5f"/>
      </symbol>
      <symbol id="sm-249">
         <name>__TI_enable_exit_profile_output</name>
         <value>0x8000ac48</value>
         <object_component_ref idref="oc-97"/>
      </symbol>
      <symbol id="sm-253">
         <name>__c6xabi_fltulld</name>
         <value>0x80008080</value>
         <object_component_ref idref="oc-cb"/>
      </symbol>
      <symbol id="sm-264">
         <name>_frcaddd</name>
         <value>0x80004ec0</value>
         <object_component_ref idref="oc-145"/>
      </symbol>
      <symbol id="sm-26c">
         <name>__c6xabi_frcmpyd_div</name>
         <value>0x80008580</value>
         <object_component_ref idref="oc-14c"/>
      </symbol>
      <symbol id="sm-282">
         <name>_subcull</name>
         <value>0x80008400</value>
         <object_component_ref idref="oc-139"/>
      </symbol>
      <symbol id="sm-283">
         <name>__c6xabi_divull</name>
         <value>0x80003940</value>
         <object_component_ref idref="oc-c6"/>
      </symbol>
      <symbol id="sm-2a6">
         <name>__c6xabi_llshru</name>
         <value>0x80008340</value>
         <object_component_ref idref="oc-13e"/>
      </symbol>
      <symbol id="sm-2a7">
         <name>__c6xabi_llshl</name>
         <value>0x80007c20</value>
         <object_component_ref idref="oc-134"/>
      </symbol>
      <symbol id="sm-2b6">
         <name>memcpy</name>
         <value>0x80005dc0</value>
         <object_component_ref idref="oc-35"/>
      </symbol>
      <symbol id="sm-30e">
         <name>_sys_memory</name>
         <value>0x81000000</value>
         <object_component_ref idref="oc-31"/>
      </symbol>
      <symbol id="sm-30f">
         <name>free</name>
         <value>0x80003e80</value>
         <object_component_ref idref="oc-2b8"/>
      </symbol>
      <symbol id="sm-310">
         <name>malloc</name>
         <value>0x80005b00</value>
         <object_component_ref idref="oc-111"/>
      </symbol>
      <symbol id="sm-311">
         <name>_minit</name>
         <value>0x80007e00</value>
         <object_component_ref idref="oc-185"/>
      </symbol>
      <symbol id="sm-334">
         <name>printf</name>
         <value>0x800071c0</value>
         <object_component_ref idref="oc-da"/>
      </symbol>
      <symbol id="sm-344">
         <name>rand</name>
         <value>0x80008180</value>
         <object_component_ref idref="oc-101"/>
      </symbol>
      <symbol id="sm-34f">
         <name>__remi</name>
         <value>0x80007420</value>
         <object_component_ref idref="oc-106"/>
      </symbol>
      <symbol id="sm-350">
         <name>__c6xabi_remi</name>
         <value>0x80007420</value>
         <object_component_ref idref="oc-106"/>
      </symbol>
      <symbol id="sm-35e">
         <name>_renormd</name>
         <value>0x80008100</value>
         <object_component_ref idref="oc-1b8"/>
      </symbol>
      <symbol id="sm-36e">
         <name>_nop</name>
         <value>0x80008700</value>
         <object_component_ref idref="oc-1c5"/>
      </symbol>
      <symbol id="sm-36f">
         <name>_lock</name>
         <value>0x8000ac58</value>
         <object_component_ref idref="oc-152"/>
      </symbol>
      <symbol id="sm-370">
         <name>_unlock</name>
         <value>0x8000ac5c</value>
         <object_component_ref idref="oc-152"/>
      </symbol>
      <symbol id="sm-4ef">
         <name>_printfi</name>
         <value>0x80001cc0</value>
         <object_component_ref idref="oc-162"/>
      </symbol>
      <symbol id="sm-4f8">
         <name>_args_main</name>
         <value>0x800086c0</value>
         <object_component_ref idref="oc-5a"/>
      </symbol>
      <symbol id="sm-507">
         <name>atoi</name>
         <value>0x800068a0</value>
         <object_component_ref idref="oc-235"/>
      </symbol>
      <symbol id="sm-514">
         <name>_auto_init_elf</name>
         <value>0x800066a0</value>
         <object_component_ref idref="oc-55"/>
      </symbol>
      <symbol id="sm-521">
         <name>__c6xabi_cmpd</name>
         <value>0x80006d60</value>
         <object_component_ref idref="oc-285"/>
      </symbol>
      <symbol id="sm-52c">
         <name>__TI_cpp_init</name>
         <value>0x80008280</value>
         <object_component_ref idref="oc-8a"/>
      </symbol>
      <symbol id="sm-542">
         <name>copy_in</name>
         <value>0x80006aa0</value>
         <object_component_ref idref="oc-80"/>
      </symbol>
      <symbol id="sm-54c">
         <name>_ctypes_</name>
         <value>0x8000a080</value>
         <object_component_ref idref="oc-276"/>
      </symbol>
      <symbol id="sm-560">
         <name>_tmpnams</name>
         <value>0x8000a1c0</value>
         <object_component_ref idref="oc-37a"/>
      </symbol>
      <symbol id="sm-561">
         <name>_ftable</name>
         <value>0x8000a938</value>
         <object_component_ref idref="oc-155"/>
      </symbol>
      <symbol id="sm-562">
         <name>_ft_end</name>
         <value>0x8000ac60</value>
         <object_component_ref idref="oc-311"/>
      </symbol>
      <symbol id="sm-56d">
         <name>__c6xabi_divu</name>
         <value>0x80007360</value>
         <object_component_ref idref="oc-363"/>
      </symbol>
      <symbol id="sm-56e">
         <name>__divu</name>
         <value>0x80007360</value>
         <object_component_ref idref="oc-363"/>
      </symbol>
      <symbol id="sm-579">
         <name>__c6xabi_fixdi</name>
         <value>0x80007b80</value>
         <object_component_ref idref="oc-344"/>
      </symbol>
      <symbol id="sm-582">
         <name>__c6xabi_fltid</name>
         <value>0x800082e0</value>
         <object_component_ref idref="oc-34e"/>
      </symbol>
      <symbol id="sm-5a3">
         <name>fputc</name>
         <value>0x80004820</value>
         <object_component_ref idref="oc-1d0"/>
      </symbol>
      <symbol id="sm-5c6">
         <name>fputs</name>
         <value>0x80002140</value>
         <object_component_ref idref="oc-1d6"/>
      </symbol>
      <symbol id="sm-5d1">
         <name>__c6xabi_divul</name>
         <value>0x800052c0</value>
         <object_component_ref idref="oc-368"/>
      </symbol>
      <symbol id="sm-5d9">
         <name>__c6xabi_isinf</name>
         <value>0x800085c0</value>
         <object_component_ref idref="oc-280"/>
      </symbol>
      <symbol id="sm-635">
         <name>lseek</name>
         <value>0x800077e0</value>
         <object_component_ref idref="oc-2ac"/>
      </symbol>
      <symbol id="sm-636">
         <name>write</name>
         <value>0x80007a20</value>
         <object_component_ref idref="oc-221"/>
      </symbol>
      <symbol id="sm-637">
         <name>close</name>
         <value>0x800069a0</value>
         <object_component_ref idref="oc-370"/>
      </symbol>
      <symbol id="sm-638">
         <name>unlink</name>
         <value>0x80008200</value>
         <object_component_ref idref="oc-375"/>
      </symbol>
      <symbol id="sm-644">
         <name>ltoa</name>
         <value>0x800078a0</value>
         <object_component_ref idref="oc-349"/>
      </symbol>
      <symbol id="sm-652">
         <name>memccpy</name>
         <value>0x80008460</value>
         <object_component_ref idref="oc-245"/>
      </symbol>
      <symbol id="sm-65f">
         <name>memset</name>
         <value>0x80007000</value>
         <object_component_ref idref="oc-230"/>
      </symbol>
      <symbol id="sm-673">
         <name>__c6xabi_mpyd</name>
         <value>0x800043a0</value>
         <object_component_ref idref="oc-2fa"/>
      </symbol>
      <symbol id="sm-67b">
         <name>__c6xabi_negd</name>
         <value>0x80008640</value>
         <object_component_ref idref="oc-28a"/>
      </symbol>
      <symbol id="sm-683">
         <name>__c6xabi_subd</name>
         <value>0x80008680</value>
         <object_component_ref idref="oc-353"/>
      </symbol>
      <symbol id="sm-691">
         <name>__TI_tls_init</name>
         <value>0x80007960</value>
         <object_component_ref idref="oc-85"/>
      </symbol>
      <symbol id="sm-6dd">
         <name>HOSTrename</name>
         <value>0x80005980</value>
         <object_component_ref idref="oc-33b"/>
      </symbol>
      <symbol id="sm-6de">
         <name>HOSTclose</name>
         <value>0x80007ae0</value>
         <object_component_ref idref="oc-322"/>
      </symbol>
      <symbol id="sm-6df">
         <name>HOSTunlink</name>
         <value>0x800072a0</value>
         <object_component_ref idref="oc-336"/>
      </symbol>
      <symbol id="sm-6e0">
         <name>HOSTlseek</name>
         <value>0x800064a0</value>
         <object_component_ref idref="oc-331"/>
      </symbol>
      <symbol id="sm-6e1">
         <name>HOSTopen</name>
         <value>0x800065a0</value>
         <object_component_ref idref="oc-31d"/>
      </symbol>
      <symbol id="sm-6e2">
         <name>HOSTwrite</name>
         <value>0x80006c80</value>
         <object_component_ref idref="oc-32c"/>
      </symbol>
      <symbol id="sm-6e3">
         <name>HOSTread</name>
         <value>0x80006ba0</value>
         <object_component_ref idref="oc-327"/>
      </symbol>
      <symbol id="sm-6ff">
         <name>writemsg</name>
         <value>0x80008520</value>
         <object_component_ref idref="oc-382"/>
      </symbol>
      <symbol id="sm-700">
         <name>C$$IO$$</name>
         <value>0x80008574</value>
         <object_component_ref idref="oc-382"/>
      </symbol>
      <symbol id="sm-701">
         <name>__CIOBUF_</name>
         <value>0x82001000</value>
         <object_component_ref idref="oc-3aa"/>
      </symbol>
      <symbol id="sm-702">
         <name>readmsg</name>
         <value>0x800084c0</value>
         <object_component_ref idref="oc-387"/>
      </symbol>
      <symbol id="sm-712">
         <name>_wrt_ok</name>
         <value>0x800067a0</value>
         <object_component_ref idref="oc-21c"/>
      </symbol>
      <symbol id="sm-720">
         <name>_doflush</name>
         <value>0x800074e0</value>
         <object_component_ref idref="oc-226"/>
      </symbol>
      <symbol id="sm-72b">
         <name>_frcmpyd</name>
         <value>0x80006020</value>
         <object_component_ref idref="oc-35d"/>
      </symbol>
      <symbol id="sm-73e">
         <name>fseek</name>
         <value>0x80005c80</value>
         <object_component_ref idref="oc-258"/>
      </symbol>
      <symbol id="sm-756">
         <name>setvbuf</name>
         <value>0x80004a60</value>
         <object_component_ref idref="oc-25d"/>
      </symbol>
      <symbol id="sm-762">
         <name>_cleanup</name>
         <value>0x80007cc0</value>
         <object_component_ref idref="oc-2b3"/>
      </symbol>
      <symbol id="sm-775">
         <name>_closefile</name>
         <value>0x80005f00</value>
         <object_component_ref idref="oc-314"/>
      </symbol>
      <symbol id="sm-777">
         <name>__TI_STATIC_BASE</name>
         <value>0x82001120</value>
      </symbol>
      <symbol id="sm-778">
         <name>__TI_args_main</name>
         <value>0x1</value>
      </symbol>
      <symbol id="sm-779">
         <name>__TI_INITARRAY_Base</name>
         <value>0x0</value>
      </symbol>
      <symbol id="sm-77a">
         <name>__TI_INITARRAY_Limit</name>
         <value>0x0</value>
      </symbol>
      <symbol id="sm-77b">
         <name>__TI_TLS_INIT_Base</name>
         <value>0x0</value>
      </symbol>
      <symbol id="sm-77c">
         <name>__TI_TLS_INIT_Limit</name>
         <value>0x0</value>
      </symbol>
      <symbol id="sm-780">
         <name>remove</name>
         <value>0x80008200</value>
      </symbol>
   </symbol_table>
</link_info>
