******************************************************************************
               TMS320C6x Linker PC v7.4.12                     
******************************************************************************
>> Linked Tue Jan 05 02:19:31 2016

OUTPUT FILE NAME:   <deeplearn_evm5432.out>
ENTRY POINT SYMBOL: "_reset"  address: 80000000


MEMORY CONFIGURATION

         name            origin    length      used     unused   attr    fill
----------------------  --------  ---------  --------  --------  ----  --------
  BOOT_MEM              80000000   00000400  00000220  000001e0  RWIX
  PMEM                  80000400   00fffc00  0000a880  00ff5380  RWIX
  BMEM                  81000000   10000000  01001164  0effee9c  RWIX


SEGMENT ALLOCATION MAP

run origin  load origin   length   init length attrs members
----------  ----------- ---------- ----------- ----- -------
80000000    80000000    00000220   00000220    r-x
  80000000    80000000    00000220   00000220    r-x .boot
80000400    80000400    0000a880   0000a880    rwx
  80000400    80000400    0000a880   0000a880    rwx big_ro
81000000    81000000    01001150   00000000    rw-
  81000000    81000000    01000000   00000000    rw- .sysmem
  82000000    82000000    00001000   00000000    rw- .stack
  82001000    82001000    00000120   00000000    rw- .cio
  82001120    82001120    00000030   00000000    rw- .bss
82001150    82001150    00000014   00000014    r--
  82001150    82001150    00000014   00000014    r-- .cinit


SECTION ALLOCATION MAP

 output                                  attributes/
section   page    origin      length       input sections
--------  ----  ----------  ----------   ----------------
.boot      0    80000000    00000220     
                  80000000    00000200     boot.obj (.boot)
                  80000200    00000020     rtstesla_le_elf.lib : boot.obj ($Tramp$S$$_c_int00)

big_ro     0    80000400    0000a880     
                  80000400    000008c0     deep_learning.obj (.text)
                  80000cc0    00000580     rtstesla_le_elf.lib : divd.obj (.text:__c6xabi_divd)
                  80001240    00000580                         : _printfi.obj (.text:_getarg_diouxp)
                  800017c0    00000500                         : _printfi.obj (.text:_setfield)
                  80001cc0    00000480                         : _printfi.obj (.text:_printfi)
                  80002140    000003e0                         : fputs.obj (.text:fputs)
                  80002520    000003c0                         : _printfi.obj (.text:_pproc_fge)
                  800028e0    00000380                         : _printfi.obj (.text:fcvt)
                  80002c60    00000360     IMG_conv_7x7_i16s_c16s_c.obj (.text:ansi)
                  80002fc0    00000360     rtstesla_le_elf.lib : _printfi.obj (.text:ecvt)
                  80003320    00000340     main.obj (.text)
                  80003660    000002e0     rtstesla_le_elf.lib : _printfi.obj (.text:_pconv_e)
                  80003940    000002a0                         : imath64.obj (.text:__c6xabi_divull)
                  80003be0    000002a0                         : _printfi.obj (.text:_pproc_fwp)
                  80003e80    000002a0                         : memory.obj (.text:free)
                  80004120    00000280                         : _printfi.obj (.text:_pproc_diouxp)
                  800043a0    00000240                         : mpyd.obj (.text:__c6xabi_mpyd)
                  800045e0    00000240                         : _printfi.obj (.text:_pproc_str)
                  80004820    00000240                         : fputc.obj (.text:fputc)
                  80004a60    00000240                         : setvbuf.obj (.text:setvbuf)
                  80004ca0    00000220                         : addd.obj (.text:__c6xabi_addd)
                  80004ec0    00000200                         : frcaddd.obj (.text:_frcaddd)
                  800050c0    00000200                         : _printfi.obj (.text:_pconv_g)
                  800052c0    000001c0                         : imath40.obj (.text:__c6xabi_divul)
                  80005480    000001c0     IMG_conv_5x5_i16s_c16s_c.obj (.text:ansi)
                  80005640    000001a0     rtstesla_le_elf.lib : _printfi.obj (.text:_mcpy)
                  800057e0    000001a0     DSP_add16.obj (.text:optimized)
                  80005980    00000180     rtstesla_le_elf.lib : trgdrv.obj (.text:HOSTrename)
                  80005b00    00000180                         : memory.obj (.text:malloc)
                  80005c80    00000140                         : fseek.obj (.text:fseek)
                  80005dc0    00000140                         : memcpy62.obj (.text:memcpy)
                  80005f00    00000120                         : fclose.obj (.text:_closefile)
                  80006020    00000120                         : frcmpyd.obj (.text:_frcmpyd)
                  80006140    00000120                         : _printfi.obj (.text:_ltostr)
                  80006260    00000120                         : _printfi.obj (.text:_pproc_fflags)
                  80006380    00000120                         : lowlev.obj (.text:getdevice)
                  800064a0    00000100                         : trgdrv.obj (.text:HOSTlseek)
                  800065a0    00000100                         : trgdrv.obj (.text:HOSTopen)
                  800066a0    00000100                         : autoinit.obj (.text:_auto_init_elf)
                  800067a0    00000100                         : _io_perm.obj (.text:_wrt_ok)
                  800068a0    00000100                         : atoi.obj (.text:atoi)
                  800069a0    00000100                         : lowlev.obj (.text:close)
                  80006aa0    00000100                         : cpy_tbl.obj (.text:copy_in)
                  80006ba0    000000e0                         : trgdrv.obj (.text:HOSTread)
                  80006c80    000000e0                         : trgdrv.obj (.text:HOSTwrite)
                  80006d60    000000e0                         : cmpd.obj (.text:__c6xabi_cmpd)
                  80006e40    000000e0                         : _printfi.obj (.text:_div)
                  80006f20    000000e0                         : copy_zero_init.obj (.text:decompress:ZI:__TI_zero_init)
                  80007000    000000e0                         : memset.obj (.text:memset)
                  800070e0    000000e0     DSP_maxval.obj (.text:optimized)
                  800071c0    000000e0     rtstesla_le_elf.lib : printf.obj (.text:printf)
                  800072a0    000000c0                         : trgdrv.obj (.text:HOSTunlink)
                  80007360    000000c0                         : divu_t.obj (.text:__divu)
                  80007420    000000c0                         : remi_t.obj (.text:__remi)
                  800074e0    000000c0                         : fflush.obj (.text:_doflush)
                  800075a0    000000c0                         : _printfi.obj (.text:_ecpy)
                  80007660    000000c0                         : _printfi.obj (.text:_pconv_f)
                  80007720    000000c0                         : exit.obj (.text:exit)
                  800077e0    000000c0                         : lowlev.obj (.text:lseek)
                  800078a0    000000c0                         : ltoa.obj (.text:ltoa)
                  80007960    000000c0                         : tls.obj (.text:tls:init:__TI_tls_init)
                  80007a20    000000c0                         : lowlev.obj (.text:write)
                  80007ae0    000000a0                         : trgdrv.obj (.text:HOSTclose)
                  80007b80    000000a0                         : fixdi.obj (.text:__c6xabi_fixdi)
                  80007c20    000000a0                         : llshift.obj (.text:__c6xabi_llshl)
                  80007cc0    000000a0                         : fopen.obj (.text:_cleanup)
                  80007d60    000000a0                         : _printfi.obj (.text:_fcpy)
                  80007e00    000000a0                         : memory.obj (.text:_minit)
                  80007ea0    000000a0                         : lowlev.obj (.text:finddevice)
                  80007f40    000000a0                         : memory.obj (.text:minsert)
                  80007fe0    000000a0                         : memory.obj (.text:mremove)
                  80008080    00000080                         : fltulld.obj (.text:__c6xabi_fltulld)
                  80008100    00000080                         : renormd.obj (.text:_renormd)
                  80008180    00000080                         : rand.obj (.text:rand)
                  80008200    00000080                         : lowlev.obj (.text:unlink)
                  80008280    00000060                         : cpp_init.obj (.text:__TI_cpp_init)
                  800082e0    00000060                         : fltid.obj (.text:__c6xabi_fltid)
                  80008340    00000060                         : llshift.obj (.text:__c6xabi_llshru)
                  800083a0    00000060                         : boot.obj (.text:_c_int00)
                  80008400    00000060                         : imath64.obj (.text:_subcull)
                  80008460    00000060                         : memccpy.obj (.text:memccpy)
                  800084c0    00000060                         : trgmsg.obj (.text:readmsg)
                  80008520    00000060                         : trgmsg.obj (.text:writemsg)
                  80008580    00000040                         : frcmpyd_div.obj (.text:__c6xabi_frcmpyd_div)
                  800085c0    00000040                         : isinf.obj (.text:__c6xabi_isinf)
                  80008600    00000040                         : _printfi.obj (.text:__c6xabi_isnan)
                  80008640    00000040                         : negd.obj (.text:__c6xabi_negd)
                  80008680    00000040                         : subd.obj (.text:__c6xabi_subd)
                  800086c0    00000040                         : args_main.obj (.text:_args_main)
                  80008700    00000020                         : _lock.obj (.text:_nop)
                  80008720    00000020                         : printf.obj (.text:_outc)
                  80008740    00000020                         : printf.obj (.text:_outs)
                  80008760    00000020                         : exit.obj (.text:abort)
                  80008780    00001900     deep_learning.obj (.const:kernel5x5)
                  8000a080    00000101     rtstesla_le_elf.lib : ctype.obj (.const:.string:_ctypes_)
                  8000a181    00000023                         : _printfi.obj (.const:.string)
                  8000a1a4    00000014     main.obj (.const:.string)
                  8000a1b8    00000008     rtstesla_le_elf.lib : divd.obj (.const:.string:initial_approx$1)
                  8000a1c0    00000140                         : defs.obj (.far) [fill = 0]
                  8000a300    0000000c     deep_learning.obj (.far) [fill = 0]
                  8000a30c    00000004     --HOLE-- [fill = 0]
                  8000a310    00000008     rtstesla_le_elf.lib : trgdrv.obj (.far) [fill = 0]
                  8000a318    00000620     main.obj (.fardata:in_img)
                  8000a938    000001e0     rtstesla_le_elf.lib : defs.obj (.fardata:_ftable)
                  8000ab18    000000a0                         : lowlev.obj (.fardata:_stream)
                  8000abb8    00000078                         : lowlev.obj (.fardata:_device)
                  8000ac30    00000010     deep_learning.obj (.fardata:dilate)
                  8000ac40    0000000c     rtstesla_le_elf.lib : exit.obj (.fardata)
                  8000ac4c    0000000c                         : memory.obj (.fardata)
                  8000ac58    00000008                         : _lock.obj (.fardata)
                  8000ac60    00000004                         : defs.obj (.fardata)
                  8000ac64    00000004                         : rand.obj (.fardata)
                  8000ac68    00000018     --HOLE-- [fill = 00000000]

.sysmem    0    81000000    01000000     UNINITIALIZED
                  81000000    00000008     rtstesla_le_elf.lib : memory.obj (.sysmem)
                  81000008    00fffff8     --HOLE--

.stack     0    82000000    00001000     UNINITIALIZED
                  82000000    00000008     rtstesla_le_elf.lib : boot.obj (.stack)
                  82000008    00000ff8     --HOLE--

.cio       0    82001000    00000120     UNINITIALIZED
                  82001000    00000120     rtstesla_le_elf.lib : trgmsg.obj (.cio)

.neardata 
*          0    82001120    00000000     UNINITIALIZED

.rodata    0    82001120    00000000     UNINITIALIZED

.bss       0    82001120    00000030     UNINITIALIZED
                  82001120    00000030     deep_learning.obj (.bss)

.cinit     0    82001150    00000014     
                  82001150    00000008     (.cinit..bss.load) [load image, compression = zero_init]
                  82001158    00000004     (__TI_handler_table)
                  8200115c    00000008     (__TI_cinit_table)


LINKER GENERATED COPY TABLES

__TI_cinit_table @ 8200115c records: 1, size/record: 8, table size: 8
	.bss: load addr=82001150, load size=00000008 bytes, run addr=82001120, run size=00000030 bytes, compression=zero_init


LINKER GENERATED HANDLER TABLE

__TI_handler_table @ 82001158 records: 1, size/record: 4, table size: 4
	index: 0, handler: __TI_zero_init


FAR CALL TRAMPOLINES

callee name               trampoline name
   callee addr  tramp addr   call addr  call info
--------------  -----------  ---------  ----------------
$.text:_c_int00:rtstesla_le_elf.lib<boot.obj>$0x0  $Tramp$S$$_c_int00
   800083a0     80000200     80000000   boot.obj (.boot)

[1 trampolines]
[1 trampoline calls]


GLOBAL SYMBOLS: SORTED ALPHABETICALLY BY Name 

address    name
--------   ----
80008760   C$$EXIT
80008574   C$$IO$$
80000400   Conv5x5
80000c00   Conv7x7
800057e0   DSP_add16_shift
800070e0   DSP_maxval
80007ae0   HOSTclose
800064a0   HOSTlseek
800065a0   HOSTopen
80006ba0   HOSTread
80005980   HOSTrename
800072a0   HOSTunlink
80006c80   HOSTwrite
80005480   IMG_conv_5x5_i16s_c16s_cn
80002c60   IMG_conv_7x7_i16s_c16s_cn
80000a84   MemMgr_HeapInit
82001000   __CIOBUF_
8200115c   __TI_CINIT_Base
82001164   __TI_CINIT_Limit
82001158   __TI_Handler_Table_Base
8200115c   __TI_Handler_Table_Limit
UNDEFED    __TI_INITARRAY_Base
UNDEFED    __TI_INITARRAY_Limit
82001000   __TI_STACK_END
00001000   __TI_STACK_SIZE
82001120   __TI_STATIC_BASE
01000000   __TI_SYSMEM_SIZE
UNDEFED    __TI_TLS_INIT_Base
UNDEFED    __TI_TLS_INIT_Limit
00000001   __TI_args_main
80008280   __TI_cpp_init
8000ac48   __TI_enable_exit_profile_output
ffffffff   __TI_pprof_out_hndl
ffffffff   __TI_prof_data_size
ffffffff   __TI_prof_data_start
80007960   __TI_tls_init
80006f20   __TI_zero_init
ffffffff   __binit__
80004ca0   __c6xabi_addd
80006d60   __c6xabi_cmpd
80000cc0   __c6xabi_divd
80007360   __c6xabi_divu
800052c0   __c6xabi_divul
80003940   __c6xabi_divull
80007b80   __c6xabi_fixdi
800082e0   __c6xabi_fltid
80008080   __c6xabi_fltulld
80008580   __c6xabi_frcmpyd_div
800085c0   __c6xabi_isinf
80007c20   __c6xabi_llshl
80008340   __c6xabi_llshru
800043a0   __c6xabi_mpyd
80008640   __c6xabi_negd
80007420   __c6xabi_remi
80008680   __c6xabi_subd
ffffffff   __c_args__
80007360   __divu
80007420   __remi
800086c0   _args_main
800066a0   _auto_init_elf
800083a0   _c_int00
80007cc0   _cleanup
8000ac40   _cleanup_ptr
80005f00   _closefile
8000a080   _ctypes_
800074e0   _doflush
8000ac44   _dtors_ptr
80004ec0   _frcaddd
80006020   _frcmpyd
8000ac60   _ft_end
8000a938   _ftable
8000ac58   _lock
80007e00   _minit
80008700   _nop
80001cc0   _printfi
80008100   _renormd
80000000   _reset
82000000   _stack
80008400   _subcull
81000000   _sys_memory
8000a1c0   _tmpnams
8000ac5c   _unlock
800067a0   _wrt_ok
80008760   abort
800068a0   atoi
ffffffff   binit
800035a8   clean
800069a0   close
80003320   config_AMMU
80006aa0   copy_in
80000bb0   deeplearn
8000ac30   dilate
800033d0   enable_L1Cache
800033e0   enable_L2Cache
80007720   exit
80004820   fputc
80002140   fputs
80003e80   free
80005c80   fseek
8000a318   in_img
8000350c   invalidate
80008780   kernel5x5
800077e0   lseek
800078a0   ltoa
800033f0   main
80005b00   malloc
8000a300   maps_info_1
8200114c   maps_info_ptr
80008460   memccpy
80005dc0   memcpy
80007000   memset
8000088c   operateLayer1
800005d8   operateLayer2
8200113c   pHiddenBias
82001144   pHiddenNeuron
82001134   pInputNeurons
82001138   pInputWt
82001148   pOutputNeuron
82001140   pOutputWt
800071c0   printf
80008180   rand
800084c0   readmsg
80008200   remove
80004a60   setvbuf
80008200   unlink
80007a20   write
80008520   writemsg


GLOBAL SYMBOLS: SORTED BY Symbol Address 

address    name
--------   ----
00000001   __TI_args_main
00001000   __TI_STACK_SIZE
01000000   __TI_SYSMEM_SIZE
80000000   _reset
80000400   Conv5x5
800005d8   operateLayer2
8000088c   operateLayer1
80000a84   MemMgr_HeapInit
80000bb0   deeplearn
80000c00   Conv7x7
80000cc0   __c6xabi_divd
80001cc0   _printfi
80002140   fputs
80002c60   IMG_conv_7x7_i16s_c16s_cn
80003320   config_AMMU
800033d0   enable_L1Cache
800033e0   enable_L2Cache
800033f0   main
8000350c   invalidate
800035a8   clean
80003940   __c6xabi_divull
80003e80   free
800043a0   __c6xabi_mpyd
80004820   fputc
80004a60   setvbuf
80004ca0   __c6xabi_addd
80004ec0   _frcaddd
800052c0   __c6xabi_divul
80005480   IMG_conv_5x5_i16s_c16s_cn
800057e0   DSP_add16_shift
80005980   HOSTrename
80005b00   malloc
80005c80   fseek
80005dc0   memcpy
80005f00   _closefile
80006020   _frcmpyd
800064a0   HOSTlseek
800065a0   HOSTopen
800066a0   _auto_init_elf
800067a0   _wrt_ok
800068a0   atoi
800069a0   close
80006aa0   copy_in
80006ba0   HOSTread
80006c80   HOSTwrite
80006d60   __c6xabi_cmpd
80006f20   __TI_zero_init
80007000   memset
800070e0   DSP_maxval
800071c0   printf
800072a0   HOSTunlink
80007360   __c6xabi_divu
80007360   __divu
80007420   __c6xabi_remi
80007420   __remi
800074e0   _doflush
80007720   exit
800077e0   lseek
800078a0   ltoa
80007960   __TI_tls_init
80007a20   write
80007ae0   HOSTclose
80007b80   __c6xabi_fixdi
80007c20   __c6xabi_llshl
80007cc0   _cleanup
80007e00   _minit
80008080   __c6xabi_fltulld
80008100   _renormd
80008180   rand
80008200   remove
80008200   unlink
80008280   __TI_cpp_init
800082e0   __c6xabi_fltid
80008340   __c6xabi_llshru
800083a0   _c_int00
80008400   _subcull
80008460   memccpy
800084c0   readmsg
80008520   writemsg
80008574   C$$IO$$
80008580   __c6xabi_frcmpyd_div
800085c0   __c6xabi_isinf
80008640   __c6xabi_negd
80008680   __c6xabi_subd
800086c0   _args_main
80008700   _nop
80008760   C$$EXIT
80008760   abort
80008780   kernel5x5
8000a080   _ctypes_
8000a1c0   _tmpnams
8000a300   maps_info_1
8000a318   in_img
8000a938   _ftable
8000ac30   dilate
8000ac40   _cleanup_ptr
8000ac44   _dtors_ptr
8000ac48   __TI_enable_exit_profile_output
8000ac58   _lock
8000ac5c   _unlock
8000ac60   _ft_end
81000000   _sys_memory
82000000   _stack
82001000   __CIOBUF_
82001000   __TI_STACK_END
82001120   __TI_STATIC_BASE
82001134   pInputNeurons
82001138   pInputWt
8200113c   pHiddenBias
82001140   pOutputWt
82001144   pHiddenNeuron
82001148   pOutputNeuron
8200114c   maps_info_ptr
82001158   __TI_Handler_Table_Base
8200115c   __TI_CINIT_Base
8200115c   __TI_Handler_Table_Limit
82001164   __TI_CINIT_Limit
ffffffff   __TI_pprof_out_hndl
ffffffff   __TI_prof_data_size
ffffffff   __TI_prof_data_start
ffffffff   __binit__
ffffffff   __c_args__
ffffffff   binit
UNDEFED    __TI_INITARRAY_Base
UNDEFED    __TI_INITARRAY_Limit
UNDEFED    __TI_TLS_INIT_Base
UNDEFED    __TI_TLS_INIT_Limit

[127 symbols]
