******************************************************************************
               TMS320C6x Linker PC v7.4.12                     
******************************************************************************
>> Linked Tue Dec 29 14:11:49 2015

OUTPUT FILE NAME:   <testDSP.out>
ENTRY POINT SYMBOL: "_reset"  address: 80000000


MEMORY CONFIGURATION

         name            origin    length      used     unused   attr    fill
----------------------  --------  ---------  --------  --------  ----  --------
  BOOT_MEM              80000000   00000400  00000240  000001c0  RWIX
  PMEM                  80000400   00fffc00  00037b60  00fc80a0  RWIX
  BMEM                  81000000   01000000  00002140  00ffdec0  RWIX


SEGMENT ALLOCATION MAP

run origin  load origin   length   init length attrs members
----------  ----------- ---------- ----------- ----- -------
80000000    80000000    00000240   00000240    r-x
  80000000    80000000    00000240   00000240    r-x .boot
80000400    80000400    00037b60   00037b60    rwx
  80000400    80000400    00037b60   00037b60    rwx big_ro
81000000    81000000    00002120   00000000    rw-
  81000000    81000000    00001000   00000000    rw- .stack
  81001000    81001000    00001000   00000000    rw- .sysmem
  81002000    81002000    00000120   00000000    rw- .cio
81002120    81002120    00000004   00000004    rw-
  81002120    81002120    00000004   00000004    rw- .neardata
81002124    81002124    0000001c   0000001c    r--
  81002124    81002124    0000001c   0000001c    r-- .cinit


SECTION ALLOCATION MAP

 output                                  attributes/
section   page    origin      length       input sections
--------  ----  ----------  ----------   ----------------
.boot      0    80000000    00000240     
                  80000000    00000200     boot.obj (.boot)
                  80000200    00000020     rtstesla_le_elf.lib : boot.obj ($Tramp$S$$_c_int00)
                  80000220    00000020     hello.obj ($Tramp$S$$timerISR)

big_ro     0    80000400    00037b60     
                  80000400    00000580     rtstesla_le_elf.lib : divd.obj (.text:__c6xabi_divd)
                  80000980    00000580                         : _printfi.obj (.text:_getarg_diouxp)
                  80000f00    00000500                         : _printfi.obj (.text:_setfield)
                  80001400    00000480                         : _printfi.obj (.text:_printfi)
                  80001880    00000400     hello.obj (.text)
                  80001c80    000003e0     rtstesla_le_elf.lib : fputs.obj (.text:fputs)
                  80002060    000003c0                         : _printfi.obj (.text:_pproc_fge)
                  80002420    00000380                         : _printfi.obj (.text:fcvt)
                  800027a0    00000360                         : _printfi.obj (.text:ecvt)
                  80002b00    000002e0                         : _printfi.obj (.text:_pconv_e)
                  80002de0    000002a0                         : imath64.obj (.text:__c6xabi_divull)
                  80003080    000002a0                         : _printfi.obj (.text:_pproc_fwp)
                  80003320    000002a0                         : memory.obj (.text:free)
                  800035c0    00000280                         : _printfi.obj (.text:_pproc_diouxp)
                  80003840    00000240                         : mpyd.obj (.text:__c6xabi_mpyd)
                  80003a80    00000240                         : _printfi.obj (.text:_pproc_str)
                  80003cc0    00000240                         : fputc.obj (.text:fputc)
                  80003f00    00000240                         : setvbuf.obj (.text:setvbuf)
                  80004140    00000220                         : addd.obj (.text:__c6xabi_addd)
                  80004360    00000220     rl_ip_api.obj (.text)
                  80004580    00000200     rtstesla_le_elf.lib : frcaddd.obj (.text:_frcaddd)
                  80004780    00000200                         : _printfi.obj (.text:_pconv_g)
                  80004980    000001c0                         : imath40.obj (.text:__c6xabi_divul)
                  80004b40    000001a0                         : _printfi.obj (.text:_mcpy)
                  80004ce0    00000180                         : trgdrv.obj (.text:HOSTrename)
                  80004e60    00000180                         : copy_decompress_rle.obj (.text:__TI_decompress_rle_core)
                  80004fe0    00000180                         : memory.obj (.text:malloc)
                  80005160    00000140                         : fseek.obj (.text:fseek)
                  800052a0    00000140                         : memcpy62.obj (.text:memcpy)
                  800053e0    00000120                         : fclose.obj (.text:_closefile)
                  80005500    00000120                         : frcmpyd.obj (.text:_frcmpyd)
                  80005620    00000120                         : _printfi.obj (.text:_ltostr)
                  80005740    00000120                         : _printfi.obj (.text:_pproc_fflags)
                  80005860    00000120                         : lowlev.obj (.text:getdevice)
                  80005980    00000100                         : trgdrv.obj (.text:HOSTlseek)
                  80005a80    00000100                         : trgdrv.obj (.text:HOSTopen)
                  80005b80    00000100                         : autoinit.obj (.text:_auto_init_elf)
                  80005c80    00000100                         : _io_perm.obj (.text:_wrt_ok)
                  80005d80    00000100                         : atoi.obj (.text:atoi)
                  80005e80    00000100                         : lowlev.obj (.text:close)
                  80005f80    00000100                         : cpy_tbl.obj (.text:copy_in)
                  80006080    000000e0                         : trgdrv.obj (.text:HOSTread)
                  80006160    000000e0                         : trgdrv.obj (.text:HOSTwrite)
                  80006240    000000e0                         : cmpd.obj (.text:__c6xabi_cmpd)
                  80006320    000000e0                         : _printfi.obj (.text:_div)
                  80006400    000000e0                         : memset.obj (.text:memset)
                  800064e0    000000e0                         : printf.obj (.text:printf)
                  800065c0    000000c0                         : trgdrv.obj (.text:HOSTunlink)
                  80006680    000000c0                         : divu_t.obj (.text:__divu)
                  80006740    000000c0                         : fflush.obj (.text:_doflush)
                  80006800    000000c0                         : _printfi.obj (.text:_ecpy)
                  800068c0    000000c0                         : _printfi.obj (.text:_pconv_f)
                  80006980    000000c0                         : exit.obj (.text:exit)
                  80006a40    000000c0                         : lowlev.obj (.text:lseek)
                  80006b00    000000c0                         : ltoa.obj (.text:ltoa)
                  80006bc0    000000c0                         : tls.obj (.text:tls:init:__TI_tls_init)
                  80006c80    000000c0                         : lowlev.obj (.text:write)
                  80006d40    000000a0                         : trgdrv.obj (.text:HOSTclose)
                  80006de0    000000a0                         : fixdi.obj (.text:__c6xabi_fixdi)
                  80006e80    000000a0                         : llshift.obj (.text:__c6xabi_llshl)
                  80006f20    000000a0                         : fopen.obj (.text:_cleanup)
                  80006fc0    000000a0                         : _printfi.obj (.text:_fcpy)
                  80007060    000000a0                         : memory.obj (.text:_minit)
                  80007100    000000a0                         : lowlev.obj (.text:finddevice)
                  800071a0    000000a0                         : memory.obj (.text:minsert)
                  80007240    000000a0                         : memory.obj (.text:mremove)
                  800072e0    00000080                         : renormd.obj (.text:_renormd)
                  80007360    00000080                         : lowlev.obj (.text:unlink)
                  800073e0    00000060                         : cpp_init.obj (.text:__TI_cpp_init)
                  80007440    00000060                         : fltid.obj (.text:__c6xabi_fltid)
                  800074a0    00000060                         : llshift.obj (.text:__c6xabi_llshru)
                  80007500    00000060                         : boot.obj (.text:_c_int00)
                  80007560    00000060                         : imath64.obj (.text:_subcull)
                  800075c0    00000060                         : memccpy.obj (.text:memccpy)
                  80007620    00000060                         : trgmsg.obj (.text:readmsg)
                  80007680    00000060                         : trgmsg.obj (.text:writemsg)
                  800076e0    00000040                         : fltud.obj (.text:__c6xabi_fltud)
                  80007720    00000040                         : frcmpyd_div.obj (.text:__c6xabi_frcmpyd_div)
                  80007760    00000040                         : isinf.obj (.text:__c6xabi_isinf)
                  800077a0    00000040                         : _printfi.obj (.text:__c6xabi_isnan)
                  800077e0    00000040                         : negd.obj (.text:__c6xabi_negd)
                  80007820    00000040                         : subd.obj (.text:__c6xabi_subd)
                  80007860    00000040                         : args_main.obj (.text:_args_main)
                  800078a0    00000020                         : _lock.obj (.text:_nop)
                  800078c0    00000020                         : printf.obj (.text:_outc)
                  800078e0    00000020                         : printf.obj (.text:_outs)
                  80007900    00000020                         : exit.obj (.text:abort)
                  80007920    00000020                         : copy_decompress_none.obj (.text:decompress:none:__TI_decompress_none)
                  80007940    00000020                         : copy_decompress_rle.obj (.text:decompress:rle24:__TI_decompress_rle24)
                  80007960    00000020     hello.obj (.text:retain)
                  80007980    00000101     rtstesla_le_elf.lib : ctype.obj (.const:.string:_ctypes_)
                  80007a81    00000023                         : _printfi.obj (.const:.string)
                  80007aa4    0000001c     hello.obj (.const:.string)
                  80007ac0    00000009     rl_ip_api.obj (.const:$P$T0$1)
                  80007ac9    00000007     --HOLE-- [fill = 0]
                  80007ad0    00000008     rtstesla_le_elf.lib : divd.obj (.const:.string:initial_approx$1)
                  80007ad8    00000008     rl_ip_api.obj (.const:.string)
                  80007ae0    00000140     rtstesla_le_elf.lib : defs.obj (.far) [fill = 0]
                  80007c20    00000008                         : trgdrv.obj (.far) [fill = 0]
                  80007c28    00030000     rl_ip_api.obj (.fardata:in_img)
                  80037c28    000001e0     rtstesla_le_elf.lib : defs.obj (.fardata:_ftable)
                  80037e08    000000a0                         : lowlev.obj (.fardata:_stream)
                  80037ea8    00000078                         : lowlev.obj (.fardata:_device)
                  80037f20    0000000c                         : exit.obj (.fardata)
                  80037f2c    0000000c                         : memory.obj (.fardata)
                  80037f38    00000008                         : _lock.obj (.fardata)
                  80037f40    00000004                         : defs.obj (.fardata)
                  80037f44    0000001c     --HOLE-- [fill = 00000000]

.stack     0    81000000    00001000     UNINITIALIZED
                  81000000    00000008     rtstesla_le_elf.lib : boot.obj (.stack)
                  81000008    00000ff8     --HOLE--

.sysmem    0    81001000    00001000     UNINITIALIZED
                  81001000    00000008     rtstesla_le_elf.lib : memory.obj (.sysmem)
                  81001008    00000ff8     --HOLE--

.cio       0    81002000    00000120     UNINITIALIZED
                  81002000    00000120     rtstesla_le_elf.lib : trgmsg.obj (.cio)

.neardata 
*          0    81002120    00000004     
                  81002120    00000004     hello.obj (.neardata)

.rodata    0    81002124    00000000     UNINITIALIZED

.bss       0    81002124    00000000     UNINITIALIZED

.cinit     0    81002124    0000001c     
                  81002124    00000009     (.cinit..neardata.load) [load image, compression = rle]
                  8100212d    00000003     --HOLE-- [fill = 0]
                  81002130    00000008     (__TI_handler_table)
                  81002138    00000008     (__TI_cinit_table)


LINKER GENERATED COPY TABLES

__TI_cinit_table @ 81002138 records: 1, size/record: 8, table size: 8
	.neardata: load addr=81002124, load size=00000009 bytes, run addr=81002120, run size=00000004 bytes, compression=rle


LINKER GENERATED HANDLER TABLE

__TI_handler_table @ 81002130 records: 2, size/record: 4, table size: 8
	index: 0, handler: __TI_decompress_rle24
	index: 1, handler: __TI_decompress_none


FAR CALL TRAMPOLINES

callee name               trampoline name
   callee addr  tramp addr   call addr  call info
--------------  -----------  ---------  ----------------
$.text:_c_int00:rtstesla_le_elf.lib<boot.obj>$0x0  $Tramp$S$$_c_int00
   80007500     80000200     80000000   boot.obj (.boot)
$.text:retain:hello.obj$0x0  $Tramp$S$$timerISR
   80007960     80000220     80000080   boot.obj (.boot)

[2 trampolines]
[2 trampoline calls]


GLOBAL SYMBOLS: SORTED ALPHABETICALLY BY Name 

address    name
--------   ----
80007900   C$$EXIT
800076d4   C$$IO$$
80004378   GauFun
80006d40   HOSTclose
80005980   HOSTlseek
80005a80   HOSTopen
80006080   HOSTread
80004ce0   HOSTrename
800065c0   HOSTunlink
80006160   HOSTwrite
81002000   __CIOBUF_
81002138   __TI_CINIT_Base
81002140   __TI_CINIT_Limit
81002130   __TI_Handler_Table_Base
81002138   __TI_Handler_Table_Limit
UNDEFED    __TI_INITARRAY_Base
UNDEFED    __TI_INITARRAY_Limit
81001000   __TI_STACK_END
00001000   __TI_STACK_SIZE
81002120   __TI_STATIC_BASE
00001000   __TI_SYSMEM_SIZE
UNDEFED    __TI_TLS_INIT_Base
UNDEFED    __TI_TLS_INIT_Limit
00000001   __TI_args_main
800073e0   __TI_cpp_init
80007920   __TI_decompress_none
80007940   __TI_decompress_rle24
80037f28   __TI_enable_exit_profile_output
ffffffff   __TI_pprof_out_hndl
ffffffff   __TI_prof_data_size
ffffffff   __TI_prof_data_start
80006bc0   __TI_tls_init
ffffffff   __binit__
80004140   __c6xabi_addd
80006240   __c6xabi_cmpd
80000400   __c6xabi_divd
80006680   __c6xabi_divu
80004980   __c6xabi_divul
80002de0   __c6xabi_divull
80006de0   __c6xabi_fixdi
80007440   __c6xabi_fltid
800076e0   __c6xabi_fltud
80007720   __c6xabi_frcmpyd_div
80007760   __c6xabi_isinf
80006e80   __c6xabi_llshl
800074a0   __c6xabi_llshru
80003840   __c6xabi_mpyd
800077e0   __c6xabi_negd
80007820   __c6xabi_subd
ffffffff   __c_args__
80006680   __divu
80007860   _args_main
80005b80   _auto_init_elf
80007500   _c_int00
80006f20   _cleanup
80037f20   _cleanup_ptr
800053e0   _closefile
80007980   _ctypes_
80006740   _doflush
80037f24   _dtors_ptr
80004580   _frcaddd
80005500   _frcmpyd
80037f40   _ft_end
80037c28   _ftable
80037f38   _lock
80007060   _minit
800078a0   _nop
80001400   _printfi
800072e0   _renormd
80000000   _reset
81000000   _stack
80007560   _subcull
81001000   _sys_memory
80007ae0   _tmpnams
80037f3c   _unlock
80005c80   _wrt_ok
80007900   abort
80005d80   atoi
ffffffff   binit
80001bc0   clean
80004360   clock
80005e80   close
80001940   config_AMMU
80005f80   copy_in
800019f0   enable_L1Cache
80001a00   enable_L2Cache
80006980   exit
80003cc0   fputc
80001c80   fputs
80003320   free
80005160   fseek
80007c28   in_img
81002120   intrCnt
80001b24   invalidate
80006a40   lseek
80006b00   ltoa
80001a10   main
80004fe0   malloc
800075c0   memccpy
800052a0   memcpy
80006400   memset
800064e0   printf
80007620   readmsg
80007360   remove
80003f00   setvbuf
80001880   start_Timer
80007960   timerISR
80007360   unlink
80006c80   write
80007680   writemsg


GLOBAL SYMBOLS: SORTED BY Symbol Address 

address    name
--------   ----
00000001   __TI_args_main
00001000   __TI_STACK_SIZE
00001000   __TI_SYSMEM_SIZE
80000000   _reset
80000400   __c6xabi_divd
80001400   _printfi
80001880   start_Timer
80001940   config_AMMU
800019f0   enable_L1Cache
80001a00   enable_L2Cache
80001a10   main
80001b24   invalidate
80001bc0   clean
80001c80   fputs
80002de0   __c6xabi_divull
80003320   free
80003840   __c6xabi_mpyd
80003cc0   fputc
80003f00   setvbuf
80004140   __c6xabi_addd
80004360   clock
80004378   GauFun
80004580   _frcaddd
80004980   __c6xabi_divul
80004ce0   HOSTrename
80004fe0   malloc
80005160   fseek
800052a0   memcpy
800053e0   _closefile
80005500   _frcmpyd
80005980   HOSTlseek
80005a80   HOSTopen
80005b80   _auto_init_elf
80005c80   _wrt_ok
80005d80   atoi
80005e80   close
80005f80   copy_in
80006080   HOSTread
80006160   HOSTwrite
80006240   __c6xabi_cmpd
80006400   memset
800064e0   printf
800065c0   HOSTunlink
80006680   __c6xabi_divu
80006680   __divu
80006740   _doflush
80006980   exit
80006a40   lseek
80006b00   ltoa
80006bc0   __TI_tls_init
80006c80   write
80006d40   HOSTclose
80006de0   __c6xabi_fixdi
80006e80   __c6xabi_llshl
80006f20   _cleanup
80007060   _minit
800072e0   _renormd
80007360   remove
80007360   unlink
800073e0   __TI_cpp_init
80007440   __c6xabi_fltid
800074a0   __c6xabi_llshru
80007500   _c_int00
80007560   _subcull
800075c0   memccpy
80007620   readmsg
80007680   writemsg
800076d4   C$$IO$$
800076e0   __c6xabi_fltud
80007720   __c6xabi_frcmpyd_div
80007760   __c6xabi_isinf
800077e0   __c6xabi_negd
80007820   __c6xabi_subd
80007860   _args_main
800078a0   _nop
80007900   C$$EXIT
80007900   abort
80007920   __TI_decompress_none
80007940   __TI_decompress_rle24
80007960   timerISR
80007980   _ctypes_
80007ae0   _tmpnams
80007c28   in_img
80037c28   _ftable
80037f20   _cleanup_ptr
80037f24   _dtors_ptr
80037f28   __TI_enable_exit_profile_output
80037f38   _lock
80037f3c   _unlock
80037f40   _ft_end
81000000   _stack
81001000   __TI_STACK_END
81001000   _sys_memory
81002000   __CIOBUF_
81002120   __TI_STATIC_BASE
81002120   intrCnt
81002130   __TI_Handler_Table_Base
81002138   __TI_CINIT_Base
81002138   __TI_Handler_Table_Limit
81002140   __TI_CINIT_Limit
ffffffff   __TI_pprof_out_hndl
ffffffff   __TI_prof_data_size
ffffffff   __TI_prof_data_start
ffffffff   __binit__
ffffffff   __c_args__
ffffffff   binit
UNDEFED    __TI_INITARRAY_Base
UNDEFED    __TI_INITARRAY_Limit
UNDEFED    __TI_TLS_INIT_Base
UNDEFED    __TI_TLS_INIT_Limit

[110 symbols]
