******************************************************************************
               TMS320C6x Linker PC v8.0.4                      
******************************************************************************
>> Linked Tue Jan 12 16:11:06 2016

OUTPUT FILE NAME:   <dsp_deeplearn_teradeep.out>
ENTRY POINT SYMBOL: "_c_int00"  address: 00807a60


MEMORY CONFIGURATION

         name            origin    length      used     unused   attr    fill
----------------------  --------  ---------  --------  --------  ----  --------
  LOCAL_L2_SRAM         00800000   00080000  00010618  0006f9e8  RWIX
  SHRAM                 0c000000   00400000  00000000  00400000  RWIX
  DDR3                  80000000   20000000  00000000  20000000  RWIX


SEGMENT ALLOCATION MAP

run origin  load origin   length   init length attrs members
----------  ----------- ---------- ----------- ----- -------
00800000    00800000    00007e60   00007e60    r-x
  00800000    00800000    00007e60   00007e60    r-x .text
00807e60    00807e60    00004cc0   00000000    rw-
  00807e60    00807e60    00002c68   00000000    rw- .local_ram
  0080aac8    0080aac8    00001024   00000000    rw- .stack
  0080baf0    0080baf0    00001024   00000000    rw- .sysmem
  0080cb18    0080cb18    00000008   00000000    rw- .fardata.1
0080cb20    0080cb20    00000700   00000700    r-x
  0080cb20    0080cb20    00000700   00000700    r-x .kernel
0080d220    0080d220    00000460   00000000    rw-
  0080d220    0080d220    00000318   00000000    rw- .fardata.2
  0080d538    0080d538    00000148   00000000    rw- .far
0080d680    0080d680    0000013c   0000013c    r--
  0080d680    0080d680    0000013c   0000013c    r-- .const
0080d7c0    0080d7c0    00000120   00000000    rw-
  0080d7c0    0080d7c0    00000120   00000000    rw- .cio
0080d8e0    0080d8e0    00000038   00000038    r--
  0080d8e0    0080d8e0    00000038   00000038    r-- .switch
0080d918    0080d918    0000001c   00000000    rw-
  0080d918    0080d918    0000001c   00000000    rw- .bss
0080d938    0080d938    00002cf0   00002cf0    r--
  0080d938    0080d938    00002cf0   00002cf0    r-- .cinit


SECTION ALLOCATION MAP

 output                                  attributes/
section   page    origin      length       input sections
--------  ----  ----------  ----------   ----------------
.kernel    0    0080cb20    00000700     
                  0080cb20    00000300     IMG_conv_7x7_i16s_c16s.obj (.text:optimized)
                  0080ce20    00000260     IMG_conv_5x5_i16s_c16s.obj (.text:optimized)
                  0080d080    00000120     DSP_add16.obj (.text:optimized)
                  0080d1a0    00000080     DSP_maxval.obj (.text:optimized)

.text      0    00800000    00007e60     
                  00800000    00000da0     deep_learning.obj (.text)
                  00800da0    00000600     rts6600_elf.lib : divd.obj (.text:__c6xabi_divd)
                  008013a0    000005e0     main.obj (.text)
                  00801980    000005a0     rts6600_elf.lib : _printfi.obj (.text:_setfield)
                  00801f20    00000580                     : _printfi.obj (.text:_getarg_diouxp)
                  008024a0    00000460                     : _printfi.obj (.text:__TI_printfi)
                  00802900    00000380                     : fputs.obj (.text:fputs)
                  00802c80    00000300                     : _printfi.obj (.text:_pproc_fgea)
                  00802f80    000002c0                     : _printfi.obj (.text:_pproc_fwp)
                  00803240    000002a0                     : _printfi.obj (.text:ecvt)
                  008034e0    000002a0                     : memory.obj (.text:free)
                  00803780    00000280                     : _printfi.obj (.text:fcvt)
                  00803a00    00000260                     : _printfi.obj (.text:_pconv_e)
                  00803c60    00000240                     : imath64.obj (.text:__c6xabi_divull)
                  00803ea0    00000240                     : _printfi.obj (.text:_pproc_diouxp)
                  008040e0    00000240                     : _printfi.obj (.text:_pproc_str)
                  00804320    00000240                     : _printfi.obj (.text:acvt)
                  00804560    00000240                     : setvbuf.obj (.text:setvbuf)
                  008047a0    00000220                     : fputc.obj (.text:fputc)
                  008049c0    00000200                     : _printfi.obj (.text:_pconv_g)
                  00804bc0    000001e0                     : imath40.obj (.text:__c6xabi_divul)
                  00804da0    000001a0                     : trgdrv.obj (.text:HOSTrename)
                  00804f40    000001a0                     : _printfi.obj (.text:_pconv_a)
                  008050e0    000001a0                     : frexp.obj (.text:frexp)
                  00805280    00000180                     : memory.obj (.text:malloc)
                  00805400    00000160                     : copy_decompress_rle.obj (.text:__TI_decompress_rle_core)
                  00805560    00000160                     : _printfi.obj (.text:_mcpy)
                  008056c0    00000140                     : fclose.obj (.text:__TI_closefile)
                  00805800    00000140                     : autoinit.obj (.text:_auto_init_elf)
                  00805940    00000140                     : lowlev.obj (.text:getdevice)
                  00805a80    00000140                     : ldexp.obj (.text:ldexp)
                  00805bc0    00000120                     : fseek.obj (.text:fseek)
                  00805ce0    00000100                     : trgdrv.obj (.text:HOSTlseek)
                  00805de0    00000100                     : _io_perm.obj (.text:__TI_wrt_ok)
                  00805ee0    00000100                     : _printfi.obj (.text:_ltostr)
                  00805fe0    00000100                     : _printfi.obj (.text:_pproc_fflags)
                  008060e0    00000100                     : atoi.obj (.text:atoi)
                  008061e0    00000100                     : cpy_tbl.obj (.text:copy_in)
                  008062e0    000000e0                     : trgdrv.obj (.text:HOSTopen)
                  008063c0    000000e0                     : trgdrv.obj (.text:HOSTwrite)
                  008064a0    000000e0                     : divi.obj (.text:__divi)
                  00806580    000000e0                     : _printfi.obj (.text:_div)
                  00806660    000000e0                     : lowlev.obj (.text:close)
                  00806740    000000e0                     : copy_zero_init.obj (.text:decompress:ZI:__TI_zero_init)
                  00806820    000000e0                     : ltoa.obj (.text:ltoa)
                  00806900    000000e0                     : memset.obj (.text:memset)
                  008069e0    000000e0                     : printf.obj (.text:printf)
                  00806ac0    000000c0                     : trgdrv.obj (.text:HOSTread)
                  00806b80    000000c0                     : trgdrv.obj (.text:HOSTunlink)
                  00806c40    000000c0                     : fflush.obj (.text:__TI_doflush)
                  00806d00    000000c0                     : divu.obj (.text:__divu)
                  00806dc0    000000c0                     : remi.obj (.text:__remi)
                  00806e80    000000c0                     : _printfi.obj (.text:_ecpy)
                  00806f40    000000c0                     : exit.obj (.text:exit)
                  00807000    000000c0                     : memory.obj (.text:minsert)
                  008070c0    000000c0                     : memory.obj (.text:mremove)
                  00807180    000000c0                     : tls.obj (.text:tls:init:__TI_tls_init)
                  00807240    000000a0                     : trgdrv.obj (.text:HOSTclose)
                  008072e0    000000a0                     : fopen.obj (.text:__TI_cleanup)
                  00807380    000000a0                     : fltulld.obj (.text:__c6xabi_fltulld)
                  00807420    000000a0                     : _printfi.obj (.text:_fcpy)
                  008074c0    000000a0                     : memory.obj (.text:_minit)
                  00807560    000000a0                     : _printfi.obj (.text:_pconv_f)
                  00807600    000000a0                     : memcpy64.obj (.text:memcpy)
                  008076a0    00000080                     : trgmsg.obj (.text:__TI_readmsg)
                  00807720    00000080                     : trgmsg.obj (.text:__TI_writemsg)
                  008077a0    00000080                     : llshift.obj (.text:__c6xabi_llshl)
                  00807820    00000080                     : lowlev.obj (.text:finddevice)
                  008078a0    00000080                     : _printfi.obj (.text:incr_hex)
                  00807920    00000080                     : lowlev.obj (.text:unlink)
                  008079a0    00000060                     : frcmpyd_div.obj (.text:__TI_frcmpyd_div)
                  00807a00    00000060                     : llshift.obj (.text:__c6xabi_llshru)
                  00807a60    00000060                     : boot.obj (.text:_c_int00)
                  00807ac0    00000060                     : imath64.obj (.text:_subcull)
                  00807b20    00000060                     : lowlev.obj (.text:lseek)
                  00807b80    00000060                     : memccpy.obj (.text:memccpy)
                  00807be0    00000060                     : _printfi.obj (.text:val_hex)
                  00807c40    00000060                     : lowlev.obj (.text:write)
                  00807ca0    00000040                     : isinf.obj (.text:__c6xabi_isinf)
                  00807ce0    00000040                     : _printfi.obj (.text:__c6xabi_isnan)
                  00807d20    00000040                     : args_main.obj (.text:_args_main)
                  00807d60    00000020                     : errno.obj (.text:__c6xabi_errno_addr)
                  00807d80    00000020                     : _lock.obj (.text:_nop)
                  00807da0    00000020                     : printf.obj (.text:_outc)
                  00807dc0    00000020                     : printf.obj (.text:_outs)
                  00807de0    00000020                     : exit.obj (.text:abort)
                  00807e00    00000020     ti.csl.ae66 : csl_tsc.oe66 (.text:cslsys_section:tsc)
                  00807e20    00000020     rts6600_elf.lib : copy_decompress_none.obj (.text:decompress:none:__TI_decompress_none)
                  00807e40    00000020                     : copy_decompress_rle.obj (.text:decompress:rle24:__TI_decompress_rle24)

.local_ram 
*          0    00807e60    00002c68     UNINITIALIZED
                  00807e60    00002c48     deep_learning.obj (.local_ram:init)
                  0080aaa8    0000001c     deep_learning.obj (.local_ram:uninit)
                  0080aac4    00000004     main.obj (.local_ram:uninit)

.stack     0    0080aac8    00001024     UNINITIALIZED
                  0080aac8    00000008     rts6600_elf.lib : boot.obj (.stack)
                  0080aad0    0000101c     --HOLE--

.sysmem    0    0080baf0    00001024     UNINITIALIZED
                  0080baf0    00000008     rts6600_elf.lib : memory.obj (.sysmem)
                  0080baf8    0000101c     --HOLE--

.fardata.1 
*          0    0080cb18    00000008     UNINITIALIZED
                  0080cb18    00000004     rts6600_elf.lib : _lock.obj (.fardata:_lock)
                  0080cb1c    00000004                     : _lock.obj (.fardata:_unlock)

.fardata.2 
*          0    0080d220    00000318     UNINITIALIZED
                  0080d220    000001e0     rts6600_elf.lib : defs.obj (.fardata:_ftable)
                  0080d400    000000a0                     : lowlev.obj (.fardata:_stream)
                  0080d4a0    00000078                     : lowlev.obj (.fardata:_device)
                  0080d518    0000000c                     : exit.obj (.fardata)
                  0080d524    0000000c                     : memory.obj (.fardata)
                  0080d530    00000004                     : defs.obj (.fardata)
                  0080d534    00000004                     : errno.obj (.fardata)

.far       0    0080d538    00000148     UNINITIALIZED
                  0080d538    00000140     (.common:__TI_tmpnams)
                  0080d678    00000008     (.common:parmbuf)

.const     0    0080d680    0000013c     
                  0080d680    00000101     rts6600_elf.lib : ctype.obj (.const:.string:_ctypes_)
                  0080d781    00000003     --HOLE-- [fill = 0]
                  0080d784    00000024                     : _printfi.obj (.const:.string)
                  0080d7a8    00000014     main.obj (.const:.string)

.cio       0    0080d7c0    00000120     UNINITIALIZED
                  0080d7c0    00000120     rts6600_elf.lib : trgmsg.obj (.cio)

.switch    0    0080d8e0    00000038     
                  0080d8e0    00000038     rts6600_elf.lib : _printfi.obj (.switch:_pproc_fgea)

.neardata 
*          0    0080d918    00000000     UNINITIALIZED

.rodata    0    0080d918    00000000     UNINITIALIZED

.bss       0    0080d918    0000001c     UNINITIALIZED
                  0080d918    00000008     (.common:cumulative)
                  0080d920    00000008     (.common:endVal)
                  0080d928    00000008     (.common:startVal)
                  0080d930    00000004     (.common:maps_info_ptr)

.cinit     0    0080d938    00002cf0     
                  0080d938    00002c2b     (.cinit..local_ram.load) [load image, compression = rle]
                  00810563    00000001     --HOLE-- [fill = 0]
                  00810564    00000069     (.cinit..fardata.2.load) [load image, compression = rle]
                  008105cd    00000003     --HOLE-- [fill = 0]
                  008105d0    0000000e     (.cinit..fardata.1.load) [load image, compression = rle]
                  008105de    00000002     --HOLE-- [fill = 0]
                  008105e0    0000000c     (__TI_handler_table)
                  008105ec    00000008     (.cinit..bss.load) [load image, compression = zero_init]
                  008105f4    00000008     (.cinit..far.load) [load image, compression = zero_init]
                  008105fc    00000004     --HOLE-- [fill = 0]
                  00810600    00000028     (__TI_cinit_table)

.init_array 
*          0    00800000    00000000     UNINITIALIZED


LINKER GENERATED COPY TABLES

__TI_cinit_table @ 00810600 records: 5, size/record: 8, table size: 40
	.local_ram: load addr=0080d938, load size=00002c2b bytes, run addr=00807e60, run size=00002c68 bytes, compression=rle
	.fardata.2: load addr=00810564, load size=00000069 bytes, run addr=0080d220, run size=00000318 bytes, compression=rle
	.fardata.1: load addr=008105d0, load size=0000000e bytes, run addr=0080cb18, run size=00000008 bytes, compression=rle
	.bss: load addr=008105ec, load size=00000008 bytes, run addr=0080d918, run size=0000001c bytes, compression=zero_init
	.far: load addr=008105f4, load size=00000008 bytes, run addr=0080d538, run size=00000148 bytes, compression=zero_init


LINKER GENERATED HANDLER TABLE

__TI_handler_table @ 008105e0 records: 3, size/record: 4, table size: 12
	index: 0, handler: __TI_zero_init
	index: 1, handler: __TI_decompress_rle24
	index: 2, handler: __TI_decompress_none


GLOBAL SYMBOLS: SORTED ALPHABETICALLY BY Name 

address   name                           
-------   ----                           
00807de0  C$$EXIT                        
00807780  C$$IO$$                        
00807e00  CSL_tscEnable                  
00807e08  CSL_tscRead                    
00800414  Conv5x5                        
00800000  Conv7x7                        
0080d080  DSP_add16_shift                
0080d1a0  DSP_maxval                     
00807240  HOSTclose                      
00805ce0  HOSTlseek                      
008062e0  HOSTopen                       
00806ac0  HOSTread                       
00804da0  HOSTrename                     
00806b80  HOSTunlink                     
008063c0  HOSTwrite                      
0080ce20  IMG_conv_5x5_i16s_c16s         
0080cb20  IMG_conv_7x7_i16s_c16s         
00800b98  MemMgr_HeapDeInit              
00800700  MemMgr_HeapInit                
0080d7c0  __CIOBUF_                      
00810600  __TI_CINIT_Base                
00810628  __TI_CINIT_Limit               
008105e0  __TI_Handler_Table_Base        
008105ec  __TI_Handler_Table_Limit       
UNDEFED   __TI_INITARRAY_Base            
UNDEFED   __TI_INITARRAY_Limit           
0080baec  __TI_STACK_END                 
00001024  __TI_STACK_SIZE                
00807e60  __TI_STATIC_BASE               
00001024  __TI_SYSMEM_SIZE               
UNDEFED   __TI_TLS_INIT_Base             
UNDEFED   __TI_TLS_INIT_Limit            
008072e0  __TI_cleanup                   
0080d518  __TI_cleanup_ptr               
008056c0  __TI_closefile                 
00807e20  __TI_decompress_none           
00807e40  __TI_decompress_rle24          
00806c40  __TI_doflush                   
0080d51c  __TI_dtors_ptr                 
0080d520  __TI_enable_exit_profile_output
008079a0  __TI_frcmpyd_div               
0080d530  __TI_ft_end                    
ffffffff  __TI_pprof_out_hndl            
008024a0  __TI_printfi                   
ffffffff  __TI_prof_data_size            
ffffffff  __TI_prof_data_start           
008076a0  __TI_readmsg                   
00807180  __TI_tls_init                  
0080d538  __TI_tmpnams                   
00807720  __TI_writemsg                  
00805de0  __TI_wrt_ok                    
00806740  __TI_zero_init                 
ffffffff  __binit__                      
00800da0  __c6xabi_divd                  
008064a0  __c6xabi_divi                  
00806d00  __c6xabi_divu                  
00804bc0  __c6xabi_divul                 
00803c60  __c6xabi_divull                
00807d60  __c6xabi_errno_addr            
00807380  __c6xabi_fltulld               
00807ca0  __c6xabi_isinf                 
008077a0  __c6xabi_llshl                 
00807a00  __c6xabi_llshru                
00806dc0  __c6xabi_remi                  
ffffffff  __c_args__                     
008064a0  __divi                         
00806d00  __divu                         
0080d534  __errno                        
00806dc0  __remi                         
00807d20  _args_main                     
00000200  _argsize                       
00805800  _auto_init_elf                 
00807a60  _c_int00                       
0080d680  _ctypes_                       
0080d220  _ftable                        
00000700  _kernel_size                   
0080cb18  _lock                          
008074c0  _minit                         
00807d80  _nop                           
0080aac8  _stack                         
00807ac0  _subcull                       
0080baf0  _sys_memory                    
0080cb1c  _unlock                        
00807de0  abort                          
008060e0  atoi                           
ffffffff  binit                          
00806660  close                          
00801758  compute_num_maps               
0000013c  const_size                     
0080d680  const_start                    
008061e0  copy_in                        
0080aac4  core_id                        
0080d918  cumulative                     
00800c54  deeplearn                      
0080aa88  dilate                         
008013a0  do_power_gating                
0080d920  endVal                         
0080d534  errno                          
00806f40  exit                           
008047a0  fputc                          
00802900  fputs                          
008034e0  free                           
008050e0  frexp                          
00805bc0  fseek                          
00807e60  kernel5x5                      
00809760  kernel7x7                      
00805a80  ldexp                          
00807b20  lseek                          
00806820  ltoa                           
00801794  main                           
00805280  malloc                         
0080d930  maps_info_ptr                  
00800694  mem_alloc                      
00807b80  memccpy                        
00807600  memcpy                         
00806900  memset                         
008004a4  operateLayer1                  
008001d0  operateLayer2                  
008069e0  printf                         
00807920  remove                         
00804560  setvbuf                        
0080d928  startVal                       
00807920  unlink                         
00807c40  write                          


GLOBAL SYMBOLS: SORTED BY Symbol Address 

address   name                           
-------   ----                           
0000013c  const_size                     
00000200  _argsize                       
00000700  _kernel_size                   
00001024  __TI_STACK_SIZE                
00001024  __TI_SYSMEM_SIZE               
00800000  Conv7x7                        
008001d0  operateLayer2                  
00800414  Conv5x5                        
008004a4  operateLayer1                  
00800694  mem_alloc                      
00800700  MemMgr_HeapInit                
00800b98  MemMgr_HeapDeInit              
00800c54  deeplearn                      
00800da0  __c6xabi_divd                  
008013a0  do_power_gating                
00801758  compute_num_maps               
00801794  main                           
008024a0  __TI_printfi                   
00802900  fputs                          
008034e0  free                           
00803c60  __c6xabi_divull                
00804560  setvbuf                        
008047a0  fputc                          
00804bc0  __c6xabi_divul                 
00804da0  HOSTrename                     
008050e0  frexp                          
00805280  malloc                         
008056c0  __TI_closefile                 
00805800  _auto_init_elf                 
00805a80  ldexp                          
00805bc0  fseek                          
00805ce0  HOSTlseek                      
00805de0  __TI_wrt_ok                    
008060e0  atoi                           
008061e0  copy_in                        
008062e0  HOSTopen                       
008063c0  HOSTwrite                      
008064a0  __c6xabi_divi                  
008064a0  __divi                         
00806660  close                          
00806740  __TI_zero_init                 
00806820  ltoa                           
00806900  memset                         
008069e0  printf                         
00806ac0  HOSTread                       
00806b80  HOSTunlink                     
00806c40  __TI_doflush                   
00806d00  __c6xabi_divu                  
00806d00  __divu                         
00806dc0  __c6xabi_remi                  
00806dc0  __remi                         
00806f40  exit                           
00807180  __TI_tls_init                  
00807240  HOSTclose                      
008072e0  __TI_cleanup                   
00807380  __c6xabi_fltulld               
008074c0  _minit                         
00807600  memcpy                         
008076a0  __TI_readmsg                   
00807720  __TI_writemsg                  
00807780  C$$IO$$                        
008077a0  __c6xabi_llshl                 
00807920  remove                         
00807920  unlink                         
008079a0  __TI_frcmpyd_div               
00807a00  __c6xabi_llshru                
00807a60  _c_int00                       
00807ac0  _subcull                       
00807b20  lseek                          
00807b80  memccpy                        
00807c40  write                          
00807ca0  __c6xabi_isinf                 
00807d20  _args_main                     
00807d60  __c6xabi_errno_addr            
00807d80  _nop                           
00807de0  C$$EXIT                        
00807de0  abort                          
00807e00  CSL_tscEnable                  
00807e08  CSL_tscRead                    
00807e20  __TI_decompress_none           
00807e40  __TI_decompress_rle24          
00807e60  __TI_STATIC_BASE               
00807e60  kernel5x5                      
00809760  kernel7x7                      
0080aa88  dilate                         
0080aac4  core_id                        
0080aac8  _stack                         
0080baec  __TI_STACK_END                 
0080baf0  _sys_memory                    
0080cb18  _lock                          
0080cb1c  _unlock                        
0080cb20  IMG_conv_7x7_i16s_c16s         
0080ce20  IMG_conv_5x5_i16s_c16s         
0080d080  DSP_add16_shift                
0080d1a0  DSP_maxval                     
0080d220  _ftable                        
0080d518  __TI_cleanup_ptr               
0080d51c  __TI_dtors_ptr                 
0080d520  __TI_enable_exit_profile_output
0080d530  __TI_ft_end                    
0080d534  __errno                        
0080d534  errno                          
0080d538  __TI_tmpnams                   
0080d680  _ctypes_                       
0080d680  const_start                    
0080d7c0  __CIOBUF_                      
0080d918  cumulative                     
0080d920  endVal                         
0080d928  startVal                       
0080d930  maps_info_ptr                  
008105e0  __TI_Handler_Table_Base        
008105ec  __TI_Handler_Table_Limit       
00810600  __TI_CINIT_Base                
00810628  __TI_CINIT_Limit               
ffffffff  __TI_pprof_out_hndl            
ffffffff  __TI_prof_data_size            
ffffffff  __TI_prof_data_start           
ffffffff  __binit__                      
ffffffff  __c_args__                     
ffffffff  binit                          
UNDEFED   __TI_INITARRAY_Base            
UNDEFED   __TI_INITARRAY_Limit           
UNDEFED   __TI_TLS_INIT_Base             
UNDEFED   __TI_TLS_INIT_Limit            

[124 symbols]
