******************************************************************************
               TMS320C6x Linker PC v7.4.12                     
******************************************************************************
>> Linked Sun Jan 10 00:05:44 2016

OUTPUT FILE NAME:   <deeplearn_evm5432_cifar10.out>
ENTRY POINT SYMBOL: "_reset"  address: 80000000


MEMORY CONFIGURATION

         name            origin    length      used     unused   attr    fill
----------------------  --------  ---------  --------  --------  ----  --------
  BOOT_MEM              80000000   00000400  00000340  000000c0  RWIX
  PMEM                  80000400   00fffc00  0000c520  00ff36e0  RWIX
  BMEM                  81000000   10000000  10000000  00000000  RWIX


SEGMENT ALLOCATION MAP

run origin  load origin   length   init length attrs members
----------  ----------- ---------- ----------- ----- -------
80000000    80000000    00000220   00000220    r-x
  80000000    80000000    00000220   00000220    r-x .boot
80000220    80000220    00000120   00000000    rw-
  80000220    80000220    00000120   00000000    rw- .cio
80000400    80000400    0000c50c   0000b420    rwx
  80000400    80000400    0000b420   0000b420    rwx big_ro
  8000b820    8000b820    00001000   00000000    rw- .stack
  8000c820    8000c820    000000ec   00000000    rw- .bss
8000c90c    8000c90c    00000014   00000014    r--
  8000c90c    8000c90c    00000014   00000014    r-- .cinit
81000000    81000000    10000000   00000000    rw-
  81000000    81000000    10000000   00000000    rw- .sysmem


SECTION ALLOCATION MAP

 output                                  attributes/
section   page    origin      length       input sections
--------  ----  ----------  ----------   ----------------
.boot      0    80000000    00000220     
                  80000000    00000200     boot.obj (.boot)
                  80000200    00000020     rtstesla_le_elf.lib : boot.obj ($Tramp$S$$_c_int00)

.cio       0    80000220    00000120     UNINITIALIZED
                  80000220    00000120     rtstesla_le_elf.lib : trgmsg.obj (.cio)

big_ro     0    80000400    0000b420     
                  80000400    000015e0     deep_learning.obj (.text)
                  800019e0    00000600     main.obj (.text)
                  80001fe0    00000580     rtstesla_le_elf.lib : divd.obj (.text:__c6xabi_divd)
                  80002560    00000580                         : _printfi.obj (.text:_getarg_diouxp)
                  80002ae0    00000500                         : _printfi.obj (.text:_setfield)
                  80002fe0    00000480                         : _printfi.obj (.text:_printfi)
                  80003460    000003e0                         : fputs.obj (.text:fputs)
                  80003840    000003c0                         : _printfi.obj (.text:_pproc_fge)
                  80003c00    00000380                         : _printfi.obj (.text:fcvt)
                  80003f80    00000360                         : _printfi.obj (.text:ecvt)
                  800042e0    000002e0                         : _printfi.obj (.text:_pconv_e)
                  800045c0    000002a0                         : imath64.obj (.text:__c6xabi_divull)
                  80004860    000002a0                         : _printfi.obj (.text:_pproc_fwp)
                  80004b00    000002a0                         : memory.obj (.text:free)
                  80004da0    00000280                         : _printfi.obj (.text:_pproc_diouxp)
                  80005020    00000240                         : mpyd.obj (.text:__c6xabi_mpyd)
                  80005260    00000240                         : _printfi.obj (.text:_pproc_str)
                  800054a0    00000240                         : fputc.obj (.text:fputc)
                  800056e0    00000240                         : setvbuf.obj (.text:setvbuf)
                  80005920    00000220                         : addd.obj (.text:__c6xabi_addd)
                  80005b40    00000220     DSP_maxidx.obj (.text:optimized)
                  80005d60    00000200     rtstesla_le_elf.lib : frcaddd.obj (.text:_frcaddd)
                  80005f60    00000200                         : _printfi.obj (.text:_pconv_g)
                  80006160    000001e0     classifier.obj (.text)
                  80006340    000001c0     rtstesla_le_elf.lib : imath40.obj (.text:__c6xabi_divul)
                  80006500    000001c0     IMG_conv_5x5_i16s_c16s_c.obj (.text:ansi)
                  800066c0    000001a0     rtstesla_le_elf.lib : _printfi.obj (.text:_mcpy)
                  80006860    000001a0     DSP_add16.obj (.text:optimized)
                  80006a00    00000180     rtstesla_le_elf.lib : trgdrv.obj (.text:HOSTrename)
                  80006b80    00000180                         : memory.obj (.text:malloc)
                  80006d00    00000140                         : fseek.obj (.text:fseek)
                  80006e40    00000140                         : memcpy62.obj (.text:memcpy)
                  80006f80    00000120                         : fclose.obj (.text:_closefile)
                  800070a0    00000120                         : frcmpyd.obj (.text:_frcmpyd)
                  800071c0    00000120                         : _printfi.obj (.text:_ltostr)
                  800072e0    00000120                         : _printfi.obj (.text:_pproc_fflags)
                  80007400    00000120                         : lowlev.obj (.text:getdevice)
                  80007520    00000120     DSP_dotprod.obj (.text:optimized)
                  80007640    00000100     DSP_vec.obj (.text)
                  80007740    00000100     rtstesla_le_elf.lib : trgdrv.obj (.text:HOSTlseek)
                  80007840    00000100                         : trgdrv.obj (.text:HOSTopen)
                  80007940    00000100                         : autoinit.obj (.text:_auto_init_elf)
                  80007a40    00000100                         : _io_perm.obj (.text:_wrt_ok)
                  80007b40    00000100                         : atoi.obj (.text:atoi)
                  80007c40    00000100                         : lowlev.obj (.text:close)
                  80007d40    00000100                         : cpy_tbl.obj (.text:copy_in)
                  80007e40    000000e0                         : trgdrv.obj (.text:HOSTread)
                  80007f20    000000e0                         : trgdrv.obj (.text:HOSTwrite)
                  80008000    000000e0                         : cmpd.obj (.text:__c6xabi_cmpd)
                  800080e0    000000e0                         : _printfi.obj (.text:_div)
                  800081c0    000000e0                         : copy_zero_init.obj (.text:decompress:ZI:__TI_zero_init)
                  800082a0    000000e0                         : memset.obj (.text:memset)
                  80008380    000000e0     DSP_maxval.obj (.text:optimized)
                  80008460    000000e0     rtstesla_le_elf.lib : printf.obj (.text:printf)
                  80008540    000000c0                         : trgdrv.obj (.text:HOSTunlink)
                  80008600    000000c0                         : divu_t.obj (.text:__divu)
                  800086c0    000000c0                         : fflush.obj (.text:_doflush)
                  80008780    000000c0                         : _printfi.obj (.text:_ecpy)
                  80008840    000000c0                         : _printfi.obj (.text:_pconv_f)
                  80008900    000000c0                         : exit.obj (.text:exit)
                  800089c0    000000c0                         : lowlev.obj (.text:lseek)
                  80008a80    000000c0                         : ltoa.obj (.text:ltoa)
                  80008b40    000000c0                         : tls.obj (.text:tls:init:__TI_tls_init)
                  80008c00    000000c0                         : lowlev.obj (.text:write)
                  80008cc0    000000a0                         : trgdrv.obj (.text:HOSTclose)
                  80008d60    000000a0                         : fixdi.obj (.text:__c6xabi_fixdi)
                  80008e00    000000a0                         : llshift.obj (.text:__c6xabi_llshl)
                  80008ea0    000000a0                         : fopen.obj (.text:_cleanup)
                  80008f40    000000a0                         : _printfi.obj (.text:_fcpy)
                  80008fe0    000000a0                         : memory.obj (.text:_minit)
                  80009080    000000a0                         : lowlev.obj (.text:finddevice)
                  80009120    000000a0                         : memory.obj (.text:minsert)
                  800091c0    000000a0                         : memory.obj (.text:mremove)
                  80009260    00000080                         : fltulld.obj (.text:__c6xabi_fltulld)
                  800092e0    00000080                         : renormd.obj (.text:_renormd)
                  80009360    00000080                         : lowlev.obj (.text:unlink)
                  800093e0    00000060                         : cpp_init.obj (.text:__TI_cpp_init)
                  80009440    00000060                         : fltid.obj (.text:__c6xabi_fltid)
                  800094a0    00000060                         : llshift.obj (.text:__c6xabi_llshru)
                  80009500    00000060                         : boot.obj (.text:_c_int00)
                  80009560    00000060                         : imath64.obj (.text:_subcull)
                  800095c0    00000060                         : memccpy.obj (.text:memccpy)
                  80009620    00000060                         : trgmsg.obj (.text:readmsg)
                  80009680    00000060                         : trgmsg.obj (.text:writemsg)
                  800096e0    00000040                         : fltud.obj (.text:__c6xabi_fltud)
                  80009720    00000040                         : frcmpyd_div.obj (.text:__c6xabi_frcmpyd_div)
                  80009760    00000040                         : isinf.obj (.text:__c6xabi_isinf)
                  800097a0    00000040                         : _printfi.obj (.text:__c6xabi_isnan)
                  800097e0    00000040                         : negd.obj (.text:__c6xabi_negd)
                  80009820    00000040                         : subd.obj (.text:__c6xabi_subd)
                  80009860    00000040                         : args_main.obj (.text:_args_main)
                  800098a0    00000020                         : _lock.obj (.text:_nop)
                  800098c0    00000020                         : printf.obj (.text:_outc)
                  800098e0    00000020                         : printf.obj (.text:_outs)
                  80009900    00000020                         : exit.obj (.text:abort)
                  80009920    00001900     deep_learning.obj (.const:kernel5x5)
                  8000b220    00000101     rtstesla_le_elf.lib : ctype.obj (.const:.string:_ctypes_)
                  8000b321    00000003     --HOLE-- [fill = 0]
                  8000b324    00000038     main.obj (.const:.string)
                  8000b35c    00000023     rtstesla_le_elf.lib : _printfi.obj (.const:.string)
                  8000b37f    00000001     --HOLE-- [fill = 0]
                  8000b380    00000008                         : divd.obj (.const:.string:initial_approx$1)
                  8000b388    00000140                         : defs.obj (.far) [fill = 0]
                  8000b4c8    0000001c     deep_learning.obj (.far) [fill = 0]
                  8000b4e4    00000004     --HOLE-- [fill = 0]
                  8000b4e8    00000008     rtstesla_le_elf.lib : trgdrv.obj (.far) [fill = 0]
                  8000b4f0    000001e0                         : defs.obj (.fardata:_ftable)
                  8000b6d0    000000a0                         : lowlev.obj (.fardata:_stream)
                  8000b770    00000078                         : lowlev.obj (.fardata:_device)
                  8000b7e8    00000010     deep_learning.obj (.fardata:dilate)
                  8000b7f8    0000000c     rtstesla_le_elf.lib : exit.obj (.fardata)
                  8000b804    0000000c                         : memory.obj (.fardata)
                  8000b810    00000008                         : _lock.obj (.fardata)
                  8000b818    00000004                         : defs.obj (.fardata)
                  8000b81c    00000004     --HOLE-- [fill = 00000000]

.stack     0    8000b820    00001000     UNINITIALIZED
                  8000b820    00000008     rtstesla_le_elf.lib : boot.obj (.stack)
                  8000b828    00000ff8     --HOLE--

.neardata 
*          0    8000c820    00000000     UNINITIALIZED

.rodata    0    8000c820    00000000     UNINITIALIZED

.bss       0    8000c820    000000ec     UNINITIALIZED
                  8000c820    000000a8     main.obj (.bss)
                  8000c8c8    00000044     deep_learning.obj (.bss)

.cinit     0    8000c90c    00000014     
                  8000c90c    00000008     (.cinit..bss.load) [load image, compression = zero_init]
                  8000c914    00000004     (__TI_handler_table)
                  8000c918    00000008     (__TI_cinit_table)

.sysmem    0    81000000    10000000     UNINITIALIZED
                  81000000    00000008     rtstesla_le_elf.lib : memory.obj (.sysmem)
                  81000008    0ffffff8     --HOLE--


LINKER GENERATED COPY TABLES

__TI_cinit_table @ 8000c918 records: 1, size/record: 8, table size: 8
	.bss: load addr=8000c90c, load size=00000008 bytes, run addr=8000c820, run size=000000ec bytes, compression=zero_init


LINKER GENERATED HANDLER TABLE

__TI_handler_table @ 8000c914 records: 1, size/record: 4, table size: 4
	index: 0, handler: __TI_zero_init


FAR CALL TRAMPOLINES

callee name               trampoline name
   callee addr  tramp addr   call addr  call info
--------------  -----------  ---------  ----------------
$.text:_c_int00:rtstesla_le_elf.lib<boot.obj>$0x0  $Tramp$S$$_c_int00
   80009500     80000200     80000000   boot.obj (.boot)

[1 trampolines]
[1 trampoline calls]


GLOBAL SYMBOLS: SORTED ALPHABETICALLY BY Name 

address    name
--------   ----
80009900   C$$EXIT
800096d4   C$$IO$$
80000464   Conv5x5
80006860   DSP_add16_shift
80007520   DSP_dotprod
80005b40   DSP_maxidx
80008380   DSP_maxval
80007640   DSP_vec
80008cc0   HOSTclose
80007740   HOSTlseek
80007840   HOSTopen
80007e40   HOSTread
80006a00   HOSTrename
80008540   HOSTunlink
80007f20   HOSTwrite
80006500   IMG_conv_5x5_i16s_c16s_cn
800018d8   MemMgr_HeapDeInit
800013b0   MemMgr_HeapInit
80000220   __CIOBUF_
8000c918   __TI_CINIT_Base
8000c920   __TI_CINIT_Limit
8000c914   __TI_Handler_Table_Base
8000c918   __TI_Handler_Table_Limit
UNDEFED    __TI_INITARRAY_Base
UNDEFED    __TI_INITARRAY_Limit
8000c820   __TI_STACK_END
00001000   __TI_STACK_SIZE
8000c820   __TI_STATIC_BASE
10000000   __TI_SYSMEM_SIZE
UNDEFED    __TI_TLS_INIT_Base
UNDEFED    __TI_TLS_INIT_Limit
00000001   __TI_args_main
800093e0   __TI_cpp_init
8000b800   __TI_enable_exit_profile_output
ffffffff   __TI_pprof_out_hndl
ffffffff   __TI_prof_data_size
ffffffff   __TI_prof_data_start
80008b40   __TI_tls_init
800081c0   __TI_zero_init
ffffffff   __binit__
80005920   __c6xabi_addd
80008000   __c6xabi_cmpd
80001fe0   __c6xabi_divd
80008600   __c6xabi_divu
80006340   __c6xabi_divul
800045c0   __c6xabi_divull
80008d60   __c6xabi_fixdi
80009440   __c6xabi_fltid
800096e0   __c6xabi_fltud
80009260   __c6xabi_fltulld
80009720   __c6xabi_frcmpyd_div
80009760   __c6xabi_isinf
80008e00   __c6xabi_llshl
800094a0   __c6xabi_llshru
80005020   __c6xabi_mpyd
800097e0   __c6xabi_negd
80009820   __c6xabi_subd
ffffffff   __c_args__
80008600   __divu
80009860   _args_main
80007940   _auto_init_elf
80009500   _c_int00
80008ea0   _cleanup
8000b7f8   _cleanup_ptr
80006f80   _closefile
8000b220   _ctypes_
800086c0   _doflush
8000b7fc   _dtors_ptr
80005d60   _frcaddd
800070a0   _frcmpyd
8000b818   _ft_end
8000b4f0   _ftable
8000b810   _lock
80008fe0   _minit
800098a0   _nop
80002fe0   _printfi
800092e0   _renormd
80000000   _reset
8000b820   _stack
80009560   _subcull
81000000   _sys_memory
8000b388   _tmpnams
8000b814   _unlock
80007a40   _wrt_ok
80009900   abort
8000c8a0   add1
8000c8a8   add2
80007b40   atoi
ffffffff   binit
80001f20   clean
80007c40   close
800019e0   config_AMMU
8000c858   conv1
8000c860   conv2
8000c868   conv3
80007d40   copy_in
80001714   deeplearn
8000b7e8   dilate
80000400   do_padding
80006160   dummy_classifier
80001a90   enable_L1Cache
80001aa0   enable_L2Cache
8000c828   endVal1
8000c838   endVal2
80008900   exit
800054a0   fputc
80003460   fputs
80004b00   free
80006d00   fseek
80001e84   invalidate
80009920   kernel5x5
8000c840   layer1
8000c848   layer2
8000c850   layer3
800089c0   lseek
80008a80   ltoa
80001ab0   main
80006b80   malloc
8000b4c8   maps_info_1
800095c0   memccpy
80006e40   memcpy
800082a0   memset
80000f0c   operateLayer1
80000a70   operateLayer2
80000648   operateLayer3
8000c8fc   pHiddenBias
8000c904   pHiddenNeuron
8000c8f4   pInputNeurons
8000c8f8   pInputWt
8000c908   pOutputNeuron
8000c900   pOutputWt
8000c8b0   pad1
8000c8b8   pad2
8000c8c0   pad3
8000c870   pool1
8000c878   pool2
8000c880   pool3
80008460   printf
80009620   readmsg
8000c888   rect1
8000c890   rect2
8000c898   rect3
80009360   remove
800056e0   setvbuf
8000c820   startVal1
8000c830   startVal2
80009360   unlink
80008c00   write
80009680   writemsg


GLOBAL SYMBOLS: SORTED BY Symbol Address 

address    name
--------   ----
00000001   __TI_args_main
00001000   __TI_STACK_SIZE
10000000   __TI_SYSMEM_SIZE
80000000   _reset
80000220   __CIOBUF_
80000400   do_padding
80000464   Conv5x5
80000648   operateLayer3
80000a70   operateLayer2
80000f0c   operateLayer1
800013b0   MemMgr_HeapInit
80001714   deeplearn
800018d8   MemMgr_HeapDeInit
800019e0   config_AMMU
80001a90   enable_L1Cache
80001aa0   enable_L2Cache
80001ab0   main
80001e84   invalidate
80001f20   clean
80001fe0   __c6xabi_divd
80002fe0   _printfi
80003460   fputs
800045c0   __c6xabi_divull
80004b00   free
80005020   __c6xabi_mpyd
800054a0   fputc
800056e0   setvbuf
80005920   __c6xabi_addd
80005b40   DSP_maxidx
80005d60   _frcaddd
80006160   dummy_classifier
80006340   __c6xabi_divul
80006500   IMG_conv_5x5_i16s_c16s_cn
80006860   DSP_add16_shift
80006a00   HOSTrename
80006b80   malloc
80006d00   fseek
80006e40   memcpy
80006f80   _closefile
800070a0   _frcmpyd
80007520   DSP_dotprod
80007640   DSP_vec
80007740   HOSTlseek
80007840   HOSTopen
80007940   _auto_init_elf
80007a40   _wrt_ok
80007b40   atoi
80007c40   close
80007d40   copy_in
80007e40   HOSTread
80007f20   HOSTwrite
80008000   __c6xabi_cmpd
800081c0   __TI_zero_init
800082a0   memset
80008380   DSP_maxval
80008460   printf
80008540   HOSTunlink
80008600   __c6xabi_divu
80008600   __divu
800086c0   _doflush
80008900   exit
800089c0   lseek
80008a80   ltoa
80008b40   __TI_tls_init
80008c00   write
80008cc0   HOSTclose
80008d60   __c6xabi_fixdi
80008e00   __c6xabi_llshl
80008ea0   _cleanup
80008fe0   _minit
80009260   __c6xabi_fltulld
800092e0   _renormd
80009360   remove
80009360   unlink
800093e0   __TI_cpp_init
80009440   __c6xabi_fltid
800094a0   __c6xabi_llshru
80009500   _c_int00
80009560   _subcull
800095c0   memccpy
80009620   readmsg
80009680   writemsg
800096d4   C$$IO$$
800096e0   __c6xabi_fltud
80009720   __c6xabi_frcmpyd_div
80009760   __c6xabi_isinf
800097e0   __c6xabi_negd
80009820   __c6xabi_subd
80009860   _args_main
800098a0   _nop
80009900   C$$EXIT
80009900   abort
80009920   kernel5x5
8000b220   _ctypes_
8000b388   _tmpnams
8000b4c8   maps_info_1
8000b4f0   _ftable
8000b7e8   dilate
8000b7f8   _cleanup_ptr
8000b7fc   _dtors_ptr
8000b800   __TI_enable_exit_profile_output
8000b810   _lock
8000b814   _unlock
8000b818   _ft_end
8000b820   _stack
8000c820   __TI_STACK_END
8000c820   __TI_STATIC_BASE
8000c820   startVal1
8000c828   endVal1
8000c830   startVal2
8000c838   endVal2
8000c840   layer1
8000c848   layer2
8000c850   layer3
8000c858   conv1
8000c860   conv2
8000c868   conv3
8000c870   pool1
8000c878   pool2
8000c880   pool3
8000c888   rect1
8000c890   rect2
8000c898   rect3
8000c8a0   add1
8000c8a8   add2
8000c8b0   pad1
8000c8b8   pad2
8000c8c0   pad3
8000c8f4   pInputNeurons
8000c8f8   pInputWt
8000c8fc   pHiddenBias
8000c900   pOutputWt
8000c904   pHiddenNeuron
8000c908   pOutputNeuron
8000c914   __TI_Handler_Table_Base
8000c918   __TI_CINIT_Base
8000c918   __TI_Handler_Table_Limit
8000c920   __TI_CINIT_Limit
81000000   _sys_memory
ffffffff   __TI_pprof_out_hndl
ffffffff   __TI_prof_data_size
ffffffff   __TI_prof_data_start
ffffffff   __binit__
ffffffff   __c_args__
ffffffff   binit
UNDEFED    __TI_INITARRAY_Base
UNDEFED    __TI_INITARRAY_Limit
UNDEFED    __TI_TLS_INIT_Base
UNDEFED    __TI_TLS_INIT_Limit

[149 symbols]
