<?xml version="1.0"?>
<link_info>
   <banner>TMS320C6x Linker PC v7.4.12</banner>
   <copyright>Copyright (c) 1996-2014 Texas Instruments Incorporated</copyright>
   <link_time>0x56822425</link_time>
   <output_file>testDSP.out</output_file>
   <entry_point>
      <name>_reset</name>
      <address>0x80000000</address>
   </entry_point>
   <input_file_list>
      <input_file id="fl-2">
         <path>.\</path>
         <kind>object</kind>
         <file>boot.obj</file>
         <name>boot.obj</name>
      </input_file>
      <input_file id="fl-3">
         <path>.\</path>
         <kind>object</kind>
         <file>hello.obj</file>
         <name>hello.obj</name>
      </input_file>
      <input_file id="fl-4">
         <path>.\</path>
         <kind>object</kind>
         <file>rl_ip_api.obj</file>
         <name>rl_ip_api.obj</name>
      </input_file>
      <input_file id="fl-7f">
         <path>F:\ti\ccsv6\tools\compiler\c6000_7.4.12\lib\</path>
         <kind>archive</kind>
         <file>rtstesla_le_elf.lib</file>
         <name>boot.obj</name>
      </input_file>
      <input_file id="fl-80">
         <path>F:\ti\ccsv6\tools\compiler\c6000_7.4.12\lib\</path>
         <kind>archive</kind>
         <file>rtstesla_le_elf.lib</file>
         <name>copy_decompress_none.obj</name>
      </input_file>
      <input_file id="fl-81">
         <path>F:\ti\ccsv6\tools\compiler\c6000_7.4.12\lib\</path>
         <kind>archive</kind>
         <file>rtstesla_le_elf.lib</file>
         <name>copy_decompress_rle.obj</name>
      </input_file>
      <input_file id="fl-82">
         <path>F:\ti\ccsv6\tools\compiler\c6000_7.4.12\lib\</path>
         <kind>archive</kind>
         <file>rtstesla_le_elf.lib</file>
         <name>copy_zero_init.obj</name>
      </input_file>
      <input_file id="fl-83">
         <path>F:\ti\ccsv6\tools\compiler\c6000_7.4.12\lib\</path>
         <kind>archive</kind>
         <file>rtstesla_le_elf.lib</file>
         <name>divd.obj</name>
      </input_file>
      <input_file id="fl-84">
         <path>F:\ti\ccsv6\tools\compiler\c6000_7.4.12\lib\</path>
         <kind>archive</kind>
         <file>rtstesla_le_elf.lib</file>
         <name>exit.obj</name>
      </input_file>
      <input_file id="fl-85">
         <path>F:\ti\ccsv6\tools\compiler\c6000_7.4.12\lib\</path>
         <kind>archive</kind>
         <file>rtstesla_le_elf.lib</file>
         <name>fltud.obj</name>
      </input_file>
      <input_file id="fl-86">
         <path>F:\ti\ccsv6\tools\compiler\c6000_7.4.12\lib\</path>
         <kind>archive</kind>
         <file>rtstesla_le_elf.lib</file>
         <name>frcmpyd_div.obj</name>
      </input_file>
      <input_file id="fl-87">
         <path>F:\ti\ccsv6\tools\compiler\c6000_7.4.12\lib\</path>
         <kind>archive</kind>
         <file>rtstesla_le_elf.lib</file>
         <name>memcpy62.obj</name>
      </input_file>
      <input_file id="fl-88">
         <path>F:\ti\ccsv6\tools\compiler\c6000_7.4.12\lib\</path>
         <kind>archive</kind>
         <file>rtstesla_le_elf.lib</file>
         <name>printf.obj</name>
      </input_file>
      <input_file id="fl-89">
         <path>F:\ti\ccsv6\tools\compiler\c6000_7.4.12\lib\</path>
         <kind>archive</kind>
         <file>rtstesla_le_elf.lib</file>
         <name>_lock.obj</name>
      </input_file>
      <input_file id="fl-8a">
         <path>F:\ti\ccsv6\tools\compiler\c6000_7.4.12\lib\</path>
         <kind>archive</kind>
         <file>rtstesla_le_elf.lib</file>
         <name>_printfi.obj</name>
      </input_file>
      <input_file id="fl-8b">
         <path>F:\ti\ccsv6\tools\compiler\c6000_7.4.12\lib\</path>
         <kind>archive</kind>
         <file>rtstesla_le_elf.lib</file>
         <name>args_main.obj</name>
      </input_file>
      <input_file id="fl-8c">
         <path>F:\ti\ccsv6\tools\compiler\c6000_7.4.12\lib\</path>
         <kind>archive</kind>
         <file>rtstesla_le_elf.lib</file>
         <name>atoi.obj</name>
      </input_file>
      <input_file id="fl-8d">
         <path>F:\ti\ccsv6\tools\compiler\c6000_7.4.12\lib\</path>
         <kind>archive</kind>
         <file>rtstesla_le_elf.lib</file>
         <name>autoinit.obj</name>
      </input_file>
      <input_file id="fl-8e">
         <path>F:\ti\ccsv6\tools\compiler\c6000_7.4.12\lib\</path>
         <kind>archive</kind>
         <file>rtstesla_le_elf.lib</file>
         <name>cmpd.obj</name>
      </input_file>
      <input_file id="fl-8f">
         <path>F:\ti\ccsv6\tools\compiler\c6000_7.4.12\lib\</path>
         <kind>archive</kind>
         <file>rtstesla_le_elf.lib</file>
         <name>cpp_init.obj</name>
      </input_file>
      <input_file id="fl-90">
         <path>F:\ti\ccsv6\tools\compiler\c6000_7.4.12\lib\</path>
         <kind>archive</kind>
         <file>rtstesla_le_elf.lib</file>
         <name>cpy_tbl.obj</name>
      </input_file>
      <input_file id="fl-91">
         <path>F:\ti\ccsv6\tools\compiler\c6000_7.4.12\lib\</path>
         <kind>archive</kind>
         <file>rtstesla_le_elf.lib</file>
         <name>ctype.obj</name>
      </input_file>
      <input_file id="fl-92">
         <path>F:\ti\ccsv6\tools\compiler\c6000_7.4.12\lib\</path>
         <kind>archive</kind>
         <file>rtstesla_le_elf.lib</file>
         <name>defs.obj</name>
      </input_file>
      <input_file id="fl-93">
         <path>F:\ti\ccsv6\tools\compiler\c6000_7.4.12\lib\</path>
         <kind>archive</kind>
         <file>rtstesla_le_elf.lib</file>
         <name>divu_t.obj</name>
      </input_file>
      <input_file id="fl-94">
         <path>F:\ti\ccsv6\tools\compiler\c6000_7.4.12\lib\</path>
         <kind>archive</kind>
         <file>rtstesla_le_elf.lib</file>
         <name>fixdi.obj</name>
      </input_file>
      <input_file id="fl-95">
         <path>F:\ti\ccsv6\tools\compiler\c6000_7.4.12\lib\</path>
         <kind>archive</kind>
         <file>rtstesla_le_elf.lib</file>
         <name>fltid.obj</name>
      </input_file>
      <input_file id="fl-96">
         <path>F:\ti\ccsv6\tools\compiler\c6000_7.4.12\lib\</path>
         <kind>archive</kind>
         <file>rtstesla_le_elf.lib</file>
         <name>fputc.obj</name>
      </input_file>
      <input_file id="fl-97">
         <path>F:\ti\ccsv6\tools\compiler\c6000_7.4.12\lib\</path>
         <kind>archive</kind>
         <file>rtstesla_le_elf.lib</file>
         <name>fputs.obj</name>
      </input_file>
      <input_file id="fl-98">
         <path>F:\ti\ccsv6\tools\compiler\c6000_7.4.12\lib\</path>
         <kind>archive</kind>
         <file>rtstesla_le_elf.lib</file>
         <name>imath40.obj</name>
      </input_file>
      <input_file id="fl-99">
         <path>F:\ti\ccsv6\tools\compiler\c6000_7.4.12\lib\</path>
         <kind>archive</kind>
         <file>rtstesla_le_elf.lib</file>
         <name>imath64.obj</name>
      </input_file>
      <input_file id="fl-9a">
         <path>F:\ti\ccsv6\tools\compiler\c6000_7.4.12\lib\</path>
         <kind>archive</kind>
         <file>rtstesla_le_elf.lib</file>
         <name>isinf.obj</name>
      </input_file>
      <input_file id="fl-9b">
         <path>F:\ti\ccsv6\tools\compiler\c6000_7.4.12\lib\</path>
         <kind>archive</kind>
         <file>rtstesla_le_elf.lib</file>
         <name>llshift.obj</name>
      </input_file>
      <input_file id="fl-9c">
         <path>F:\ti\ccsv6\tools\compiler\c6000_7.4.12\lib\</path>
         <kind>archive</kind>
         <file>rtstesla_le_elf.lib</file>
         <name>lowlev.obj</name>
      </input_file>
      <input_file id="fl-9d">
         <path>F:\ti\ccsv6\tools\compiler\c6000_7.4.12\lib\</path>
         <kind>archive</kind>
         <file>rtstesla_le_elf.lib</file>
         <name>ltoa.obj</name>
      </input_file>
      <input_file id="fl-9e">
         <path>F:\ti\ccsv6\tools\compiler\c6000_7.4.12\lib\</path>
         <kind>archive</kind>
         <file>rtstesla_le_elf.lib</file>
         <name>memccpy.obj</name>
      </input_file>
      <input_file id="fl-9f">
         <path>F:\ti\ccsv6\tools\compiler\c6000_7.4.12\lib\</path>
         <kind>archive</kind>
         <file>rtstesla_le_elf.lib</file>
         <name>memset.obj</name>
      </input_file>
      <input_file id="fl-a0">
         <path>F:\ti\ccsv6\tools\compiler\c6000_7.4.12\lib\</path>
         <kind>archive</kind>
         <file>rtstesla_le_elf.lib</file>
         <name>mpyd.obj</name>
      </input_file>
      <input_file id="fl-a1">
         <path>F:\ti\ccsv6\tools\compiler\c6000_7.4.12\lib\</path>
         <kind>archive</kind>
         <file>rtstesla_le_elf.lib</file>
         <name>negd.obj</name>
      </input_file>
      <input_file id="fl-a2">
         <path>F:\ti\ccsv6\tools\compiler\c6000_7.4.12\lib\</path>
         <kind>archive</kind>
         <file>rtstesla_le_elf.lib</file>
         <name>subd.obj</name>
      </input_file>
      <input_file id="fl-a3">
         <path>F:\ti\ccsv6\tools\compiler\c6000_7.4.12\lib\</path>
         <kind>archive</kind>
         <file>rtstesla_le_elf.lib</file>
         <name>tls.obj</name>
      </input_file>
      <input_file id="fl-a4">
         <path>F:\ti\ccsv6\tools\compiler\c6000_7.4.12\lib\</path>
         <kind>archive</kind>
         <file>rtstesla_le_elf.lib</file>
         <name>tls_get_tp.obj</name>
      </input_file>
      <input_file id="fl-a5">
         <path>F:\ti\ccsv6\tools\compiler\c6000_7.4.12\lib\</path>
         <kind>archive</kind>
         <file>rtstesla_le_elf.lib</file>
         <name>trgdrv.obj</name>
      </input_file>
      <input_file id="fl-a6">
         <path>F:\ti\ccsv6\tools\compiler\c6000_7.4.12\lib\</path>
         <kind>archive</kind>
         <file>rtstesla_le_elf.lib</file>
         <name>trgmsg.obj</name>
      </input_file>
      <input_file id="fl-a7">
         <path>F:\ti\ccsv6\tools\compiler\c6000_7.4.12\lib\</path>
         <kind>archive</kind>
         <file>rtstesla_le_elf.lib</file>
         <name>_io_perm.obj</name>
      </input_file>
      <input_file id="fl-a8">
         <path>F:\ti\ccsv6\tools\compiler\c6000_7.4.12\lib\</path>
         <kind>archive</kind>
         <file>rtstesla_le_elf.lib</file>
         <name>abs.obj</name>
      </input_file>
      <input_file id="fl-a9">
         <path>F:\ti\ccsv6\tools\compiler\c6000_7.4.12\lib\</path>
         <kind>archive</kind>
         <file>rtstesla_le_elf.lib</file>
         <name>addd.obj</name>
      </input_file>
      <input_file id="fl-aa">
         <path>F:\ti\ccsv6\tools\compiler\c6000_7.4.12\lib\</path>
         <kind>archive</kind>
         <file>rtstesla_le_elf.lib</file>
         <name>fflush.obj</name>
      </input_file>
      <input_file id="fl-ab">
         <path>F:\ti\ccsv6\tools\compiler\c6000_7.4.12\lib\</path>
         <kind>archive</kind>
         <file>rtstesla_le_elf.lib</file>
         <name>frcaddd.obj</name>
      </input_file>
      <input_file id="fl-ac">
         <path>F:\ti\ccsv6\tools\compiler\c6000_7.4.12\lib\</path>
         <kind>archive</kind>
         <file>rtstesla_le_elf.lib</file>
         <name>frcmpyd.obj</name>
      </input_file>
      <input_file id="fl-ad">
         <path>F:\ti\ccsv6\tools\compiler\c6000_7.4.12\lib\</path>
         <kind>archive</kind>
         <file>rtstesla_le_elf.lib</file>
         <name>fseek.obj</name>
      </input_file>
      <input_file id="fl-ae">
         <path>F:\ti\ccsv6\tools\compiler\c6000_7.4.12\lib\</path>
         <kind>archive</kind>
         <file>rtstesla_le_elf.lib</file>
         <name>renormd.obj</name>
      </input_file>
      <input_file id="fl-af">
         <path>F:\ti\ccsv6\tools\compiler\c6000_7.4.12\lib\</path>
         <kind>archive</kind>
         <file>rtstesla_le_elf.lib</file>
         <name>setvbuf.obj</name>
      </input_file>
      <input_file id="fl-b0">
         <path>F:\ti\ccsv6\tools\compiler\c6000_7.4.12\lib\</path>
         <kind>archive</kind>
         <file>rtstesla_le_elf.lib</file>
         <name>fopen.obj</name>
      </input_file>
      <input_file id="fl-b1">
         <path>F:\ti\ccsv6\tools\compiler\c6000_7.4.12\lib\</path>
         <kind>archive</kind>
         <file>rtstesla_le_elf.lib</file>
         <name>memory.obj</name>
      </input_file>
      <input_file id="fl-b2">
         <path>F:\ti\ccsv6\tools\compiler\c6000_7.4.12\lib\</path>
         <kind>archive</kind>
         <file>rtstesla_le_elf.lib</file>
         <name>fclose.obj</name>
      </input_file>
      <input_file id="fl-b3">
         <path>F:\ti\ccsv6\tools\compiler\c6000_7.4.12\lib\</path>
         <kind>archive</kind>
         <file>rtstesla_le_elf.lib</file>
         <name>remove.obj</name>
      </input_file>
   </input_file_list>
   <object_component_list>
      <object_component id="oc-15">
         <name>.boot</name>
         <load_address>0x80000000</load_address>
         <run_address>0x80000000</run_address>
         <size>0x200</size>
         <input_file_ref idref="fl-2"/>
      </object_component>
      <object_component id="oc-391">
         <name>$Tramp$S$$_c_int00</name>
         <load_address>0x80000200</load_address>
         <run_address>0x80000200</run_address>
         <size>0x20</size>
         <input_file_ref idref="fl-7f"/>
      </object_component>
      <object_component id="oc-392">
         <name>$Tramp$S$$timerISR</name>
         <load_address>0x80000220</load_address>
         <run_address>0x80000220</run_address>
         <size>0x20</size>
         <input_file_ref idref="fl-3"/>
      </object_component>
      <object_component id="oc-10d">
         <name>.text:__c6xabi_divd</name>
         <load_address>0x80000400</load_address>
         <run_address>0x80000400</run_address>
         <size>0x580</size>
         <input_file_ref idref="fl-83"/>
      </object_component>
      <object_component id="oc-1ec">
         <name>.text:_getarg_diouxp</name>
         <load_address>0x80000980</load_address>
         <run_address>0x80000980</run_address>
         <size>0x580</size>
         <input_file_ref idref="fl-8a"/>
      </object_component>
      <object_component id="oc-13c">
         <name>.text:_setfield</name>
         <load_address>0x80000f00</load_address>
         <run_address>0x80000f00</run_address>
         <size>0x500</size>
         <input_file_ref idref="fl-8a"/>
      </object_component>
      <object_component id="oc-fa">
         <name>.text:_printfi</name>
         <load_address>0x80001400</load_address>
         <run_address>0x80001400</run_address>
         <size>0x480</size>
         <input_file_ref idref="fl-8a"/>
      </object_component>
      <object_component id="oc-9d">
         <name>.text</name>
         <load_address>0x80001880</load_address>
         <run_address>0x80001880</run_address>
         <size>0x400</size>
         <input_file_ref idref="fl-3"/>
      </object_component>
      <object_component id="oc-12c">
         <name>.text:fputs</name>
         <load_address>0x80001c80</load_address>
         <run_address>0x80001c80</run_address>
         <size>0x3e0</size>
         <input_file_ref idref="fl-97"/>
      </object_component>
      <object_component id="oc-186">
         <name>.text:_pproc_fge</name>
         <load_address>0x80002060</load_address>
         <run_address>0x80002060</run_address>
         <size>0x3c0</size>
         <input_file_ref idref="fl-8a"/>
      </object_component>
      <object_component id="oc-246">
         <name>.text:fcvt</name>
         <load_address>0x80002420</load_address>
         <run_address>0x80002420</run_address>
         <size>0x380</size>
         <input_file_ref idref="fl-8a"/>
      </object_component>
      <object_component id="oc-236">
         <name>.text:ecvt</name>
         <load_address>0x800027a0</load_address>
         <run_address>0x800027a0</run_address>
         <size>0x360</size>
         <input_file_ref idref="fl-8a"/>
      </object_component>
      <object_component id="oc-1e6">
         <name>.text:_pconv_e</name>
         <load_address>0x80002b00</load_address>
         <run_address>0x80002b00</run_address>
         <size>0x2e0</size>
         <input_file_ref idref="fl-8a"/>
      </object_component>
      <object_component id="oc-2d7">
         <name>.text:__c6xabi_divull</name>
         <load_address>0x80002de0</load_address>
         <run_address>0x80002de0</run_address>
         <size>0x2a0</size>
         <input_file_ref idref="fl-99"/>
      </object_component>
      <object_component id="oc-137">
         <name>.text:_pproc_fwp</name>
         <load_address>0x80003080</load_address>
         <run_address>0x80003080</run_address>
         <size>0x2a0</size>
         <input_file_ref idref="fl-8a"/>
      </object_component>
      <object_component id="oc-20a">
         <name>.text:free</name>
         <load_address>0x80003320</load_address>
         <run_address>0x80003320</run_address>
         <size>0x2a0</size>
         <input_file_ref idref="fl-b1"/>
      </object_component>
      <object_component id="oc-18b">
         <name>.text:_pproc_diouxp</name>
         <load_address>0x800035c0</load_address>
         <run_address>0x800035c0</run_address>
         <size>0x280</size>
         <input_file_ref idref="fl-8a"/>
      </object_component>
      <object_component id="oc-251">
         <name>.text:__c6xabi_mpyd</name>
         <load_address>0x80003840</load_address>
         <run_address>0x80003840</run_address>
         <size>0x240</size>
         <input_file_ref idref="fl-a0"/>
      </object_component>
      <object_component id="oc-141">
         <name>.text:_pproc_str</name>
         <load_address>0x80003a80</load_address>
         <run_address>0x80003a80</run_address>
         <size>0x240</size>
         <input_file_ref idref="fl-8a"/>
      </object_component>
      <object_component id="oc-126">
         <name>.text:fputc</name>
         <load_address>0x80003cc0</load_address>
         <run_address>0x80003cc0</run_address>
         <size>0x240</size>
         <input_file_ref idref="fl-96"/>
      </object_component>
      <object_component id="oc-1aa">
         <name>.text:setvbuf</name>
         <load_address>0x80003f00</load_address>
         <run_address>0x80003f00</run_address>
         <size>0x240</size>
         <input_file_ref idref="fl-af"/>
      </object_component>
      <object_component id="oc-30c">
         <name>.text:__c6xabi_addd</name>
         <load_address>0x80004140</load_address>
         <run_address>0x80004140</run_address>
         <size>0x220</size>
         <input_file_ref idref="fl-a9"/>
      </object_component>
      <object_component id="oc-d6">
         <name>.text</name>
         <load_address>0x80004360</load_address>
         <run_address>0x80004360</run_address>
         <size>0x220</size>
         <input_file_ref idref="fl-4"/>
      </object_component>
      <object_component id="oc-33d">
         <name>.text:_frcaddd</name>
         <load_address>0x80004580</load_address>
         <run_address>0x80004580</run_address>
         <size>0x200</size>
         <input_file_ref idref="fl-ab"/>
      </object_component>
      <object_component id="oc-1dc">
         <name>.text:_pconv_g</name>
         <load_address>0x80004780</load_address>
         <run_address>0x80004780</run_address>
         <size>0x200</size>
         <input_file_ref idref="fl-8a"/>
      </object_component>
      <object_component id="oc-2d2">
         <name>.text:__c6xabi_divul</name>
         <load_address>0x80004980</load_address>
         <run_address>0x80004980</run_address>
         <size>0x1c0</size>
         <input_file_ref idref="fl-98"/>
      </object_component>
      <object_component id="oc-240">
         <name>.text:_mcpy</name>
         <load_address>0x80004b40</load_address>
         <run_address>0x80004b40</run_address>
         <size>0x1a0</size>
         <input_file_ref idref="fl-8a"/>
      </object_component>
      <object_component id="oc-2a5">
         <name>.text:HOSTrename</name>
         <load_address>0x80004ce0</load_address>
         <run_address>0x80004ce0</run_address>
         <size>0x180</size>
         <input_file_ref idref="fl-a5"/>
      </object_component>
      <object_component id="oc-4c">
         <name>.text:__TI_decompress_rle_core</name>
         <load_address>0x80004e60</load_address>
         <run_address>0x80004e60</run_address>
         <size>0x180</size>
         <input_file_ref idref="fl-81"/>
      </object_component>
      <object_component id="oc-20f">
         <name>.text:malloc</name>
         <load_address>0x80004fe0</load_address>
         <run_address>0x80004fe0</run_address>
         <size>0x180</size>
         <input_file_ref idref="fl-b1"/>
      </object_component>
      <object_component id="oc-1a5">
         <name>.text:fseek</name>
         <load_address>0x80005160</load_address>
         <run_address>0x80005160</run_address>
         <size>0x140</size>
         <input_file_ref idref="fl-ad"/>
      </object_component>
      <object_component id="oc-3b">
         <name>.text:memcpy</name>
         <load_address>0x800052a0</load_address>
         <run_address>0x800052a0</run_address>
         <size>0x140</size>
         <input_file_ref idref="fl-87"/>
      </object_component>
      <object_component id="oc-26b">
         <name>.text:_closefile</name>
         <load_address>0x800053e0</load_address>
         <run_address>0x800053e0</run_address>
         <size>0x120</size>
         <input_file_ref idref="fl-b2"/>
      </object_component>
      <object_component id="oc-2c7">
         <name>.text:_frcmpyd</name>
         <load_address>0x80005500</load_address>
         <run_address>0x80005500</run_address>
         <size>0x120</size>
         <input_file_ref idref="fl-ac"/>
      </object_component>
      <object_component id="oc-1f1">
         <name>.text:_ltostr</name>
         <load_address>0x80005620</load_address>
         <run_address>0x80005620</run_address>
         <size>0x120</size>
         <input_file_ref idref="fl-8a"/>
      </object_component>
      <object_component id="oc-132">
         <name>.text:_pproc_fflags</name>
         <load_address>0x80005740</load_address>
         <run_address>0x80005740</run_address>
         <size>0x120</size>
         <input_file_ref idref="fl-8a"/>
      </object_component>
      <object_component id="oc-327">
         <name>.text:getdevice</name>
         <load_address>0x80005860</load_address>
         <run_address>0x80005860</run_address>
         <size>0x120</size>
         <input_file_ref idref="fl-9c"/>
      </object_component>
      <object_component id="oc-29b">
         <name>.text:HOSTlseek</name>
         <load_address>0x80005980</load_address>
         <run_address>0x80005980</run_address>
         <size>0x100</size>
         <input_file_ref idref="fl-a5"/>
      </object_component>
      <object_component id="oc-287">
         <name>.text:HOSTopen</name>
         <load_address>0x80005a80</load_address>
         <run_address>0x80005a80</run_address>
         <size>0x100</size>
         <input_file_ref idref="fl-a5"/>
      </object_component>
      <object_component id="oc-5f">
         <name>.text:_auto_init_elf</name>
         <load_address>0x80005b80</load_address>
         <run_address>0x80005b80</run_address>
         <size>0x100</size>
         <input_file_ref idref="fl-8d"/>
      </object_component>
      <object_component id="oc-167">
         <name>.text:_wrt_ok</name>
         <load_address>0x80005c80</load_address>
         <run_address>0x80005c80</run_address>
         <size>0x100</size>
         <input_file_ref idref="fl-a7"/>
      </object_component>
      <object_component id="oc-180">
         <name>.text:atoi</name>
         <load_address>0x80005d80</load_address>
         <run_address>0x80005d80</run_address>
         <size>0x100</size>
         <input_file_ref idref="fl-8c"/>
      </object_component>
      <object_component id="oc-2df">
         <name>.text:close</name>
         <load_address>0x80005e80</load_address>
         <run_address>0x80005e80</run_address>
         <size>0x100</size>
         <input_file_ref idref="fl-9c"/>
      </object_component>
      <object_component id="oc-8d">
         <name>.text:copy_in</name>
         <load_address>0x80005f80</load_address>
         <run_address>0x80005f80</run_address>
         <size>0x100</size>
         <input_file_ref idref="fl-90"/>
      </object_component>
      <object_component id="oc-291">
         <name>.text:HOSTread</name>
         <load_address>0x80006080</load_address>
         <run_address>0x80006080</run_address>
         <size>0xe0</size>
         <input_file_ref idref="fl-a5"/>
      </object_component>
      <object_component id="oc-296">
         <name>.text:HOSTwrite</name>
         <load_address>0x80006160</load_address>
         <run_address>0x80006160</run_address>
         <size>0xe0</size>
         <input_file_ref idref="fl-a5"/>
      </object_component>
      <object_component id="oc-1d2">
         <name>.text:__c6xabi_cmpd</name>
         <load_address>0x80006240</load_address>
         <run_address>0x80006240</run_address>
         <size>0xe0</size>
         <input_file_ref idref="fl-8e"/>
      </object_component>
      <object_component id="oc-25d">
         <name>.text:_div</name>
         <load_address>0x80006320</load_address>
         <run_address>0x80006320</run_address>
         <size>0xe0</size>
         <input_file_ref idref="fl-8a"/>
      </object_component>
      <object_component id="oc-17b">
         <name>.text:memset</name>
         <load_address>0x80006400</load_address>
         <run_address>0x80006400</run_address>
         <size>0xe0</size>
         <input_file_ref idref="fl-9f"/>
      </object_component>
      <object_component id="oc-d1">
         <name>.text:printf</name>
         <load_address>0x800064e0</load_address>
         <run_address>0x800064e0</run_address>
         <size>0xe0</size>
         <input_file_ref idref="fl-88"/>
      </object_component>
      <object_component id="oc-2a0">
         <name>.text:HOSTunlink</name>
         <load_address>0x800065c0</load_address>
         <run_address>0x800065c0</run_address>
         <size>0xc0</size>
         <input_file_ref idref="fl-a5"/>
      </object_component>
      <object_component id="oc-2cd">
         <name>.text:__divu</name>
         <load_address>0x80006680</load_address>
         <run_address>0x80006680</run_address>
         <size>0xc0</size>
         <input_file_ref idref="fl-93"/>
      </object_component>
      <object_component id="oc-171">
         <name>.text:_doflush</name>
         <load_address>0x80006740</load_address>
         <run_address>0x80006740</run_address>
         <size>0xc0</size>
         <input_file_ref idref="fl-aa"/>
      </object_component>
      <object_component id="oc-23b">
         <name>.text:_ecpy</name>
         <load_address>0x80006800</load_address>
         <run_address>0x80006800</run_address>
         <size>0xc0</size>
         <input_file_ref idref="fl-8a"/>
      </object_component>
      <object_component id="oc-1e1">
         <name>.text:_pconv_f</name>
         <load_address>0x800068c0</load_address>
         <run_address>0x800068c0</run_address>
         <size>0xc0</size>
         <input_file_ref idref="fl-8a"/>
      </object_component>
      <object_component id="oc-69">
         <name>.text:exit</name>
         <load_address>0x80006980</load_address>
         <run_address>0x80006980</run_address>
         <size>0xc0</size>
         <input_file_ref idref="fl-84"/>
      </object_component>
      <object_component id="oc-1fe">
         <name>.text:lseek</name>
         <load_address>0x80006a40</load_address>
         <run_address>0x80006a40</run_address>
         <size>0xc0</size>
         <input_file_ref idref="fl-9c"/>
      </object_component>
      <object_component id="oc-2b3">
         <name>.text:ltoa</name>
         <load_address>0x80006b00</load_address>
         <run_address>0x80006b00</run_address>
         <size>0xc0</size>
         <input_file_ref idref="fl-9d"/>
      </object_component>
      <object_component id="oc-92">
         <name>.text:tls:init:__TI_tls_init</name>
         <load_address>0x80006bc0</load_address>
         <run_address>0x80006bc0</run_address>
         <size>0xc0</size>
         <input_file_ref idref="fl-a3"/>
      </object_component>
      <object_component id="oc-16c">
         <name>.text:write</name>
         <load_address>0x80006c80</load_address>
         <run_address>0x80006c80</run_address>
         <size>0xc0</size>
         <input_file_ref idref="fl-9c"/>
      </object_component>
      <object_component id="oc-28c">
         <name>.text:HOSTclose</name>
         <load_address>0x80006d40</load_address>
         <run_address>0x80006d40</run_address>
         <size>0xa0</size>
         <input_file_ref idref="fl-a5"/>
      </object_component>
      <object_component id="oc-2ae">
         <name>.text:__c6xabi_fixdi</name>
         <load_address>0x80006de0</load_address>
         <run_address>0x80006de0</run_address>
         <size>0xa0</size>
         <input_file_ref idref="fl-94"/>
      </object_component>
      <object_component id="oc-316">
         <name>.text:__c6xabi_llshl</name>
         <load_address>0x80006e80</load_address>
         <run_address>0x80006e80</run_address>
         <size>0xa0</size>
         <input_file_ref idref="fl-9b"/>
      </object_component>
      <object_component id="oc-205">
         <name>.text:_cleanup</name>
         <load_address>0x80006f20</load_address>
         <run_address>0x80006f20</run_address>
         <size>0xa0</size>
         <input_file_ref idref="fl-b0"/>
      </object_component>
      <object_component id="oc-24b">
         <name>.text:_fcpy</name>
         <load_address>0x80006fc0</load_address>
         <run_address>0x80006fc0</run_address>
         <size>0xa0</size>
         <input_file_ref idref="fl-8a"/>
      </object_component>
      <object_component id="oc-27f">
         <name>.text:_minit</name>
         <load_address>0x80007060</load_address>
         <run_address>0x80007060</run_address>
         <size>0xa0</size>
         <input_file_ref idref="fl-b1"/>
      </object_component>
      <object_component id="oc-352">
         <name>.text:finddevice</name>
         <load_address>0x80007100</load_address>
         <run_address>0x80007100</run_address>
         <size>0xa0</size>
         <input_file_ref idref="fl-9c"/>
      </object_component>
      <object_component id="oc-279">
         <name>.text:minsert</name>
         <load_address>0x800071a0</load_address>
         <run_address>0x800071a0</run_address>
         <size>0xa0</size>
         <input_file_ref idref="fl-b1"/>
      </object_component>
      <object_component id="oc-274">
         <name>.text:mremove</name>
         <load_address>0x80007240</load_address>
         <run_address>0x80007240</run_address>
         <size>0xa0</size>
         <input_file_ref idref="fl-b1"/>
      </object_component>
      <object_component id="oc-35c">
         <name>.text:_renormd</name>
         <load_address>0x800072e0</load_address>
         <run_address>0x800072e0</run_address>
         <size>0x80</size>
         <input_file_ref idref="fl-ae"/>
      </object_component>
      <object_component id="oc-2e4">
         <name>.text:unlink</name>
         <load_address>0x80007360</load_address>
         <run_address>0x80007360</run_address>
         <size>0x80</size>
         <input_file_ref idref="fl-9c"/>
      </object_component>
      <object_component id="oc-97">
         <name>.text:__TI_cpp_init</name>
         <load_address>0x800073e0</load_address>
         <run_address>0x800073e0</run_address>
         <size>0x60</size>
         <input_file_ref idref="fl-8f"/>
      </object_component>
      <object_component id="oc-2b8">
         <name>.text:__c6xabi_fltid</name>
         <load_address>0x80007440</load_address>
         <run_address>0x80007440</run_address>
         <size>0x60</size>
         <input_file_ref idref="fl-95"/>
      </object_component>
      <object_component id="oc-320">
         <name>.text:__c6xabi_llshru</name>
         <load_address>0x800074a0</load_address>
         <run_address>0x800074a0</run_address>
         <size>0x60</size>
         <input_file_ref idref="fl-9b"/>
      </object_component>
      <object_component id="oc-32">
         <name>.text:_c_int00</name>
         <load_address>0x80007500</load_address>
         <run_address>0x80007500</run_address>
         <size>0x60</size>
         <input_file_ref idref="fl-7f"/>
      </object_component>
      <object_component id="oc-31b">
         <name>.text:_subcull</name>
         <load_address>0x80007560</load_address>
         <run_address>0x80007560</run_address>
         <size>0x60</size>
         <input_file_ref idref="fl-99"/>
      </object_component>
      <object_component id="oc-190">
         <name>.text:memccpy</name>
         <load_address>0x800075c0</load_address>
         <run_address>0x800075c0</run_address>
         <size>0x60</size>
         <input_file_ref idref="fl-9e"/>
      </object_component>
      <object_component id="oc-2fb">
         <name>.text:readmsg</name>
         <load_address>0x80007620</load_address>
         <run_address>0x80007620</run_address>
         <size>0x60</size>
         <input_file_ref idref="fl-a6"/>
      </object_component>
      <object_component id="oc-2f6">
         <name>.text:writemsg</name>
         <load_address>0x80007680</load_address>
         <run_address>0x80007680</run_address>
         <size>0x60</size>
         <input_file_ref idref="fl-a6"/>
      </object_component>
      <object_component id="oc-108">
         <name>.text:__c6xabi_fltud</name>
         <load_address>0x800076e0</load_address>
         <run_address>0x800076e0</run_address>
         <size>0x40</size>
         <input_file_ref idref="fl-85"/>
      </object_component>
      <object_component id="oc-15a">
         <name>.text:__c6xabi_frcmpyd_div</name>
         <load_address>0x80007720</load_address>
         <run_address>0x80007720</run_address>
         <size>0x40</size>
         <input_file_ref idref="fl-86"/>
      </object_component>
      <object_component id="oc-1cd">
         <name>.text:__c6xabi_isinf</name>
         <load_address>0x80007760</load_address>
         <run_address>0x80007760</run_address>
         <size>0x40</size>
         <input_file_ref idref="fl-9a"/>
      </object_component>
      <object_component id="oc-1c8">
         <name>.text:__c6xabi_isnan</name>
         <load_address>0x800077a0</load_address>
         <run_address>0x800077a0</run_address>
         <size>0x40</size>
         <input_file_ref idref="fl-8a"/>
      </object_component>
      <object_component id="oc-1d7">
         <name>.text:__c6xabi_negd</name>
         <load_address>0x800077e0</load_address>
         <run_address>0x800077e0</run_address>
         <size>0x40</size>
         <input_file_ref idref="fl-a1"/>
      </object_component>
      <object_component id="oc-2bd">
         <name>.text:__c6xabi_subd</name>
         <load_address>0x80007820</load_address>
         <run_address>0x80007820</run_address>
         <size>0x40</size>
         <input_file_ref idref="fl-a2"/>
      </object_component>
      <object_component id="oc-64">
         <name>.text:_args_main</name>
         <load_address>0x80007860</load_address>
         <run_address>0x80007860</run_address>
         <size>0x40</size>
         <input_file_ref idref="fl-8b"/>
      </object_component>
      <object_component id="oc-11b">
         <name>.text:_nop</name>
         <load_address>0x800078a0</load_address>
         <run_address>0x800078a0</run_address>
         <size>0x20</size>
         <input_file_ref idref="fl-89"/>
      </object_component>
      <object_component id="oc-f0">
         <name>.text:_outc</name>
         <load_address>0x800078c0</load_address>
         <run_address>0x800078c0</run_address>
         <size>0x20</size>
         <input_file_ref idref="fl-88"/>
      </object_component>
      <object_component id="oc-f5">
         <name>.text:_outs</name>
         <load_address>0x800078e0</load_address>
         <run_address>0x800078e0</run_address>
         <size>0x20</size>
         <input_file_ref idref="fl-88"/>
      </object_component>
      <object_component id="oc-a7">
         <name>.text:abort</name>
         <load_address>0x80007900</load_address>
         <run_address>0x80007900</run_address>
         <size>0x20</size>
         <input_file_ref idref="fl-84"/>
      </object_component>
      <object_component id="oc-1a">
         <name>.text:decompress:none:__TI_decompress_none</name>
         <load_address>0x80007920</load_address>
         <run_address>0x80007920</run_address>
         <size>0x20</size>
         <input_file_ref idref="fl-80"/>
      </object_component>
      <object_component id="oc-24">
         <name>.text:decompress:rle24:__TI_decompress_rle24</name>
         <load_address>0x80007940</load_address>
         <run_address>0x80007940</run_address>
         <size>0x20</size>
         <input_file_ref idref="fl-81"/>
      </object_component>
      <object_component id="oc-29">
         <name>.text:retain</name>
         <load_address>0x80007960</load_address>
         <run_address>0x80007960</run_address>
         <size>0x20</size>
         <input_file_ref idref="fl-3"/>
      </object_component>
      <object_component id="oc-1c3">
         <name>.const:.string:_ctypes_</name>
         <load_address>0x80007980</load_address>
         <run_address>0x80007980</run_address>
         <size>0x101</size>
         <input_file_ref idref="fl-91"/>
      </object_component>
      <object_component id="oc-195">
         <name>.const:.string</name>
         <load_address>0x80007a81</load_address>
         <run_address>0x80007a81</run_address>
         <size>0x23</size>
         <input_file_ref idref="fl-8a"/>
      </object_component>
      <object_component id="oc-d0">
         <name>.const:.string</name>
         <load_address>0x80007aa4</load_address>
         <run_address>0x80007aa4</run_address>
         <size>0x1c</size>
         <input_file_ref idref="fl-3"/>
      </object_component>
      <object_component id="oc-101">
         <name>.const:$P$T0$1</name>
         <load_address>0x80007ac0</load_address>
         <run_address>0x80007ac0</run_address>
         <size>0x9</size>
         <input_file_ref idref="fl-4"/>
      </object_component>
      <object_component id="oc-159">
         <name>.const:.string:initial_approx$1</name>
         <load_address>0x80007ad0</load_address>
         <run_address>0x80007ad0</run_address>
         <size>0x8</size>
         <input_file_ref idref="fl-83"/>
      </object_component>
      <object_component id="oc-107">
         <name>.const:.string</name>
         <load_address>0x80007ad8</load_address>
         <run_address>0x80007ad8</run_address>
         <size>0x8</size>
         <input_file_ref idref="fl-4"/>
      </object_component>
      <object_component id="oc-2e9">
         <name>.far</name>
         <load_address>0x80007ae0</load_address>
         <run_address>0x80007ae0</run_address>
         <size>0x140</size>
         <input_file_ref idref="fl-92"/>
      </object_component>
      <object_component id="oc-2f3">
         <name>.far</name>
         <load_address>0x80007c20</load_address>
         <run_address>0x80007c20</run_address>
         <size>0x8</size>
         <input_file_ref idref="fl-a5"/>
      </object_component>
      <object_component id="oc-104">
         <name>.fardata:in_img</name>
         <load_address>0x80007c28</load_address>
         <run_address>0x80007c28</run_address>
         <size>0x30000</size>
         <input_file_ref idref="fl-4"/>
      </object_component>
      <object_component id="oc-ed">
         <name>.fardata:_ftable</name>
         <load_address>0x80037c28</load_address>
         <run_address>0x80037c28</run_address>
         <size>0x1e0</size>
         <input_file_ref idref="fl-92"/>
      </object_component>
      <object_component id="oc-1b1">
         <name>.fardata:_stream</name>
         <load_address>0x80037e08</load_address>
         <run_address>0x80037e08</run_address>
         <size>0xa0</size>
         <input_file_ref idref="fl-9c"/>
      </object_component>
      <object_component id="oc-218">
         <name>.fardata:_device</name>
         <load_address>0x80037ea8</load_address>
         <run_address>0x80037ea8</run_address>
         <size>0x78</size>
         <input_file_ref idref="fl-9c"/>
      </object_component>
      <object_component id="oc-a4">
         <name>.fardata</name>
         <load_address>0x80037f20</load_address>
         <run_address>0x80037f20</run_address>
         <size>0xc</size>
         <input_file_ref idref="fl-84"/>
      </object_component>
      <object_component id="oc-271">
         <name>.fardata</name>
         <load_address>0x80037f2c</load_address>
         <run_address>0x80037f2c</run_address>
         <size>0xc</size>
         <input_file_ref idref="fl-b1"/>
      </object_component>
      <object_component id="oc-ea">
         <name>.fardata</name>
         <load_address>0x80037f38</load_address>
         <run_address>0x80037f38</run_address>
         <size>0x8</size>
         <input_file_ref idref="fl-89"/>
      </object_component>
      <object_component id="oc-268">
         <name>.fardata</name>
         <load_address>0x80037f40</load_address>
         <run_address>0x80037f40</run_address>
         <size>0x4</size>
         <input_file_ref idref="fl-92"/>
      </object_component>
      <object_component id="oc-2f">
         <name>.stack</name>
         <uninitialized>true</uninitialized>
         <run_address>0x81000000</run_address>
         <size>0x8</size>
         <input_file_ref idref="fl-7f"/>
      </object_component>
      <object_component id="oc-38f">
         <name>.stack</name>
         <uninitialized>true</uninitialized>
         <run_address>0x81000000</run_address>
         <size>0x0</size>
      </object_component>
      <object_component id="oc-58">
         <name>.neardata</name>
         <load_address>0x81002120</load_address>
         <run_address>0x81002120</run_address>
         <size>0x4</size>
         <input_file_ref idref="fl-3"/>
      </object_component>
      <object_component id="oc-38e">
         <name>.cinit..neardata.load</name>
         <load_address>0x81002124</load_address>
         <run_address>0x81002124</run_address>
         <size>0x9</size>
      </object_component>
      <object_component id="oc-38c">
         <name>__TI_handler_table</name>
         <load_address>0x81002130</load_address>
         <run_address>0x81002130</run_address>
         <size>0x8</size>
      </object_component>
      <object_component id="oc-38d">
         <name>__TI_cinit_table</name>
         <load_address>0x81002138</load_address>
         <run_address>0x81002138</run_address>
         <size>0x8</size>
      </object_component>
      <object_component id="oc-333">
         <name>.cio</name>
         <uninitialized>true</uninitialized>
         <run_address>0x81002000</run_address>
         <size>0x120</size>
         <input_file_ref idref="fl-a6"/>
      </object_component>
      <object_component id="oc-37">
         <name>.sysmem</name>
         <uninitialized>true</uninitialized>
         <run_address>0x81001000</run_address>
         <size>0x8</size>
         <input_file_ref idref="fl-b1"/>
      </object_component>
      <object_component id="oc-390">
         <name>.sysmem</name>
         <uninitialized>true</uninitialized>
         <run_address>0x81001000</run_address>
         <size>0x0</size>
      </object_component>
      <object_component id="oc-16">
         <name>.debug_info</name>
         <load_address>0x0</load_address>
         <run_address>0x0</run_address>
         <size>0xb8</size>
         <input_file_ref idref="fl-2"/>
      </object_component>
      <object_component id="oc-1b">
         <name>.debug_info</name>
         <load_address>0xb8</load_address>
         <run_address>0xb8</run_address>
         <size>0x16b</size>
         <input_file_ref idref="fl-80"/>
      </object_component>
      <object_component id="oc-25">
         <name>.debug_info</name>
         <load_address>0x223</load_address>
         <run_address>0x223</run_address>
         <size>0x181</size>
         <input_file_ref idref="fl-81"/>
      </object_component>
      <object_component id="oc-2a">
         <name>.debug_info</name>
         <load_address>0x3a4</load_address>
         <run_address>0x3a4</run_address>
         <size>0xde</size>
         <input_file_ref idref="fl-3"/>
      </object_component>
      <object_component id="oc-30">
         <name>.debug_info</name>
         <load_address>0x482</load_address>
         <run_address>0x482</run_address>
         <size>0xbc</size>
         <input_file_ref idref="fl-7f"/>
      </object_component>
      <object_component id="oc-33">
         <name>.debug_info</name>
         <load_address>0x53e</load_address>
         <run_address>0x53e</run_address>
         <size>0x125</size>
         <input_file_ref idref="fl-7f"/>
      </object_component>
      <object_component id="oc-38">
         <name>.debug_info</name>
         <load_address>0x663</load_address>
         <run_address>0x663</run_address>
         <size>0xc8</size>
         <input_file_ref idref="fl-b1"/>
      </object_component>
      <object_component id="oc-3c">
         <name>.debug_info</name>
         <load_address>0x72b</load_address>
         <run_address>0x72b</run_address>
         <size>0x206</size>
         <input_file_ref idref="fl-87"/>
      </object_component>
      <object_component id="oc-41">
         <name>.debug_info</name>
         <load_address>0x931</load_address>
         <run_address>0x931</run_address>
         <size>0x53</size>
         <input_file_ref idref="fl-80"/>
      </object_component>
      <object_component id="oc-4d">
         <name>.debug_info</name>
         <load_address>0x984</load_address>
         <run_address>0x984</run_address>
         <size>0x2bf</size>
         <input_file_ref idref="fl-81"/>
      </object_component>
      <object_component id="oc-52">
         <name>.debug_info</name>
         <load_address>0xc43</load_address>
         <run_address>0xc43</run_address>
         <size>0x1ec</size>
         <input_file_ref idref="fl-81"/>
      </object_component>
      <object_component id="oc-53">
         <name>.debug_info</name>
         <load_address>0xe2f</load_address>
         <run_address>0xe2f</run_address>
         <size>0x46</size>
         <input_file_ref idref="fl-81"/>
      </object_component>
      <object_component id="oc-59">
         <name>.debug_info</name>
         <load_address>0xe75</load_address>
         <run_address>0xe75</run_address>
         <size>0xaf</size>
         <input_file_ref idref="fl-3"/>
      </object_component>
      <object_component id="oc-5e">
         <name>.debug_info</name>
         <load_address>0xf24</load_address>
         <run_address>0xf24</run_address>
         <size>0x111</size>
         <input_file_ref idref="fl-7f"/>
      </object_component>
      <object_component id="oc-60">
         <name>.debug_info</name>
         <load_address>0x1035</load_address>
         <run_address>0x1035</run_address>
         <size>0x1bb</size>
         <input_file_ref idref="fl-8d"/>
      </object_component>
      <object_component id="oc-65">
         <name>.debug_info</name>
         <load_address>0x11f0</load_address>
         <run_address>0x11f0</run_address>
         <size>0x110</size>
         <input_file_ref idref="fl-8b"/>
      </object_component>
      <object_component id="oc-6a">
         <name>.debug_info</name>
         <load_address>0x1300</load_address>
         <run_address>0x1300</run_address>
         <size>0x12d</size>
         <input_file_ref idref="fl-84"/>
      </object_component>
      <object_component id="oc-71">
         <name>.debug_info</name>
         <load_address>0x142d</load_address>
         <run_address>0x142d</run_address>
         <size>0x17f</size>
         <input_file_ref idref="fl-b1"/>
      </object_component>
      <object_component id="oc-73">
         <name>.debug_info</name>
         <load_address>0x15ac</load_address>
         <run_address>0x15ac</run_address>
         <size>0xfe</size>
         <input_file_ref idref="fl-87"/>
      </object_component>
      <object_component id="oc-74">
         <name>.debug_info</name>
         <load_address>0x16aa</load_address>
         <run_address>0x16aa</run_address>
         <size>0x2c</size>
         <input_file_ref idref="fl-81"/>
      </object_component>
      <object_component id="oc-79">
         <name>.debug_info</name>
         <load_address>0x16d6</load_address>
         <run_address>0x16d6</run_address>
         <size>0x46</size>
         <input_file_ref idref="fl-80"/>
      </object_component>
      <object_component id="oc-7e">
         <name>.debug_info</name>
         <load_address>0x171c</load_address>
         <run_address>0x171c</run_address>
         <size>0xfa</size>
         <input_file_ref idref="fl-80"/>
      </object_component>
      <object_component id="oc-81">
         <name>.debug_info</name>
         <load_address>0x1816</load_address>
         <run_address>0x1816</run_address>
         <size>0x94</size>
         <input_file_ref idref="fl-7f"/>
      </object_component>
      <object_component id="oc-8a">
         <name>.debug_info</name>
         <load_address>0x18aa</load_address>
         <run_address>0x18aa</run_address>
         <size>0xf6</size>
         <input_file_ref idref="fl-3"/>
      </object_component>
      <object_component id="oc-8e">
         <name>.debug_info</name>
         <load_address>0x19a0</load_address>
         <run_address>0x19a0</run_address>
         <size>0x1b9</size>
         <input_file_ref idref="fl-90"/>
      </object_component>
      <object_component id="oc-93">
         <name>.debug_info</name>
         <load_address>0x1b59</load_address>
         <run_address>0x1b59</run_address>
         <size>0x18f</size>
         <input_file_ref idref="fl-a3"/>
      </object_component>
      <object_component id="oc-98">
         <name>.debug_info</name>
         <load_address>0x1ce8</load_address>
         <run_address>0x1ce8</run_address>
         <size>0x18a</size>
         <input_file_ref idref="fl-8f"/>
      </object_component>
      <object_component id="oc-9e">
         <name>.debug_info</name>
         <load_address>0x1e72</load_address>
         <run_address>0x1e72</run_address>
         <size>0x4da</size>
         <input_file_ref idref="fl-3"/>
      </object_component>
      <object_component id="oc-a5">
         <name>.debug_info</name>
         <load_address>0x234c</load_address>
         <run_address>0x234c</run_address>
         <size>0x13c</size>
         <input_file_ref idref="fl-84"/>
      </object_component>
      <object_component id="oc-a8">
         <name>.debug_info</name>
         <load_address>0x2488</load_address>
         <run_address>0x2488</run_address>
         <size>0x149</size>
         <input_file_ref idref="fl-84"/>
      </object_component>
      <object_component id="oc-ad">
         <name>.debug_info</name>
         <load_address>0x25d1</load_address>
         <run_address>0x25d1</run_address>
         <size>0x8d</size>
         <input_file_ref idref="fl-80"/>
      </object_component>
      <object_component id="oc-b4">
         <name>.debug_info</name>
         <load_address>0x265e</load_address>
         <run_address>0x265e</run_address>
         <size>0x110</size>
         <input_file_ref idref="fl-84"/>
      </object_component>
      <object_component id="oc-b9">
         <name>.debug_info</name>
         <load_address>0x276e</load_address>
         <run_address>0x276e</run_address>
         <size>0x70</size>
         <input_file_ref idref="fl-b1"/>
      </object_component>
      <object_component id="oc-c6">
         <name>.debug_info</name>
         <load_address>0x27de</load_address>
         <run_address>0x27de</run_address>
         <size>0x8f</size>
         <input_file_ref idref="fl-3"/>
      </object_component>
      <object_component id="oc-cc">
         <name>.debug_info</name>
         <load_address>0x286d</load_address>
         <run_address>0x286d</run_address>
         <size>0x155</size>
         <input_file_ref idref="fl-90"/>
      </object_component>
      <object_component id="oc-ce">
         <name>.debug_info</name>
         <load_address>0x29c2</load_address>
         <run_address>0x29c2</run_address>
         <size>0x268</size>
         <input_file_ref idref="fl-a3"/>
      </object_component>
      <object_component id="oc-d2">
         <name>.debug_info</name>
         <load_address>0x2c2a</load_address>
         <run_address>0x2c2a</run_address>
         <size>0x13c</size>
         <input_file_ref idref="fl-88"/>
      </object_component>
      <object_component id="oc-d7">
         <name>.debug_info</name>
         <load_address>0x2d66</load_address>
         <run_address>0x2d66</run_address>
         <size>0x387</size>
         <input_file_ref idref="fl-4"/>
      </object_component>
      <object_component id="oc-df">
         <name>.debug_info</name>
         <load_address>0x30ed</load_address>
         <run_address>0x30ed</run_address>
         <size>0x140</size>
         <input_file_ref idref="fl-84"/>
      </object_component>
      <object_component id="oc-e3">
         <name>.debug_info</name>
         <load_address>0x322d</load_address>
         <run_address>0x322d</run_address>
         <size>0xcd</size>
         <input_file_ref idref="fl-90"/>
      </object_component>
      <object_component id="oc-eb">
         <name>.debug_info</name>
         <load_address>0x32fa</load_address>
         <run_address>0x32fa</run_address>
         <size>0xda</size>
         <input_file_ref idref="fl-89"/>
      </object_component>
      <object_component id="oc-ee">
         <name>.debug_info</name>
         <load_address>0x33d4</load_address>
         <run_address>0x33d4</run_address>
         <size>0xbe</size>
         <input_file_ref idref="fl-92"/>
      </object_component>
      <object_component id="oc-f1">
         <name>.debug_info</name>
         <load_address>0x3492</load_address>
         <run_address>0x3492</run_address>
         <size>0x117</size>
         <input_file_ref idref="fl-88"/>
      </object_component>
      <object_component id="oc-f6">
         <name>.debug_info</name>
         <load_address>0x35a9</load_address>
         <run_address>0x35a9</run_address>
         <size>0x126</size>
         <input_file_ref idref="fl-88"/>
      </object_component>
      <object_component id="oc-fb">
         <name>.debug_info</name>
         <load_address>0x36cf</load_address>
         <run_address>0x36cf</run_address>
         <size>0x47c</size>
         <input_file_ref idref="fl-8a"/>
      </object_component>
      <object_component id="oc-100">
         <name>.debug_info</name>
         <load_address>0x3b4b</load_address>
         <run_address>0x3b4b</run_address>
         <size>0x1f8</size>
         <input_file_ref idref="fl-88"/>
      </object_component>
      <object_component id="oc-102">
         <name>.debug_info</name>
         <load_address>0x3d43</load_address>
         <run_address>0x3d43</run_address>
         <size>0xb2</size>
         <input_file_ref idref="fl-4"/>
      </object_component>
      <object_component id="oc-105">
         <name>.debug_info</name>
         <load_address>0x3df5</load_address>
         <run_address>0x3df5</run_address>
         <size>0xb1</size>
         <input_file_ref idref="fl-4"/>
      </object_component>
      <object_component id="oc-109">
         <name>.debug_info</name>
         <load_address>0x3ea6</load_address>
         <run_address>0x3ea6</run_address>
         <size>0x115</size>
         <input_file_ref idref="fl-85"/>
      </object_component>
      <object_component id="oc-10e">
         <name>.debug_info</name>
         <load_address>0x3fbb</load_address>
         <run_address>0x3fbb</run_address>
         <size>0x22b</size>
         <input_file_ref idref="fl-83"/>
      </object_component>
      <object_component id="oc-113">
         <name>.debug_info</name>
         <load_address>0x41e6</load_address>
         <run_address>0x41e6</run_address>
         <size>0x162</size>
         <input_file_ref idref="fl-3"/>
      </object_component>
      <object_component id="oc-118">
         <name>.debug_info</name>
         <load_address>0x4348</load_address>
         <run_address>0x4348</run_address>
         <size>0x13c</size>
         <input_file_ref idref="fl-4"/>
      </object_component>
      <object_component id="oc-11c">
         <name>.debug_info</name>
         <load_address>0x4484</load_address>
         <run_address>0x4484</run_address>
         <size>0xee</size>
         <input_file_ref idref="fl-89"/>
      </object_component>
      <object_component id="oc-122">
         <name>.debug_info</name>
         <load_address>0x4572</load_address>
         <run_address>0x4572</run_address>
         <size>0xae</size>
         <input_file_ref idref="fl-89"/>
      </object_component>
      <object_component id="oc-125">
         <name>.debug_info</name>
         <load_address>0x4620</load_address>
         <run_address>0x4620</run_address>
         <size>0xdf</size>
         <input_file_ref idref="fl-92"/>
      </object_component>
      <object_component id="oc-127">
         <name>.debug_info</name>
         <load_address>0x46ff</load_address>
         <run_address>0x46ff</run_address>
         <size>0x197</size>
         <input_file_ref idref="fl-96"/>
      </object_component>
      <object_component id="oc-12d">
         <name>.debug_info</name>
         <load_address>0x4896</load_address>
         <run_address>0x4896</run_address>
         <size>0x4bc</size>
         <input_file_ref idref="fl-97"/>
      </object_component>
      <object_component id="oc-133">
         <name>.debug_info</name>
         <load_address>0x4d52</load_address>
         <run_address>0x4d52</run_address>
         <size>0x220</size>
         <input_file_ref idref="fl-8a"/>
      </object_component>
      <object_component id="oc-138">
         <name>.debug_info</name>
         <load_address>0x4f72</load_address>
         <run_address>0x4f72</run_address>
         <size>0x246</size>
         <input_file_ref idref="fl-8a"/>
      </object_component>
      <object_component id="oc-13d">
         <name>.debug_info</name>
         <load_address>0x51b8</load_address>
         <run_address>0x51b8</run_address>
         <size>0x265</size>
         <input_file_ref idref="fl-8a"/>
      </object_component>
      <object_component id="oc-142">
         <name>.debug_info</name>
         <load_address>0x541d</load_address>
         <run_address>0x541d</run_address>
         <size>0x42a</size>
         <input_file_ref idref="fl-8a"/>
      </object_component>
      <object_component id="oc-147">
         <name>.debug_info</name>
         <load_address>0x5847</load_address>
         <run_address>0x5847</run_address>
         <size>0x226</size>
         <input_file_ref idref="fl-8a"/>
      </object_component>
      <object_component id="oc-148">
         <name>.debug_info</name>
         <load_address>0x5a6d</load_address>
         <run_address>0x5a6d</run_address>
         <size>0x2c</size>
         <input_file_ref idref="fl-88"/>
      </object_component>
      <object_component id="oc-14f">
         <name>.debug_info</name>
         <load_address>0x5a99</load_address>
         <run_address>0x5a99</run_address>
         <size>0xc8</size>
         <input_file_ref idref="fl-88"/>
      </object_component>
      <object_component id="oc-15b">
         <name>.debug_info</name>
         <load_address>0x5b61</load_address>
         <run_address>0x5b61</run_address>
         <size>0x13a</size>
         <input_file_ref idref="fl-86"/>
      </object_component>
      <object_component id="oc-168">
         <name>.debug_info</name>
         <load_address>0x5c9b</load_address>
         <run_address>0x5c9b</run_address>
         <size>0x12a</size>
         <input_file_ref idref="fl-a7"/>
      </object_component>
      <object_component id="oc-16d">
         <name>.debug_info</name>
         <load_address>0x5dc5</load_address>
         <run_address>0x5dc5</run_address>
         <size>0x148</size>
         <input_file_ref idref="fl-9c"/>
      </object_component>
      <object_component id="oc-172">
         <name>.debug_info</name>
         <load_address>0x5f0d</load_address>
         <run_address>0x5f0d</run_address>
         <size>0x118</size>
         <input_file_ref idref="fl-aa"/>
      </object_component>
      <object_component id="oc-177">
         <name>.debug_info</name>
         <load_address>0x6025</load_address>
         <run_address>0x6025</run_address>
         <size>0x198</size>
         <input_file_ref idref="fl-96"/>
      </object_component>
      <object_component id="oc-179">
         <name>.debug_info</name>
         <load_address>0x61bd</load_address>
         <run_address>0x61bd</run_address>
         <size>0x1cf</size>
         <input_file_ref idref="fl-97"/>
      </object_component>
      <object_component id="oc-17c">
         <name>.debug_info</name>
         <load_address>0x638c</load_address>
         <run_address>0x638c</run_address>
         <size>0x18e</size>
         <input_file_ref idref="fl-9f"/>
      </object_component>
      <object_component id="oc-181">
         <name>.debug_info</name>
         <load_address>0x651a</load_address>
         <run_address>0x651a</run_address>
         <size>0x1c0</size>
         <input_file_ref idref="fl-8c"/>
      </object_component>
      <object_component id="oc-187">
         <name>.debug_info</name>
         <load_address>0x66da</load_address>
         <run_address>0x66da</run_address>
         <size>0x219</size>
         <input_file_ref idref="fl-8a"/>
      </object_component>
      <object_component id="oc-18c">
         <name>.debug_info</name>
         <load_address>0x68f3</load_address>
         <run_address>0x68f3</run_address>
         <size>0x206</size>
         <input_file_ref idref="fl-8a"/>
      </object_component>
      <object_component id="oc-191">
         <name>.debug_info</name>
         <load_address>0x6af9</load_address>
         <run_address>0x6af9</run_address>
         <size>0x1a8</size>
         <input_file_ref idref="fl-9e"/>
      </object_component>
      <object_component id="oc-19a">
         <name>.debug_info</name>
         <load_address>0x6ca1</load_address>
         <run_address>0x6ca1</run_address>
         <size>0x101</size>
         <input_file_ref idref="fl-8a"/>
      </object_component>
      <object_component id="oc-1a0">
         <name>.debug_info</name>
         <load_address>0x6da2</load_address>
         <run_address>0x6da2</run_address>
         <size>0x7f</size>
         <input_file_ref idref="fl-83"/>
      </object_component>
      <object_component id="oc-1a6">
         <name>.debug_info</name>
         <load_address>0x6e21</load_address>
         <run_address>0x6e21</run_address>
         <size>0x185</size>
         <input_file_ref idref="fl-ad"/>
      </object_component>
      <object_component id="oc-1ab">
         <name>.debug_info</name>
         <load_address>0x6fa6</load_address>
         <run_address>0x6fa6</run_address>
         <size>0x184</size>
         <input_file_ref idref="fl-af"/>
      </object_component>
      <object_component id="oc-1b0">
         <name>.debug_info</name>
         <load_address>0x712a</load_address>
         <run_address>0x712a</run_address>
         <size>0x118</size>
         <input_file_ref idref="fl-a7"/>
      </object_component>
      <object_component id="oc-1b2">
         <name>.debug_info</name>
         <load_address>0x7242</load_address>
         <run_address>0x7242</run_address>
         <size>0xbf</size>
         <input_file_ref idref="fl-9c"/>
      </object_component>
      <object_component id="oc-1b5">
         <name>.debug_info</name>
         <load_address>0x7301</load_address>
         <run_address>0x7301</run_address>
         <size>0x338</size>
         <input_file_ref idref="fl-9c"/>
      </object_component>
      <object_component id="oc-1b7">
         <name>.debug_info</name>
         <load_address>0x7639</load_address>
         <run_address>0x7639</run_address>
         <size>0x169</size>
         <input_file_ref idref="fl-aa"/>
      </object_component>
      <object_component id="oc-1bc">
         <name>.debug_info</name>
         <load_address>0x77a2</load_address>
         <run_address>0x77a2</run_address>
         <size>0xbb</size>
         <input_file_ref idref="fl-97"/>
      </object_component>
      <object_component id="oc-1c2">
         <name>.debug_info</name>
         <load_address>0x785d</load_address>
         <run_address>0x785d</run_address>
         <size>0x1c0</size>
         <input_file_ref idref="fl-9f"/>
      </object_component>
      <object_component id="oc-1c4">
         <name>.debug_info</name>
         <load_address>0x7a1d</load_address>
         <run_address>0x7a1d</run_address>
         <size>0xc1</size>
         <input_file_ref idref="fl-91"/>
      </object_component>
      <object_component id="oc-1c7">
         <name>.debug_info</name>
         <load_address>0x7ade</load_address>
         <run_address>0x7ade</run_address>
         <size>0x10b</size>
         <input_file_ref idref="fl-8c"/>
      </object_component>
      <object_component id="oc-1c9">
         <name>.debug_info</name>
         <load_address>0x7be9</load_address>
         <run_address>0x7be9</run_address>
         <size>0x184</size>
         <input_file_ref idref="fl-8a"/>
      </object_component>
      <object_component id="oc-1ce">
         <name>.debug_info</name>
         <load_address>0x7d6d</load_address>
         <run_address>0x7d6d</run_address>
         <size>0x111</size>
         <input_file_ref idref="fl-9a"/>
      </object_component>
      <object_component id="oc-1d3">
         <name>.debug_info</name>
         <load_address>0x7e7e</load_address>
         <run_address>0x7e7e</run_address>
         <size>0x12b</size>
         <input_file_ref idref="fl-8e"/>
      </object_component>
      <object_component id="oc-1d8">
         <name>.debug_info</name>
         <load_address>0x7fa9</load_address>
         <run_address>0x7fa9</run_address>
         <size>0x10c</size>
         <input_file_ref idref="fl-a1"/>
      </object_component>
      <object_component id="oc-1dd">
         <name>.debug_info</name>
         <load_address>0x80b5</load_address>
         <run_address>0x80b5</run_address>
         <size>0x260</size>
         <input_file_ref idref="fl-8a"/>
      </object_component>
      <object_component id="oc-1e2">
         <name>.debug_info</name>
         <load_address>0x8315</load_address>
         <run_address>0x8315</run_address>
         <size>0x15b</size>
         <input_file_ref idref="fl-8a"/>
      </object_component>
      <object_component id="oc-1e7">
         <name>.debug_info</name>
         <load_address>0x8470</load_address>
         <run_address>0x8470</run_address>
         <size>0x49d</size>
         <input_file_ref idref="fl-8a"/>
      </object_component>
      <object_component id="oc-1ed">
         <name>.debug_info</name>
         <load_address>0x890d</load_address>
         <run_address>0x890d</run_address>
         <size>0x183</size>
         <input_file_ref idref="fl-8a"/>
      </object_component>
      <object_component id="oc-1f2">
         <name>.debug_info</name>
         <load_address>0x8a90</load_address>
         <run_address>0x8a90</run_address>
         <size>0x268</size>
         <input_file_ref idref="fl-8a"/>
      </object_component>
      <object_component id="oc-1f8">
         <name>.debug_info</name>
         <load_address>0x8cf8</load_address>
         <run_address>0x8cf8</run_address>
         <size>0xe7</size>
         <input_file_ref idref="fl-9e"/>
      </object_component>
      <object_component id="oc-1f9">
         <name>.debug_info</name>
         <load_address>0x8ddf</load_address>
         <run_address>0x8ddf</run_address>
         <size>0x1d9</size>
         <input_file_ref idref="fl-7f"/>
      </object_component>
      <object_component id="oc-1ff">
         <name>.debug_info</name>
         <load_address>0x8fb8</load_address>
         <run_address>0x8fb8</run_address>
         <size>0x14e</size>
         <input_file_ref idref="fl-9c"/>
      </object_component>
      <object_component id="oc-204">
         <name>.debug_info</name>
         <load_address>0x9106</load_address>
         <run_address>0x9106</run_address>
         <size>0x140</size>
         <input_file_ref idref="fl-ad"/>
      </object_component>
      <object_component id="oc-206">
         <name>.debug_info</name>
         <load_address>0x9246</load_address>
         <run_address>0x9246</run_address>
         <size>0x19c</size>
         <input_file_ref idref="fl-b0"/>
      </object_component>
      <object_component id="oc-20b">
         <name>.debug_info</name>
         <load_address>0x93e2</load_address>
         <run_address>0x93e2</run_address>
         <size>0x224</size>
         <input_file_ref idref="fl-b1"/>
      </object_component>
      <object_component id="oc-210">
         <name>.debug_info</name>
         <load_address>0x9606</load_address>
         <run_address>0x9606</run_address>
         <size>0x1c7</size>
         <input_file_ref idref="fl-b1"/>
      </object_component>
      <object_component id="oc-215">
         <name>.debug_info</name>
         <load_address>0x97cd</load_address>
         <run_address>0x97cd</run_address>
         <size>0x198</size>
         <input_file_ref idref="fl-af"/>
      </object_component>
      <object_component id="oc-219">
         <name>.debug_info</name>
         <load_address>0x9965</load_address>
         <run_address>0x9965</run_address>
         <size>0xbf</size>
         <input_file_ref idref="fl-9c"/>
      </object_component>
      <object_component id="oc-21f">
         <name>.debug_info</name>
         <load_address>0x9a24</load_address>
         <run_address>0x9a24</run_address>
         <size>0x12e</size>
         <input_file_ref idref="fl-9c"/>
      </object_component>
      <object_component id="oc-224">
         <name>.debug_info</name>
         <load_address>0x9b52</load_address>
         <run_address>0x9b52</run_address>
         <size>0x2c</size>
         <input_file_ref idref="fl-96"/>
      </object_component>
      <object_component id="oc-22f">
         <name>.debug_info</name>
         <load_address>0x9b7e</load_address>
         <run_address>0x9b7e</run_address>
         <size>0xbb</size>
         <input_file_ref idref="fl-91"/>
      </object_component>
      <object_component id="oc-237">
         <name>.debug_info</name>
         <load_address>0x9c39</load_address>
         <run_address>0x9c39</run_address>
         <size>0x4e1</size>
         <input_file_ref idref="fl-8a"/>
      </object_component>
      <object_component id="oc-23c">
         <name>.debug_info</name>
         <load_address>0xa11a</load_address>
         <run_address>0xa11a</run_address>
         <size>0x142</size>
         <input_file_ref idref="fl-8a"/>
      </object_component>
      <object_component id="oc-241">
         <name>.debug_info</name>
         <load_address>0xa25c</load_address>
         <run_address>0xa25c</run_address>
         <size>0x46f</size>
         <input_file_ref idref="fl-8a"/>
      </object_component>
      <object_component id="oc-247">
         <name>.debug_info</name>
         <load_address>0xa6cb</load_address>
         <run_address>0xa6cb</run_address>
         <size>0x4ec</size>
         <input_file_ref idref="fl-8a"/>
      </object_component>
      <object_component id="oc-24c">
         <name>.debug_info</name>
         <load_address>0xabb7</load_address>
         <run_address>0xabb7</run_address>
         <size>0x255</size>
         <input_file_ref idref="fl-8a"/>
      </object_component>
      <object_component id="oc-252">
         <name>.debug_info</name>
         <load_address>0xae0c</load_address>
         <run_address>0xae0c</run_address>
         <size>0x13b</size>
         <input_file_ref idref="fl-a0"/>
      </object_component>
      <object_component id="oc-258">
         <name>.debug_info</name>
         <load_address>0xaf47</load_address>
         <run_address>0xaf47</run_address>
         <size>0x7e</size>
         <input_file_ref idref="fl-8a"/>
      </object_component>
      <object_component id="oc-25e">
         <name>.debug_info</name>
         <load_address>0xafc5</load_address>
         <run_address>0xafc5</run_address>
         <size>0x162</size>
         <input_file_ref idref="fl-8a"/>
      </object_component>
      <object_component id="oc-269">
         <name>.debug_info</name>
         <load_address>0xb127</load_address>
         <run_address>0xb127</run_address>
         <size>0xbe</size>
         <input_file_ref idref="fl-92"/>
      </object_component>
      <object_component id="oc-26c">
         <name>.debug_info</name>
         <load_address>0xb1e5</load_address>
         <run_address>0xb1e5</run_address>
         <size>0x155</size>
         <input_file_ref idref="fl-b2"/>
      </object_component>
      <object_component id="oc-272">
         <name>.debug_info</name>
         <load_address>0xb33a</load_address>
         <run_address>0xb33a</run_address>
         <size>0x113</size>
         <input_file_ref idref="fl-b1"/>
      </object_component>
      <object_component id="oc-275">
         <name>.debug_info</name>
         <load_address>0xb44d</load_address>
         <run_address>0xb44d</run_address>
         <size>0x16c</size>
         <input_file_ref idref="fl-b1"/>
      </object_component>
      <object_component id="oc-27a">
         <name>.debug_info</name>
         <load_address>0xb5b9</load_address>
         <run_address>0xb5b9</run_address>
         <size>0x16b</size>
         <input_file_ref idref="fl-b1"/>
      </object_component>
      <object_component id="oc-280">
         <name>.debug_info</name>
         <load_address>0xb724</load_address>
         <run_address>0xb724</run_address>
         <size>0x107</size>
         <input_file_ref idref="fl-b1"/>
      </object_component>
      <object_component id="oc-288">
         <name>.debug_info</name>
         <load_address>0xb82b</load_address>
         <run_address>0xb82b</run_address>
         <size>0x1f6</size>
         <input_file_ref idref="fl-a5"/>
      </object_component>
      <object_component id="oc-28d">
         <name>.debug_info</name>
         <load_address>0xba21</load_address>
         <run_address>0xba21</run_address>
         <size>0x13f</size>
         <input_file_ref idref="fl-a5"/>
      </object_component>
      <object_component id="oc-292">
         <name>.debug_info</name>
         <load_address>0xbb60</load_address>
         <run_address>0xbb60</run_address>
         <size>0x15f</size>
         <input_file_ref idref="fl-a5"/>
      </object_component>
      <object_component id="oc-297">
         <name>.debug_info</name>
         <load_address>0xbcbf</load_address>
         <run_address>0xbcbf</run_address>
         <size>0x161</size>
         <input_file_ref idref="fl-a5"/>
      </object_component>
      <object_component id="oc-29c">
         <name>.debug_info</name>
         <load_address>0xbe20</load_address>
         <run_address>0xbe20</run_address>
         <size>0x169</size>
         <input_file_ref idref="fl-a5"/>
      </object_component>
      <object_component id="oc-2a1">
         <name>.debug_info</name>
         <load_address>0xbf89</load_address>
         <run_address>0xbf89</run_address>
         <size>0x1d2</size>
         <input_file_ref idref="fl-a5"/>
      </object_component>
      <object_component id="oc-2a6">
         <name>.debug_info</name>
         <load_address>0xc15b</load_address>
         <run_address>0xc15b</run_address>
         <size>0x3a0</size>
         <input_file_ref idref="fl-a5"/>
      </object_component>
      <object_component id="oc-2af">
         <name>.debug_info</name>
         <load_address>0xc4fb</load_address>
         <run_address>0xc4fb</run_address>
         <size>0x121</size>
         <input_file_ref idref="fl-94"/>
      </object_component>
      <object_component id="oc-2b4">
         <name>.debug_info</name>
         <load_address>0xc61c</load_address>
         <run_address>0xc61c</run_address>
         <size>0x182</size>
         <input_file_ref idref="fl-9d"/>
      </object_component>
      <object_component id="oc-2b9">
         <name>.debug_info</name>
         <load_address>0xc79e</load_address>
         <run_address>0xc79e</run_address>
         <size>0x115</size>
         <input_file_ref idref="fl-95"/>
      </object_component>
      <object_component id="oc-2be">
         <name>.debug_info</name>
         <load_address>0xc8b3</load_address>
         <run_address>0xc8b3</run_address>
         <size>0x139</size>
         <input_file_ref idref="fl-a2"/>
      </object_component>
      <object_component id="oc-2c8">
         <name>.debug_info</name>
         <load_address>0xc9ec</load_address>
         <run_address>0xc9ec</run_address>
         <size>0x121</size>
         <input_file_ref idref="fl-ac"/>
      </object_component>
      <object_component id="oc-2ce">
         <name>.debug_info</name>
         <load_address>0xcb0d</load_address>
         <run_address>0xcb0d</run_address>
         <size>0xe0</size>
         <input_file_ref idref="fl-93"/>
      </object_component>
      <object_component id="oc-2d3">
         <name>.debug_info</name>
         <load_address>0xcbed</load_address>
         <run_address>0xcbed</run_address>
         <size>0x18e</size>
         <input_file_ref idref="fl-98"/>
      </object_component>
      <object_component id="oc-2d8">
         <name>.debug_info</name>
         <load_address>0xcd7b</load_address>
         <run_address>0xcd7b</run_address>
         <size>0x20d</size>
         <input_file_ref idref="fl-99"/>
      </object_component>
      <object_component id="oc-2e0">
         <name>.debug_info</name>
         <load_address>0xcf88</load_address>
         <run_address>0xcf88</run_address>
         <size>0x131</size>
         <input_file_ref idref="fl-9c"/>
      </object_component>
      <object_component id="oc-2e5">
         <name>.debug_info</name>
         <load_address>0xd0b9</load_address>
         <run_address>0xd0b9</run_address>
         <size>0x132</size>
         <input_file_ref idref="fl-9c"/>
      </object_component>
      <object_component id="oc-2ea">
         <name>.debug_info</name>
         <load_address>0xd1eb</load_address>
         <run_address>0xd1eb</run_address>
         <size>0xc0</size>
         <input_file_ref idref="fl-92"/>
      </object_component>
      <object_component id="oc-2ed">
         <name>.debug_info</name>
         <load_address>0xd2ab</load_address>
         <run_address>0xd2ab</run_address>
         <size>0x1e7</size>
         <input_file_ref idref="fl-b2"/>
      </object_component>
      <object_component id="oc-2f4">
         <name>.debug_info</name>
         <load_address>0xd492</load_address>
         <run_address>0xd492</run_address>
         <size>0xbf</size>
         <input_file_ref idref="fl-a5"/>
      </object_component>
      <object_component id="oc-2f7">
         <name>.debug_info</name>
         <load_address>0xd551</load_address>
         <run_address>0xd551</run_address>
         <size>0x213</size>
         <input_file_ref idref="fl-a6"/>
      </object_component>
      <object_component id="oc-2fc">
         <name>.debug_info</name>
[...]
         <name>BMEM</name>
         <page_id>0x0</page_id>
         <origin>0x81000000</origin>
         <length>0x1000000</length>
         <used_space>0x2140</used_space>
         <unused_space>0xffdec0</unused_space>
         <attributes>RWIX</attributes>
         <usage_details>
            <allocated_space>
               <start_address>0x81000000</start_address>
               <size>0x1000</size>
               <logical_group_ref idref="lg-8"/>
            </allocated_space>
            <allocated_space>
               <start_address>0x81001000</start_address>
               <size>0x1000</size>
               <logical_group_ref idref="lg-12"/>
            </allocated_space>
            <allocated_space>
               <start_address>0x81002000</start_address>
               <size>0x120</size>
               <logical_group_ref idref="lg-f"/>
            </allocated_space>
            <allocated_space>
               <start_address>0x81002120</start_address>
               <size>0x4</size>
               <logical_group_ref idref="lg-a"/>
            </allocated_space>
            <allocated_space>
               <start_address>0x81002124</start_address>
               <size>0x1c</size>
               <logical_group_ref idref="lg-e"/>
            </allocated_space>
            <available_space>
               <start_address>0x81002140</start_address>
               <size>0xffdec0</size>
            </available_space>
         </usage_details>
      </memory_area>
   </placement_map>
   <cptbl_list>
      <cptbl>
         <name>__TI_cinit_table</name>
         <cprec>
            <name>.neardata</name>
            <load_address>0x81002124</load_address>
            <load_size>0x9</load_size>
            <run_address>0x81002120</run_address>
            <run_size>0x4</run_size>
            <compression>rle</compression>
         </cprec>
      </cptbl>
   </cptbl_list>
   <handler_table>
      <handler_table_name>__TI_handler_table</handler_table_name>
      <handler>
         <index>0x0</index>
         <name>__TI_decompress_rle24</name>
      </handler>
      <handler>
         <index>0x1</index>
         <name>__TI_decompress_none</name>
      </handler>
   </handler_table>
   <far_call_trampoline_list>
      <far_call_trampoline>
         <callee_name>$.text:_c_int00:rtstesla_le_elf.lib&lt;boot.obj&gt;$0x0</callee_name>
         <callee_addr>0x80007500</callee_addr>
         <trampoline_object_component_ref idref="oc-391"/>
         <trampoline_address>0x80000200</trampoline_address>
         <caller_list>
            <trampoline_call_site>
               <caller_address>0x80000000</caller_address>
               <caller_object_component_ref idref="oc-15-60e62c"/>
            </trampoline_call_site>
         </caller_list>
      </far_call_trampoline>
      <far_call_trampoline>
         <callee_name>$.text:retain:hello.obj$0x0</callee_name>
         <callee_addr>0x80007960</callee_addr>
         <trampoline_object_component_ref idref="oc-392"/>
         <trampoline_address>0x80000220</trampoline_address>
         <caller_list>
            <trampoline_call_site>
               <caller_address>0x80000080</caller_address>
               <caller_object_component_ref idref="oc-15-60e62c"/>
            </trampoline_call_site>
         </caller_list>
      </far_call_trampoline>
   </far_call_trampoline_list>
   <trampoline_count>0x2</trampoline_count>
   <trampoline_call_count>0x2</trampoline_call_count>
   <symbol_table>
      <symbol id="sm-1">
         <name>__TI_CINIT_Base</name>
         <value>0x81002138</value>
      </symbol>
      <symbol id="sm-2">
         <name>__TI_CINIT_Limit</name>
         <value>0x81002140</value>
      </symbol>
      <symbol id="sm-3">
         <name>__TI_Handler_Table_Base</name>
         <value>0x81002130</value>
      </symbol>
      <symbol id="sm-4">
         <name>__TI_Handler_Table_Limit</name>
         <value>0x81002138</value>
      </symbol>
      <symbol id="sm-5">
         <name>binit</name>
         <value>0xffffffff</value>
      </symbol>
      <symbol id="sm-6">
         <name>__binit__</name>
         <value>0xffffffff</value>
      </symbol>
      <symbol id="sm-7">
         <name>__TI_STACK_SIZE</name>
         <value>0x1000</value>
      </symbol>
      <symbol id="sm-8">
         <name>__TI_STACK_END</name>
         <value>0x81001000</value>
      </symbol>
      <symbol id="sm-9">
         <name>__TI_SYSMEM_SIZE</name>
         <value>0x1000</value>
      </symbol>
      <symbol id="sm-a">
         <name>__c_args__</name>
         <value>0xffffffff</value>
      </symbol>
      <symbol id="sm-b">
         <name>__TI_pprof_out_hndl</name>
         <value>0xffffffff</value>
      </symbol>
      <symbol id="sm-c">
         <name>__TI_prof_data_start</name>
         <value>0xffffffff</value>
      </symbol>
      <symbol id="sm-d">
         <name>__TI_prof_data_size</name>
         <value>0xffffffff</value>
      </symbol>
      <symbol id="sm-3a">
         <name>_reset</name>
         <value>0x80000000</value>
         <object_component_ref idref="oc-15"/>
      </symbol>
      <symbol id="sm-7a">
         <name>clean</name>
         <value>0x80001bc0</value>
         <object_component_ref idref="oc-9d"/>
      </symbol>
      <symbol id="sm-7b">
         <name>enable_L1Cache</name>
         <value>0x800019f0</value>
         <object_component_ref idref="oc-9d"/>
      </symbol>
      <symbol id="sm-7c">
         <name>enable_L2Cache</name>
         <value>0x80001a00</value>
         <object_component_ref idref="oc-9d"/>
      </symbol>
      <symbol id="sm-7d">
         <name>main</name>
         <value>0x80001a10</value>
         <object_component_ref idref="oc-9d"/>
      </symbol>
      <symbol id="sm-7e">
         <name>config_AMMU</name>
         <value>0x80001940</value>
         <object_component_ref idref="oc-9d"/>
      </symbol>
      <symbol id="sm-7f">
         <name>intrCnt</name>
         <value>0x81002120</value>
         <object_component_ref idref="oc-58"/>
      </symbol>
      <symbol id="sm-80">
         <name>invalidate</name>
         <value>0x80001b24</value>
         <object_component_ref idref="oc-9d"/>
      </symbol>
      <symbol id="sm-81">
         <name>start_Timer</name>
         <value>0x80001880</value>
         <object_component_ref idref="oc-9d"/>
      </symbol>
      <symbol id="sm-82">
         <name>timerISR</name>
         <value>0x80007960</value>
         <object_component_ref idref="oc-29"/>
      </symbol>
      <symbol id="sm-ae">
         <name>in_img</name>
         <value>0x80007c28</value>
         <object_component_ref idref="oc-104"/>
      </symbol>
      <symbol id="sm-af">
         <name>clock</name>
         <value>0x80004360</value>
         <object_component_ref idref="oc-d6"/>
      </symbol>
      <symbol id="sm-b0">
         <name>GauFun</name>
         <value>0x80004378</value>
         <object_component_ref idref="oc-d6"/>
      </symbol>
      <symbol id="sm-cd">
         <name>_c_int00</name>
         <value>0x80007500</value>
         <object_component_ref idref="oc-32"/>
      </symbol>
      <symbol id="sm-ce">
         <name>_stack</name>
         <value>0x81000000</value>
         <object_component_ref idref="oc-2f"/>
      </symbol>
      <symbol id="sm-e9">
         <name>__TI_decompress_none</name>
         <value>0x80007920</value>
         <object_component_ref idref="oc-1a"/>
      </symbol>
      <symbol id="sm-10c">
         <name>__TI_decompress_rle24</name>
         <value>0x80007940</value>
         <object_component_ref idref="oc-24"/>
      </symbol>
      <symbol id="sm-12c">
         <name>__c6xabi_divd</name>
         <value>0x80000400</value>
         <object_component_ref idref="oc-10d"/>
      </symbol>
      <symbol id="sm-14f">
         <name>C$$EXIT</name>
         <value>0x80007900</value>
         <object_component_ref idref="oc-a7"/>
      </symbol>
      <symbol id="sm-150">
         <name>_dtors_ptr</name>
         <value>0x80037f24</value>
         <object_component_ref idref="oc-a4"/>
      </symbol>
      <symbol id="sm-151">
         <name>abort</name>
         <value>0x80007900</value>
         <object_component_ref idref="oc-a7"/>
      </symbol>
      <symbol id="sm-152">
         <name>_cleanup_ptr</name>
         <value>0x80037f20</value>
         <object_component_ref idref="oc-a4"/>
      </symbol>
      <symbol id="sm-153">
         <name>exit</name>
         <value>0x80006980</value>
         <object_component_ref idref="oc-69"/>
      </symbol>
      <symbol id="sm-154">
         <name>__TI_enable_exit_profile_output</name>
         <value>0x80037f28</value>
         <object_component_ref idref="oc-a4"/>
      </symbol>
      <symbol id="sm-15c">
         <name>__c6xabi_fltud</name>
         <value>0x800076e0</value>
         <object_component_ref idref="oc-108"/>
      </symbol>
      <symbol id="sm-164">
         <name>__c6xabi_frcmpyd_div</name>
         <value>0x80007720</value>
         <object_component_ref idref="oc-15a"/>
      </symbol>
      <symbol id="sm-173">
         <name>memcpy</name>
         <value>0x800052a0</value>
         <object_component_ref idref="oc-3b"/>
      </symbol>
      <symbol id="sm-19b">
         <name>printf</name>
         <value>0x800064e0</value>
         <object_component_ref idref="oc-d1"/>
      </symbol>
      <symbol id="sm-1ab">
         <name>_nop</name>
         <value>0x800078a0</value>
         <object_component_ref idref="oc-11b"/>
      </symbol>
      <symbol id="sm-1ac">
         <name>_lock</name>
         <value>0x80037f38</value>
         <object_component_ref idref="oc-ea"/>
      </symbol>
      <symbol id="sm-1ad">
         <name>_unlock</name>
         <value>0x80037f3c</value>
         <object_component_ref idref="oc-ea"/>
      </symbol>
      <symbol id="sm-32c">
         <name>_printfi</name>
         <value>0x80001400</value>
         <object_component_ref idref="oc-fa"/>
      </symbol>
      <symbol id="sm-334">
         <name>_args_main</name>
         <value>0x80007860</value>
         <object_component_ref idref="oc-64"/>
      </symbol>
      <symbol id="sm-343">
         <name>atoi</name>
         <value>0x80005d80</value>
         <object_component_ref idref="oc-180"/>
      </symbol>
      <symbol id="sm-350">
         <name>_auto_init_elf</name>
         <value>0x80005b80</value>
         <object_component_ref idref="oc-5f"/>
      </symbol>
      <symbol id="sm-35d">
         <name>__c6xabi_cmpd</name>
         <value>0x80006240</value>
         <object_component_ref idref="oc-1d2"/>
      </symbol>
      <symbol id="sm-368">
         <name>__TI_cpp_init</name>
         <value>0x800073e0</value>
         <object_component_ref idref="oc-97"/>
      </symbol>
      <symbol id="sm-37e">
         <name>copy_in</name>
         <value>0x80005f80</value>
         <object_component_ref idref="oc-8d"/>
      </symbol>
      <symbol id="sm-388">
         <name>_ctypes_</name>
         <value>0x80007980</value>
         <object_component_ref idref="oc-1c3"/>
      </symbol>
      <symbol id="sm-39c">
         <name>_tmpnams</name>
         <value>0x80007ae0</value>
         <object_component_ref idref="oc-2e9"/>
      </symbol>
      <symbol id="sm-39d">
         <name>_ftable</name>
         <value>0x80037c28</value>
         <object_component_ref idref="oc-ed"/>
      </symbol>
      <symbol id="sm-39e">
         <name>_ft_end</name>
         <value>0x80037f40</value>
         <object_component_ref idref="oc-268"/>
      </symbol>
      <symbol id="sm-3a9">
         <name>__c6xabi_divu</name>
         <value>0x80006680</value>
         <object_component_ref idref="oc-2cd"/>
      </symbol>
      <symbol id="sm-3aa">
         <name>__divu</name>
         <value>0x80006680</value>
         <object_component_ref idref="oc-2cd"/>
      </symbol>
      <symbol id="sm-3b5">
         <name>__c6xabi_fixdi</name>
         <value>0x80006de0</value>
         <object_component_ref idref="oc-2ae"/>
      </symbol>
      <symbol id="sm-3be">
         <name>__c6xabi_fltid</name>
         <value>0x80007440</value>
         <object_component_ref idref="oc-2b8"/>
      </symbol>
      <symbol id="sm-3df">
         <name>fputc</name>
         <value>0x80003cc0</value>
         <object_component_ref idref="oc-126"/>
      </symbol>
      <symbol id="sm-407">
         <name>fputs</name>
         <value>0x80001c80</value>
         <object_component_ref idref="oc-12c"/>
      </symbol>
      <symbol id="sm-412">
         <name>__c6xabi_divul</name>
         <value>0x80004980</value>
         <object_component_ref idref="oc-2d2"/>
      </symbol>
      <symbol id="sm-428">
         <name>_subcull</name>
         <value>0x80007560</value>
         <object_component_ref idref="oc-31b"/>
      </symbol>
      <symbol id="sm-429">
         <name>__c6xabi_divull</name>
         <value>0x80002de0</value>
         <object_component_ref idref="oc-2d7"/>
      </symbol>
      <symbol id="sm-431">
         <name>__c6xabi_isinf</name>
         <value>0x80007760</value>
         <object_component_ref idref="oc-1cd"/>
      </symbol>
      <symbol id="sm-44a">
         <name>__c6xabi_llshru</name>
         <value>0x800074a0</value>
         <object_component_ref idref="oc-320"/>
      </symbol>
      <symbol id="sm-44b">
         <name>__c6xabi_llshl</name>
         <value>0x80006e80</value>
         <object_component_ref idref="oc-316"/>
      </symbol>
      <symbol id="sm-4a7">
         <name>lseek</name>
         <value>0x80006a40</value>
         <object_component_ref idref="oc-1fe"/>
      </symbol>
      <symbol id="sm-4a8">
         <name>write</name>
         <value>0x80006c80</value>
         <object_component_ref idref="oc-16c"/>
      </symbol>
      <symbol id="sm-4a9">
         <name>close</name>
         <value>0x80005e80</value>
         <object_component_ref idref="oc-2df"/>
      </symbol>
      <symbol id="sm-4aa">
         <name>unlink</name>
         <value>0x80007360</value>
         <object_component_ref idref="oc-2e4"/>
      </symbol>
      <symbol id="sm-4b6">
         <name>ltoa</name>
         <value>0x80006b00</value>
         <object_component_ref idref="oc-2b3"/>
      </symbol>
      <symbol id="sm-4c4">
         <name>memccpy</name>
         <value>0x800075c0</value>
         <object_component_ref idref="oc-190"/>
      </symbol>
      <symbol id="sm-4d1">
         <name>memset</name>
         <value>0x80006400</value>
         <object_component_ref idref="oc-17b"/>
      </symbol>
      <symbol id="sm-4e5">
         <name>__c6xabi_mpyd</name>
         <value>0x80003840</value>
         <object_component_ref idref="oc-251"/>
      </symbol>
      <symbol id="sm-4ed">
         <name>__c6xabi_negd</name>
         <value>0x800077e0</value>
         <object_component_ref idref="oc-1d7"/>
      </symbol>
      <symbol id="sm-4f5">
         <name>__c6xabi_subd</name>
         <value>0x80007820</value>
         <object_component_ref idref="oc-2bd"/>
      </symbol>
      <symbol id="sm-503">
         <name>__TI_tls_init</name>
         <value>0x80006bc0</value>
         <object_component_ref idref="oc-92"/>
      </symbol>
      <symbol id="sm-54f">
         <name>HOSTrename</name>
         <value>0x80004ce0</value>
         <object_component_ref idref="oc-2a5"/>
      </symbol>
      <symbol id="sm-550">
         <name>HOSTclose</name>
         <value>0x80006d40</value>
         <object_component_ref idref="oc-28c"/>
      </symbol>
      <symbol id="sm-551">
         <name>HOSTunlink</name>
         <value>0x800065c0</value>
         <object_component_ref idref="oc-2a0"/>
      </symbol>
      <symbol id="sm-552">
         <name>HOSTlseek</name>
         <value>0x80005980</value>
         <object_component_ref idref="oc-29b"/>
      </symbol>
      <symbol id="sm-553">
         <name>HOSTopen</name>
         <value>0x80005a80</value>
         <object_component_ref idref="oc-287"/>
      </symbol>
      <symbol id="sm-554">
         <name>HOSTwrite</name>
         <value>0x80006160</value>
         <object_component_ref idref="oc-296"/>
      </symbol>
      <symbol id="sm-555">
         <name>HOSTread</name>
         <value>0x80006080</value>
         <object_component_ref idref="oc-291"/>
      </symbol>
      <symbol id="sm-571">
         <name>writemsg</name>
         <value>0x80007680</value>
         <object_component_ref idref="oc-2f6"/>
      </symbol>
      <symbol id="sm-572">
         <name>C$$IO$$</name>
         <value>0x800076d4</value>
         <object_component_ref idref="oc-2f6"/>
      </symbol>
      <symbol id="sm-573">
         <name>__CIOBUF_</name>
         <value>0x81002000</value>
         <object_component_ref idref="oc-333"/>
      </symbol>
      <symbol id="sm-574">
         <name>readmsg</name>
         <value>0x80007620</value>
         <object_component_ref idref="oc-2fb"/>
      </symbol>
      <symbol id="sm-584">
         <name>_wrt_ok</name>
         <value>0x80005c80</value>
         <object_component_ref idref="oc-167"/>
      </symbol>
      <symbol id="sm-594">
         <name>__c6xabi_addd</name>
         <value>0x80004140</value>
         <object_component_ref idref="oc-30c"/>
      </symbol>
      <symbol id="sm-5a2">
         <name>_doflush</name>
         <value>0x80006740</value>
         <object_component_ref idref="oc-171"/>
      </symbol>
      <symbol id="sm-5b3">
         <name>_frcaddd</name>
         <value>0x80004580</value>
         <object_component_ref idref="oc-33d"/>
      </symbol>
      <symbol id="sm-5be">
         <name>_frcmpyd</name>
         <value>0x80005500</value>
         <object_component_ref idref="oc-2c7"/>
      </symbol>
      <symbol id="sm-5d1">
         <name>fseek</name>
         <value>0x80005160</value>
         <object_component_ref idref="oc-1a5"/>
      </symbol>
      <symbol id="sm-5df">
         <name>_renormd</name>
         <value>0x800072e0</value>
         <object_component_ref idref="oc-35c"/>
      </symbol>
      <symbol id="sm-5f7">
         <name>setvbuf</name>
         <value>0x80003f00</value>
         <object_component_ref idref="oc-1aa"/>
      </symbol>
      <symbol id="sm-603">
         <name>_cleanup</name>
         <value>0x80006f20</value>
         <object_component_ref idref="oc-205"/>
      </symbol>
      <symbol id="sm-65b">
         <name>_sys_memory</name>
         <value>0x81001000</value>
         <object_component_ref idref="oc-37"/>
      </symbol>
      <symbol id="sm-65c">
         <name>free</name>
         <value>0x80003320</value>
         <object_component_ref idref="oc-20a"/>
      </symbol>
      <symbol id="sm-65d">
         <name>malloc</name>
         <value>0x80004fe0</value>
         <object_component_ref idref="oc-20f"/>
      </symbol>
      <symbol id="sm-65e">
         <name>_minit</name>
         <value>0x80007060</value>
         <object_component_ref idref="oc-27f"/>
      </symbol>
      <symbol id="sm-671">
         <name>_closefile</name>
         <value>0x800053e0</value>
         <object_component_ref idref="oc-26b"/>
      </symbol>
      <symbol id="sm-673">
         <name>__TI_STATIC_BASE</name>
         <value>0x81002120</value>
      </symbol>
      <symbol id="sm-674">
         <name>__TI_args_main</name>
         <value>0x1</value>
      </symbol>
      <symbol id="sm-675">
         <name>__TI_INITARRAY_Base</name>
         <value>0x0</value>
      </symbol>
      <symbol id="sm-676">
         <name>__TI_INITARRAY_Limit</name>
         <value>0x0</value>
      </symbol>
      <symbol id="sm-677">
         <name>__TI_TLS_INIT_Base</name>
         <value>0x0</value>
      </symbol>
      <symbol id="sm-678">
         <name>__TI_TLS_INIT_Limit</name>
         <value>0x0</value>
      </symbol>
      <symbol id="sm-67c">
         <name>remove</name>
         <value>0x80007360</value>
      </symbol>
   </symbol_table>
</link_info>
