******************************************************************************
                  TI ARM Linker PC v5.2.6                      
******************************************************************************
>> Linked Thu Jan 07 01:48:26 2016

OUTPUT FILE NAME:   <mnist_evm_cpu.out>
ENTRY POINT SYMBOL: "_c_int00"  address: 40304ce4


MEMORY CONFIGURATION

         name            origin    length      used     unused   attr    fill
----------------------  --------  ---------  --------  --------  ----  --------
  OCMC_RAM              40300000   00020000  000066f5  0001990b  RWIX
  EMIF_CS0_SDRAM        80000000   40000000  00000000  40000000  RWIX
  EMIF_CS1_SDRAM        c0000000   40000000  00000000  40000000  RWIX


SEGMENT ALLOCATION MAP

run origin  load origin   length   init length attrs members
----------  ----------- ---------- ----------- ----- -------
40300000    40300000    00005024   00005024    r-x
  40300000    40300000    00005024   00005024    r-x .text
40305024    40305024    00000800   00000000    rw-
  40305024    40305024    00000800   00000000    rw- .stack
40305828    40305828    00000cf8   00000000    rw-
  40305828    40305828    00000800   00000000    rw- .sysmem
  40306028    40306028    00000330   00000000    rw- .data
  40306358    40306358    000001c8   00000000    rw- .bss
40306520    40306520    000001e0   000001e0    r--
  40306520    40306520    00000101   00000101    r-- .const
  40306628    40306628    000000d8   000000d8    r-- .cinit


SECTION ALLOCATION MAP

 output                                  attributes/
section   page    origin      length       input sections
--------  ----  ----------  ----------   ----------------
.text      0    40300000    00005024     
                  40300000    00001a70     rtsv7A8_A_le_eabi.lib : _printfi.obj (.text)
                  40301a70    0000063c                           : memory.obj (.text)
                  403020ac    00000548                           : lowlev.obj (.text)
                  403025f4    000004cc                           : trgdrv.obj (.text)
                  40302ac0    000002d4                           : fopen.obj (.text)
                  40302d94    000002b8                           : ull_div32.obj (.text)
                  4030304c    00000214                           : fd_add32.obj (.text)
                  40303260    000001c8                           : fputs.obj (.text)
                  40303428    000001a8                           : xdscale.obj (.text)
                  403035d0    00000190                           : fd_div32.obj (.text)
                  40303760    00000180                           : memcpy32.obj (.text)
                  403038e0    00000160                           : xdnorm.obj (.text)
                  40303a40    00000158                           : setvbuf.obj (.text)
                  40303b98    00000130                           : fflush.obj (.text)
                  40303cc8    00000128                           : fd_mul32.obj (.text)
                  40303df0    00000118                           : _io_perm.obj (.text)
                  40303f08    00000114                           : i_div32.obj (.text)
                  4030401c    00000100                           : fputc.obj (.text)
                  4030411c    000000fc                           : fclose.obj (.text)
                  40304218    000000f0                           : u_div32.obj (.text)
                  40304308    000000e0                           : fd_cmp32.obj (.text:__aeabi_cdcmple)
                  403043e8    000000e0                           : fd_cmp32.obj (.text:__aeabi_cdrcmple)
                  403044c8    000000b8                           : xdunscal.obj (.text)
                  40304580    000000b0                           : memset32.obj (.text)
                  40304630    000000a8                           : fseek.obj (.text)
                  403046d8    000000a4                           : autoinit.obj (.text)
                  4030477c    000000a4                           : printf.obj (.text)
                  40304820    000000a4                           : trgmsg.obj (.text)
                  403048c4    000000a0                           : copy_decompress_rle.obj (.text)
                  40304964    00000084                           : atoi.obj (.text)
                  403049e8    00000084                           : cpy_tbl.obj (.text)
                  40304a6c    00000080                           : ltoa.obj (.text)
                  40304aec    00000078                           : exit.obj (.text)
                  40304b64    00000068                           : ldexp.obj (.text)
                  40304bcc    00000064                           : signal.obj (.text)
                  40304c30    0000005c                           : fd_toi32.obj (.text)
                  40304c8c    00000058                           : feraiseexcept.obj (.text)
                  40304ce4    00000054                           : boot.obj (.text)
                  40304d38    0000004c                           : raise.obj (.text)
                  40304d84    00000048                           : strncpy.obj (.text)
                  40304dcc    00000044                           : xferaise.obj (.text)
                  40304e10    0000003c                           : i_tofd32.obj (.text)
                  40304e4c    00000038                           : xdclass.obj (.text)
                  40304e84    00000030                           : frexp.obj (.text)
                  40304eb4    0000002c                           : memccpy.obj (.text)
                  40304ee0    0000002c                           : memchr.obj (.text)
                  40304f0c    00000028                           : strchr.obj (.text)
                  40304f34    00000028                           : strcmp.obj (.text)
                  40304f5c    00000024                           : _lock.obj (.text)
                  40304f80    00000020                           : args_main.obj (.text)
                  40304fa0    0000001c                           : strlen.obj (.text)
                  40304fbc    00000018     hello.obj (.text)
                  40304fd4    00000018     rtsv7A8_A_le_eabi.lib : strcpy.obj (.text)
                  40304fec    00000014                           : copy_decompress_none.obj (.text:decompress:none)
                  40305000    00000010                           : copy_zero_init.obj (.text:decompress:ZI)
                  40305010    00000008                           : copy_decompress_rle.obj (.text:decompress:rle24)
                  40305018    00000008                           : pre_init.obj (.text)
                  40305020    00000004                           : i_div0.obj (.text)

.stack     0    40305024    00000800     UNINITIALIZED
                  40305024    00000800     --HOLE--

.bss       0    40306358    000001c8     UNINITIALIZED
                  40306358    00000120     rtsv7A8_A_le_eabi.lib : trgmsg.obj (.bss:__CIOBUF_)
                  40306478    000000a0                           : defs.obj (.bss:__TI_tmpnams)
                  40306518    00000008     (.common:parmbuf)

.sysmem    0    40305828    00000800     UNINITIALIZED
                  40305828    00000008     rtsv7A8_A_le_eabi.lib : memory.obj (.sysmem)
                  40305830    000007f8     --HOLE--

.data      0    40306028    00000330     UNINITIALIZED
                  40306028    000000f0     rtsv7A8_A_le_eabi.lib : defs.obj (.data:_ftable)
                  40306118    000000d0                           : lowlev.obj (.data)
                  403061e8    000000b0                           : signal.obj (.data:sigtable)
                  40306298    00000080                           : xvalues.obj (.data)
                  40306318    00000010                           : defs.obj (.data)
                  40306328    0000000c                           : memory.obj (.data)
                  40306334    00000008                           : _lock.obj (.data)
                  4030633c    00000008                           : exit.obj (.data)
                  40306344    00000008                           : feraiseexcept.obj (.data)
                  4030634c    00000004                           : errno.obj (.data)
                  40306350    00000004                           : fopen.obj (.data)
                  40306354    00000004                           : stkdepth_vars.obj (.data)

.const     0    40306520    00000101     
                  40306520    00000101     rtsv7A8_A_le_eabi.lib : ctype.obj (.const:.string:_ctypes_)

.cinit     0    40306628    000000d8     
                  40306628    000000ad     (.cinit..data.load) [load image, compression = rle]
                  403066d5    00000003     --HOLE-- [fill = 0]
                  403066d8    0000000c     (__TI_handler_table)
                  403066e4    00000004     --HOLE-- [fill = 0]
                  403066e8    00000008     (.cinit..bss.load) [load image, compression = zero_init]
                  403066f0    00000010     (__TI_cinit_table)

.init_array 
*          0    40300000    00000000     UNINITIALIZED

.TI.persistent 
*          0    40306028    00000000     UNINITIALIZED

.TI.noinit 
*          0    40306358    00000000     UNINITIALIZED


LINKER GENERATED COPY TABLES

__TI_cinit_table @ 403066f0 records: 2, size/record: 8, table size: 16
	.data: load addr=40306628, load size=000000ad bytes, run addr=40306028, run size=00000330 bytes, compression=rle
	.bss: load addr=403066e8, load size=00000008 bytes, run addr=40306358, run size=000001c8 bytes, compression=zero_init


LINKER GENERATED HANDLER TABLE

__TI_handler_table @ 403066d8 records: 3, size/record: 4, table size: 12
	index: 0, handler: __TI_zero_init
	index: 1, handler: __TI_decompress_rle24
	index: 2, handler: __TI_decompress_none


GLOBAL SYMBOLS: SORTED ALPHABETICALLY BY Name 

address   name                    
-------   ----                    
40304aec  C$$EXIT                 
40304868  C$$IO$$                 
40302a54  HOSTclock               
403029ec  HOSTclose               
40302984  HOSTgetenv              
403028e4  HOSTlseek               
40302858  HOSTopen                
403027d4  HOSTread                
4030273c  HOSTrename              
403026dc  HOSTtime                
40302678  HOSTunlink              
403025f4  HOSTwrite               
UNDEFED   SHT$$INIT_ARRAY$$Base   
UNDEFED   SHT$$INIT_ARRAY$$Limit  
40304e4c  _Dclass                 
40306298  _Denorm                 
403038e0  _Dnorm                  
40303428  _Dscale                 
403044c8  _Dunscale               
403062a8  _Eps                    
4030634c  _Errno                  
40306344  _Fenv                   
40304dcc  _Feraise                
403062b8  _Hugeval                
403062c8  _Inf                    
403062d8  _Nan                    
403062f8  _Rteps                  
403062e8  _Snan                   
40306348  _Tls_setup__Fenv        
40306308  _Xbig                   
40306310  _Zero                   
40306358  __CIOBUF_               
40305824  __STACK_END             
00000800  __STACK_SIZE            
00000800  __SYSMEM_SIZE           
403066f0  __TI_CINIT_Base         
40306700  __TI_CINIT_Limit        
403066d8  __TI_Handler_Table_Base 
403066e4  __TI_Handler_Table_Limit
403046d8  __TI_auto_init          
40302c00  __TI_cleanup            
4030633c  __TI_cleanup_ptr        
4030411c  __TI_closefile          
40304fec  __TI_decompress_none    
40305010  __TI_decompress_rle24   
40303b98  __TI_doflush            
40306340  __TI_dtors_ptr          
40306318  __TI_ft_end             
40301574  __TI_printfi            
40303e90  __TI_rd_ok              
40304870  __TI_readmsg            
40306628  __TI_static_base__      
40306478  __TI_tmpnams            
40304820  __TI_writemsg           
40303df0  __TI_wrt_ok             
40305000  __TI_zero_init          
40304308  __aeabi_cdcmpeq         
40304308  __aeabi_cdcmple         
403043e8  __aeabi_cdrcmple        
40304c30  __aeabi_d2iz            
40303058  __aeabi_dadd            
403035d0  __aeabi_ddiv            
40303cc8  __aeabi_dmul            
4030304c  __aeabi_dsub            
40304e10  __aeabi_i2d             
40303f08  __aeabi_idiv            
40305020  __aeabi_idiv0           
40303f08  __aeabi_idivmod         
40304580  __aeabi_memclr          
40304580  __aeabi_memclr4         
40304580  __aeabi_memclr8         
40303760  __aeabi_memcpy          
40303760  __aeabi_memcpy4         
40303760  __aeabi_memcpy8         
40304584  __aeabi_memset          
40304584  __aeabi_memset4         
40304584  __aeabi_memset8         
40306324  __aeabi_stderr          
4030631c  __aeabi_stdin           
40306320  __aeabi_stdout          
40304218  __aeabi_uidiv           
40304218  __aeabi_uidivmod        
40302d94  __aeabi_uldivmod        
ffffffff  __binit__               
ffffffff  __c_args__              
40305024  __stack                 
40304f80  _args_main              
40304ce4  _c_int00                
40306520  _ctypes_                
40306028  _ftable                 
40306334  _lock                   
40304f74  _nop                    
40304f68  _register_lock          
40304f5c  _register_unlock        
40305828  _sys_memory             
40305018  _system_pre_init        
40306338  _unlock                 
40304af4  abort                   
403024cc  add_device              
40304964  atoi                    
ffffffff  binit                   
40302054  calloc                  
4030243c  close                   
403049e8  copy_in                 
40304b00  exit                    
403041c8  fclose                  
40304c8c  feraiseexcept           
40303c1c  fflush                  
40302c98  fopen                   
4030401c  fputc                   
40303260  fputs                   
40301c28  free                    
40302c4c  freopen                 
40304e84  frexp                   
40304630  fseek                   
40304b64  ldexp                   
403023f8  lseek                   
40304a6c  ltoa                    
40304fbc  main                    
40306354  main_func_sp            
40301b6c  malloc                  
40301f14  memalign                
40304eb4  memccpy                 
40304ee0  memchr                  
40303760  memcpy                  
40304590  memset                  
40301a70  minit                   
403022e0  open                    
40304784  printf                  
4030401c  putc                    
40304108  putchar                 
403033f0  puts                    
40304d38  raise                   
4030229c  read                    
40301d80  realloc                 
403021a4  remove                  
40302250  remove_device           
403021e4  rename                  
40303a40  setvbuf                 
40304bcc  signal                  
40304f0c  strchr                  
40304f34  strcmp                  
40304fd4  strcpy                  
40304fa0  strlen                  
40304d84  strncpy                 
403021a4  unlink                  
403020ac  write                   


GLOBAL SYMBOLS: SORTED BY Symbol Address 

address   name                    
-------   ----                    
00000800  __STACK_SIZE            
00000800  __SYSMEM_SIZE           
40301574  __TI_printfi            
40301a70  minit                   
40301b6c  malloc                  
40301c28  free                    
40301d80  realloc                 
40301f14  memalign                
40302054  calloc                  
403020ac  write                   
403021a4  remove                  
403021a4  unlink                  
403021e4  rename                  
40302250  remove_device           
4030229c  read                    
403022e0  open                    
403023f8  lseek                   
4030243c  close                   
403024cc  add_device              
403025f4  HOSTwrite               
40302678  HOSTunlink              
403026dc  HOSTtime                
4030273c  HOSTrename              
403027d4  HOSTread                
40302858  HOSTopen                
403028e4  HOSTlseek               
40302984  HOSTgetenv              
403029ec  HOSTclose               
40302a54  HOSTclock               
40302c00  __TI_cleanup            
40302c4c  freopen                 
40302c98  fopen                   
40302d94  __aeabi_uldivmod        
4030304c  __aeabi_dsub            
40303058  __aeabi_dadd            
40303260  fputs                   
403033f0  puts                    
40303428  _Dscale                 
403035d0  __aeabi_ddiv            
40303760  __aeabi_memcpy          
40303760  __aeabi_memcpy4         
40303760  __aeabi_memcpy8         
40303760  memcpy                  
403038e0  _Dnorm                  
40303a40  setvbuf                 
40303b98  __TI_doflush            
40303c1c  fflush                  
40303cc8  __aeabi_dmul            
40303df0  __TI_wrt_ok             
40303e90  __TI_rd_ok              
40303f08  __aeabi_idiv            
40303f08  __aeabi_idivmod         
4030401c  fputc                   
4030401c  putc                    
40304108  putchar                 
4030411c  __TI_closefile          
403041c8  fclose                  
40304218  __aeabi_uidiv           
40304218  __aeabi_uidivmod        
40304308  __aeabi_cdcmpeq         
40304308  __aeabi_cdcmple         
403043e8  __aeabi_cdrcmple        
403044c8  _Dunscale               
40304580  __aeabi_memclr          
40304580  __aeabi_memclr4         
40304580  __aeabi_memclr8         
40304584  __aeabi_memset          
40304584  __aeabi_memset4         
40304584  __aeabi_memset8         
40304590  memset                  
40304630  fseek                   
403046d8  __TI_auto_init          
40304784  printf                  
40304820  __TI_writemsg           
40304868  C$$IO$$                 
40304870  __TI_readmsg            
40304964  atoi                    
403049e8  copy_in                 
40304a6c  ltoa                    
40304aec  C$$EXIT                 
40304af4  abort                   
40304b00  exit                    
40304b64  ldexp                   
40304bcc  signal                  
40304c30  __aeabi_d2iz            
40304c8c  feraiseexcept           
40304ce4  _c_int00                
40304d38  raise                   
40304d84  strncpy                 
40304dcc  _Feraise                
40304e10  __aeabi_i2d             
40304e4c  _Dclass                 
40304e84  frexp                   
40304eb4  memccpy                 
40304ee0  memchr                  
40304f0c  strchr                  
40304f34  strcmp                  
40304f5c  _register_unlock        
40304f68  _register_lock          
40304f74  _nop                    
40304f80  _args_main              
40304fa0  strlen                  
40304fbc  main                    
40304fd4  strcpy                  
40304fec  __TI_decompress_none    
40305000  __TI_zero_init          
40305010  __TI_decompress_rle24   
40305018  _system_pre_init        
40305020  __aeabi_idiv0           
40305024  __stack                 
40305824  __STACK_END             
40305828  _sys_memory             
40306028  _ftable                 
40306298  _Denorm                 
403062a8  _Eps                    
403062b8  _Hugeval                
403062c8  _Inf                    
403062d8  _Nan                    
403062e8  _Snan                   
403062f8  _Rteps                  
40306308  _Xbig                   
40306310  _Zero                   
40306318  __TI_ft_end             
4030631c  __aeabi_stdin           
40306320  __aeabi_stdout          
40306324  __aeabi_stderr          
40306334  _lock                   
40306338  _unlock                 
4030633c  __TI_cleanup_ptr        
40306340  __TI_dtors_ptr          
40306344  _Fenv                   
40306348  _Tls_setup__Fenv        
4030634c  _Errno                  
40306354  main_func_sp            
40306358  __CIOBUF_               
40306478  __TI_tmpnams            
40306520  _ctypes_                
40306628  __TI_static_base__      
403066d8  __TI_Handler_Table_Base 
403066e4  __TI_Handler_Table_Limit
403066f0  __TI_CINIT_Base         
40306700  __TI_CINIT_Limit        
ffffffff  __binit__               
ffffffff  __c_args__              
ffffffff  binit                   
UNDEFED   SHT$$INIT_ARRAY$$Base   
UNDEFED   SHT$$INIT_ARRAY$$Limit  

[147 symbols]
